
PLAY [all] ***********************************************************************************************************************************************************************************************************************

TASK [Read vars from secrets file] ***********************************************************************************************************************************************************************************************
Friday 15 February 2019  10:03:24 +0100 (0:00:00.082)       0:00:00.082 ******* 
[0;32mok: [sandbox1.aws.scz.lab.surf.nl] => (item=environments/surf/secrets/users.yml)[0m
[0;32mok: [sandbox1.aws.scz.lab.surf.nl] => (item=environments/surf/secrets/pilot.yml)[0m
[0;32mok: [sandbox1.aws.scz.lab.surf.nl] => (item=environments/surf/secrets/sandbox.yml)[0m

PLAY [all] ***********************************************************************************************************************************************************************************************************************

PLAY [all] ***********************************************************************************************************************************************************************************************************************

TASK [Gather facts from mgnt hosts (regardless of limit or tags)] ****************************************************************************************************************************************************************
Friday 15 February 2019  10:03:24 +0100 (0:00:00.152)       0:00:00.234 ******* 
[0;32mok: [sandbox1.aws.scz.lab.surf.nl -> proxy2.ams.scz.lab.surf.nl] => (item=proxy2.ams.scz.lab.surf.nl)[0m
[0;32mok: [sandbox1.aws.scz.lab.surf.nl -> mgnt1.ams.scz.lab.surf.nl] => (item=mgnt1.ams.scz.lab.surf.nl)[0m
[0;32mok: [sandbox1.aws.scz.lab.surf.nl -> proxy1.ams.scz.lab.surf.nl] => (item=proxy1.ams.scz.lab.surf.nl)[0m
[0;32mok: [sandbox1.aws.scz.lab.surf.nl -> ldap2.ams.scz.lab.surf.nl] => (item=ldap2.ams.scz.lab.surf.nl)[0m
[0;32mok: [sandbox1.aws.scz.lab.surf.nl -> mgnt2.ams.scz.lab.surf.nl] => (item=mgnt2.ams.scz.lab.surf.nl)[0m
[0;32mok: [sandbox1.aws.scz.lab.surf.nl -> lb2.ams.scz.lab.surf.nl] => (item=lb2.ams.scz.lab.surf.nl)[0m
[0;32mok: [sandbox1.aws.scz.lab.surf.nl -> ldap1.ams.scz.lab.surf.nl] => (item=ldap1.ams.scz.lab.surf.nl)[0m
[0;32mok: [sandbox1.aws.scz.lab.surf.nl -> comanage1.ams.scz.lab.surf.nl] => (item=comanage1.ams.scz.lab.surf.nl)[0m
[0;32mok: [sandbox1.aws.scz.lab.surf.nl -> meta2.ams.scz.lab.surf.nl] => (item=meta2.ams.scz.lab.surf.nl)[0m
[0;32mok: [sandbox1.aws.scz.lab.surf.nl -> harry1.ams.scz.lab.surf.nl] => (item=harry1.ams.scz.lab.surf.nl)[0m
[0;32mok: [sandbox1.aws.scz.lab.surf.nl -> meta1.ams.scz.lab.surf.nl] => (item=meta1.ams.scz.lab.surf.nl)[0m
[0;31mfailed: [sandbox1.aws.scz.lab.surf.nl] (item=dev1.ams.scz.lab.surf.nl) => {[0m
[0;31m    "item": "dev1.ams.scz.lab.surf.nl", [0m
[0;31m    "unreachable": true[0m
[0;31m}[0m
[0;31m[0m
[0;31mMSG:[0m
[0;31m[0m
[0;31mSSH Error: data could not be sent to remote host "dev1.ams.scz.lab.surf.nl". Make sure this host can be reached over ssh[0m
[0;31m[0m
[0;36mskipping: [sandbox1.aws.scz.lab.surf.nl] => (item=sandbox1.aws.scz.lab.surf.nl) [0m
[0;32mok: [sandbox1.aws.scz.lab.surf.nl -> comanage2.ams.scz.lab.surf.nl] => (item=comanage2.ams.scz.lab.surf.nl)[0m
[0;32mok: [sandbox1.aws.scz.lab.surf.nl -> client2.ams.scz.lab.surf.nl] => (item=client2.ams.scz.lab.surf.nl)[0m
[0;32mok: [sandbox1.aws.scz.lab.surf.nl -> client1.ams.scz.lab.surf.nl] => (item=client1.ams.scz.lab.surf.nl)[0m
[0;32mok: [sandbox1.aws.scz.lab.surf.nl -> lb1.ams.scz.lab.surf.nl] => (item=lb1.ams.scz.lab.surf.nl)[0m
[1;31mfatal: [sandbox1.aws.scz.lab.surf.nl]: UNREACHABLE! => {[0m
[1;31m    "changed": false, [0m
[1;31m    "results": [[0m
[1;31m        {[0m
[1;31m            "_ansible_delegated_vars": {[0m
[1;31m                "ansible_delegated_host": "proxy2.ams.scz.lab.surf.nl", [0m
[1;31m                "ansible_host": "proxy2.ams.scz.lab.surf.nl"[0m
[1;31m            }, [0m
[1;31m            "_ansible_ignore_errors": null, [0m
[1;31m            "_ansible_item_label": "proxy2.ams.scz.lab.surf.nl", [0m
[1;31m            "_ansible_item_result": true, [0m
[1;31m            "_ansible_no_log": false, [0m
[1;31m            "_ansible_parsed": true, [0m
[1;31m            "_ansible_verbose_override": true, [0m
[1;31m            "ansible_facts": {[0m
[1;31m                "ansible_all_ipv4_addresses": [[0m
[1;31m                    "145.101.114.11"[0m
[1;31m                ], [0m
[1;31m                "ansible_all_ipv6_addresses": [], [0m
[1;31m                "ansible_apparmor": {[0m
[1;31m                    "status": "disabled"[0m
[1;31m                }, [0m
[1;31m                "ansible_architecture": "x86_64", [0m
[1;31m                "ansible_bios_date": "09/21/2015", [0m
[1;31m                "ansible_bios_version": "6.00", [0m
[1;31m                "ansible_cmdline": {[0m
[1;31m                    "BOOT_IMAGE": "/vmlinuz-4.9.0-8-amd64", [0m
[1;31m                    "quiet": true, [0m
[1;31m                    "ro": true, [0m
[1;31m                    "root": "/dev/mapper/debian87--20170203--surf--vg-root"[0m
[1;31m                }, [0m
[1;31m                "ansible_date_time": {[0m
[1;31m                    "date": "2019-02-15", [0m
[1;31m                    "day": "15", [0m
[1;31m                    "epoch": "1550221405", [0m
[1;31m                    "hour": "09", [0m
[1;31m                    "iso8601": "2019-02-15T09:03:25Z", [0m
[1;31m                    "iso8601_basic": "20190215T090325528595", [0m
[1;31m                    "iso8601_basic_short": "20190215T090325", [0m
[1;31m                    "iso8601_micro": "2019-02-15T09:03:25.528668Z", [0m
[1;31m                    "minute": "03", [0m
[1;31m                    "month": "02", [0m
[1;31m                    "second": "25", [0m
[1;31m                    "time": "09:03:25", [0m
[1;31m                    "tz": "UTC", [0m
[1;31m                    "tz_offset": "+0000", [0m
[1;31m                    "weekday": "Friday", [0m
[1;31m                    "weekday_number": "5", [0m
[1;31m                    "weeknumber": "06", [0m
[1;31m                    "year": "2019"[0m
[1;31m                }, [0m
[1;31m                "ansible_default_ipv4": {[0m
[1;31m                    "address": "145.101.114.11", [0m
[1;31m                    "alias": "eth0", [0m
[1;31m                    "broadcast": "145.101.114.31", [0m
[1;31m                    "gateway": "145.101.114.1", [0m
[1;31m                    "interface": "eth0", [0m
[1;31m                    "macaddress": "00:50:56:95:2c:12", [0m
[1;31m                    "mtu": 1500, [0m
[1;31m                    "netmask": "255.255.255.224", [0m
[1;31m                    "network": "145.101.114.0", [0m
[1;31m                    "type": "ether"[0m
[1;31m                }, [0m
[1;31m                "ansible_default_ipv6": {}, [0m
[1;31m                "ansible_device_links": {[0m
[1;31m                    "ids": {[0m
[1;31m                        "dm-0": [[0m
[1;31m                            "dm-name-debian87--20170203--surf--vg-swap", [0m
[1;31m                            "dm-uuid-LVM-2N3noKztpw8Epf4XcxvNlho3IR40EMu9cjRvZmwxANLf62DBJKrTyp02jpAPH5Ys"[0m
[1;31m                        ], [0m
[1;31m                        "dm-1": [[0m
[1;31m                            "dm-name-debian87--20170203--surf--vg-root", [0m
[1;31m                            "dm-uuid-LVM-2N3noKztpw8Epf4XcxvNlho3IR40EMu9Rh6eeq60m44ckhZDoOBTncUwkHezDJdk"[0m
[1;31m                        ], [0m
[1;31m                        "sda5": [[0m
[1;31m                            "lvm-pv-uuid-X7FfdR-qmyj-nmi0-M7YU-Gk1J-0aZ9-Q5q5eT"[0m
[1;31m                        ][0m
[1;31m                    }, [0m
[1;31m                    "labels": {}, [0m
[1;31m                    "masters": {[0m
[1;31m                        "sda5": [[0m
[1;31m                            "dm-0", [0m
[1;31m                            "dm-1"[0m
[1;31m                        ][0m
[1;31m                    }, [0m
[1;31m                    "uuids": {[0m
[1;31m                        "dm-0": [[0m
[1;31m                            "a057b43e-bbfd-4da0-a21d-40fe0b6e5b30"[0m
[1;31m                        ], [0m
[1;31m                        "dm-1": [[0m
[1;31m                            "492ec039-485a-409a-b51d-a288fe1ee7b9"[0m
[1;31m                        ], [0m
[1;31m                        "sda1": [[0m
[1;31m                            "2797c37e-7660-419d-b152-6aeec7beb7bd"[0m
[1;31m                        ][0m
[1;31m                    }[0m
[1;31m                }, [0m
[1;31m                "ansible_devices": {[0m
[1;31m                    "dm-0": {[0m
[1;31m                        "holders": [], [0m
[1;31m                        "host": "", [0m
[1;31m                        "links": {[0m
[1;31m                            "ids": [[0m
[1;31m                                "dm-name-debian87--20170203--surf--vg-swap", [0m
[1;31m                                "dm-uuid-LVM-2N3noKztpw8Epf4XcxvNlho3IR40EMu9cjRvZmwxANLf62DBJKrTyp02jpAPH5Ys"[0m
[1;31m                            ], [0m
[1;31m                            "labels": [], [0m
[1;31m                            "masters": [], [0m
[1;31m                            "uuids": [[0m
[1;31m                                "a057b43e-bbfd-4da0-a21d-40fe0b6e5b30"[0m
[1;31m                            ][0m
[1;31m                        }, [0m
[1;31m                        "model": null, [0m
[1;31m                        "partitions": {}, [0m
[1;31m                        "removable": "0", [0m
[1;31m                        "rotational": "1", [0m
[1;31m                        "sas_address": null, [0m
[1;31m                        "sas_device_handle": null, [0m
[1;31m                        "scheduler_mode": "", [0m
[1;31m                        "sectors": "3997696", [0m
[1;31m                        "sectorsize": "512", [0m
[1;31m                        "size": "1.91 GB", [0m
[1;31m                        "support_discard": "0", [0m
[1;31m                        "vendor": null, [0m
[1;31m                        "virtual": 1[0m
[1;31m                    }, [0m
[1;31m                    "dm-1": {[0m
[1;31m                        "holders": [], [0m
[1;31m                        "host": "", [0m
[1;31m                        "links": {[0m
[1;31m                            "ids": [[0m
[1;31m                                "dm-name-debian87--20170203--surf--vg-root", [0m
[1;31m                                "dm-uuid-LVM-2N3noKztpw8Epf4XcxvNlho3IR40EMu9Rh6eeq60m44ckhZDoOBTncUwkHezDJdk"[0m
[1;31m                            ], [0m
[1;31m                            "labels": [], [0m
[1;31m                            "masters": [], [0m
[1;31m                            "uuids": [[0m
[1;31m                                "492ec039-485a-409a-b51d-a288fe1ee7b9"[0m
[1;31m                            ][0m
[1;31m                        }, [0m
[1;31m                        "model": null, [0m
[1;31m                        "partitions": {}, [0m
[1;31m                        "removable": "0", [0m
[1;31m                        "rotational": "1", [0m
[1;31m                        "sas_address": null, [0m
[1;31m                        "sas_device_handle": null, [0m
[1;31m                        "scheduler_mode": "", [0m
[1;31m                        "sectors": "37437440", [0m
[1;31m                        "sectorsize": "512", [0m
[1;31m                        "size": "17.85 GB", [0m
[1;31m                        "support_discard": "0", [0m
[1;31m                        "vendor": null, [0m
[1;31m                        "virtual": 1[0m
[1;31m                    }, [0m
[1;31m                    "fd0": {[0m
[1;31m                        "holders": [], [0m
[1;31m                        "host": "", [0m
[1;31m                        "links": {[0m
[1;31m                            "ids": [], [0m
[1;31m                            "labels": [], [0m
[1;31m                            "masters": [], [0m
[1;31m                            "uuids": [][0m
[1;31m                        }, [0m
[1;31m                        "model": null, [0m
[1;31m                        "partitions": {}, [0m
[1;31m                        "removable": "1", [0m
[1;31m                        "rotational": "1", [0m
[1;31m                        "sas_address": null, [0m
[1;31m                        "sas_device_handle": null, [0m
[1;31m                        "scheduler_mode": "cfq", [0m
[1;31m                        "sectors": "8", [0m
[1;31m                        "sectorsize": "512", [0m
[1;31m                        "size": "4.00 KB", [0m
[1;31m                        "support_discard": "0", [0m
[1;31m                        "vendor": null, [0m
[1;31m                        "virtual": 1[0m
[1;31m                    }, [0m
[1;31m                    "sda": {[0m
[1;31m                        "holders": [], [0m
[1;31m                        "host": "SCSI storage controller: LSI Logic / Symbios Logic 53c1030 PCI-X Fusion-MPT Dual Ultra320 SCSI (rev 01)", [0m
[1;31m                        "links": {[0m
[1;31m                            "ids": [], [0m
[1;31m                            "labels": [], [0m
[1;31m                            "masters": [], [0m
[1;31m                            "uuids": [][0m
[1;31m                        }, [0m
[1;31m                        "model": "Virtual disk", [0m
[1;31m                        "partitions": {[0m
[1;31m                            "sda1": {[0m
[1;31m                                "holders": [], [0m
[1;31m                                "links": {[0m
[1;31m                                    "ids": [], [0m
[1;31m                                    "labels": [], [0m
[1;31m                                    "masters": [], [0m
[1;31m                                    "uuids": [[0m
[1;31m                                        "2797c37e-7660-419d-b152-6aeec7beb7bd"[0m
[1;31m                                    ][0m
[1;31m                                }, [0m
[1;31m                                "sectors": "497664", [0m
[1;31m                                "sectorsize": 512, [0m
[1;31m                                "size": "243.00 MB", [0m
[1;31m                                "start": "2048", [0m
[1;31m                                "uuid": "2797c37e-7660-419d-b152-6aeec7beb7bd"[0m
[1;31m                            }, [0m
[1;31m                            "sda2": {[0m
[1;31m                                "holders": [], [0m
[1;31m                                "links": {[0m
[1;31m                                    "ids": [], [0m
[1;31m                                    "labels": [], [0m
[1;31m                                    "masters": [], [0m
[1;31m                                    "uuids": [][0m
[1;31m                                }, [0m
[1;31m                                "sectors": "2", [0m
[1;31m                                "sectorsize": 512, [0m
[1;31m                                "size": "1.00 KB", [0m
[1;31m                                "start": "501758", [0m
[1;31m                                "uuid": null[0m
[1;31m                            }, [0m
[1;31m                            "sda5": {[0m
[1;31m                                "holders": [[0m
[1;31m                                    "debian87--20170203--surf--vg-root", [0m
[1;31m                                    "debian87--20170203--surf--vg-swap"[0m
[1;31m                                ], [0m
[1;31m                                "links": {[0m
[1;31m                                    "ids": [[0m
[1;31m                                        "lvm-pv-uuid-X7FfdR-qmyj-nmi0-M7YU-Gk1J-0aZ9-Q5q5eT"[0m
[1;31m                                    ], [0m
[1;31m                                    "labels": [], [0m
[1;31m                                    "masters": [[0m
[1;31m                                        "dm-0", [0m
[1;31m                                        "dm-1"[0m
[1;31m                                    ], [0m
[1;31m                                    "uuids": [][0m
[1;31m                                }, [0m
[1;31m                                "sectors": "41439232", [0m
[1;31m                                "sectorsize": 512, [0m
[1;31m                                "size": "19.76 GB", [0m
[1;31m                                "start": "501760", [0m
[1;31m                                "uuid": null[0m
[1;31m                            }[0m
[1;31m                        }, [0m
[1;31m                        "removable": "0", [0m
[1;31m                        "rotational": "1", [0m
[1;31m                        "sas_address": null, [0m
[1;31m                        "sas_device_handle": null, [0m
[1;31m                        "scheduler_mode": "cfq", [0m
[1;31m                        "sectors": "41943040", [0m
[1;31m                        "sectorsize": "512", [0m
[1;31m                        "size": "20.00 GB", [0m
[1;31m                        "support_discard": "0", [0m
[1;31m                        "vendor": "VMware", [0m
[1;31m                        "virtual": 1[0m
[1;31m                    }[0m
[1;31m                }, [0m
[1;31m                "ansible_distribution": "Debian", [0m
[1;31m                "ansible_distribution_file_parsed": true, [0m
[1;31m                "ansible_distribution_file_path": "/etc/os-release", [0m
[1;31m                "ansible_distribution_file_variety": "Debian", [0m
[1;31m                "ansible_distribution_major_version": "9", [0m
[1;31m                "ansible_distribution_release": "stretch", [0m
[1;31m                "ansible_distribution_version": "9.7", [0m
[1;31m                "ansible_dns": {[0m
[1;31m                    "nameservers": [[0m
[1;31m                        "195.169.124.124", [0m
[1;31m                        "192.87.36.36", [0m
[1;31m                        "192.87.106.106"[0m
[1;31m                    ], [0m
[1;31m                    "search": [[0m
[1;31m                        "ams.scz.lab.surf.nl"[0m
[1;31m                    ][0m
[1;31m                }, [0m
[1;31m                "ansible_domain": "ams.scz.lab.surf.nl", [0m
[1;31m                "ansible_effective_group_id": 0, [0m
[1;31m                "ansible_effective_user_id": 0, [0m
[1;31m                "ansible_env": {[0m
[1;31m                    "HOME": "/root", [0m
[1;31m                    "LANG": "en_US.UTF-8", [0m
[1;31m                    "LC_ADDRESS": "nl_NL.UTF-8", [0m
[1;31m                    "LC_ALL": "en_US.UTF-8", [0m
[1;31m                    "LC_IDENTIFICATION": "nl_NL.UTF-8", [0m
[1;31m                    "LC_MEASUREMENT": "nl_NL.UTF-8", [0m
[1;31m                    "LC_MONETARY": "nl_NL.UTF-8", [0m
[1;31m                    "LC_NAME": "nl_NL.UTF-8", [0m
[1;31m                    "LC_NUMERIC": "nl_NL.UTF-8", [0m
[1;31m                    "LC_PAPER": "nl_NL.UTF-8", [0m
[1;31m                    "LC_TELEPHONE": "nl_NL.UTF-8", [0m
[1;31m                    "LC_TIME": "nl_NL.UTF-8", [0m
[1;31m                    "LC_TYPE": "en_US.UTF-8", [0m
[1;31m                    "LOGNAME": "root", [0m
[1;31m                    "MAIL": "/var/mail/root", [0m
[1;31m                    "PATH": "/usr/local/sbin:/usr/local/bin:/usr/sbin:/usr/bin:/sbin:/bin:/snap/bin", [0m
[1;31m                    "PWD": "/home/martin", [0m
[1;31m                    "SHELL": "/bin/bash", [0m
[1;31m                    "SUDO_COMMAND": "/bin/sh -c echo BECOME-SUCCESS-pwhartbkbvosqdrmslatnoyvodjjqavk; /usr/bin/python", [0m
[1;31m                    "SUDO_GID": "10002", [0m
[1;31m                    "SUDO_UID": "10001", [0m
[1;31m                    "SUDO_USER": "martin", [0m
[1;31m                    "TERM": "unknown", [0m
[1;31m                    "USER": "root", [0m
[1;31m                    "USERNAME": "root"[0m
[1;31m                }, [0m
[1;31m                "ansible_eth0": {[0m
[1;31m                    "active": true, [0m
[1;31m                    "device": "eth0", [0m
[1;31m                    "features": {[0m
[1;31m                        "busy_poll": "off [fixed]", [0m
[1;31m                        "fcoe_mtu": "off [fixed]", [0m
[1;31m                        "generic_receive_offload": "on", [0m
[1;31m                        "generic_segmentation_offload": "on", [0m
[1;31m                        "highdma": "on", [0m
[1;31m                        "hw_tc_offload": "off [fixed]", [0m
[1;31m                        "l2_fwd_offload": "off [fixed]", [0m
[1;31m                        "large_receive_offload": "on", [0m
[1;31m                        "loopback": "off [fixed]", [0m
[1;31m                        "netns_local": "off [fixed]", [0m
[1;31m                        "ntuple_filters": "off [fixed]", [0m
[1;31m                        "receive_hashing": "on", [0m
[1;31m                        "rx_all": "off [fixed]", [0m
[1;31m                        "rx_checksumming": "on", [0m
[1;31m                        "rx_fcs": "off [fixed]", [0m
[1;31m                        "rx_vlan_filter": "on [fixed]", [0m
[1;31m                        "rx_vlan_offload": "on", [0m
[1;31m                        "rx_vlan_stag_filter": "off [fixed]", [0m
[1;31m                        "rx_vlan_stag_hw_parse": "off [fixed]", [0m
[1;31m                        "scatter_gather": "on", [0m
[1;31m                        "tcp_segmentation_offload": "on", [0m
[1;31m                        "tx_checksum_fcoe_crc": "off [fixed]", [0m
[1;31m                        "tx_checksum_ip_generic": "on", [0m
[1;31m                        "tx_checksum_ipv4": "off [fixed]", [0m
[1;31m                        "tx_checksum_ipv6": "off [fixed]", [0m
[1;31m                        "tx_checksum_sctp": "off [fixed]", [0m
[1;31m                        "tx_checksumming": "on", [0m
[1;31m                        "tx_fcoe_segmentation": "off [fixed]", [0m
[1;31m                        "tx_gre_csum_segmentation": "off [fixed]", [0m
[1;31m                        "tx_gre_segmentation": "off [fixed]", [0m
[1;31m                        "tx_gso_partial": "off [fixed]", [0m
[1;31m                        "tx_gso_robust": "off [fixed]", [0m
[1;31m                        "tx_ipxip4_segmentation": "off [fixed]", [0m
[1;31m                        "tx_ipxip6_segmentation": "off [fixed]", [0m
[1;31m                        "tx_lockless": "off [fixed]", [0m
[1;31m                        "tx_nocache_copy": "off", [0m
[1;31m                        "tx_scatter_gather": "on", [0m
[1;31m                        "tx_scatter_gather_fraglist": "off [fixed]", [0m
[1;31m                        "tx_sctp_segmentation": "off [fixed]", [0m
[1;31m                        "tx_tcp6_segmentation": "on", [0m
[1;31m                        "tx_tcp_ecn_segmentation": "off [fixed]", [0m
[1;31m                        "tx_tcp_mangleid_segmentation": "off", [0m
[1;31m                        "tx_tcp_segmentation": "on", [0m
[1;31m                        "tx_udp_tnl_csum_segmentation": "off [fixed]", [0m
[1;31m                        "tx_udp_tnl_segmentation": "off [fixed]", [0m
[1;31m                        "tx_vlan_offload": "on", [0m
[1;31m                        "tx_vlan_stag_hw_insert": "off [fixed]", [0m
[1;31m                        "udp_fragmentation_offload": "off [fixed]", [0m
[1;31m                        "vlan_challenged": "off [fixed]"[0m
[1;31m                    }, [0m
[1;31m                    "hw_timestamp_filters": [], [0m
[1;31m                    "ipv4": {[0m
[1;31m                        "address": "145.101.114.11", [0m
[1;31m                        "broadcast": "145.101.114.31", [0m
[1;31m                        "netmask": "255.255.255.224", [0m
[1;31m                        "network": "145.101.114.0"[0m
[1;31m                    }, [0m
[1;31m                    "macaddress": "00:50:56:95:2c:12", [0m
[1;31m                    "module": "vmxnet3", [0m
[1;31m                    "mtu": 1500, [0m
[1;31m                    "pciid": "0000:03:00.0", [0m
[1;31m                    "promisc": false, [0m
[1;31m                    "speed": 10000, [0m
[1;31m                    "timestamping": [[0m
[1;31m                        "rx_software", [0m
[1;31m                        "software"[0m
[1;31m                    ], [0m
[1;31m                    "type": "ether"[0m
[1;31m                }, [0m
[1;31m                "ansible_fips": false, [0m
[1;31m                "ansible_form_factor": "Other", [0m
[1;31m                "ansible_fqdn": "proxy2.ams.scz.lab.surf.nl", [0m
[1;31m                "ansible_hostname": "proxy2", [0m
[1;31m                "ansible_interfaces": [[0m
[1;31m                    "lo", [0m
[1;31m                    "eth0"[0m
[1;31m                ], [0m
[1;31m                "ansible_is_chroot": false, [0m
[1;31m                "ansible_iscsi_iqn": "iqn.1993-08.org.debian:01:de7d50eae1a0", [0m
[1;31m                "ansible_kernel": "4.9.0-8-amd64", [0m
[1;31m                "ansible_lo": {[0m
[1;31m                    "active": true, [0m
[1;31m                    "device": "lo", [0m
[1;31m                    "features": {[0m
[1;31m                        "busy_poll": "off [fixed]", [0m
[1;31m                        "fcoe_mtu": "off [fixed]", [0m
[1;31m                        "generic_receive_offload": "on", [0m
[1;31m                        "generic_segmentation_offload": "on", [0m
[1;31m                        "highdma": "on [fixed]", [0m
[1;31m                        "hw_tc_offload": "off [fixed]", [0m
[1;31m                        "l2_fwd_offload": "off [fixed]", [0m
[1;31m                        "large_receive_offload": "off [fixed]", [0m
[1;31m                        "loopback": "on [fixed]", [0m
[1;31m                        "netns_local": "on [fixed]", [0m
[1;31m                        "ntuple_filters": "off [fixed]", [0m
[1;31m                        "receive_hashing": "off [fixed]", [0m
[1;31m                        "rx_all": "off [fixed]", [0m
[1;31m                        "rx_checksumming": "on [fixed]", [0m
[1;31m                        "rx_fcs": "off [fixed]", [0m
[1;31m                        "rx_vlan_filter": "off [fixed]", [0m
[1;31m                        "rx_vlan_offload": "off [fixed]", [0m
[1;31m                        "rx_vlan_stag_filter": "off [fixed]", [0m
[1;31m                        "rx_vlan_stag_hw_parse": "off [fixed]", [0m
[1;31m                        "scatter_gather": "on", [0m
[1;31m                        "tcp_segmentation_offload": "on", [0m
[1;31m                        "tx_checksum_fcoe_crc": "off [fixed]", [0m
[1;31m                        "tx_checksum_ip_generic": "on [fixed]", [0m
[1;31m                        "tx_checksum_ipv4": "off [fixed]", [0m
[1;31m                        "tx_checksum_ipv6": "off [fixed]", [0m
[1;31m                        "tx_checksum_sctp": "on [fixed]", [0m
[1;31m                        "tx_checksumming": "on", [0m
[1;31m                        "tx_fcoe_segmentation": "off [fixed]", [0m
[1;31m                        "tx_gre_csum_segmentation": "off [fixed]", [0m
[1;31m                        "tx_gre_segmentation": "off [fixed]", [0m
[1;31m                        "tx_gso_partial": "off [fixed]", [0m
[1;31m                        "tx_gso_robust": "off [fixed]", [0m
[1;31m                        "tx_ipxip4_segmentation": "off [fixed]", [0m
[1;31m                        "tx_ipxip6_segmentation": "off [fixed]", [0m
[1;31m                        "tx_lockless": "on [fixed]", [0m
[1;31m                        "tx_nocache_copy": "off [fixed]", [0m
[1;31m                        "tx_scatter_gather": "on [fixed]", [0m
[1;31m                        "tx_scatter_gather_fraglist": "on [fixed]", [0m
[1;31m                        "tx_sctp_segmentation": "on", [0m
[1;31m                        "tx_tcp6_segmentation": "on", [0m
[1;31m                        "tx_tcp_ecn_segmentation": "on", [0m
[1;31m                        "tx_tcp_mangleid_segmentation": "on", [0m
[1;31m                        "tx_tcp_segmentation": "on", [0m
[1;31m                        "tx_udp_tnl_csum_segmentation": "off [fixed]", [0m
[1;31m                        "tx_udp_tnl_segmentation": "off [fixed]", [0m
[1;31m                        "tx_vlan_offload": "off [fixed]", [0m
[1;31m                        "tx_vlan_stag_hw_insert": "off [fixed]", [0m
[1;31m                        "udp_fragmentation_offload": "on", [0m
[1;31m                        "vlan_challenged": "on [fixed]"[0m
[1;31m                    }, [0m
[1;31m                    "hw_timestamp_filters": [], [0m
[1;31m                    "ipv4": {[0m
[1;31m                        "address": "127.0.0.1", [0m
[1;31m                        "broadcast": "host", [0m
[1;31m                        "netmask": "255.0.0.0", [0m
[1;31m                        "network": "127.0.0.0"[0m
[1;31m                    }, [0m
[1;31m                    "mtu": 65536, [0m
[1;31m                    "promisc": false, [0m
[1;31m                    "timestamping": [[0m
[1;31m                        "rx_software", [0m
[1;31m                        "software"[0m
[1;31m                    ], [0m
[1;31m                    "type": "loopback"[0m
[1;31m                }, [0m
[1;31m                "ansible_local": {}, [0m
[1;31m                "ansible_lsb": {[0m
[1;31m                    "codename": "stretch", [0m
[1;31m                    "description": "Debian GNU/Linux 9.7 (stretch)", [0m
[1;31m                    "id": "Debian", [0m
[1;31m                    "major_release": "9", [0m
[1;31m                    "release": "9.7"[0m
[1;31m                }, [0m
[1;31m                "ansible_lvm": {[0m
[1;31m                    "lvs": {[0m
[1;31m                        "root": {[0m
[1;31m                            "size_g": "17.85", [0m
[1;31m                            "vg": "debian87-20170203-surf-vg"[0m
[1;31m                        }, [0m
[1;31m                        "swap": {[0m
[1;31m                            "size_g": "1.91", [0m
[1;31m                            "vg": "debian87-20170203-surf-vg"[0m
[1;31m                        }[0m
[1;31m                    }, [0m
[1;31m                    "pvs": {[0m
[1;31m                        "/dev/sda5": {[0m
[1;31m                            "free_g": "0", [0m
[1;31m                            "size_g": "19.76", [0m
[1;31m                            "vg": "debian87-20170203-surf-vg"[0m
[1;31m                        }[0m
[1;31m                    }, [0m
[1;31m                    "vgs": {[0m
[1;31m                        "debian87-20170203-surf-vg": {[0m
[1;31m                            "free_g": "0", [0m
[1;31m                            "num_lvs": "2", [0m
[1;31m                            "num_pvs": "1", [0m
[1;31m                            "size_g": "19.76"[0m
[1;31m                        }[0m
[1;31m                    }[0m
[1;31m                }, [0m
[1;31m                "ansible_machine": "x86_64", [0m
[1;31m                "ansible_machine_id": "3d975702f688466795f94ae6b7d55648", [0m
[1;31m                "ansible_memfree_mb": 1064, [0m
[1;31m                "ansible_memory_mb": {[0m
[1;31m                    "nocache": {[0m
[1;31m                        "free": 2156, [0m
[1;31m                        "used": 1790[0m
[1;31m                    }, [0m
[1;31m                    "real": {[0m
[1;31m                        "free": 1064, [0m
[1;31m                        "total": 3946, [0m
[1;31m                        "used": 2882[0m
[1;31m                    }, [0m
[1;31m                    "swap": {[0m
[1;31m                        "cached": 0, [0m
[1;31m                        "free": 1951, [0m
[1;31m                        "total": 1951, [0m
[1;31m                        "used": 0[0m
[1;31m                    }[0m
[1;31m                }, [0m
[1;31m                "ansible_memtotal_mb": 3946, [0m
[1;31m                "ansible_mounts": [[0m
[1;31m                    {[0m
[1;31m                        "block_available": 3234602, [0m
[1;31m                        "block_size": 4096, [0m
[1;31m                        "block_total": 4573377, [0m
[1;31m                        "block_used": 1338775, [0m
[1;31m                        "device": "/dev/mapper/debian87--20170203--surf--vg-root", [0m
[1;31m                        "fstype": "ext4", [0m
[1;31m                        "inode_available": 1036518, [0m
[1;31m                        "inode_total": 1171456, [0m
[1;31m                        "inode_used": 134938, [0m
[1;31m                        "mount": "/", [0m
[1;31m                        "options": "rw,relatime,errors=remount-ro,data=ordered", [0m
[1;31m                        "size_available": 13248929792, [0m
[1;31m                        "size_total": 18732552192, [0m
[1;31m                        "uuid": "492ec039-485a-409a-b51d-a288fe1ee7b9"[0m
[1;31m                    }, [0m
[1;31m                    {[0m
[1;31m                        "block_available": 164783, [0m
[1;31m                        "block_size": 1024, [0m
[1;31m                        "block_total": 240972, [0m
[1;31m                        "block_used": 76189, [0m
[1;31m                        "device": "/dev/sda1", [0m
[1;31m                        "fstype": "ext2", [0m
[1;31m                        "inode_available": 61907, [0m
[1;31m                        "inode_total": 62248, [0m
[1;31m                        "inode_used": 341, [0m
[1;31m                        "mount": "/boot", [0m
[1;31m                        "options": "rw,relatime,block_validity,barrier,user_xattr,acl", [0m
[1;31m                        "size_available": 168737792, [0m
[1;31m                        "size_total": 246755328, [0m
[1;31m                        "uuid": "2797c37e-7660-419d-b152-6aeec7beb7bd"[0m
[1;31m                    }[0m
[1;31m                ], [0m
[1;31m                "ansible_nodename": "proxy2", [0m
[1;31m                "ansible_os_family": "Debian", [0m
[1;31m                "ansible_pkg_mgr": "apt", [0m
[1;31m                "ansible_processor": [[0m
[1;31m                    "0", [0m
[1;31m                    "GenuineIntel", [0m
[1;31m                    "Intel(R) Xeon(R) CPU E5-2680 v3 @ 2.50GHz", [0m
[1;31m                    "1", [0m
[1;31m                    "GenuineIntel", [0m
[1;31m                    "Intel(R) Xeon(R) CPU E5-2680 v3 @ 2.50GHz"[0m
[1;31m                ], [0m
[1;31m                "ansible_processor_cores": 1, [0m
[1;31m                "ansible_processor_count": 2, [0m
[1;31m                "ansible_processor_threads_per_core": 1, [0m
[1;31m                "ansible_processor_vcpus": 2, [0m
[1;31m                "ansible_product_name": "VMware Virtual Platform", [0m
[1;31m                "ansible_product_serial": "VMware-42 15 18 ec 1c b3 3f 74-49 42 ca d5 77 09 67 09", [0m
[1;31m                "ansible_product_uuid": "421518EC-1CB3-3F74-4942-CAD577096709", [0m
[1;31m                "ansible_product_version": "None", [0m
[1;31m                "ansible_python": {[0m
[1;31m                    "executable": "/usr/bin/python", [0m
[1;31m                    "has_sslcontext": true, [0m
[1;31m                    "type": "CPython", [0m
[1;31m                    "version": {[0m
[1;31m                        "major": 2, [0m
[1;31m                        "micro": 13, [0m
[1;31m                        "minor": 7, [0m
[1;31m                        "releaselevel": "final", [0m
[1;31m                        "serial": 0[0m
[1;31m                    }, [0m
[1;31m                    "version_info": [[0m
[1;31m                        2, [0m
[1;31m                        7, [0m
[1;31m                        13, [0m
[1;31m                        "final", [0m
[1;31m                        0[0m
[1;31m                    ][0m
[1;31m                }, [0m
[1;31m                "ansible_python_version": "2.7.13", [0m
[1;31m                "ansible_real_group_id": 0, [0m
[1;31m                "ansible_real_user_id": 0, [0m
[1;31m                "ansible_selinux": {[0m
[1;31m                    "status": "Missing selinux Python library"[0m
[1;31m                }, [0m
[1;31m                "ansible_selinux_python_present": false, [0m
[1;31m                "ansible_service_mgr": "systemd", [0m
[1;31m                "ansible_ssh_host_key_dsa_public": "AAAAB3NzaC1kc3MAAACBAKMY2JhSSQ+5o6ni2uPcp5JmCT6xSNCzioaNi5drMCxP3GCJc6Q99n4Sso4X2TyKJUUF07CZSts0VlIkHQU55nKK2vukJkBkUH88Su9vMJO7WWANjIo8DcARd8LjXQDSOCt2ab5G4ksFExAkVMSFR9cEe4Oygg8ccQ3eCUq5Mx1RAAAAFQDCAsjrdIT0TIzb1Fh5A7WxUPfgTQAAAIBHUoiiI0P3UDiMqlaZfMpW7X8o2b29Kgafxtj7gzp9P+jsxI+YVNnKqOgIKnnSaz5cgQH4Dfhxrj/Nh3PY7aZgNOeZ0elpzdaGeYTMqzzdEZ7y9bzVfGLTxs8so51TCM/SiT4V8hj4LT9lc5A4m6IuapdLYlDu7oIM7hswNjRo7QAAAIAjluczMaebVMudWWMH6UPv2tpkdLMZ3Bw7/OSxp/x927xb8FPXCIqBxDii71KMxBmdlh7mBRyAIP2HHBWvDdeUrwHJkIKW4Q4RZwO0aNiBmtxlUh/xcZ30VBy71mId1lJ+5nGWDSSs9pi9zoK27cAs+sDwBbdhol9pQ72IU8Tm4g==", [0m
[1;31m                "ansible_ssh_host_key_ecdsa_public": "AAAAE2VjZHNhLXNoYTItbmlzdHAyNTYAAAAIbmlzdHAyNTYAAABBBEzdxZZ0AOG9vDaEwd+MVdmeHQCQJPl7fdPqr5V0cYttVD0j6pEXfD8V9gr3IJV+LGpg+JYz1O2koV4/7u0Dzxs=", [0m
[1;31m                "ansible_ssh_host_key_ed25519_public": "AAAAC3NzaC1lZDI1NTE5AAAAIPmpjJmpxF6Z6rNMyqGCGeyXX0X8fqHpneGW27aRZFHT", [0m
[1;31m                "ansible_ssh_host_key_rsa_public": "AAAAB3NzaC1yc2EAAAADAQABAAABAQCzcI1qvSodJ67n7MI3zVGRG6+UPUvNqCAp3K0EOCOfItK2yBHBhVDmLNdxSaMO4j5rEfZ06qyWOQGBVCRGGw2QacLv7ndce9852bNDSJx00Tgdw+yPmZcJrzu6Lm2ZRvTa/Hx4QQtDnE+gkNJNMMFf3aJdypoYsgsIROjyqJDeX0GAhFANzfsCSOLuOffSPSEzI6n2WdI2t1LsKNCg9QuQ4DKtnFZuuwBot2WDMbtTtX4+igUVz8x4fHC97BjpA48g2G6QU61RwgjA2VrWf/V5FcFDFHIrmUGGmhn6XarGt3s9Ph65Xwd8oHsvOz+AatRmaEaiE3A+C5d8BRAUtf7n", [0m
[1;31m                "ansible_swapfree_mb": 1951, [0m
[1;31m                "ansible_swaptotal_mb": 1951, [0m
[1;31m                "ansible_system": "Linux", [0m
[1;31m                "ansible_system_capabilities": [[0m
[1;31m                    "cap_chown", [0m
[1;31m                    "cap_dac_override", [0m
[1;31m                    "cap_dac_read_search", [0m
[1;31m                    "cap_fowner", [0m
[1;31m                    "cap_fsetid", [0m
[1;31m                    "cap_kill", [0m
[1;31m                    "cap_setgid", [0m
[1;31m                    "cap_setuid", [0m
[1;31m                    "cap_setpcap", [0m
[1;31m                    "cap_linux_immutable", [0m
[1;31m                    "cap_net_bind_service", [0m
[1;31m                    "cap_net_broadcast", [0m
[1;31m                    "cap_net_admin", [0m
[1;31m                    "cap_net_raw", [0m
[1;31m                    "cap_ipc_lock", [0m
[1;31m                    "cap_ipc_owner", [0m
[1;31m                    "cap_sys_module", [0m
[1;31m                    "cap_sys_rawio", [0m
[1;31m                    "cap_sys_chroot", [0m
[1;31m                    "cap_sys_ptrace", [0m
[1;31m                    "cap_sys_pacct", [0m
[1;31m                    "cap_sys_admin", [0m
[1;31m                    "cap_sys_boot", [0m
[1;31m                    "cap_sys_nice", [0m
[1;31m                    "cap_sys_resource", [0m
[1;31m                    "cap_sys_time", [0m
[1;31m                    "cap_sys_tty_config", [0m
[1;31m                    "cap_mknod", [0m
[1;31m                    "cap_lease", [0m
[1;31m                    "cap_audit_write", [0m
[1;31m                    "cap_audit_control", [0m
[1;31m                    "cap_setfcap", [0m
[1;31m                    "cap_mac_override", [0m
[1;31m                    "cap_mac_admin", [0m
[1;31m                    "cap_syslog", [0m
[1;31m                    "cap_wake_alarm", [0m
[1;31m                    "cap_block_suspend", [0m
[1;31m                    "cap_audit_read+ep"[0m
[1;31m                ], [0m
[1;31m                "ansible_system_capabilities_enforced": "True", [0m
[1;31m                "ansible_system_vendor": "VMware, Inc.", [0m
[1;31m                "ansible_uptime_seconds": 1027993, [0m
[1;31m                "ansible_user_dir": "/root", [0m
[1;31m                "ansible_user_gecos": "root", [0m
[1;31m                "ansible_user_gid": 0, [0m
[1;31m                "ansible_user_id": "root", [0m
[1;31m                "ansible_user_shell": "/bin/bash", [0m
[1;31m                "ansible_user_uid": 0, [0m
[1;31m                "ansible_userspace_architecture": "x86_64", [0m
[1;31m                "ansible_userspace_bits": "64", [0m
[1;31m                "ansible_virtualization_role": "guest", [0m
[1;31m                "ansible_virtualization_type": "VMware", [0m
[1;31m                "gather_subset": [[0m
[1;31m                    "all"[0m
[1;31m                ], [0m
[1;31m                "module_setup": true[0m
[1;31m            }, [0m
[1;31m            "changed": false, [0m
[1;31m            "failed": false, [0m
[1;31m            "invocation": {[0m
[1;31m                "module_args": {[0m
[1;31m                    "fact_path": "/etc/ansible/facts.d", [0m
[1;31m                    "filter": "*", [0m
[1;31m                    "gather_subset": [[0m
[1;31m                        "all"[0m
[1;31m                    ], [0m
[1;31m                    "gather_timeout": 10[0m
[1;31m                }[0m
[1;31m            }, [0m
[1;31m            "item": "proxy2.ams.scz.lab.surf.nl"[0m
[1;31m        }, [0m
[1;31m        {[0m
[1;31m            "_ansible_delegated_vars": {[0m
[1;31m                "ansible_delegated_host": "mgnt1.ams.scz.lab.surf.nl", [0m
[1;31m                "ansible_host": "mgnt1.ams.scz.lab.surf.nl"[0m
[1;31m            }, [0m
[1;31m            "_ansible_ignore_errors": null, [0m
[1;31m            "_ansible_item_label": "mgnt1.ams.scz.lab.surf.nl", [0m
[1;31m            "_ansible_item_result": true, [0m
[1;31m            "_ansible_no_log": false, [0m
[1;31m            "_ansible_parsed": true, [0m
[1;31m            "_ansible_verbose_override": true, [0m
[1;31m            "ansible_facts": {[0m
[1;31m                "ansible_all_ipv4_addresses": [[0m
[1;31m                    "10.49.4.2", [0m
[1;31m                    "145.101.114.34"[0m
[1;31m                ], [0m
[1;31m                "ansible_all_ipv6_addresses": [], [0m
[1;31m                "ansible_apparmor": {[0m
[1;31m                    "status": "disabled"[0m
[1;31m                }, [0m
[1;31m                "ansible_architecture": "x86_64", [0m
[1;31m                "ansible_bios_date": "09/17/2015", [0m
[1;31m                "ansible_bios_version": "6.00", [0m
[1;31m                "ansible_cmdline": {[0m
[1;31m                    "BOOT_IMAGE": "/vmlinuz-4.9.0-8-amd64", [0m
[1;31m                    "quiet": true, [0m
[1;31m                    "ro": true, [0m
[1;31m                    "root": "/dev/mapper/debian87--20170203--surf--vg-root"[0m
[1;31m                }, [0m
[1;31m                "ansible_date_time": {[0m
[1;31m                    "date": "2019-02-15", [0m
[1;31m                    "day": "15", [0m
[1;31m                    "epoch": "1550221406", [0m
[1;31m                    "hour": "09", [0m
[1;31m                    "iso8601": "2019-02-15T09:03:26Z", [0m
[1;31m                    "iso8601_basic": "20190215T090326095013", [0m
[1;31m                    "iso8601_basic_short": "20190215T090326", [0m
[1;31m                    "iso8601_micro": "2019-02-15T09:03:26.095080Z", [0m
[1;31m                    "minute": "03", [0m
[1;31m                    "month": "02", [0m
[1;31m                    "second": "26", [0m
[1;31m                    "time": "09:03:26", [0m
[1;31m                    "tz": "UTC", [0m
[1;31m                    "tz_offset": "+0000", [0m
[1;31m                    "weekday": "Friday", [0m
[1;31m                    "weekday_number": "5", [0m
[1;31m                    "weeknumber": "06", [0m
[1;31m                    "year": "2019"[0m
[1;31m                }, [0m
[1;31m                "ansible_default_ipv4": {[0m
[1;31m                    "address": "145.101.114.34", [0m
[1;31m                    "alias": "eth0", [0m
[1;31m                    "broadcast": "145.101.114.47", [0m
[1;31m                    "gateway": "145.101.114.33", [0m
[1;31m                    "interface": "eth0", [0m
[1;31m                    "macaddress": "00:50:56:95:60:6a", [0m
[1;31m                    "mtu": 1500, [0m
[1;31m                    "netmask": "255.255.255.240", [0m
[1;31m                    "network": "145.101.114.32", [0m
[1;31m                    "type": "ether"[0m
[1;31m                }, [0m
[1;31m                "ansible_default_ipv6": {}, [0m
[1;31m                "ansible_device_links": {[0m
[1;31m                    "ids": {[0m
[1;31m                        "dm-0": [[0m
[1;31m                            "dm-name-debian87--20170203--surf--vg-swap", [0m
[1;31m                            "dm-uuid-LVM-2N3noKztpw8Epf4XcxvNlho3IR40EMu9cjRvZmwxANLf62DBJKrTyp02jpAPH5Ys"[0m
[1;31m                        ], [0m
[1;31m                        "dm-1": [[0m
[1;31m                            "dm-name-debian87--20170203--surf--vg-root", [0m
[1;31m                            "dm-uuid-LVM-2N3noKztpw8Epf4XcxvNlho3IR40EMu9Rh6eeq60m44ckhZDoOBTncUwkHezDJdk"[0m
[1;31m                        ], [0m
[1;31m                        "sda5": [[0m
[1;31m                            "lvm-pv-uuid-X7FfdR-qmyj-nmi0-M7YU-Gk1J-0aZ9-Q5q5eT"[0m
[1;31m                        ][0m
[1;31m                    }, [0m
[1;31m                    "labels": {}, [0m
[1;31m                    "masters": {[0m
[1;31m                        "sda5": [[0m
[1;31m                            "dm-0", [0m
[1;31m                            "dm-1"[0m
[1;31m                        ][0m
[1;31m                    }, [0m
[1;31m                    "uuids": {[0m
[1;31m                        "dm-0": [[0m
[1;31m                            "a057b43e-bbfd-4da0-a21d-40fe0b6e5b30"[0m
[1;31m                        ], [0m
[1;31m                        "dm-1": [[0m
[1;31m                            "492ec039-485a-409a-b51d-a288fe1ee7b9"[0m
[1;31m                        ], [0m
[1;31m                        "sda1": [[0m
[1;31m                            "2797c37e-7660-419d-b152-6aeec7beb7bd"[0m
[1;31m                        ][0m
[1;31m                    }[0m
[1;31m                }, [0m
[1;31m                "ansible_devices": {[0m
[1;31m                    "dm-0": {[0m
[1;31m                        "holders": [], [0m
[1;31m                        "host": "", [0m
[1;31m                        "links": {[0m
[1;31m                            "ids": [[0m
[1;31m                                "dm-name-debian87--20170203--surf--vg-swap", [0m
[1;31m                                "dm-uuid-LVM-2N3noKztpw8Epf4XcxvNlho3IR40EMu9cjRvZmwxANLf62DBJKrTyp02jpAPH5Ys"[0m
[1;31m                            ], [0m
[1;31m                            "labels": [], [0m
[1;31m                            "masters": [], [0m
[1;31m                            "uuids": [[0m
[1;31m                                "a057b43e-bbfd-4da0-a21d-40fe0b6e5b30"[0m
[1;31m                            ][0m
[1;31m                        }, [0m
[1;31m                        "model": null, [0m
[1;31m                        "partitions": {}, [0m
[1;31m                        "removable": "0", [0m
[1;31m                        "rotational": "1", [0m
[1;31m                        "sas_address": null, [0m
[1;31m                        "sas_device_handle": null, [0m
[1;31m                        "scheduler_mode": "", [0m
[1;31m                        "sectors": "3997696", [0m
[1;31m                        "sectorsize": "512", [0m
[1;31m                        "size": "1.91 GB", [0m
[1;31m                        "support_discard": "0", [0m
[1;31m                        "vendor": null, [0m
[1;31m                        "virtual": 1[0m
[1;31m                    }, [0m
[1;31m                    "dm-1": {[0m
[1;31m                        "holders": [], [0m
[1;31m                        "host": "", [0m
[1;31m                        "links": {[0m
[1;31m                            "ids": [[0m
[1;31m                                "dm-name-debian87--20170203--surf--vg-root", [0m
[1;31m                                "dm-uuid-LVM-2N3noKztpw8Epf4XcxvNlho3IR40EMu9Rh6eeq60m44ckhZDoOBTncUwkHezDJdk"[0m
[1;31m                            ], [0m
[1;31m                            "labels": [], [0m
[1;31m                            "masters": [], [0m
[1;31m                            "uuids": [[0m
[1;31m                                "492ec039-485a-409a-b51d-a288fe1ee7b9"[0m
[1;31m                            ][0m
[1;31m                        }, [0m
[1;31m                        "model": null, [0m
[1;31m                        "partitions": {}, [0m
[1;31m                        "removable": "0", [0m
[1;31m                        "rotational": "1", [0m
[1;31m                        "sas_address": null, [0m
[1;31m                        "sas_device_handle": null, [0m
[1;31m                        "scheduler_mode": "", [0m
[1;31m                        "sectors": "37437440", [0m
[1;31m                        "sectorsize": "512", [0m
[1;31m                        "size": "17.85 GB", [0m
[1;31m                        "support_discard": "0", [0m
[1;31m                        "vendor": null, [0m
[1;31m                        "virtual": 1[0m
[1;31m                    }, [0m
[1;31m                    "fd0": {[0m
[1;31m                        "holders": [], [0m
[1;31m                        "host": "", [0m
[1;31m                        "links": {[0m
[1;31m                            "ids": [], [0m
[1;31m                            "labels": [], [0m
[1;31m                            "masters": [], [0m
[1;31m                            "uuids": [][0m
[1;31m                        }, [0m
[1;31m                        "model": null, [0m
[1;31m                        "partitions": {}, [0m
[1;31m                        "removable": "1", [0m
[1;31m                        "rotational": "1", [0m
[1;31m                        "sas_address": null, [0m
[1;31m                        "sas_device_handle": null, [0m
[1;31m                        "scheduler_mode": "cfq", [0m
[1;31m                        "sectors": "8", [0m
[1;31m                        "sectorsize": "512", [0m
[1;31m                        "size": "4.00 KB", [0m
[1;31m                        "support_discard": "0", [0m
[1;31m                        "vendor": null, [0m
[1;31m                        "virtual": 1[0m
[1;31m                    }, [0m
[1;31m                    "sda": {[0m
[1;31m                        "holders": [], [0m
[1;31m                        "host": "SCSI storage controller: LSI Logic / Symbios Logic 53c1030 PCI-X Fusion-MPT Dual Ultra320 SCSI (rev 01)", [0m
[1;31m                        "links": {[0m
[1;31m                            "ids": [], [0m
[1;31m                            "labels": [], [0m
[1;31m                            "masters": [], [0m
[1;31m                            "uuids": [][0m
[1;31m                        }, [0m
[1;31m                        "model": "Virtual disk", [0m
[1;31m                        "partitions": {[0m
[1;31m                            "sda1": {[0m
[1;31m                                "holders": [], [0m
[1;31m                                "links": {[0m
[1;31m                                    "ids": [], [0m
[1;31m                                    "labels": [], [0m
[1;31m                                    "masters": [], [0m
[1;31m                                    "uuids": [[0m
[1;31m                                        "2797c37e-7660-419d-b152-6aeec7beb7bd"[0m
[1;31m                                    ][0m
[1;31m                                }, [0m
[1;31m                                "sectors": "497664", [0m
[1;31m                                "sectorsize": 512, [0m
[1;31m                                "size": "243.00 MB", [0m
[1;31m                                "start": "2048", [0m
[1;31m                                "uuid": "2797c37e-7660-419d-b152-6aeec7beb7bd"[0m
[1;31m                            }, [0m
[1;31m                            "sda2": {[0m
[1;31m                                "holders": [], [0m
[1;31m                                "links": {[0m
[1;31m                                    "ids": [], [0m
[1;31m                                    "labels": [], [0m
[1;31m                                    "masters": [], [0m
[1;31m                                    "uuids": [][0m
[1;31m                                }, [0m
[1;31m                                "sectors": "2", [0m
[1;31m                                "sectorsize": 512, [0m
[1;31m                                "size": "1.00 KB", [0m
[1;31m                                "start": "501758", [0m
[1;31m                                "uuid": null[0m
[1;31m                            }, [0m
[1;31m                            "sda5": {[0m
[1;31m                                "holders": [[0m
[1;31m                                    "debian87--20170203--surf--vg-root", [0m
[1;31m                                    "debian87--20170203--surf--vg-swap"[0m
[1;31m                                ], [0m
[1;31m                                "links": {[0m
[1;31m                                    "ids": [[0m
[1;31m                                        "lvm-pv-uuid-X7FfdR-qmyj-nmi0-M7YU-Gk1J-0aZ9-Q5q5eT"[0m
[1;31m                                    ], [0m
[1;31m                                    "labels": [], [0m
[1;31m                                    "masters": [[0m
[1;31m                                        "dm-0", [0m
[1;31m                                        "dm-1"[0m
[1;31m                                    ], [0m
[1;31m                                    "uuids": [][0m
[1;31m                                }, [0m
[1;31m                                "sectors": "41439232", [0m
[1;31m                                "sectorsize": 512, [0m
[1;31m                                "size": "19.76 GB", [0m
[1;31m                                "start": "501760", [0m
[1;31m                                "uuid": null[0m
[1;31m                            }[0m
[1;31m                        }, [0m
[1;31m                        "removable": "0", [0m
[1;31m                        "rotational": "1", [0m
[1;31m                        "sas_address": null, [0m
[1;31m                        "sas_device_handle": null, [0m
[1;31m                        "scheduler_mode": "cfq", [0m
[1;31m                        "sectors": "41943040", [0m
[1;31m                        "sectorsize": "512", [0m
[1;31m                        "size": "20.00 GB", [0m
[1;31m                        "support_discard": "0", [0m
[1;31m                        "vendor": "VMware", [0m
[1;31m                        "virtual": 1[0m
[1;31m                    }[0m
[1;31m                }, [0m
[1;31m                "ansible_distribution": "Debian", [0m
[1;31m                "ansible_distribution_file_parsed": true, [0m
[1;31m                "ansible_distribution_file_path": "/etc/os-release", [0m
[1;31m                "ansible_distribution_file_variety": "Debian", [0m
[1;31m                "ansible_distribution_major_version": "9", [0m
[1;31m                "ansible_distribution_release": "stretch", [0m
[1;31m                "ansible_distribution_version": "9.7", [0m
[1;31m                "ansible_dns": {[0m
[1;31m                    "nameservers": [[0m
[1;31m                        "195.169.124.124", [0m
[1;31m                        "192.87.36.36", [0m
[1;31m                        "192.87.106.106"[0m
[1;31m                    ], [0m
[1;31m                    "search": [[0m
[1;31m                        "ams.scz.lab.surf.nl"[0m
[1;31m                    ][0m
[1;31m                }, [0m
[1;31m                "ansible_domain": "ams.scz.lab.surf.nl", [0m
[1;31m                "ansible_effective_group_id": 0, [0m
[1;31m                "ansible_effective_user_id": 0, [0m
[1;31m                "ansible_env": {[0m
[1;31m                    "HOME": "/root", [0m
[1;31m                    "LANG": "en_US.UTF-8", [0m
[1;31m                    "LC_ADDRESS": "nl_NL.UTF-8", [0m
[1;31m                    "LC_ALL": "en_US.UTF-8", [0m
[1;31m                    "LC_IDENTIFICATION": "nl_NL.UTF-8", [0m
[1;31m                    "LC_MEASUREMENT": "nl_NL.UTF-8", [0m
[1;31m                    "LC_MONETARY": "nl_NL.UTF-8", [0m
[1;31m                    "LC_NAME": "nl_NL.UTF-8", [0m
[1;31m                    "LC_NUMERIC": "nl_NL.UTF-8", [0m
[1;31m                    "LC_PAPER": "nl_NL.UTF-8", [0m
[1;31m                    "LC_TELEPHONE": "nl_NL.UTF-8", [0m
[1;31m                    "LC_TIME": "nl_NL.UTF-8", [0m
[1;31m                    "LC_TYPE": "en_US.UTF-8", [0m
[1;31m                    "LOGNAME": "root", [0m
[1;31m                    "MAIL": "/var/mail/root", [0m
[1;31m                    "PATH": "/usr/local/sbin:/usr/local/bin:/usr/sbin:/usr/bin:/sbin:/bin:/snap/bin", [0m
[1;31m                    "PWD": "/home/martin", [0m
[1;31m                    "SHELL": "/bin/bash", [0m
[1;31m                    "SUDO_COMMAND": "/bin/sh -c echo BECOME-SUCCESS-ybnnpoumgvvfhkztxybefbcikafimgqj; /usr/bin/python", [0m
[1;31m                    "SUDO_GID": "10000", [0m
[1;31m                    "SUDO_UID": "10001", [0m
[1;31m                    "SUDO_USER": "martin", [0m
[1;31m                    "TERM": "unknown", [0m
[1;31m                    "USER": "root", [0m
[1;31m                    "USERNAME": "root"[0m
[1;31m                }, [0m
[1;31m                "ansible_eth0": {[0m
[1;31m                    "active": true, [0m
[1;31m                    "device": "eth0", [0m
[1;31m                    "features": {[0m
[1;31m                        "busy_poll": "off [fixed]", [0m
[1;31m                        "fcoe_mtu": "off [fixed]", [0m
[1;31m                        "generic_receive_offload": "on", [0m
[1;31m                        "generic_segmentation_offload": "on", [0m
[1;31m                        "highdma": "on", [0m
[1;31m                        "hw_tc_offload": "off [fixed]", [0m
[1;31m                        "l2_fwd_offload": "off [fixed]", [0m
[1;31m                        "large_receive_offload": "on", [0m
[1;31m                        "loopback": "off [fixed]", [0m
[1;31m                        "netns_local": "off [fixed]", [0m
[1;31m                        "ntuple_filters": "off [fixed]", [0m
[1;31m                        "receive_hashing": "off [fixed]", [0m
[1;31m                        "rx_all": "off [fixed]", [0m
[1;31m                        "rx_checksumming": "on", [0m
[1;31m                        "rx_fcs": "off [fixed]", [0m
[1;31m                        "rx_vlan_filter": "on [fixed]", [0m
[1;31m                        "rx_vlan_offload": "on", [0m
[1;31m                        "rx_vlan_stag_filter": "off [fixed]", [0m
[1;31m                        "rx_vlan_stag_hw_parse": "off [fixed]", [0m
[1;31m                        "scatter_gather": "on", [0m
[1;31m                        "tcp_segmentation_offload": "on", [0m
[1;31m                        "tx_checksum_fcoe_crc": "off [fixed]", [0m
[1;31m                        "tx_checksum_ip_generic": "on", [0m
[1;31m                        "tx_checksum_ipv4": "off [fixed]", [0m
[1;31m                        "tx_checksum_ipv6": "off [fixed]", [0m
[1;31m                        "tx_checksum_sctp": "off [fixed]", [0m
[1;31m                        "tx_checksumming": "on", [0m
[1;31m                        "tx_fcoe_segmentation": "off [fixed]", [0m
[1;31m                        "tx_gre_csum_segmentation": "off [fixed]", [0m
[1;31m                        "tx_gre_segmentation": "off [fixed]", [0m
[1;31m                        "tx_gso_partial": "off [fixed]", [0m
[1;31m                        "tx_gso_robust": "off [fixed]", [0m
[1;31m                        "tx_ipxip4_segmentation": "off [fixed]", [0m
[1;31m                        "tx_ipxip6_segmentation": "off [fixed]", [0m
[1;31m                        "tx_lockless": "off [fixed]", [0m
[1;31m                        "tx_nocache_copy": "off", [0m
[1;31m                        "tx_scatter_gather": "on", [0m
[1;31m                        "tx_scatter_gather_fraglist": "off [fixed]", [0m
[1;31m                        "tx_sctp_segmentation": "off [fixed]", [0m
[1;31m                        "tx_tcp6_segmentation": "on", [0m
[1;31m                        "tx_tcp_ecn_segmentation": "off [fixed]", [0m
[1;31m                        "tx_tcp_mangleid_segmentation": "off", [0m
[1;31m                        "tx_tcp_segmentation": "on", [0m
[1;31m                        "tx_udp_tnl_csum_segmentation": "off [fixed]", [0m
[1;31m                        "tx_udp_tnl_segmentation": "off [fixed]", [0m
[1;31m                        "tx_vlan_offload": "on", [0m
[1;31m                        "tx_vlan_stag_hw_insert": "off [fixed]", [0m
[1;31m                        "udp_fragmentation_offload": "off [fixed]", [0m
[1;31m                        "vlan_challenged": "off [fixed]"[0m
[1;31m                    }, [0m
[1;31m                    "hw_timestamp_filters": [], [0m
[1;31m                    "ipv4": {[0m
[1;31m                        "address": "145.101.114.34", [0m
[1;31m                        "broadcast": "145.101.114.47", [0m
[1;31m                        "netmask": "255.255.255.240", [0m
[1;31m                        "network": "145.101.114.32"[0m
[1;31m                    }, [0m
[1;31m                    "macaddress": "00:50:56:95:60:6a", [0m
[1;31m                    "module": "vmxnet3", [0m
[1;31m                    "mtu": 1500, [0m
[1;31m                    "pciid": "0000:03:00.0", [0m
[1;31m                    "promisc": false, [0m
[1;31m                    "speed": 10000, [0m
[1;31m                    "timestamping": [[0m
[1;31m                        "rx_software", [0m
[1;31m                        "software"[0m
[1;31m                    ], [0m
[1;31m                    "type": "ether"[0m
[1;31m                }, [0m
[1;31m                "ansible_eth1": {[0m
[1;31m                    "active": true, [0m
[1;31m                    "device": "eth1", [0m
[1;31m                    "features": {[0m
[1;31m                        "busy_poll": "off [fixed]", [0m
[1;31m                        "fcoe_mtu": "off [fixed]", [0m
[1;31m                        "generic_receive_offload": "on", [0m
[1;31m                        "generic_segmentation_offload": "on", [0m
[1;31m                        "highdma": "on", [0m
[1;31m                        "hw_tc_offload": "off [fixed]", [0m
[1;31m                        "l2_fwd_offload": "off [fixed]", [0m
[1;31m                        "large_receive_offload": "on", [0m
[1;31m                        "loopback": "off [fixed]", [0m
[1;31m                        "netns_local": "off [fixed]", [0m
[1;31m                        "ntuple_filters": "off [fixed]", [0m
[1;31m                        "receive_hashing": "off [fixed]", [0m
[1;31m                        "rx_all": "off [fixed]", [0m
[1;31m                        "rx_checksumming": "on", [0m
[1;31m                        "rx_fcs": "off [fixed]", [0m
[1;31m                        "rx_vlan_filter": "on [fixed]", [0m
[1;31m                        "rx_vlan_offload": "on", [0m
[1;31m                        "rx_vlan_stag_filter": "off [fixed]", [0m
[1;31m                        "rx_vlan_stag_hw_parse": "off [fixed]", [0m
[1;31m                        "scatter_gather": "on", [0m
[1;31m                        "tcp_segmentation_offload": "on", [0m
[1;31m                        "tx_checksum_fcoe_crc": "off [fixed]", [0m
[1;31m                        "tx_checksum_ip_generic": "on", [0m
[1;31m                        "tx_checksum_ipv4": "off [fixed]", [0m
[1;31m                        "tx_checksum_ipv6": "off [fixed]", [0m
[1;31m                        "tx_checksum_sctp": "off [fixed]", [0m
[1;31m                        "tx_checksumming": "on", [0m
[1;31m                        "tx_fcoe_segmentation": "off [fixed]", [0m
[1;31m                        "tx_gre_csum_segmentation": "off [fixed]", [0m
[1;31m                        "tx_gre_segmentation": "off [fixed]", [0m
[1;31m                        "tx_gso_partial": "off [fixed]", [0m
[1;31m                        "tx_gso_robust": "off [fixed]", [0m
[1;31m                        "tx_ipxip4_segmentation": "off [fixed]", [0m
[1;31m                        "tx_ipxip6_segmentation": "off [fixed]", [0m
[1;31m                        "tx_lockless": "off [fixed]", [0m
[1;31m                        "tx_nocache_copy": "off", [0m
[1;31m                        "tx_scatter_gather": "on", [0m
[1;31m                        "tx_scatter_gather_fraglist": "off [fixed]", [0m
[1;31m                        "tx_sctp_segmentation": "off [fixed]", [0m
[1;31m                        "tx_tcp6_segmentation": "on", [0m
[1;31m                        "tx_tcp_ecn_segmentation": "off [fixed]", [0m
[1;31m                        "tx_tcp_mangleid_segmentation": "off", [0m
[1;31m                        "tx_tcp_segmentation": "on", [0m
[1;31m                        "tx_udp_tnl_csum_segmentation": "off [fixed]", [0m
[1;31m                        "tx_udp_tnl_segmentation": "off [fixed]", [0m
[1;31m                        "tx_vlan_offload": "on", [0m
[1;31m                        "tx_vlan_stag_hw_insert": "off [fixed]", [0m
[1;31m                        "udp_fragmentation_offload": "off [fixed]", [0m
[1;31m                        "vlan_challenged": "off [fixed]"[0m
[1;31m                    }, [0m
[1;31m                    "hw_timestamp_filters": [], [0m
[1;31m                    "ipv4": {[0m
[1;31m                        "address": "10.49.4.2", [0m
[1;31m                        "broadcast": "10.49.4.255", [0m
[1;31m                        "netmask": "255.255.255.0", [0m
[1;31m                        "network": "10.49.4.0"[0m
[1;31m                    }, [0m
[1;31m                    "macaddress": "00:50:56:95:67:ac", [0m
[1;31m                    "module": "vmxnet3", [0m
[1;31m                    "mtu": 1500, [0m
[1;31m                    "pciid": "0000:0b:00.0", [0m
[1;31m                    "promisc": false, [0m
[1;31m                    "speed": 10000, [0m
[1;31m                    "timestamping": [[0m
[1;31m                        "rx_software", [0m
[1;31m                        "software"[0m
[1;31m                    ], [0m
[1;31m                    "type": "ether"[0m
[1;31m                }, [0m
[1;31m                "ansible_fips": false, [0m
[1;31m                "ansible_form_factor": "Other", [0m
[1;31m                "ansible_fqdn": "mgnt1.ams.scz.lab.surf.nl", [0m
[1;31m                "ansible_hostname": "mgnt1", [0m
[1;31m                "ansible_interfaces": [[0m
[1;31m                    "lo", [0m
[1;31m                    "eth1", [0m
[1;31m                    "eth0"[0m
[1;31m                ], [0m
[1;31m                "ansible_is_chroot": false, [0m
[1;31m                "ansible_iscsi_iqn": "iqn.1993-08.org.debian:01:de7d50eae1a0", [0m
[1;31m                "ansible_kernel": "4.9.0-8-amd64", [0m
[1;31m                "ansible_lo": {[0m
[1;31m                    "active": true, [0m
[1;31m                    "device": "lo", [0m
[1;31m                    "features": {[0m
[1;31m                        "busy_poll": "off [fixed]", [0m
[1;31m                        "fcoe_mtu": "off [fixed]", [0m
[1;31m                        "generic_receive_offload": "on", [0m
[1;31m                        "generic_segmentation_offload": "on", [0m
[1;31m                        "highdma": "on [fixed]", [0m
[1;31m                        "hw_tc_offload": "off [fixed]", [0m
[1;31m                        "l2_fwd_offload": "off [fixed]", [0m
[1;31m                        "large_receive_offload": "off [fixed]", [0m
[1;31m                        "loopback": "on [fixed]", [0m
[1;31m                        "netns_local": "on [fixed]", [0m
[1;31m                        "ntuple_filters": "off [fixed]", [0m
[1;31m                        "receive_hashing": "off [fixed]", [0m
[1;31m                        "rx_all": "off [fixed]", [0m
[1;31m                        "rx_checksumming": "on [fixed]", [0m
[1;31m                        "rx_fcs": "off [fixed]", [0m
[1;31m                        "rx_vlan_filter": "off [fixed]", [0m
[1;31m                        "rx_vlan_offload": "off [fixed]", [0m
[1;31m                        "rx_vlan_stag_filter": "off [fixed]", [0m
[1;31m                        "rx_vlan_stag_hw_parse": "off [fixed]", [0m
[1;31m                        "scatter_gather": "on", [0m
[1;31m                        "tcp_segmentation_offload": "on", [0m
[1;31m                        "tx_checksum_fcoe_crc": "off [fixed]", [0m
[1;31m                        "tx_checksum_ip_generic": "on [fixed]", [0m
[1;31m                        "tx_checksum_ipv4": "off [fixed]", [0m
[1;31m                        "tx_checksum_ipv6": "off [fixed]", [0m
[1;31m                        "tx_checksum_sctp": "on [fixed]", [0m
[1;31m                        "tx_checksumming": "on", [0m
[1;31m                        "tx_fcoe_segmentation": "off [fixed]", [0m
[1;31m                        "tx_gre_csum_segmentation": "off [fixed]", [0m
[1;31m                        "tx_gre_segmentation": "off [fixed]", [0m
[1;31m                        "tx_gso_partial": "off [fixed]", [0m
[1;31m                        "tx_gso_robust": "off [fixed]", [0m
[1;31m                        "tx_ipxip4_segmentation": "off [fixed]", [0m
[1;31m                        "tx_ipxip6_segmentation": "off [fixed]", [0m
[1;31m                        "tx_lockless": "on [fixed]", [0m
[1;31m                        "tx_nocache_copy": "off [fixed]", [0m
[1;31m                        "tx_scatter_gather": "on [fixed]", [0m
[1;31m                        "tx_scatter_gather_fraglist": "on [fixed]", [0m
[1;31m                        "tx_sctp_segmentation": "on", [0m
[1;31m                        "tx_tcp6_segmentation": "on", [0m
[1;31m                        "tx_tcp_ecn_segmentation": "on", [0m
[1;31m                        "tx_tcp_mangleid_segmentation": "on", [0m
[1;31m                        "tx_tcp_segmentation": "on", [0m
[1;31m                        "tx_udp_tnl_csum_segmentation": "off [fixed]", [0m
[1;31m                        "tx_udp_tnl_segmentation": "off [fixed]", [0m
[1;31m                        "tx_vlan_offload": "off [fixed]", [0m
[1;31m                        "tx_vlan_stag_hw_insert": "off [fixed]", [0m
[1;31m                        "udp_fragmentation_offload": "on", [0m
[1;31m                        "vlan_challenged": "on [fixed]"[0m
[1;31m                    }, [0m
[1;31m                    "hw_timestamp_filters": [], [0m
[1;31m                    "ipv4": {[0m
[1;31m                        "address": "127.0.0.1", [0m
[1;31m                        "broadcast": "host", [0m
[1;31m                        "netmask": "255.0.0.0", [0m
[1;31m                        "network": "127.0.0.0"[0m
[1;31m                    }, [0m
[1;31m                    "mtu": 65536, [0m
[1;31m                    "promisc": false, [0m
[1;31m                    "timestamping": [[0m
[1;31m                        "rx_software", [0m
[1;31m                        "software"[0m
[1;31m                    ], [0m
[1;31m                    "type": "loopback"[0m
[1;31m                }, [0m
[1;31m                "ansible_local": {}, [0m
[1;31m                "ansible_lsb": {[0m
[1;31m                    "codename": "stretch", [0m
[1;31m                    "description": "Debian GNU/Linux 9.7 (stretch)", [0m
[1;31m                    "id": "Debian", [0m
[1;31m                    "major_release": "9", [0m
[1;31m                    "release": "9.7"[0m
[1;31m                }, [0m
[1;31m                "ansible_lvm": {[0m
[1;31m                    "lvs": {[0m
[1;31m                        "root": {[0m
[1;31m                            "size_g": "17.85", [0m
[1;31m                            "vg": "debian87-20170203-surf-vg"[0m
[1;31m                        }, [0m
[1;31m                        "swap": {[0m
[1;31m                            "size_g": "1.91", [0m
[1;31m                            "vg": "debian87-20170203-surf-vg"[0m
[1;31m                        }[0m
[1;31m                    }, [0m
[1;31m                    "pvs": {[0m
[1;31m                        "/dev/sda5": {[0m
[1;31m                            "free_g": "0", [0m
[1;31m                            "size_g": "19.76", [0m
[1;31m                            "vg": "debian87-20170203-surf-vg"[0m
[1;31m                        }[0m
[1;31m                    }, [0m
[1;31m                    "vgs": {[0m
[1;31m                        "debian87-20170203-surf-vg": {[0m
[1;31m                            "free_g": "0", [0m
[1;31m                            "num_lvs": "2", [0m
[1;31m                            "num_pvs": "1", [0m
[1;31m                            "size_g": "19.76"[0m
[1;31m                        }[0m
[1;31m                    }[0m
[1;31m                }, [0m
[1;31m                "ansible_machine": "x86_64", [0m
[1;31m                "ansible_machine_id": "3d975702f688466795f94ae6b7d55648", [0m
[1;31m                "ansible_memfree_mb": 460, [0m
[1;31m                "ansible_memory_mb": {[0m
[1;31m                    "nocache": {[0m
[1;31m                        "free": 1691, [0m
[1;31m                        "used": 304[0m
[1;31m                    }, [0m
[1;31m                    "real": {[0m
[1;31m                        "free": 460, [0m
[1;31m                        "total": 1995, [0m
[1;31m                        "used": 1535[0m
[1;31m                    }, [0m
[1;31m                    "swap": {[0m
[1;31m                        "cached": 0, [0m
[1;31m                        "free": 1951, [0m
[1;31m                        "total": 1951, [0m
[1;31m                        "used": 0[0m
[1;31m                    }[0m
[1;31m                }, [0m
[1;31m                "ansible_memtotal_mb": 1995, [0m
[1;31m                "ansible_mounts": [[0m
[1;31m                    {[0m
[1;31m                        "block_available": 3550257, [0m
[1;31m                        "block_size": 4096, [0m
[1;31m                        "block_total": 4573377, [0m
[1;31m                        "block_used": 1023120, [0m
[1;31m                        "device": "/dev/mapper/debian87--20170203--surf--vg-root", [0m
[1;31m                        "fstype": "ext4", [0m
[1;31m                        "inode_available": 1071298, [0m
[1;31m                        "inode_total": 1171456, [0m
[1;31m                        "inode_used": 100158, [0m
[1;31m                        "mount": "/", [0m
[1;31m                        "options": "rw,relatime,errors=remount-ro,data=ordered", [0m
[1;31m                        "size_available": 14541852672, [0m
[1;31m                        "size_total": 18732552192, [0m
[1;31m                        "uuid": "492ec039-485a-409a-b51d-a288fe1ee7b9"[0m
[1;31m                    }, [0m
[1;31m                    {[0m
[1;31m                        "block_available": 164782, [0m
[1;31m                        "block_size": 1024, [0m
[1;31m                        "block_total": 240972, [0m
[1;31m                        "block_used": 76190, [0m
[1;31m                        "device": "/dev/sda1", [0m
[1;31m                        "fstype": "ext2", [0m
[1;31m                        "inode_available": 61907, [0m
[1;31m                        "inode_total": 62248, [0m
[1;31m                        "inode_used": 341, [0m
[1;31m                        "mount": "/boot", [0m
[1;31m                        "options": "rw,relatime,block_validity,barrier,user_xattr,acl", [0m
[1;31m                        "size_available": 168736768, [0m
[1;31m                        "size_total": 246755328, [0m
[1;31m                        "uuid": "2797c37e-7660-419d-b152-6aeec7beb7bd"[0m
[1;31m                    }, [0m
[1;31m                    {[0m
[1;31m                        "block_available": 8796093022208, [0m
[1;31m                        "block_size": 1048576, [0m
[1;31m                        "block_total": 8796093022208, [0m
[1;31m                        "block_used": 0, [0m
[1;31m                        "device": "10.49.4.1:/scz-backups.surfcloud.nl", [0m
[1;31m                        "fstype": "nfs4", [0m
[1;31m                        "inode_available": 9223372036854775807, [0m
[1;31m                        "inode_total": 9223372036854775807, [0m
[1;31m                        "inode_used": 0, [0m
[1;31m                        "mount": "/mnt/aws", [0m
[1;31m                        "options": "rw,relatime,vers=4.0,rsize=1048576,wsize=1048576,namlen=255,hard,proto=tcp,port=0,timeo=600,retrans=2,sec=sys,clientaddr=10.49.4.2,local_lock=none,addr=10.49.4.1", [0m
[1;31m                        "size_available": 9223372036854775808, [0m
[1;31m                        "size_total": 9223372036854775808, [0m
[1;31m                        "uuid": "N/A"[0m
[1;31m                    }[0m
[1;31m                ], [0m
[1;31m                "ansible_nodename": "mgnt1", [0m
[1;31m                "ansible_os_family": "Debian", [0m
[1;31m                "ansible_pkg_mgr": "apt", [0m
[1;31m                "ansible_processor": [[0m
[1;31m                    "0", [0m
[1;31m                    "GenuineIntel", [0m
[1;31m                    "Intel(R) Xeon(R) CPU E5-2680 v4 @ 2.40GHz"[0m
[1;31m                ], [0m
[1;31m                "ansible_processor_cores": 1, [0m
[1;31m                "ansible_processor_count": 1, [0m
[1;31m                "ansible_processor_threads_per_core": 1, [0m
[1;31m                "ansible_processor_vcpus": 1, [0m
[1;31m                "ansible_product_name": "VMware Virtual Platform", [0m
[1;31m                "ansible_product_serial": "VMware-42 15 58 64 e1 a7 61 2b-8f 91 06 ca 1e 50 3c e3", [0m
[1;31m                "ansible_product_uuid": "42155864-E1A7-612B-8F91-06CA1E503CE3", [0m
[1;31m                "ansible_product_version": "None", [0m
[1;31m                "ansible_python": {[0m
[1;31m                    "executable": "/usr/bin/python", [0m
[1;31m                    "has_sslcontext": true, [0m
[1;31m                    "type": "CPython", [0m
[1;31m                    "version": {[0m
[1;31m                        "major": 2, [0m
[1;31m                        "micro": 13, [0m
[1;31m                        "minor": 7, [0m
[1;31m                        "releaselevel": "final", [0m
[1;31m                        "serial": 0[0m
[1;31m                    }, [0m
[1;31m                    "version_info": [[0m
[1;31m                        2, [0m
[1;31m                        7, [0m
[1;31m                        13, [0m
[1;31m                        "final", [0m
[1;31m                        0[0m
[1;31m                    ][0m
[1;31m                }, [0m
[1;31m                "ansible_python_version": "2.7.13", [0m
[1;31m                "ansible_real_group_id": 0, [0m
[1;31m                "ansible_real_user_id": 0, [0m
[1;31m                "ansible_selinux": {[0m
[1;31m                    "status": "Missing selinux Python library"[0m
[1;31m                }, [0m
[1;31m                "ansible_selinux_python_present": false, [0m
[1;31m                "ansible_service_mgr": "systemd", [0m
[1;31m                "ansible_ssh_host_key_dsa_public": "AAAAB3NzaC1kc3MAAACBAJFUd32EmxvgkEYGg4gfYzuiclVGyEHcS1DYpk70W1LVW3ft0HP+5XKLNtAh/KaGWHBisYxIlVzzVCKwodvaxF2whteTwUMOSgX9bkj0YswssTwGPGxXr/3sx/HNK2rzWqU6NZqYC05nL/KHsrOw3Jb/N4QoxlmaW7WLt61LBpKTAAAAFQCiCkJTRF5wZUL1q5qG8rTeeXOFhQAAAIEAhbmGhzTuK6tr9DWqwbwMsmTVpaldv0yFX6mr9BLkeqKobEG2U76+f/iUetlvtGGy/a7PG137pbmxW/O3JQWlT22iVykXdEps8rvoZtJSy8eMKLBFAbGhF+QToM7a1gvwPlCXMYPS1dlZ9xHNB04llRYrHuGsr6ZsYph27eNsD78AAACAfzBlF7FCDKhclC6zwGjACJeWHA8SuTiVS3eCCe6t0ef0YY5fyqSvzSKcFgdp3J++ybWvFSTY2Zryt7gi37lQqrJLDurqDHmfcyaTBM968h2pguRsxH9S3IOWfz9x7/7kBqzswit/10N79Ub6AofO7vHA7KVvGW8EDE/3DwZGW8w=", [0m
[1;31m                "ansible_ssh_host_key_ecdsa_public": "AAAAE2VjZHNhLXNoYTItbmlzdHAyNTYAAAAIbmlzdHAyNTYAAABBBEtD6jW/7bylR5A/2xPVK5eUyYgVPBxp8JobKUc56XLHE4YUzWTXepvFGlrBjzBbPUk2d9l4CdBBw76Jy39TxxQ=", [0m
[1;31m                "ansible_ssh_host_key_ed25519_public": "AAAAC3NzaC1lZDI1NTE5AAAAIGiGQZp5TcYq76g9rqnrPmI6i6wrZf+ygw7XlZBw+LnA", [0m
[1;31m                "ansible_ssh_host_key_rsa_public": "AAAAB3NzaC1yc2EAAAADAQABAAABAQCrR4HdeAHOJDkjgMzv/Z8AEVf875T9grAQ2B73GMFW+Z3B+zV3q6ZsFnomFmoVu203mkMN5JMlhPbj89XPwMwm+T9mJVDssFI8xoWHAhpnGOajuIblP4/jpjM0SUxzU4Xpiqqq1GqHJC+AVdzn4ny5Pv1kiRFnDQvoKK67VooExrHr0EclnTVZ/6D6Tgp6GmL6m1U3ufNgU7TFe5UbUgYxCA+sGEUc//jK4icpzSnC0zwKeTUMYSl/Fe0OCTzfGPLgsPp/bu7NR8nW0qEJHcB3+kki62PHCIeDDth7d+11jFmtOwG6z+BSI4s+eCEdYHOXqJgb5FmDUWFe0NVNivHn", [0m
[1;31m                "ansible_swapfree_mb": 1951, [0m
[1;31m                "ansible_swaptotal_mb": 1951, [0m
[1;31m                "ansible_system": "Linux", [0m
[1;31m                "ansible_system_capabilities": [[0m
[1;31m                    "cap_chown", [0m
[1;31m                    "cap_dac_override", [0m
[1;31m                    "cap_dac_read_search", [0m
[1;31m                    "cap_fowner", [0m
[1;31m                    "cap_fsetid", [0m
[1;31m                    "cap_kill", [0m
[1;31m                    "cap_setgid", [0m
[1;31m                    "cap_setuid", [0m
[1;31m                    "cap_setpcap", [0m
[1;31m                    "cap_linux_immutable", [0m
[1;31m                    "cap_net_bind_service", [0m
[1;31m                    "cap_net_broadcast", [0m
[1;31m                    "cap_net_admin", [0m
[1;31m                    "cap_net_raw", [0m
[1;31m                    "cap_ipc_lock", [0m
[1;31m                    "cap_ipc_owner", [0m
[1;31m                    "cap_sys_module", [0m
[1;31m                    "cap_sys_rawio", [0m
[1;31m                    "cap_sys_chroot", [0m
[1;31m                    "cap_sys_ptrace", [0m
[1;31m                    "cap_sys_pacct", [0m
[1;31m                    "cap_sys_admin", [0m
[1;31m                    "cap_sys_boot", [0m
[1;31m                    "cap_sys_nice", [0m
[1;31m                    "cap_sys_resource", [0m
[1;31m                    "cap_sys_time", [0m
[1;31m                    "cap_sys_tty_config", [0m
[1;31m                    "cap_mknod", [0m
[1;31m                    "cap_lease", [0m
[1;31m                    "cap_audit_write", [0m
[1;31m                    "cap_audit_control", [0m
[1;31m                    "cap_setfcap", [0m
[1;31m                    "cap_mac_override", [0m
[1;31m                    "cap_mac_admin", [0m
[1;31m                    "cap_syslog", [0m
[1;31m                    "cap_wake_alarm", [0m
[1;31m                    "cap_block_suspend", [0m
[1;31m                    "cap_audit_read+ep"[0m
[1;31m                ], [0m
[1;31m                "ansible_system_capabilities_enforced": "True", [0m
[1;31m                "ansible_system_vendor": "VMware, Inc.", [0m
[1;31m                "ansible_uptime_seconds": 11748480, [0m
[1;31m                "ansible_user_dir": "/root", [0m
[1;31m                "ansible_user_gecos": "root", [0m
[1;31m                "ansible_user_gid": 0, [0m
[1;31m                "ansible_user_id": "root", [0m
[1;31m                "ansible_user_shell": "/bin/bash", [0m
[1;31m                "ansible_user_uid": 0, [0m
[1;31m                "ansible_userspace_architecture": "x86_64", [0m
[1;31m                "ansible_userspace_bits": "64", [0m
[1;31m                "ansible_virtualization_role": "guest", [0m
[1;31m                "ansible_virtualization_type": "VMware", [0m
[1;31m                "gather_subset": [[0m
[1;31m                    "all"[0m
[1;31m                ], [0m
[1;31m                "module_setup": true[0m
[1;31m            }, [0m
[1;31m            "changed": false, [0m
[1;31m            "failed": false, [0m
[1;31m            "invocation": {[0m
[1;31m                "module_args": {[0m
[1;31m                    "fact_path": "/etc/ansible/facts.d", [0m
[1;31m                    "filter": "*", [0m
[1;31m                    "gather_subset": [[0m
[1;31m                        "all"[0m
[1;31m                    ], [0m
[1;31m                    "gather_timeout": 10[0m
[1;31m                }[0m
[1;31m            }, [0m
[1;31m            "item": "mgnt1.ams.scz.lab.surf.nl"[0m
[1;31m        }, [0m
[1;31m        {[0m
[1;31m            "_ansible_delegated_vars": {[0m
[1;31m                "ansible_delegated_host": "proxy1.ams.scz.lab.surf.nl", [0m
[1;31m                "ansible_host": "proxy1.ams.scz.lab.surf.nl"[0m
[1;31m            }, [0m
[1;31m            "_ansible_ignore_errors": null, [0m
[1;31m            "_ansible_item_label": "proxy1.ams.scz.lab.surf.nl", [0m
[1;31m            "_ansible_item_result": true, [0m
[1;31m            "_ansible_no_log": false, [0m
[1;31m            "_ansible_parsed": true, [0m
[1;31m            "_ansible_verbose_override": true, [0m
[1;31m            "ansible_facts": {[0m
[1;31m                "ansible_all_ipv4_addresses": [[0m
[1;31m                    "145.101.114.6"[0m
[1;31m                ], [0m
[1;31m                "ansible_all_ipv6_addresses": [], [0m
[1;31m                "ansible_apparmor": {[0m
[1;31m                    "status": "disabled"[0m
[1;31m                }, [0m
[1;31m                "ansible_architecture": "x86_64", [0m
[1;31m                "ansible_bios_date": "09/21/2015", [0m
[1;31m                "ansible_bios_version": "6.00", [0m
[1;31m                "ansible_cmdline": {[0m
[1;31m                    "BOOT_IMAGE": "/vmlinuz-4.9.0-8-amd64", [0m
[1;31m                    "quiet": true, [0m
[1;31m                    "ro": true, [0m
[1;31m                    "root": "/dev/mapper/debian87--20170203--surf--vg-root"[0m
[1;31m                }, [0m
[1;31m                "ansible_date_time": {[0m
[1;31m                    "date": "2019-02-15", [0m
[1;31m                    "day": "15", [0m
[1;31m                    "epoch": "1550221406", [0m
[1;31m                    "hour": "09", [0m
[1;31m                    "iso8601": "2019-02-15T09:03:26Z", [0m
[1;31m                    "iso8601_basic": "20190215T090326789038", [0m
[1;31m                    "iso8601_basic_short": "20190215T090326", [0m
[1;31m                    "iso8601_micro": "2019-02-15T09:03:26.789107Z", [0m
[1;31m                    "minute": "03", [0m
[1;31m                    "month": "02", [0m
[1;31m                    "second": "26", [0m
[1;31m                    "time": "09:03:26", [0m
[1;31m                    "tz": "UTC", [0m
[1;31m                    "tz_offset": "+0000", [0m
[1;31m                    "weekday": "Friday", [0m
[1;31m                    "weekday_number": "5", [0m
[1;31m                    "weeknumber": "06", [0m
[1;31m                    "year": "2019"[0m
[1;31m                }, [0m
[1;31m                "ansible_default_ipv4": {[0m
[1;31m                    "address": "145.101.114.6", [0m
[1;31m                    "alias": "eth0", [0m
[1;31m                    "broadcast": "145.101.114.31", [0m
[1;31m                    "gateway": "145.101.114.1", [0m
[1;31m                    "interface": "eth0", [0m
[1;31m                    "macaddress": "00:50:56:95:23:f1", [0m
[1;31m                    "mtu": 1500, [0m
[1;31m                    "netmask": "255.255.255.224", [0m
[1;31m                    "network": "145.101.114.0", [0m
[1;31m                    "type": "ether"[0m
[1;31m                }, [0m
[1;31m                "ansible_default_ipv6": {}, [0m
[1;31m                "ansible_device_links": {[0m
[1;31m                    "ids": {[0m
[1;31m                        "dm-0": [[0m
[1;31m                            "dm-name-debian87--20170203--surf--vg-swap", [0m
[1;31m                            "dm-uuid-LVM-2N3noKztpw8Epf4XcxvNlho3IR40EMu9cjRvZmwxANLf62DBJKrTyp02jpAPH5Ys"[0m
[1;31m                        ], [0m
[1;31m                        "dm-1": [[0m
[1;31m                            "dm-name-debian87--20170203--surf--vg-root", [0m
[1;31m                            "dm-uuid-LVM-2N3noKztpw8Epf4XcxvNlho3IR40EMu9Rh6eeq60m44ckhZDoOBTncUwkHezDJdk"[0m
[1;31m                        ], [0m
[1;31m                        "sda5": [[0m
[1;31m                            "lvm-pv-uuid-X7FfdR-qmyj-nmi0-M7YU-Gk1J-0aZ9-Q5q5eT"[0m
[1;31m                        ][0m
[1;31m                    }, [0m
[1;31m                    "labels": {}, [0m
[1;31m                    "masters": {[0m
[1;31m                        "sda5": [[0m
[1;31m                            "dm-0", [0m
[1;31m                            "dm-1"[0m
[1;31m                        ][0m
[1;31m                    }, [0m
[1;31m                    "uuids": {[0m
[1;31m                        "dm-0": [[0m
[1;31m                            "a057b43e-bbfd-4da0-a21d-40fe0b6e5b30"[0m
[1;31m                        ], [0m
[1;31m                        "dm-1": [[0m
[1;31m                            "492ec039-485a-409a-b51d-a288fe1ee7b9"[0m
[1;31m                        ], [0m
[1;31m                        "sda1": [[0m
[1;31m                            "2797c37e-7660-419d-b152-6aeec7beb7bd"[0m
[1;31m                        ][0m
[1;31m                    }[0m
[1;31m                }, [0m
[1;31m                "ansible_devices": {[0m
[1;31m                    "dm-0": {[0m
[1;31m                        "holders": [], [0m
[1;31m                        "host": "", [0m
[1;31m                        "links": {[0m
[1;31m                            "ids": [[0m
[1;31m                                "dm-name-debian87--20170203--surf--vg-swap", [0m
[1;31m                                "dm-uuid-LVM-2N3noKztpw8Epf4XcxvNlho3IR40EMu9cjRvZmwxANLf62DBJKrTyp02jpAPH5Ys"[0m
[1;31m                            ], [0m
[1;31m                            "labels": [], [0m
[1;31m                            "masters": [], [0m
[1;31m                            "uuids": [[0m
[1;31m                                "a057b43e-bbfd-4da0-a21d-40fe0b6e5b30"[0m
[1;31m                            ][0m
[1;31m                        }, [0m
[1;31m                        "model": null, [0m
[1;31m                        "partitions": {}, [0m
[1;31m                        "removable": "0", [0m
[1;31m                        "rotational": "1", [0m
[1;31m                        "sas_address": null, [0m
[1;31m                        "sas_device_handle": null, [0m
[1;31m                        "scheduler_mode": "", [0m
[1;31m                        "sectors": "3997696", [0m
[1;31m                        "sectorsize": "512", [0m
[1;31m                        "size": "1.91 GB", [0m
[1;31m                        "support_discard": "0", [0m
[1;31m                        "vendor": null, [0m
[1;31m                        "virtual": 1[0m
[1;31m                    }, [0m
[1;31m                    "dm-1": {[0m
[1;31m                        "holders": [], [0m
[1;31m                        "host": "", [0m
[1;31m                        "links": {[0m
[1;31m                            "ids": [[0m
[1;31m                                "dm-name-debian87--20170203--surf--vg-root", [0m
[1;31m                                "dm-uuid-LVM-2N3noKztpw8Epf4XcxvNlho3IR40EMu9Rh6eeq60m44ckhZDoOBTncUwkHezDJdk"[0m
[1;31m                            ], [0m
[1;31m                            "labels": [], [0m
[1;31m                            "masters": [], [0m
[1;31m                            "uuids": [[0m
[1;31m                                "492ec039-485a-409a-b51d-a288fe1ee7b9"[0m
[1;31m                            ][0m
[1;31m                        }, [0m
[1;31m                        "model": null, [0m
[1;31m                        "partitions": {}, [0m
[1;31m                        "removable": "0", [0m
[1;31m                        "rotational": "1", [0m
[1;31m                        "sas_address": null, [0m
[1;31m                        "sas_device_handle": null, [0m
[1;31m                        "scheduler_mode": "", [0m
[1;31m                        "sectors": "37437440", [0m
[1;31m                        "sectorsize": "512", [0m
[1;31m                        "size": "17.85 GB", [0m
[1;31m                        "support_discard": "0", [0m
[1;31m                        "vendor": null, [0m
[1;31m                        "virtual": 1[0m
[1;31m                    }, [0m
[1;31m                    "fd0": {[0m
[1;31m                        "holders": [], [0m
[1;31m                        "host": "", [0m
[1;31m                        "links": {[0m
[1;31m                            "ids": [], [0m
[1;31m                            "labels": [], [0m
[1;31m                            "masters": [], [0m
[1;31m                            "uuids": [][0m
[1;31m                        }, [0m
[1;31m                        "model": null, [0m
[1;31m                        "partitions": {}, [0m
[1;31m                        "removable": "1", [0m
[1;31m                        "rotational": "1", [0m
[1;31m                        "sas_address": null, [0m
[1;31m                        "sas_device_handle": null, [0m
[1;31m                        "scheduler_mode": "cfq", [0m
[1;31m                        "sectors": "8", [0m
[1;31m                        "sectorsize": "512", [0m
[1;31m                        "size": "4.00 KB", [0m
[1;31m                        "support_discard": "0", [0m
[1;31m                        "vendor": null, [0m
[1;31m                        "virtual": 1[0m
[1;31m                    }, [0m
[1;31m                    "sda": {[0m
[1;31m                        "holders": [], [0m
[1;31m                        "host": "SCSI storage controller: LSI Logic / Symbios Logic 53c1030 PCI-X Fusion-MPT Dual Ultra320 SCSI (rev 01)", [0m
[1;31m                        "links": {[0m
[1;31m                            "ids": [], [0m
[1;31m                            "labels": [], [0m
[1;31m                            "masters": [], [0m
[1;31m                            "uuids": [][0m
[1;31m                        }, [0m
[1;31m                        "model": "Virtual disk", [0m
[1;31m                        "partitions": {[0m
[1;31m                            "sda1": {[0m
[1;31m                                "holders": [], [0m
[1;31m                                "links": {[0m
[1;31m                                    "ids": [], [0m
[1;31m                                    "labels": [], [0m
[1;31m                                    "masters": [], [0m
[1;31m                                    "uuids": [[0m
[1;31m                                        "2797c37e-7660-419d-b152-6aeec7beb7bd"[0m
[1;31m                                    ][0m
[1;31m                                }, [0m
[1;31m                                "sectors": "497664", [0m
[1;31m                                "sectorsize": 512, [0m
[1;31m                                "size": "243.00 MB", [0m
[1;31m                                "start": "2048", [0m
[1;31m                                "uuid": "2797c37e-7660-419d-b152-6aeec7beb7bd"[0m
[1;31m                            }, [0m
[1;31m                            "sda2": {[0m
[1;31m                                "holders": [], [0m
[1;31m                                "links": {[0m
[1;31m                                    "ids": [], [0m
[1;31m                                    "labels": [], [0m
[1;31m                                    "masters": [], [0m
[1;31m                                    "uuids": [][0m
[1;31m                                }, [0m
[1;31m                                "sectors": "2", [0m
[1;31m                                "sectorsize": 512, [0m
[1;31m                                "size": "1.00 KB", [0m
[1;31m                                "start": "501758", [0m
[1;31m                                "uuid": null[0m
[1;31m                            }, [0m
[1;31m                            "sda5": {[0m
[1;31m                                "holders": [[0m
[1;31m                                    "debian87--20170203--surf--vg-root", [0m
[1;31m                                    "debian87--20170203--surf--vg-swap"[0m
[1;31m                                ], [0m
[1;31m                                "links": {[0m
[1;31m                                    "ids": [[0m
[1;31m                                        "lvm-pv-uuid-X7FfdR-qmyj-nmi0-M7YU-Gk1J-0aZ9-Q5q5eT"[0m
[1;31m                                    ], [0m
[1;31m                                    "labels": [], [0m
[1;31m                                    "masters": [[0m
[1;31m                                        "dm-0", [0m
[1;31m                                        "dm-1"[0m
[1;31m                                    ], [0m
[1;31m                                    "uuids": [][0m
[1;31m                                }, [0m
[1;31m                                "sectors": "41439232", [0m
[1;31m                                "sectorsize": 512, [0m
[1;31m                                "size": "19.76 GB", [0m
[1;31m                                "start": "501760", [0m
[1;31m                                "uuid": null[0m
[1;31m                            }[0m
[1;31m                        }, [0m
[1;31m                        "removable": "0", [0m
[1;31m                        "rotational": "1", [0m
[1;31m                        "sas_address": null, [0m
[1;31m                        "sas_device_handle": null, [0m
[1;31m                        "scheduler_mode": "cfq", [0m
[1;31m                        "sectors": "41943040", [0m
[1;31m                        "sectorsize": "512", [0m
[1;31m                        "size": "20.00 GB", [0m
[1;31m                        "support_discard": "0", [0m
[1;31m                        "vendor": "VMware", [0m
[1;31m                        "virtual": 1[0m
[1;31m                    }[0m
[1;31m                }, [0m
[1;31m                "ansible_distribution": "Debian", [0m
[1;31m                "ansible_distribution_file_parsed": true, [0m
[1;31m                "ansible_distribution_file_path": "/etc/os-release", [0m
[1;31m                "ansible_distribution_file_variety": "Debian", [0m
[1;31m                "ansible_distribution_major_version": "9", [0m
[1;31m                "ansible_distribution_release": "stretch", [0m
[1;31m                "ansible_distribution_version": "9.7", [0m
[1;31m                "ansible_dns": {[0m
[1;31m                    "nameservers": [[0m
[1;31m                        "195.169.124.124", [0m
[1;31m                        "192.87.36.36", [0m
[1;31m                        "192.87.106.106"[0m
[1;31m                    ], [0m
[1;31m                    "search": [[0m
[1;31m                        "ams.scz.lab.surf.nl"[0m
[1;31m                    ][0m
[1;31m                }, [0m
[1;31m                "ansible_domain": "ams.scz.lab.surf.nl", [0m
[1;31m                "ansible_effective_group_id": 0, [0m
[1;31m                "ansible_effective_user_id": 0, [0m
[1;31m                "ansible_env": {[0m
[1;31m                    "HOME": "/root", [0m
[1;31m                    "LANG": "en_US.UTF-8", [0m
[1;31m                    "LC_ADDRESS": "nl_NL.UTF-8", [0m
[1;31m                    "LC_ALL": "en_US.UTF-8", [0m
[1;31m                    "LC_IDENTIFICATION": "nl_NL.UTF-8", [0m
[1;31m                    "LC_MEASUREMENT": "nl_NL.UTF-8", [0m
[1;31m                    "LC_MONETARY": "nl_NL.UTF-8", [0m
[1;31m                    "LC_NAME": "nl_NL.UTF-8", [0m
[1;31m                    "LC_NUMERIC": "nl_NL.UTF-8", [0m
[1;31m                    "LC_PAPER": "nl_NL.UTF-8", [0m
[1;31m                    "LC_TELEPHONE": "nl_NL.UTF-8", [0m
[1;31m                    "LC_TIME": "nl_NL.UTF-8", [0m
[1;31m                    "LC_TYPE": "en_US.UTF-8", [0m
[1;31m                    "LOGNAME": "root", [0m
[1;31m                    "MAIL": "/var/mail/root", [0m
[1;31m                    "PATH": "/usr/local/sbin:/usr/local/bin:/usr/sbin:/usr/bin:/sbin:/bin:/snap/bin", [0m
[1;31m                    "PWD": "/home/martin", [0m
[1;31m                    "SHELL": "/bin/bash", [0m
[1;31m                    "SUDO_COMMAND": "/bin/sh -c echo BECOME-SUCCESS-cpmxapycnppdulpgrbpmzxqzxhmzyorc; /usr/bin/python", [0m
[1;31m                    "SUDO_GID": "10000", [0m
[1;31m                    "SUDO_UID": "10001", [0m
[1;31m                    "SUDO_USER": "martin", [0m
[1;31m                    "TERM": "unknown", [0m
[1;31m                    "USER": "root", [0m
[1;31m                    "USERNAME": "root"[0m
[1;31m                }, [0m
[1;31m                "ansible_eth0": {[0m
[1;31m                    "active": true, [0m
[1;31m                    "device": "eth0", [0m
[1;31m                    "features": {[0m
[1;31m                        "busy_poll": "off [fixed]", [0m
[1;31m                        "fcoe_mtu": "off [fixed]", [0m
[1;31m                        "generic_receive_offload": "on", [0m
[1;31m                        "generic_segmentation_offload": "on", [0m
[1;31m                        "highdma": "on", [0m
[1;31m                        "hw_tc_offload": "off [fixed]", [0m
[1;31m                        "l2_fwd_offload": "off [fixed]", [0m
[1;31m                        "large_receive_offload": "on", [0m
[1;31m                        "loopback": "off [fixed]", [0m
[1;31m                        "netns_local": "off [fixed]", [0m
[1;31m                        "ntuple_filters": "off [fixed]", [0m
[1;31m                        "receive_hashing": "off [fixed]", [0m
[1;31m                        "rx_all": "off [fixed]", [0m
[1;31m                        "rx_checksumming": "on", [0m
[1;31m                        "rx_fcs": "off [fixed]", [0m
[1;31m                        "rx_vlan_filter": "on [fixed]", [0m
[1;31m                        "rx_vlan_offload": "on", [0m
[1;31m                        "rx_vlan_stag_filter": "off [fixed]", [0m
[1;31m                        "rx_vlan_stag_hw_parse": "off [fixed]", [0m
[1;31m                        "scatter_gather": "on", [0m
[1;31m                        "tcp_segmentation_offload": "on", [0m
[1;31m                        "tx_checksum_fcoe_crc": "off [fixed]", [0m
[1;31m                        "tx_checksum_ip_generic": "on", [0m
[1;31m                        "tx_checksum_ipv4": "off [fixed]", [0m
[1;31m                        "tx_checksum_ipv6": "off [fixed]", [0m
[1;31m                        "tx_checksum_sctp": "off [fixed]", [0m
[1;31m                        "tx_checksumming": "on", [0m
[1;31m                        "tx_fcoe_segmentation": "off [fixed]", [0m
[1;31m                        "tx_gre_csum_segmentation": "off [fixed]", [0m
[1;31m                        "tx_gre_segmentation": "off [fixed]", [0m
[1;31m                        "tx_gso_partial": "off [fixed]", [0m
[1;31m                        "tx_gso_robust": "off [fixed]", [0m
[1;31m                        "tx_ipxip4_segmentation": "off [fixed]", [0m
[1;31m                        "tx_ipxip6_segmentation": "off [fixed]", [0m
[1;31m                        "tx_lockless": "off [fixed]", [0m
[1;31m                        "tx_nocache_copy": "off", [0m
[1;31m                        "tx_scatter_gather": "on", [0m
[1;31m                        "tx_scatter_gather_fraglist": "off [fixed]", [0m
[1;31m                        "tx_sctp_segmentation": "off [fixed]", [0m
[1;31m                        "tx_tcp6_segmentation": "on", [0m
[1;31m                        "tx_tcp_ecn_segmentation": "off [fixed]", [0m
[1;31m                        "tx_tcp_mangleid_segmentation": "off", [0m
[1;31m                        "tx_tcp_segmentation": "on", [0m
[1;31m                        "tx_udp_tnl_csum_segmentation": "off [fixed]", [0m
[1;31m                        "tx_udp_tnl_segmentation": "off [fixed]", [0m
[1;31m                        "tx_vlan_offload": "on", [0m
[1;31m                        "tx_vlan_stag_hw_insert": "off [fixed]", [0m
[1;31m                        "udp_fragmentation_offload": "off [fixed]", [0m
[1;31m                        "vlan_challenged": "off [fixed]"[0m
[1;31m                    }, [0m
[1;31m                    "hw_timestamp_filters": [], [0m
[1;31m                    "ipv4": {[0m
[1;31m                        "address": "145.101.114.6", [0m
[1;31m                        "broadcast": "145.101.114.31", [0m
[1;31m                        "netmask": "255.255.255.224", [0m
[1;31m                        "network": "145.101.114.0"[0m
[1;31m                    }, [0m
[1;31m                    "macaddress": "00:50:56:95:23:f1", [0m
[1;31m                    "module": "vmxnet3", [0m
[1;31m                    "mtu": 1500, [0m
[1;31m                    "pciid": "0000:03:00.0", [0m
[1;31m                    "promisc": false, [0m
[1;31m                    "speed": 10000, [0m
[1;31m                    "timestamping": [[0m
[1;31m                        "rx_software", [0m
[1;31m                        "software"[0m
[1;31m                    ], [0m
[1;31m                    "type": "ether"[0m
[1;31m                }, [0m
[1;31m                "ansible_fips": false, [0m
[1;31m                "ansible_form_factor": "Other", [0m
[1;31m                "ansible_fqdn": "proxy1.ams.scz.lab.surf.nl", [0m
[1;31m                "ansible_hostname": "proxy1", [0m
[1;31m                "ansible_interfaces": [[0m
[1;31m                    "lo", [0m
[1;31m                    "eth0"[0m
[1;31m                ], [0m
[1;31m                "ansible_is_chroot": false, [0m
[1;31m                "ansible_iscsi_iqn": "iqn.1993-08.org.debian:01:de7d50eae1a0", [0m
[1;31m                "ansible_kernel": "4.9.0-8-amd64", [0m
[1;31m                "ansible_lo": {[0m
[1;31m                    "active": true, [0m
[1;31m                    "device": "lo", [0m
[1;31m                    "features": {[0m
[1;31m                        "busy_poll": "off [fixed]", [0m
[1;31m                        "fcoe_mtu": "off [fixed]", [0m
[1;31m                        "generic_receive_offload": "on", [0m
[1;31m                        "generic_segmentation_offload": "on", [0m
[1;31m                        "highdma": "on [fixed]", [0m
[1;31m                        "hw_tc_offload": "off [fixed]", [0m
[1;31m                        "l2_fwd_offload": "off [fixed]", [0m
[1;31m                        "large_receive_offload": "off [fixed]", [0m
[1;31m                        "loopback": "on [fixed]", [0m
[1;31m                        "netns_local": "on [fixed]", [0m
[1;31m                        "ntuple_filters": "off [fixed]", [0m
[1;31m                        "receive_hashing": "off [fixed]", [0m
[1;31m                        "rx_all": "off [fixed]", [0m
[1;31m                        "rx_checksumming": "on [fixed]", [0m
[1;31m                        "rx_fcs": "off [fixed]", [0m
[1;31m                        "rx_vlan_filter": "off [fixed]", [0m
[1;31m                        "rx_vlan_offload": "off [fixed]", [0m
[1;31m                        "rx_vlan_stag_filter": "off [fixed]", [0m
[1;31m                        "rx_vlan_stag_hw_parse": "off [fixed]", [0m
[1;31m                        "scatter_gather": "on", [0m
[1;31m                        "tcp_segmentation_offload": "on", [0m
[1;31m                        "tx_checksum_fcoe_crc": "off [fixed]", [0m
[1;31m                        "tx_checksum_ip_generic": "on [fixed]", [0m
[1;31m                        "tx_checksum_ipv4": "off [fixed]", [0m
[1;31m                        "tx_checksum_ipv6": "off [fixed]", [0m
[1;31m                        "tx_checksum_sctp": "on [fixed]", [0m
[1;31m                        "tx_checksumming": "on", [0m
[1;31m                        "tx_fcoe_segmentation": "off [fixed]", [0m
[1;31m                        "tx_gre_csum_segmentation": "off [fixed]", [0m
[1;31m                        "tx_gre_segmentation": "off [fixed]", [0m
[1;31m                        "tx_gso_partial": "off [fixed]", [0m
[1;31m                        "tx_gso_robust": "off [fixed]", [0m
[1;31m                        "tx_ipxip4_segmentation": "off [fixed]", [0m
[1;31m                        "tx_ipxip6_segmentation": "off [fixed]", [0m
[1;31m                        "tx_lockless": "on [fixed]", [0m
[1;31m                        "tx_nocache_copy": "off [fixed]", [0m
[1;31m                        "tx_scatter_gather": "on [fixed]", [0m
[1;31m                        "tx_scatter_gather_fraglist": "on [fixed]", [0m
[1;31m                        "tx_sctp_segmentation": "on", [0m
[1;31m                        "tx_tcp6_segmentation": "on", [0m
[1;31m                        "tx_tcp_ecn_segmentation": "on", [0m
[1;31m                        "tx_tcp_mangleid_segmentation": "on", [0m
[1;31m                        "tx_tcp_segmentation": "on", [0m
[1;31m                        "tx_udp_tnl_csum_segmentation": "off [fixed]", [0m
[1;31m                        "tx_udp_tnl_segmentation": "off [fixed]", [0m
[1;31m                        "tx_vlan_offload": "off [fixed]", [0m
[1;31m                        "tx_vlan_stag_hw_insert": "off [fixed]", [0m
[1;31m                        "udp_fragmentation_offload": "on", [0m
[1;31m                        "vlan_challenged": "on [fixed]"[0m
[1;31m                    }, [0m
[1;31m                    "hw_timestamp_filters": [], [0m
[1;31m                    "ipv4": {[0m
[1;31m                        "address": "127.0.0.1", [0m
[1;31m                        "broadcast": "host", [0m
[1;31m                        "netmask": "255.0.0.0", [0m
[1;31m                        "network": "127.0.0.0"[0m
[1;31m                    }, [0m
[1;31m                    "mtu": 65536, [0m
[1;31m                    "promisc": false, [0m
[1;31m                    "timestamping": [[0m
[1;31m                        "rx_software", [0m
[1;31m                        "software"[0m
[1;31m                    ], [0m
[1;31m                    "type": "loopback"[0m
[1;31m                }, [0m
[1;31m                "ansible_local": {}, [0m
[1;31m                "ansible_lsb": {[0m
[1;31m                    "codename": "stretch", [0m
[1;31m                    "description": "Debian GNU/Linux 9.7 (stretch)", [0m
[1;31m                    "id": "Debian", [0m
[1;31m                    "major_release": "9", [0m
[1;31m                    "release": "9.7"[0m
[1;31m                }, [0m
[1;31m                "ansible_lvm": {[0m
[1;31m                    "lvs": {[0m
[1;31m                        "root": {[0m
[1;31m                            "size_g": "17.85", [0m
[1;31m                            "vg": "debian87-20170203-surf-vg"[0m
[1;31m                        }, [0m
[1;31m                        "swap": {[0m
[1;31m                            "size_g": "1.91", [0m
[1;31m                            "vg": "debian87-20170203-surf-vg"[0m
[1;31m                        }[0m
[1;31m                    }, [0m
[1;31m                    "pvs": {[0m
[1;31m                        "/dev/sda5": {[0m
[1;31m                            "free_g": "0", [0m
[1;31m                            "size_g": "19.76", [0m
[1;31m                            "vg": "debian87-20170203-surf-vg"[0m
[1;31m                        }[0m
[1;31m                    }, [0m
[1;31m                    "vgs": {[0m
[1;31m                        "debian87-20170203-surf-vg": {[0m
[1;31m                            "free_g": "0", [0m
[1;31m                            "num_lvs": "2", [0m
[1;31m                            "num_pvs": "1", [0m
[1;31m                            "size_g": "19.76"[0m
[1;31m                        }[0m
[1;31m                    }[0m
[1;31m                }, [0m
[1;31m                "ansible_machine": "x86_64", [0m
[1;31m                "ansible_machine_id": "3d975702f688466795f94ae6b7d55648", [0m
[1;31m                "ansible_memfree_mb": 218, [0m
[1;31m                "ansible_memory_mb": {[0m
[1;31m                    "nocache": {[0m
[1;31m                        "free": 399, [0m
[1;31m                        "used": 1596[0m
[1;31m                    }, [0m
[1;31m                    "real": {[0m
[1;31m                        "free": 218, [0m
[1;31m                        "total": 1995, [0m
[1;31m                        "used": 1777[0m
[1;31m                    }, [0m
[1;31m                    "swap": {[0m
[1;31m                        "cached": 12, [0m
[1;31m                        "free": 1786, [0m
[1;31m                        "total": 1951, [0m
[1;31m                        "used": 165[0m
[1;31m                    }[0m
[1;31m                }, [0m
[1;31m                "ansible_memtotal_mb": 1995, [0m
[1;31m                "ansible_mounts": [[0m
[1;31m                    {[0m
[1;31m                        "block_available": 2878250, [0m
[1;31m                        "block_size": 4096, [0m
[1;31m                        "block_total": 4573377, [0m
[1;31m                        "block_used": 1695127, [0m
[1;31m                        "device": "/dev/mapper/debian87--20170203--surf--vg-root", [0m
[1;31m                        "fstype": "ext4", [0m
[1;31m                        "inode_available": 1034426, [0m
[1;31m                        "inode_total": 1171456, [0m
[1;31m                        "inode_used": 137030, [0m
[1;31m                        "mount": "/", [0m
[1;31m                        "options": "rw,relatime,errors=remount-ro,data=ordered", [0m
[1;31m                        "size_available": 11789312000, [0m
[1;31m                        "size_total": 18732552192, [0m
[1;31m                        "uuid": "492ec039-485a-409a-b51d-a288fe1ee7b9"[0m
[1;31m                    }, [0m
[1;31m                    {[0m
[1;31m                        "block_available": 164781, [0m
[1;31m                        "block_size": 1024, [0m
[1;31m                        "block_total": 240972, [0m
[1;31m                        "block_used": 76191, [0m
[1;31m                        "device": "/dev/sda1", [0m
[1;31m                        "fstype": "ext2", [0m
[1;31m                        "inode_available": 61907, [0m
[1;31m                        "inode_total": 62248, [0m
[1;31m                        "inode_used": 341, [0m
[1;31m                        "mount": "/boot", [0m
[1;31m                        "options": "rw,relatime,block_validity,barrier,user_xattr,acl", [0m
[1;31m                        "size_available": 168735744, [0m
[1;31m                        "size_total": 246755328, [0m
[1;31m                        "uuid": "2797c37e-7660-419d-b152-6aeec7beb7bd"[0m
[1;31m                    }[0m
[1;31m                ], [0m
[1;31m                "ansible_nodename": "proxy1", [0m
[1;31m                "ansible_os_family": "Debian", [0m
[1;31m                "ansible_pkg_mgr": "apt", [0m
[1;31m                "ansible_processor": [[0m
[1;31m                    "0", [0m
[1;31m                    "GenuineIntel", [0m
[1;31m                    "Intel(R) Xeon(R) CPU E5-2680 v4 @ 2.40GHz"[0m
[1;31m                ], [0m
[1;31m                "ansible_processor_cores": 1, [0m
[1;31m                "ansible_processor_count": 1, [0m
[1;31m                "ansible_processor_threads_per_core": 1, [0m
[1;31m                "ansible_processor_vcpus": 1, [0m
[1;31m                "ansible_product_name": "VMware Virtual Platform", [0m
[1;31m                "ansible_product_serial": "VMware-42 15 c2 de 26 72 d5 1f-41 00 e6 22 7e 07 74 35", [0m
[1;31m                "ansible_product_uuid": "4215C2DE-2672-D51F-4100-E6227E077435", [0m
[1;31m                "ansible_product_version": "None", [0m
[1;31m                "ansible_python": {[0m
[1;31m                    "executable": "/usr/bin/python", [0m
[1;31m                    "has_sslcontext": true, [0m
[1;31m                    "type": "CPython", [0m
[1;31m                    "version": {[0m
[1;31m                        "major": 2, [0m
[1;31m                        "micro": 13, [0m
[1;31m                        "minor": 7, [0m
[1;31m                        "releaselevel": "final", [0m
[1;31m                        "serial": 0[0m
[1;31m                    }, [0m
[1;31m                    "version_info": [[0m
[1;31m                        2, [0m
[1;31m                        7, [0m
[1;31m                        13, [0m
[1;31m                        "final", [0m
[1;31m                        0[0m
[1;31m                    ][0m
[1;31m                }, [0m
[1;31m                "ansible_python_version": "2.7.13", [0m
[1;31m                "ansible_real_group_id": 0, [0m
[1;31m                "ansible_real_user_id": 0, [0m
[1;31m                "ansible_selinux": {[0m
[1;31m                    "status": "Missing selinux Python library"[0m
[1;31m                }, [0m
[1;31m                "ansible_selinux_python_present": false, [0m
[1;31m                "ansible_service_mgr": "systemd", [0m
[1;31m                "ansible_ssh_host_key_dsa_public": "AAAAB3NzaC1kc3MAAACBALyjgYgFhSfrf0rPNg3/hbCV3p3OG6HE5pExrmcH2UEQP/Jtpd3XTtvLqAfR/IOsT8KmTufgBKMtvNUrnqpBF0h9Is3v6IvoJbHhX+FFDoumZiP1TY8s+8EfknPQSmwXSEWAaZvuTk012tbgOedYnLVlJy1taYm+VE+ouAEPe9d3AAAAFQD1qGPQKCBZ8ZdaWUfsFgPSVdvRMwAAAIAVaAWk3P3lFjICby83lrs9NghVZnbPNbu1T7OjhhVONI5xx/8Jyx0J3jtaaIaPR22XRVeRdpZAt868nqhQZNPMDRx6LEQ7kZX8WC9HCBYh5vXbQ2fdabpTE3wtmLaDMzpvKdt1dH1LJYqKL08PUcErRZvstatlzJr4rgconkkfgQAAAIAj7MMEqSoIPnLZb9MA7VzlaXIbJd3BB6PAPoBBlamK0hS4R6PRJfTKlUJ7WtmMHOFhrC8WZqHgRUBnfrUfJOWVjjtKuuV8oZB7ux3WxvWINyWxbMsdDdP5jywp1r4borb7jr7MK0yWapyJGqyE6VxMOqtUsXtNY7YsZtWTQByx3A==", [0m
[1;31m                "ansible_ssh_host_key_ecdsa_public": "AAAAE2VjZHNhLXNoYTItbmlzdHAyNTYAAAAIbmlzdHAyNTYAAABBBIcl9E+5r5Ij5bMsbYaLcHTI6vYxNOSIQoOMOexuLmvHSWVk6v+PUZdy5aEmpy4otqLYwTpPhoFxv+94rDzOAFw=", [0m
[1;31m                "ansible_ssh_host_key_ed25519_public": "AAAAC3NzaC1lZDI1NTE5AAAAIHEW4qDLULCecRBZLCeraloabsWgZkrFMJQsSWWhghKM", [0m
[1;31m                "ansible_ssh_host_key_rsa_public": "AAAAB3NzaC1yc2EAAAADAQABAAABAQDrvASRKOacMIzezZa+3cTiPm//Sa7sycsWYAm5xkUlt3ZgxMKLoYls/NkmdAlM35odfZlvcWpMK41icwSjqqkiZnkPCdZVvgNuEcrxkkVItAr9dvsm8/ysROW+PlD+WBawfS3tVcG8qGNtdQK6dKTbHUEkj0b29K5Dh9avgUQirCAsi3NXHtIAUzBnpmW891P2pMQdRsHF92sgEwUzqjRiwNy6AurwZBrW6CLqvDULw76HO5El6zvHt1+IVLNBs2m4zSt3lRKRIxlDT6EtlfNg4HVxbD9gHR1RXUz6YS2V+/UEV2t3wQt8G7kcIXkPyT9gPc6ZBPn6p+3h5WBtLdVJ", [0m
[1;31m                "ansible_swapfree_mb": 1786, [0m
[1;31m                "ansible_swaptotal_mb": 1951, [0m
[1;31m                "ansible_system": "Linux", [0m
[1;31m                "ansible_system_capabilities": [[0m
[1;31m                    "cap_chown", [0m
[1;31m                    "cap_dac_override", [0m
[1;31m                    "cap_dac_read_search", [0m
[1;31m                    "cap_fowner", [0m
[1;31m                    "cap_fsetid", [0m
[1;31m                    "cap_kill", [0m
[1;31m                    "cap_setgid", [0m
[1;31m                    "cap_setuid", [0m
[1;31m                    "cap_setpcap", [0m
[1;31m                    "cap_linux_immutable", [0m
[1;31m                    "cap_net_bind_service", [0m
[1;31m                    "cap_net_broadcast", [0m
[1;31m                    "cap_net_admin", [0m
[1;31m                    "cap_net_raw", [0m
[1;31m                    "cap_ipc_lock", [0m
[1;31m                    "cap_ipc_owner", [0m
[1;31m                    "cap_sys_module", [0m
[1;31m                    "cap_sys_rawio", [0m
[1;31m                    "cap_sys_chroot", [0m
[1;31m                    "cap_sys_ptrace", [0m
[1;31m                    "cap_sys_pacct", [0m
[1;31m                    "cap_sys_admin", [0m
[1;31m                    "cap_sys_boot", [0m
[1;31m                    "cap_sys_nice", [0m
[1;31m                    "cap_sys_resource", [0m
[1;31m                    "cap_sys_time", [0m
[1;31m                    "cap_sys_tty_config", [0m
[1;31m                    "cap_mknod", [0m
[1;31m                    "cap_lease", [0m
[1;31m                    "cap_audit_write", [0m
[1;31m                    "cap_audit_control", [0m
[1;31m                    "cap_setfcap", [0m
[1;31m                    "cap_mac_override", [0m
[1;31m                    "cap_mac_admin", [0m
[1;31m                    "cap_syslog", [0m
[1;31m                    "cap_wake_alarm", [0m
[1;31m                    "cap_block_suspend", [0m
[1;31m                    "cap_audit_read+ep"[0m
[1;31m                ], [0m
[1;31m                "ansible_system_capabilities_enforced": "True", [0m
[1;31m                "ansible_system_vendor": "VMware, Inc.", [0m
[1;31m                "ansible_uptime_seconds": 6995204, [0m
[1;31m                "ansible_user_dir": "/root", [0m
[1;31m                "ansible_user_gecos": "root", [0m
[1;31m                "ansible_user_gid": 0, [0m
[1;31m                "ansible_user_id": "root", [0m
[1;31m                "ansible_user_shell": "/bin/bash", [0m
[1;31m                "ansible_user_uid": 0, [0m
[1;31m                "ansible_userspace_architecture": "x86_64", [0m
[1;31m                "ansible_userspace_bits": "64", [0m
[1;31m                "ansible_virtualization_role": "guest", [0m
[1;31m                "ansible_virtualization_type": "VMware", [0m
[1;31m                "gather_subset": [[0m
[1;31m                    "all"[0m
[1;31m                ], [0m
[1;31m                "module_setup": true[0m
[1;31m            }, [0m
[1;31m            "changed": false, [0m
[1;31m            "failed": false, [0m
[1;31m            "invocation": {[0m
[1;31m                "module_args": {[0m
[1;31m                    "fact_path": "/etc/ansible/facts.d", [0m
[1;31m                    "filter": "*", [0m
[1;31m                    "gather_subset": [[0m
[1;31m                        "all"[0m
[1;31m                    ], [0m
[1;31m                    "gather_timeout": 10[0m
[1;31m                }[0m
[1;31m            }, [0m
[1;31m            "item": "proxy1.ams.scz.lab.surf.nl"[0m
[1;31m        }, [0m
[1;31m        {[0m
[1;31m            "_ansible_delegated_vars": {[0m
[1;31m                "ansible_delegated_host": "ldap2.ams.scz.lab.surf.nl", [0m
[1;31m                "ansible_host": "ldap2.ams.scz.lab.surf.nl"[0m
[1;31m            }, [0m
[1;31m            "_ansible_ignore_errors": null, [0m
[1;31m            "_ansible_item_label": "ldap2.ams.scz.lab.surf.nl", [0m
[1;31m            "_ansible_item_result": true, [0m
[1;31m            "_ansible_no_log": false, [0m
[1;31m            "_ansible_parsed": true, [0m
[1;31m            "_ansible_verbose_override": true, [0m
[1;31m            "ansible_facts": {[0m
[1;31m                "ansible_all_ipv4_addresses": [[0m
[1;31m                    "145.101.114.9"[0m
[1;31m                ], [0m
[1;31m                "ansible_all_ipv6_addresses": [], [0m
[1;31m                "ansible_apparmor": {[0m
[1;31m                    "status": "disabled"[0m
[1;31m                }, [0m
[1;31m                "ansible_architecture": "x86_64", [0m
[1;31m                "ansible_bios_date": "09/21/2015", [0m
[1;31m                "ansible_bios_version": "6.00", [0m
[1;31m                "ansible_cmdline": {[0m
[1;31m                    "BOOT_IMAGE": "/vmlinuz-4.9.0-8-amd64", [0m
[1;31m                    "quiet": true, [0m
[1;31m                    "ro": true, [0m
[1;31m                    "root": "/dev/mapper/debian87--20170203--surf--vg-root"[0m
[1;31m                }, [0m
[1;31m                "ansible_date_time": {[0m
[1;31m                    "date": "2019-02-15", [0m
[1;31m                    "day": "15", [0m
[1;31m                    "epoch": "1550221407", [0m
[1;31m                    "hour": "09", [0m
[1;31m                    "iso8601": "2019-02-15T09:03:27Z", [0m
[1;31m                    "iso8601_basic": "20190215T090327382368", [0m
[1;31m                    "iso8601_basic_short": "20190215T090327", [0m
[1;31m                    "iso8601_micro": "2019-02-15T09:03:27.382441Z", [0m
[1;31m                    "minute": "03", [0m
[1;31m                    "month": "02", [0m
[1;31m                    "second": "27", [0m
[1;31m                    "time": "09:03:27", [0m
[1;31m                    "tz": "UTC", [0m
[1;31m                    "tz_offset": "+0000", [0m
[1;31m                    "weekday": "Friday", [0m
[1;31m                    "weekday_number": "5", [0m
[1;31m                    "weeknumber": "06", [0m
[1;31m                    "year": "2019"[0m
[1;31m                }, [0m
[1;31m                "ansible_default_ipv4": {[0m
[1;31m                    "address": "145.101.114.9", [0m
[1;31m                    "alias": "eth0", [0m
[1;31m                    "broadcast": "145.101.114.31", [0m
[1;31m                    "gateway": "145.101.114.1", [0m
[1;31m                    "interface": "eth0", [0m
[1;31m                    "macaddress": "00:50:56:95:7d:81", [0m
[1;31m                    "mtu": 1500, [0m
[1;31m                    "netmask": "255.255.255.224", [0m
[1;31m                    "network": "145.101.114.0", [0m
[1;31m                    "type": "ether"[0m
[1;31m                }, [0m
[1;31m                "ansible_default_ipv6": {}, [0m
[1;31m                "ansible_device_links": {[0m
[1;31m                    "ids": {[0m
[1;31m                        "dm-0": [[0m
[1;31m                            "dm-name-debian87--20170203--surf--vg-swap", [0m
[1;31m                            "dm-uuid-LVM-2N3noKztpw8Epf4XcxvNlho3IR40EMu9cjRvZmwxANLf62DBJKrTyp02jpAPH5Ys"[0m
[1;31m                        ], [0m
[1;31m                        "dm-1": [[0m
[1;31m                            "dm-name-debian87--20170203--surf--vg-root", [0m
[1;31m                            "dm-uuid-LVM-2N3noKztpw8Epf4XcxvNlho3IR40EMu9Rh6eeq60m44ckhZDoOBTncUwkHezDJdk"[0m
[1;31m                        ], [0m
[1;31m                        "sda5": [[0m
[1;31m                            "lvm-pv-uuid-X7FfdR-qmyj-nmi0-M7YU-Gk1J-0aZ9-Q5q5eT"[0m
[1;31m                        ][0m
[1;31m                    }, [0m
[1;31m                    "labels": {}, [0m
[1;31m                    "masters": {[0m
[1;31m                        "sda5": [[0m
[1;31m                            "dm-0", [0m
[1;31m                            "dm-1"[0m
[1;31m                        ][0m
[1;31m                    }, [0m
[1;31m                    "uuids": {[0m
[1;31m                        "dm-0": [[0m
[1;31m                            "a057b43e-bbfd-4da0-a21d-40fe0b6e5b30"[0m
[1;31m                        ], [0m
[1;31m                        "dm-1": [[0m
[1;31m                            "492ec039-485a-409a-b51d-a288fe1ee7b9"[0m
[1;31m                        ], [0m
[1;31m                        "sda1": [[0m
[1;31m                            "2797c37e-7660-419d-b152-6aeec7beb7bd"[0m
[1;31m                        ][0m
[1;31m                    }[0m
[1;31m                }, [0m
[1;31m                "ansible_devices": {[0m
[1;31m                    "dm-0": {[0m
[1;31m                        "holders": [], [0m
[1;31m                        "host": "", [0m
[1;31m                        "links": {[0m
[1;31m                            "ids": [[0m
[1;31m                                "dm-name-debian87--20170203--surf--vg-swap", [0m
[1;31m                                "dm-uuid-LVM-2N3noKztpw8Epf4XcxvNlho3IR40EMu9cjRvZmwxANLf62DBJKrTyp02jpAPH5Ys"[0m
[1;31m                            ], [0m
[1;31m                            "labels": [], [0m
[1;31m                            "masters": [], [0m
[1;31m                            "uuids": [[0m
[1;31m                                "a057b43e-bbfd-4da0-a21d-40fe0b6e5b30"[0m
[1;31m                            ][0m
[1;31m                        }, [0m
[1;31m                        "model": null, [0m
[1;31m                        "partitions": {}, [0m
[1;31m                        "removable": "0", [0m
[1;31m                        "rotational": "1", [0m
[1;31m                        "sas_address": null, [0m
[1;31m                        "sas_device_handle": null, [0m
[1;31m                        "scheduler_mode": "", [0m
[1;31m                        "sectors": "3997696", [0m
[1;31m                        "sectorsize": "512", [0m
[1;31m                        "size": "1.91 GB", [0m
[1;31m                        "support_discard": "0", [0m
[1;31m                        "vendor": null, [0m
[1;31m                        "virtual": 1[0m
[1;31m                    }, [0m
[1;31m                    "dm-1": {[0m
[1;31m                        "holders": [], [0m
[1;31m                        "host": "", [0m
[1;31m                        "links": {[0m
[1;31m                            "ids": [[0m
[1;31m                                "dm-name-debian87--20170203--surf--vg-root", [0m
[1;31m                                "dm-uuid-LVM-2N3noKztpw8Epf4XcxvNlho3IR40EMu9Rh6eeq60m44ckhZDoOBTncUwkHezDJdk"[0m
[1;31m                            ], [0m
[1;31m                            "labels": [], [0m
[1;31m                            "masters": [], [0m
[1;31m                            "uuids": [[0m
[1;31m                                "492ec039-485a-409a-b51d-a288fe1ee7b9"[0m
[1;31m                            ][0m
[1;31m                        }, [0m
[1;31m                        "model": null, [0m
[1;31m                        "partitions": {}, [0m
[1;31m                        "removable": "0", [0m
[1;31m                        "rotational": "1", [0m
[1;31m                        "sas_address": null, [0m
[1;31m                        "sas_device_handle": null, [0m
[1;31m                        "scheduler_mode": "", [0m
[1;31m                        "sectors": "37437440", [0m
[1;31m                        "sectorsize": "512", [0m
[1;31m                        "size": "17.85 GB", [0m
[1;31m                        "support_discard": "0", [0m
[1;31m                        "vendor": null, [0m
[1;31m                        "virtual": 1[0m
[1;31m                    }, [0m
[1;31m                    "fd0": {[0m
[1;31m                        "holders": [], [0m
[1;31m                        "host": "", [0m
[1;31m                        "links": {[0m
[1;31m                            "ids": [], [0m
[1;31m                            "labels": [], [0m
[1;31m                            "masters": [], [0m
[1;31m                            "uuids": [][0m
[1;31m                        }, [0m
[1;31m                        "model": null, [0m
[1;31m                        "partitions": {}, [0m
[1;31m                        "removable": "1", [0m
[1;31m                        "rotational": "1", [0m
[1;31m                        "sas_address": null, [0m
[1;31m                        "sas_device_handle": null, [0m
[1;31m                        "scheduler_mode": "cfq", [0m
[1;31m                        "sectors": "8", [0m
[1;31m                        "sectorsize": "512", [0m
[1;31m                        "size": "4.00 KB", [0m
[1;31m                        "support_discard": "0", [0m
[1;31m                        "vendor": null, [0m
[1;31m                        "virtual": 1[0m
[1;31m                    }, [0m
[1;31m                    "sda": {[0m
[1;31m                        "holders": [], [0m
[1;31m                        "host": "SCSI storage controller: LSI Logic / Symbios Logic 53c1030 PCI-X Fusion-MPT Dual Ultra320 SCSI (rev 01)", [0m
[1;31m                        "links": {[0m
[1;31m                            "ids": [], [0m
[1;31m                            "labels": [], [0m
[1;31m                            "masters": [], [0m
[1;31m                            "uuids": [][0m
[1;31m                        }, [0m
[1;31m                        "model": "Virtual disk", [0m
[1;31m                        "partitions": {[0m
[1;31m                            "sda1": {[0m
[1;31m                                "holders": [], [0m
[1;31m                                "links": {[0m
[1;31m                                    "ids": [], [0m
[1;31m                                    "labels": [], [0m
[1;31m                                    "masters": [], [0m
[1;31m                                    "uuids": [[0m
[1;31m                                        "2797c37e-7660-419d-b152-6aeec7beb7bd"[0m
[1;31m                                    ][0m
[1;31m                                }, [0m
[1;31m                                "sectors": "497664", [0m
[1;31m                                "sectorsize": 512, [0m
[1;31m                                "size": "243.00 MB", [0m
[1;31m                                "start": "2048", [0m
[1;31m                                "uuid": "2797c37e-7660-419d-b152-6aeec7beb7bd"[0m
[1;31m                            }, [0m
[1;31m                            "sda2": {[0m
[1;31m                                "holders": [], [0m
[1;31m                                "links": {[0m
[1;31m                                    "ids": [], [0m
[1;31m                                    "labels": [], [0m
[1;31m                                    "masters": [], [0m
[1;31m                                    "uuids": [][0m
[1;31m                                }, [0m
[1;31m                                "sectors": "2", [0m
[1;31m                                "sectorsize": 512, [0m
[1;31m                                "size": "1.00 KB", [0m
[1;31m                                "start": "501758", [0m
[1;31m                                "uuid": null[0m
[1;31m                            }, [0m
[1;31m                            "sda5": {[0m
[1;31m                                "holders": [[0m
[1;31m                                    "debian87--20170203--surf--vg-root", [0m
[1;31m                                    "debian87--20170203--surf--vg-swap"[0m
[1;31m                                ], [0m
[1;31m                                "links": {[0m
[1;31m                                    "ids": [[0m
[1;31m                                        "lvm-pv-uuid-X7FfdR-qmyj-nmi0-M7YU-Gk1J-0aZ9-Q5q5eT"[0m
[1;31m                                    ], [0m
[1;31m                                    "labels": [], [0m
[1;31m                                    "masters": [[0m
[1;31m                                        "dm-0", [0m
[1;31m                                        "dm-1"[0m
[1;31m                                    ], [0m
[1;31m                                    "uuids": [][0m
[1;31m                                }, [0m
[1;31m                                "sectors": "41439232", [0m
[1;31m                                "sectorsize": 512, [0m
[1;31m                                "size": "19.76 GB", [0m
[1;31m                                "start": "501760", [0m
[1;31m                                "uuid": null[0m
[1;31m                            }[0m
[1;31m                        }, [0m
[1;31m                        "removable": "0", [0m
[1;31m                        "rotational": "1", [0m
[1;31m                        "sas_address": null, [0m
[1;31m                        "sas_device_handle": null, [0m
[1;31m                        "scheduler_mode": "cfq", [0m
[1;31m                        "sectors": "41943040", [0m
[1;31m                        "sectorsize": "512", [0m
[1;31m                        "size": "20.00 GB", [0m
[1;31m                        "support_discard": "0", [0m
[1;31m                        "vendor": "VMware", [0m
[1;31m                        "virtual": 1[0m
[1;31m                    }[0m
[1;31m                }, [0m
[1;31m                "ansible_distribution": "Debian", [0m
[1;31m                "ansible_distribution_file_parsed": true, [0m
[1;31m                "ansible_distribution_file_path": "/etc/os-release", [0m
[1;31m                "ansible_distribution_file_variety": "Debian", [0m
[1;31m                "ansible_distribution_major_version": "9", [0m
[1;31m                "ansible_distribution_release": "stretch", [0m
[1;31m                "ansible_distribution_version": "9.7", [0m
[1;31m                "ansible_dns": {[0m
[1;31m                    "nameservers": [[0m
[1;31m                        "195.169.124.124", [0m
[1;31m                        "192.87.36.36", [0m
[1;31m                        "192.87.106.106"[0m
[1;31m                    ], [0m
[1;31m                    "search": [[0m
[1;31m                        "ams.scz.lab.surf.nl"[0m
[1;31m                    ][0m
[1;31m                }, [0m
[1;31m                "ansible_domain": "ams.scz.lab.surf.nl", [0m
[1;31m                "ansible_effective_group_id": 0, [0m
[1;31m                "ansible_effective_user_id": 0, [0m
[1;31m                "ansible_env": {[0m
[1;31m                    "HOME": "/root", [0m
[1;31m                    "LANG": "en_US.UTF-8", [0m
[1;31m                    "LC_ADDRESS": "nl_NL.UTF-8", [0m
[1;31m                    "LC_ALL": "en_US.UTF-8", [0m
[1;31m                    "LC_IDENTIFICATION": "nl_NL.UTF-8", [0m
[1;31m                    "LC_MEASUREMENT": "nl_NL.UTF-8", [0m
[1;31m                    "LC_MONETARY": "nl_NL.UTF-8", [0m
[1;31m                    "LC_NAME": "nl_NL.UTF-8", [0m
[1;31m                    "LC_NUMERIC": "nl_NL.UTF-8", [0m
[1;31m                    "LC_PAPER": "nl_NL.UTF-8", [0m
[1;31m                    "LC_TELEPHONE": "nl_NL.UTF-8", [0m
[1;31m                    "LC_TIME": "nl_NL.UTF-8", [0m
[1;31m                    "LC_TYPE": "en_US.UTF-8", [0m
[1;31m                    "LOGNAME": "root", [0m
[1;31m                    "MAIL": "/var/mail/root", [0m
[1;31m                    "PATH": "/usr/local/sbin:/usr/local/bin:/usr/sbin:/usr/bin:/sbin:/bin:/snap/bin", [0m
[1;31m                    "PWD": "/home/martin", [0m
[1;31m                    "SHELL": "/bin/bash", [0m
[1;31m                    "SUDO_COMMAND": "/bin/sh -c echo BECOME-SUCCESS-guamozeeuszyngrbxlwolbtetcbhnici; /usr/bin/python", [0m
[1;31m                    "SUDO_GID": "10002", [0m
[1;31m                    "SUDO_UID": "10001", [0m
[1;31m                    "SUDO_USER": "martin", [0m
[1;31m                    "TERM": "unknown", [0m
[1;31m                    "USER": "root", [0m
[1;31m                    "USERNAME": "root"[0m
[1;31m                }, [0m
[1;31m                "ansible_eth0": {[0m
[1;31m                    "active": true, [0m
[1;31m                    "device": "eth0", [0m
[1;31m                    "features": {[0m
[1;31m                        "busy_poll": "off [fixed]", [0m
[1;31m                        "fcoe_mtu": "off [fixed]", [0m
[1;31m                        "generic_receive_offload": "on", [0m
[1;31m                        "generic_segmentation_offload": "on", [0m
[1;31m                        "highdma": "on", [0m
[1;31m                        "hw_tc_offload": "off [fixed]", [0m
[1;31m                        "l2_fwd_offload": "off [fixed]", [0m
[1;31m                        "large_receive_offload": "on", [0m
[1;31m                        "loopback": "off [fixed]", [0m
[1;31m                        "netns_local": "off [fixed]", [0m
[1;31m                        "ntuple_filters": "off [fixed]", [0m
[1;31m                        "receive_hashing": "off [fixed]", [0m
[1;31m                        "rx_all": "off [fixed]", [0m
[1;31m                        "rx_checksumming": "on", [0m
[1;31m                        "rx_fcs": "off [fixed]", [0m
[1;31m                        "rx_vlan_filter": "on [fixed]", [0m
[1;31m                        "rx_vlan_offload": "on", [0m
[1;31m                        "rx_vlan_stag_filter": "off [fixed]", [0m
[1;31m                        "rx_vlan_stag_hw_parse": "off [fixed]", [0m
[1;31m                        "scatter_gather": "on", [0m
[1;31m                        "tcp_segmentation_offload": "on", [0m
[1;31m                        "tx_checksum_fcoe_crc": "off [fixed]", [0m
[1;31m                        "tx_checksum_ip_generic": "on", [0m
[1;31m                        "tx_checksum_ipv4": "off [fixed]", [0m
[1;31m                        "tx_checksum_ipv6": "off [fixed]", [0m
[1;31m                        "tx_checksum_sctp": "off [fixed]", [0m
[1;31m                        "tx_checksumming": "on", [0m
[1;31m                        "tx_fcoe_segmentation": "off [fixed]", [0m
[1;31m                        "tx_gre_csum_segmentation": "off [fixed]", [0m
[1;31m                        "tx_gre_segmentation": "off [fixed]", [0m
[1;31m                        "tx_gso_partial": "off [fixed]", [0m
[1;31m                        "tx_gso_robust": "off [fixed]", [0m
[1;31m                        "tx_ipxip4_segmentation": "off [fixed]", [0m
[1;31m                        "tx_ipxip6_segmentation": "off [fixed]", [0m
[1;31m                        "tx_lockless": "off [fixed]", [0m
[1;31m                        "tx_nocache_copy": "off", [0m
[1;31m                        "tx_scatter_gather": "on", [0m
[1;31m                        "tx_scatter_gather_fraglist": "off [fixed]", [0m
[1;31m                        "tx_sctp_segmentation": "off [fixed]", [0m
[1;31m                        "tx_tcp6_segmentation": "on", [0m
[1;31m                        "tx_tcp_ecn_segmentation": "off [fixed]", [0m
[1;31m                        "tx_tcp_mangleid_segmentation": "off", [0m
[1;31m                        "tx_tcp_segmentation": "on", [0m
[1;31m                        "tx_udp_tnl_csum_segmentation": "off [fixed]", [0m
[1;31m                        "tx_udp_tnl_segmentation": "off [fixed]", [0m
[1;31m                        "tx_vlan_offload": "on", [0m
[1;31m                        "tx_vlan_stag_hw_insert": "off [fixed]", [0m
[1;31m                        "udp_fragmentation_offload": "off [fixed]", [0m
[1;31m                        "vlan_challenged": "off [fixed]"[0m
[1;31m                    }, [0m
[1;31m                    "hw_timestamp_filters": [], [0m
[1;31m                    "ipv4": {[0m
[1;31m                        "address": "145.101.114.9", [0m
[1;31m                        "broadcast": "145.101.114.31", [0m
[1;31m                        "netmask": "255.255.255.224", [0m
[1;31m                        "network": "145.101.114.0"[0m
[1;31m                    }, [0m
[1;31m                    "macaddress": "00:50:56:95:7d:81", [0m
[1;31m                    "module": "vmxnet3", [0m
[1;31m                    "mtu": 1500, [0m
[1;31m                    "pciid": "0000:03:00.0", [0m
[1;31m                    "promisc": false, [0m
[1;31m                    "speed": 10000, [0m
[1;31m                    "timestamping": [[0m
[1;31m                        "rx_software", [0m
[1;31m                        "software"[0m
[1;31m                    ], [0m
[1;31m                    "type": "ether"[0m
[1;31m                }, [0m
[1;31m                "ansible_fips": false, [0m
[1;31m                "ansible_form_factor": "Other", [0m
[1;31m                "ansible_fqdn": "ldap2.ams.scz.lab.surf.nl", [0m
[1;31m                "ansible_hostname": "ldap2", [0m
[1;31m                "ansible_interfaces": [[0m
[1;31m                    "lo", [0m
[1;31m                    "eth0"[0m
[1;31m                ], [0m
[1;31m                "ansible_is_chroot": false, [0m
[1;31m                "ansible_iscsi_iqn": "iqn.1993-08.org.debian:01:de7d50eae1a0", [0m
[1;31m                "ansible_kernel": "4.9.0-8-amd64", [0m
[1;31m                "ansible_lo": {[0m
[1;31m                    "active": true, [0m
[1;31m                    "device": "lo", [0m
[1;31m                    "features": {[0m
[1;31m                        "busy_poll": "off [fixed]", [0m
[1;31m                        "fcoe_mtu": "off [fixed]", [0m
[1;31m                        "generic_receive_offload": "on", [0m
[1;31m                        "generic_segmentation_offload": "on", [0m
[1;31m                        "highdma": "on [fixed]", [0m
[1;31m                        "hw_tc_offload": "off [fixed]", [0m
[1;31m                        "l2_fwd_offload": "off [fixed]", [0m
[1;31m                        "large_receive_offload": "off [fixed]", [0m
[1;31m                        "loopback": "on [fixed]", [0m
[1;31m                        "netns_local": "on [fixed]", [0m
[1;31m                        "ntuple_filters": "off [fixed]", [0m
[1;31m                        "receive_hashing": "off [fixed]", [0m
[1;31m                        "rx_all": "off [fixed]", [0m
[1;31m                        "rx_checksumming": "on [fixed]", [0m
[1;31m                        "rx_fcs": "off [fixed]", [0m
[1;31m                        "rx_vlan_filter": "off [fixed]", [0m
[1;31m                        "rx_vlan_offload": "off [fixed]", [0m
[1;31m                        "rx_vlan_stag_filter": "off [fixed]", [0m
[1;31m                        "rx_vlan_stag_hw_parse": "off [fixed]", [0m
[1;31m                        "scatter_gather": "on", [0m
[1;31m                        "tcp_segmentation_offload": "on", [0m
[1;31m                        "tx_checksum_fcoe_crc": "off [fixed]", [0m
[1;31m                        "tx_checksum_ip_generic": "on [fixed]", [0m
[1;31m                        "tx_checksum_ipv4": "off [fixed]", [0m
[1;31m                        "tx_checksum_ipv6": "off [fixed]", [0m
[1;31m                        "tx_checksum_sctp": "on [fixed]", [0m
[1;31m                        "tx_checksumming": "on", [0m
[1;31m                        "tx_fcoe_segmentation": "off [fixed]", [0m
[1;31m                        "tx_gre_csum_segmentation": "off [fixed]", [0m
[1;31m                        "tx_gre_segmentation": "off [fixed]", [0m
[1;31m                        "tx_gso_partial": "off [fixed]", [0m
[1;31m                        "tx_gso_robust": "off [fixed]", [0m
[1;31m                        "tx_ipxip4_segmentation": "off [fixed]", [0m
[1;31m                        "tx_ipxip6_segmentation": "off [fixed]", [0m
[1;31m                        "tx_lockless": "on [fixed]", [0m
[1;31m                        "tx_nocache_copy": "off [fixed]", [0m
[1;31m                        "tx_scatter_gather": "on [fixed]", [0m
[1;31m                        "tx_scatter_gather_fraglist": "on [fixed]", [0m
[1;31m                        "tx_sctp_segmentation": "on", [0m
[1;31m                        "tx_tcp6_segmentation": "on", [0m
[1;31m                        "tx_tcp_ecn_segmentation": "on", [0m
[1;31m                        "tx_tcp_mangleid_segmentation": "on", [0m
[1;31m                        "tx_tcp_segmentation": "on", [0m
[1;31m                        "tx_udp_tnl_csum_segmentation": "off [fixed]", [0m
[1;31m                        "tx_udp_tnl_segmentation": "off [fixed]", [0m
[1;31m                        "tx_vlan_offload": "off [fixed]", [0m
[1;31m                        "tx_vlan_stag_hw_insert": "off [fixed]", [0m
[1;31m                        "udp_fragmentation_offload": "on", [0m
[1;31m                        "vlan_challenged": "on [fixed]"[0m
[1;31m                    }, [0m
[1;31m                    "hw_timestamp_filters": [], [0m
[1;31m                    "ipv4": {[0m
[1;31m                        "address": "127.0.0.1", [0m
[1;31m                        "broadcast": "host", [0m
[1;31m                        "netmask": "255.0.0.0", [0m
[1;31m                        "network": "127.0.0.0"[0m
[1;31m                    }, [0m
[1;31m                    "mtu": 65536, [0m
[1;31m                    "promisc": false, [0m
[1;31m                    "timestamping": [[0m
[1;31m                        "rx_software", [0m
[1;31m                        "software"[0m
[1;31m                    ], [0m
[1;31m                    "type": "loopback"[0m
[1;31m                }, [0m
[1;31m                "ansible_local": {}, [0m
[1;31m                "ansible_lsb": {[0m
[1;31m                    "codename": "stretch", [0m
[1;31m                    "description": "Debian GNU/Linux 9.7 (stretch)", [0m
[1;31m                    "id": "Debian", [0m
[1;31m                    "major_release": "9", [0m
[1;31m                    "release": "9.7"[0m
[1;31m                }, [0m
[1;31m                "ansible_lvm": {[0m
[1;31m                    "lvs": {[0m
[1;31m                        "root": {[0m
[1;31m                            "size_g": "17.85", [0m
[1;31m                            "vg": "debian87-20170203-surf-vg"[0m
[1;31m                        }, [0m
[1;31m                        "swap": {[0m
[1;31m                            "size_g": "1.91", [0m
[1;31m                            "vg": "debian87-20170203-surf-vg"[0m
[1;31m                        }[0m
[1;31m                    }, [0m
[1;31m                    "pvs": {[0m
[1;31m                        "/dev/sda5": {[0m
[1;31m                            "free_g": "0", [0m
[1;31m                            "size_g": "19.76", [0m
[1;31m                            "vg": "debian87-20170203-surf-vg"[0m
[1;31m                        }[0m
[1;31m                    }, [0m
[1;31m                    "vgs": {[0m
[1;31m                        "debian87-20170203-surf-vg": {[0m
[1;31m                            "free_g": "0", [0m
[1;31m                            "num_lvs": "2", [0m
[1;31m                            "num_pvs": "1", [0m
[1;31m                            "size_g": "19.76"[0m
[1;31m                        }[0m
[1;31m                    }[0m
[1;31m                }, [0m
[1;31m                "ansible_machine": "x86_64", [0m
[1;31m                "ansible_machine_id": "3d975702f688466795f94ae6b7d55648", [0m
[1;31m                "ansible_memfree_mb": 104, [0m
[1;31m                "ansible_memory_mb": {[0m
[1;31m                    "nocache": {[0m
[1;31m                        "free": 334, [0m
[1;31m                        "used": 149[0m
[1;31m                    }, [0m
[1;31m                    "real": {[0m
[1;31m                        "free": 104, [0m
[1;31m                        "total": 483, [0m
[1;31m                        "used": 379[0m
[1;31m                    }, [0m
[1;31m                    "swap": {[0m
[1;31m                        "cached": 1, [0m
[1;31m                        "free": 1915, [0m
[1;31m                        "total": 1951, [0m
[1;31m                        "used": 36[0m
[1;31m                    }[0m
[1;31m                }, [0m
[1;31m                "ansible_memtotal_mb": 483, [0m
[1;31m                "ansible_mounts": [[0m
[1;31m                    {[0m
[1;31m                        "block_available": 3304121, [0m
[1;31m                        "block_size": 4096, [0m
[1;31m                        "block_total": 4573377, [0m
[1;31m                        "block_used": 1269256, [0m
[1;31m                        "device": "/dev/mapper/debian87--20170203--surf--vg-root", [0m
[1;31m                        "fstype": "ext4", [0m
[1;31m                        "inode_available": 1048632, [0m
[1;31m                        "inode_total": 1171456, [0m
[1;31m                        "inode_used": 122824, [0m
[1;31m                        "mount": "/", [0m
[1;31m                        "options": "rw,relatime,errors=remount-ro,data=ordered", [0m
[1;31m                        "size_available": 13533679616, [0m
[1;31m                        "size_total": 18732552192, [0m
[1;31m                        "uuid": "492ec039-485a-409a-b51d-a288fe1ee7b9"[0m
[1;31m                    }, [0m
[1;31m                    {[0m
[1;31m                        "block_available": 164780, [0m
[1;31m                        "block_size": 1024, [0m
[1;31m                        "block_total": 240972, [0m
[1;31m                        "block_used": 76192, [0m
[1;31m                        "device": "/dev/sda1", [0m
[1;31m                        "fstype": "ext2", [0m
[1;31m                        "inode_available": 61907, [0m
[1;31m                        "inode_total": 62248, [0m
[1;31m                        "inode_used": 341, [0m
[1;31m                        "mount": "/boot", [0m
[1;31m                        "options": "rw,relatime,block_validity,barrier,user_xattr,acl", [0m
[1;31m                        "size_available": 168734720, [0m
[1;31m                        "size_total": 246755328, [0m
[1;31m                        "uuid": "2797c37e-7660-419d-b152-6aeec7beb7bd"[0m
[1;31m                    }[0m
[1;31m                ], [0m
[1;31m                "ansible_nodename": "ldap2", [0m
[1;31m                "ansible_os_family": "Debian", [0m
[1;31m                "ansible_pkg_mgr": "apt", [0m
[1;31m                "ansible_processor": [[0m
[1;31m                    "0", [0m
[1;31m                    "GenuineIntel", [0m
[1;31m                    "Intel(R) Xeon(R) CPU E5-2680 v3 @ 2.50GHz"[0m
[1;31m                ], [0m
[1;31m                "ansible_processor_cores": 1, [0m
[1;31m                "ansible_processor_count": 1, [0m
[1;31m                "ansible_processor_threads_per_core": 1, [0m
[1;31m                "ansible_processor_vcpus": 1, [0m
[1;31m                "ansible_product_name": "VMware Virtual Platform", [0m
[1;31m                "ansible_product_serial": "VMware-42 15 8b 78 57 5e 48 53-27 57 8f d1 01 db b0 3a", [0m
[1;31m                "ansible_product_uuid": "42158B78-575E-4853-2757-8FD101DBB03A", [0m
[1;31m                "ansible_product_version": "None", [0m
[1;31m                "ansible_python": {[0m
[1;31m                    "executable": "/usr/bin/python", [0m
[1;31m                    "has_sslcontext": true, [0m
[1;31m                    "type": "CPython", [0m
[1;31m                    "version": {[0m
[1;31m                        "major": 2, [0m
[1;31m                        "micro": 13, [0m
[1;31m                        "minor": 7, [0m
[1;31m                        "releaselevel": "final", [0m
[1;31m                        "serial": 0[0m
[1;31m                    }, [0m
[1;31m                    "version_info": [[0m
[1;31m                        2, [0m
[1;31m                        7, [0m
[1;31m                        13, [0m
[1;31m                        "final", [0m
[1;31m                        0[0m
[1;31m                    ][0m
[1;31m                }, [0m
[1;31m                "ansible_python_version": "2.7.13", [0m
[1;31m                "ansible_real_group_id": 0, [0m
[1;31m                "ansible_real_user_id": 0, [0m
[1;31m                "ansible_selinux": {[0m
[1;31m                    "status": "Missing selinux Python library"[0m
[1;31m                }, [0m
[1;31m                "ansible_selinux_python_present": false, [0m
[1;31m                "ansible_service_mgr": "systemd", [0m
[1;31m                "ansible_ssh_host_key_dsa_public": "AAAAB3NzaC1kc3MAAACBAPa+HANZ1IYK+hDoCBqZexe/E8zYohWKGyhhQr6idMbXgStREa+wlxOUyTmBPz19Sk6931pi38Pux9GZnEixZyhf4ADCYIq1W3ckUniHi3HESLdt/JtdiFHHP7f6DOXUCzOlfrviaUne9KdUyRiAGFW6F52WnCQMNQQukkLm67npAAAAFQC8NEKJv/yqKU4Vu8fgjudloWZetQAAAIEAsVvUwkNuizoL8glWGgfiYnhBWMr9H+hHKiT0J72Q3KZ769w6VETVULpvZ3eOmWGX5aGa5a+0UstAr1ImDVYjrlhtSUR3t1SCEhqGfMIWitaZwa4yqtLr3HtwVg0anzk3QgeJr4D0kjSC4HoVTO3Ukwf2ASp6onQtC+dOtVLzvqkAAACBANoK/q5IR3J3+NZgaTH9I1DNAXzGu1ta6LQ/49rZYOMMFZl94X3/oWGF5/nF/kDyS1lJYhPkJiGCVVaBB+Fqs9Zgz03hNPVce7/OnA0RHZFipzG8APICNdS2pR+SOwMwS9//wVHTUGpkXBe5UIPXunQkp5+OkZAdthg3pqhWMv4F", [0m
[1;31m                "ansible_ssh_host_key_ecdsa_public": "AAAAE2VjZHNhLXNoYTItbmlzdHAyNTYAAAAIbmlzdHAyNTYAAABBBPgMa8LbmQWbwSkaFEy/xRvP69Ts5+ZpjLqcuEnyD8jRC8netrvvep+4cGWJE7j3v8gHZrJl0/FZwhp38kQmJog=", [0m
[1;31m                "ansible_ssh_host_key_ed25519_public": "AAAAC3NzaC1lZDI1NTE5AAAAIMnDEnT7GQ6TJTaGciPpLhYR8TXjXoUNOQLS6mILaVgs", [0m
[1;31m                "ansible_ssh_host_key_rsa_public": "AAAAB3NzaC1yc2EAAAADAQABAAABAQC0Rowh44AyqvBmIIH5JOCmAEW59ssEWbdewe8GjJj0kZ6NP4JfjjlUuxDa+USCjI1higxycW+U2ZgVv3DLKaMGwVyeh0sevti/jfo0p6awUngCdmcyosAKYY+Ll0BOY59oUlEZqeAAA2twp98/+HRE3wROnzVBeHiIuf6FYjrUHLKlA5OjB+h5f9gDWowlB1+OJ53ZL4oQoQeZMwrMVr4cf9ND8YBlWwxOJbQ+ICzHSwb91pMKi545MC+qgkfLZz/OvWB5Pgv5xNnTIKbb3Gn+vh2f591i6byoLK8MMbZLgi6WkAZxRhnAgiH0a6z4mIlkjV5a3/nhfiWT6GJB5ahN", [0m
[1;31m                "ansible_swapfree_mb": 1915, [0m
[1;31m                "ansible_swaptotal_mb": 1951, [0m
[1;31m                "ansible_system": "Linux", [0m
[1;31m                "ansible_system_capabilities": [[0m
[1;31m                    "cap_chown", [0m
[1;31m                    "cap_dac_override", [0m
[1;31m                    "cap_dac_read_search", [0m
[1;31m                    "cap_fowner", [0m
[1;31m                    "cap_fsetid", [0m
[1;31m                    "cap_kill", [0m
[1;31m                    "cap_setgid", [0m
[1;31m                    "cap_setuid", [0m
[1;31m                    "cap_setpcap", [0m
[1;31m                    "cap_linux_immutable", [0m
[1;31m                    "cap_net_bind_service", [0m
[1;31m                    "cap_net_broadcast", [0m
[1;31m                    "cap_net_admin", [0m
[1;31m                    "cap_net_raw", [0m
[1;31m                    "cap_ipc_lock", [0m
[1;31m                    "cap_ipc_owner", [0m
[1;31m                    "cap_sys_module", [0m
[1;31m                    "cap_sys_rawio", [0m
[1;31m                    "cap_sys_chroot", [0m
[1;31m                    "cap_sys_ptrace", [0m
[1;31m                    "cap_sys_pacct", [0m
[1;31m                    "cap_sys_admin", [0m
[1;31m                    "cap_sys_boot", [0m
[1;31m                    "cap_sys_nice", [0m
[1;31m                    "cap_sys_resource", [0m
[1;31m                    "cap_sys_time", [0m
[1;31m                    "cap_sys_tty_config", [0m
[1;31m                    "cap_mknod", [0m
[1;31m                    "cap_lease", [0m
[1;31m                    "cap_audit_write", [0m
[1;31m                    "cap_audit_control", [0m
[1;31m                    "cap_setfcap", [0m
[1;31m                    "cap_mac_override", [0m
[1;31m                    "cap_mac_admin", [0m
[1;31m                    "cap_syslog", [0m
[1;31m                    "cap_wake_alarm", [0m
[1;31m                    "cap_block_suspend", [0m
[1;31m                    "cap_audit_read+ep"[0m
[1;31m                ], [0m
[1;31m                "ansible_system_capabilities_enforced": "True", [0m
[1;31m                "ansible_system_vendor": "VMware, Inc.", [0m
[1;31m                "ansible_uptime_seconds": 5056431, [0m
[1;31m                "ansible_user_dir": "/root", [0m
[1;31m                "ansible_user_gecos": "root", [0m
[1;31m                "ansible_user_gid": 0, [0m
[1;31m                "ansible_user_id": "root", [0m
[1;31m                "ansible_user_shell": "/bin/bash", [0m
[1;31m                "ansible_user_uid": 0, [0m
[1;31m                "ansible_userspace_architecture": "x86_64", [0m
[1;31m                "ansible_userspace_bits": "64", [0m
[1;31m                "ansible_virtualization_role": "guest", [0m
[1;31m                "ansible_virtualization_type": "VMware", [0m
[1;31m                "gather_subset": [[0m
[1;31m                    "all"[0m
[1;31m                ], [0m
[1;31m                "module_setup": true[0m
[1;31m            }, [0m
[1;31m            "changed": false, [0m
[1;31m            "failed": false, [0m
[1;31m            "invocation": {[0m
[1;31m                "module_args": {[0m
[1;31m                    "fact_path": "/etc/ansible/facts.d", [0m
[1;31m                    "filter": "*", [0m
[1;31m                    "gather_subset": [[0m
[1;31m                        "all"[0m
[1;31m                    ], [0m
[1;31m                    "gather_timeout": 10[0m
[1;31m                }[0m
[1;31m            }, [0m
[1;31m            "item": "ldap2.ams.scz.lab.surf.nl"[0m
[1;31m        }, [0m
[1;31m        {[0m
[1;31m            "_ansible_delegated_vars": {[0m
[1;31m                "ansible_delegated_host": "mgnt2.ams.scz.lab.surf.nl", [0m
[1;31m                "ansible_host": "mgnt2.ams.scz.lab.surf.nl"[0m
[1;31m            }, [0m
[1;31m            "_ansible_ignore_errors": null, [0m
[1;31m            "_ansible_item_label": "mgnt2.ams.scz.lab.surf.nl", [0m
[1;31m            "_ansible_item_result": true, [0m
[1;31m            "_ansible_no_log": false, [0m
[1;31m            "_ansible_parsed": true, [0m
[1;31m            "_ansible_verbose_override": true, [0m
[1;31m            "ansible_facts": {[0m
[1;31m                "ansible_all_ipv4_addresses": [[0m
[1;31m                    "145.101.114.35", [0m
[1;31m                    "10.49.4.3"[0m
[1;31m                ], [0m
[1;31m                "ansible_all_ipv6_addresses": [], [0m
[1;31m                "ansible_apparmor": {[0m
[1;31m                    "status": "disabled"[0m
[1;31m                }, [0m
[1;31m                "ansible_architecture": "x86_64", [0m
[1;31m                "ansible_bios_date": "09/21/2015", [0m
[1;31m                "ansible_bios_version": "6.00", [0m
[1;31m                "ansible_cmdline": {[0m
[1;31m                    "BOOT_IMAGE": "/vmlinuz-4.9.0-8-amd64", [0m
[1;31m                    "quiet": true, [0m
[1;31m                    "ro": true, [0m
[1;31m                    "root": "/dev/mapper/debian87--20170203--surf--vg-root"[0m
[1;31m                }, [0m
[1;31m                "ansible_date_time": {[0m
[1;31m                    "date": "2019-02-15", [0m
[1;31m                    "day": "15", [0m
[1;31m                    "epoch": "1550221407", [0m
[1;31m                    "hour": "09", [0m
[1;31m                    "iso8601": "2019-02-15T09:03:27Z", [0m
[1;31m                    "iso8601_basic": "20190215T090327914898", [0m
[1;31m                    "iso8601_basic_short": "20190215T090327", [0m
[1;31m                    "iso8601_micro": "2019-02-15T09:03:27.914965Z", [0m
[1;31m                    "minute": "03", [0m
[1;31m                    "month": "02", [0m
[1;31m                    "second": "27", [0m
[1;31m                    "time": "09:03:27", [0m
[1;31m                    "tz": "UTC", [0m
[1;31m                    "tz_offset": "+0000", [0m
[1;31m                    "weekday": "Friday", [0m
[1;31m                    "weekday_number": "5", [0m
[1;31m                    "weeknumber": "06", [0m
[1;31m                    "year": "2019"[0m
[1;31m                }, [0m
[1;31m                "ansible_default_ipv4": {[0m
[1;31m                    "address": "145.101.114.35", [0m
[1;31m                    "alias": "eth0", [0m
[1;31m                    "broadcast": "145.101.114.47", [0m
[1;31m                    "gateway": "145.101.114.33", [0m
[1;31m                    "interface": "eth0", [0m
[1;31m                    "macaddress": "00:50:56:95:56:b7", [0m
[1;31m                    "mtu": 1500, [0m
[1;31m                    "netmask": "255.255.255.240", [0m
[1;31m                    "network": "145.101.114.32", [0m
[1;31m                    "type": "ether"[0m
[1;31m                }, [0m
[1;31m                "ansible_default_ipv6": {}, [0m
[1;31m                "ansible_device_links": {[0m
[1;31m                    "ids": {[0m
[1;31m                        "dm-0": [[0m
[1;31m                            "dm-name-debian87--20170203--surf--vg-swap", [0m
[1;31m                            "dm-uuid-LVM-2N3noKztpw8Epf4XcxvNlho3IR40EMu9cjRvZmwxANLf62DBJKrTyp02jpAPH5Ys"[0m
[1;31m                        ], [0m
[1;31m                        "dm-1": [[0m
[1;31m                            "dm-name-debian87--20170203--surf--vg-root", [0m
[1;31m                            "dm-uuid-LVM-2N3noKztpw8Epf4XcxvNlho3IR40EMu9Rh6eeq60m44ckhZDoOBTncUwkHezDJdk"[0m
[1;31m                        ], [0m
[1;31m                        "dm-2": [[0m
[1;31m                            "dm-name-debian87--20170203--surf--vg-elk", [0m
[1;31m                            "dm-uuid-LVM-2N3noKztpw8Epf4XcxvNlho3IR40EMu9puDYFoGirxIBd5khT8Gv2R4uLgU0A09L"[0m
[1;31m                        ], [0m
[1;31m                        "sda5": [[0m
[1;31m                            "lvm-pv-uuid-X7FfdR-qmyj-nmi0-M7YU-Gk1J-0aZ9-Q5q5eT"[0m
[1;31m                        ], [0m
[1;31m                        "sdb1": [[0m
[1;31m                            "lvm-pv-uuid-WWc3mZ-tNWF-kjhA-ZRg5-cy3p-6au9-uae0MX"[0m
[1;31m                        ], [0m
[1;31m                        "sdb2": [[0m
[1;31m                            "lvm-pv-uuid-EutO1Y-WC9D-clqG-ELte-ZzZE-hFfN-FH43vR"[0m
[1;31m                        ][0m
[1;31m                    }, [0m
[1;31m                    "labels": {}, [0m
[1;31m                    "masters": {[0m
[1;31m                        "sda5": [[0m
[1;31m                            "dm-0", [0m
[1;31m                            "dm-1", [0m
[1;31m                            "dm-2"[0m
[1;31m                        ], [0m
[1;31m                        "sdb1": [[0m
[1;31m                            "dm-2"[0m
[1;31m                        ], [0m
[1;31m                        "sdb2": [[0m
[1;31m                            "dm-2"[0m
[1;31m                        ][0m
[1;31m                    }, [0m
[1;31m                    "uuids": {[0m
[1;31m                        "dm-0": [[0m
[1;31m                            "535b2d73-6625-4628-8212-14de2e25acb7"[0m
[1;31m                        ], [0m
[1;31m                        "dm-1": [[0m
[1;31m                            "492ec039-485a-409a-b51d-a288fe1ee7b9"[0m
[1;31m                        ], [0m
[1;31m                        "dm-2": [[0m
[1;31m                            "22858a47-975f-47ac-a977-18a62222410e"[0m
[1;31m                        ], [0m
[1;31m                        "sda1": [[0m
[1;31m                            "2797c37e-7660-419d-b152-6aeec7beb7bd"[0m
[1;31m                        ][0m
[1;31m                    }[0m
[1;31m                }, [0m
[1;31m                "ansible_devices": {[0m
[1;31m                    "dm-0": {[0m
[1;31m                        "holders": [], [0m
[1;31m                        "host": "", [0m
[1;31m                        "links": {[0m
[1;31m                            "ids": [[0m
[1;31m                                "dm-name-debian87--20170203--surf--vg-swap", [0m
[1;31m                                "dm-uuid-LVM-2N3noKztpw8Epf4XcxvNlho3IR40EMu9cjRvZmwxANLf62DBJKrTyp02jpAPH5Ys"[0m
[1;31m                            ], [0m
[1;31m                            "labels": [], [0m
[1;31m                            "masters": [], [0m
[1;31m                            "uuids": [[0m
[1;31m                                "535b2d73-6625-4628-8212-14de2e25acb7"[0m
[1;31m                            ][0m
[1;31m                        }, [0m
[1;31m                        "model": null, [0m
[1;31m                        "partitions": {}, [0m
[1;31m                        "removable": "0", [0m
[1;31m                        "rotational": "1", [0m
[1;31m                        "sas_address": null, [0m
[1;31m                        "sas_device_handle": null, [0m
[1;31m                        "scheduler_mode": "", [0m
[1;31m                        "sectors": "2097152", [0m
[1;31m                        "sectorsize": "512", [0m
[1;31m                        "size": "1.00 GB", [0m
[1;31m                        "support_discard": "0", [0m
[1;31m                        "vendor": null, [0m
[1;31m                        "virtual": 1[0m
[1;31m                    }, [0m
[1;31m                    "dm-1": {[0m
[1;31m                        "holders": [], [0m
[1;31m                        "host": "", [0m
[1;31m                        "links": {[0m
[1;31m                            "ids": [[0m
[1;31m                                "dm-name-debian87--20170203--surf--vg-root", [0m
[1;31m                                "dm-uuid-LVM-2N3noKztpw8Epf4XcxvNlho3IR40EMu9Rh6eeq60m44ckhZDoOBTncUwkHezDJdk"[0m
[1;31m                            ], [0m
[1;31m                            "labels": [], [0m
[1;31m                            "masters": [], [0m
[1;31m                            "uuids": [[0m
[1;31m                                "492ec039-485a-409a-b51d-a288fe1ee7b9"[0m
[1;31m                            ][0m
[1;31m                        }, [0m
[1;31m                        "model": null, [0m
[1;31m                        "partitions": {}, [0m
[1;31m                        "removable": "0", [0m
[1;31m                        "rotational": "1", [0m
[1;31m                        "sas_address": null, [0m
[1;31m                        "sas_device_handle": null, [0m
[1;31m                        "scheduler_mode": "", [0m
[1;31m                        "sectors": "37437440", [0m
[1;31m                        "sectorsize": "512", [0m
[1;31m                        "size": "17.85 GB", [0m
[1;31m                        "support_discard": "0", [0m
[1;31m                        "vendor": null, [0m
[1;31m                        "virtual": 1[0m
[1;31m                    }, [0m
[1;31m                    "dm-2": {[0m
[1;31m                        "holders": [], [0m
[1;31m                        "host": "", [0m
[1;31m                        "links": {[0m
[1;31m                            "ids": [[0m
[1;31m                                "dm-name-debian87--20170203--surf--vg-elk", [0m
[1;31m                                "dm-uuid-LVM-2N3noKztpw8Epf4XcxvNlho3IR40EMu9puDYFoGirxIBd5khT8Gv2R4uLgU0A09L"[0m
[1;31m                            ], [0m
[1;31m                            "labels": [], [0m
[1;31m                            "masters": [], [0m
[1;31m                            "uuids": [[0m
[1;31m                                "22858a47-975f-47ac-a977-18a62222410e"[0m
[1;31m                            ][0m
[1;31m                        }, [0m
[1;31m                        "model": null, [0m
[1;31m                        "partitions": {}, [0m
[1;31m                        "removable": "0", [0m
[1;31m                        "rotational": "1", [0m
[1;31m                        "sas_address": null, [0m
[1;31m                        "sas_device_handle": null, [0m
[1;31m                        "scheduler_mode": "", [0m
[1;31m                        "sectors": "85770240", [0m
[1;31m                        "sectorsize": "512", [0m
[1;31m                        "size": "40.90 GB", [0m
[1;31m                        "support_discard": "0", [0m
[1;31m                        "vendor": null, [0m
[1;31m                        "virtual": 1[0m
[1;31m                    }, [0m
[1;31m                    "fd0": {[0m
[1;31m                        "holders": [], [0m
[1;31m                        "host": "", [0m
[1;31m                        "links": {[0m
[1;31m                            "ids": [], [0m
[1;31m                            "labels": [], [0m
[1;31m                            "masters": [], [0m
[1;31m                            "uuids": [][0m
[1;31m                        }, [0m
[1;31m                        "model": null, [0m
[1;31m                        "partitions": {}, [0m
[1;31m                        "removable": "1", [0m
[1;31m                        "rotational": "1", [0m
[1;31m                        "sas_address": null, [0m
[1;31m                        "sas_device_handle": null, [0m
[1;31m                        "scheduler_mode": "cfq", [0m
[1;31m                        "sectors": "8", [0m
[1;31m                        "sectorsize": "512", [0m
[1;31m                        "size": "4.00 KB", [0m
[1;31m                        "support_discard": "0", [0m
[1;31m                        "vendor": null, [0m
[1;31m                        "virtual": 1[0m
[1;31m                    }, [0m
[1;31m                    "loop0": {[0m
[1;31m                        "holders": [], [0m
[1;31m                        "host": "", [0m
[1;31m                        "links": {[0m
[1;31m                            "ids": [], [0m
[1;31m                            "labels": [], [0m
[1;31m                            "masters": [], [0m
[1;31m                            "uuids": [][0m
[1;31m                        }, [0m
[1;31m                        "model": null, [0m
[1;31m                        "partitions": {}, [0m
[1;31m                        "removable": "0", [0m
[1;31m                        "rotational": "1", [0m
[1;31m                        "sas_address": null, [0m
[1;31m                        "sas_device_handle": null, [0m
[1;31m                        "scheduler_mode": "", [0m
[1;31m                        "sectors": "0", [0m
[1;31m                        "sectorsize": "512", [0m
[1;31m                        "size": "0.00 Bytes", [0m
[1;31m                        "support_discard": "4096", [0m
[1;31m                        "vendor": null, [0m
[1;31m                        "virtual": 1[0m
[1;31m                    }, [0m
[1;31m                    "loop1": {[0m
[1;31m                        "holders": [], [0m
[1;31m                        "host": "", [0m
[1;31m                        "links": {[0m
[1;31m                            "ids": [], [0m
[1;31m                            "labels": [], [0m
[1;31m                            "masters": [], [0m
[1;31m                            "uuids": [][0m
[1;31m                        }, [0m
[1;31m                        "model": null, [0m
[1;31m                        "partitions": {}, [0m
[1;31m                        "removable": "0", [0m
[1;31m                        "rotational": "1", [0m
[1;31m                        "sas_address": null, [0m
[1;31m                        "sas_device_handle": null, [0m
[1;31m                        "scheduler_mode": "", [0m
[1;31m                        "sectors": "0", [0m
[1;31m                        "sectorsize": "512", [0m
[1;31m                        "size": "0.00 Bytes", [0m
[1;31m                        "support_discard": "0", [0m
[1;31m                        "vendor": null, [0m
[1;31m                        "virtual": 1[0m
[1;31m                    }, [0m
[1;31m                    "loop2": {[0m
[1;31m                        "holders": [], [0m
[1;31m                        "host": "", [0m
[1;31m                        "links": {[0m
[1;31m                            "ids": [], [0m
[1;31m                            "labels": [], [0m
[1;31m                            "masters": [], [0m
[1;31m                            "uuids": [][0m
[1;31m                        }, [0m
[1;31m                        "model": null, [0m
[1;31m                        "partitions": {}, [0m
[1;31m                        "removable": "0", [0m
[1;31m                        "rotational": "1", [0m
[1;31m                        "sas_address": null, [0m
[1;31m                        "sas_device_handle": null, [0m
[1;31m                        "scheduler_mode": "", [0m
[1;31m                        "sectors": "0", [0m
[1;31m                        "sectorsize": "512", [0m
[1;31m                        "size": "0.00 Bytes", [0m
[1;31m                        "support_discard": "0", [0m
[1;31m                        "vendor": null, [0m
[1;31m                        "virtual": 1[0m
[1;31m                    }, [0m
[1;31m                    "loop3": {[0m
[1;31m                        "holders": [], [0m
[1;31m                        "host": "", [0m
[1;31m                        "links": {[0m
[1;31m                            "ids": [], [0m
[1;31m                            "labels": [], [0m
[1;31m                            "masters": [], [0m
[1;31m                            "uuids": [][0m
[1;31m                        }, [0m
[1;31m                        "model": null, [0m
[1;31m                        "partitions": {}, [0m
[1;31m                        "removable": "0", [0m
[1;31m                        "rotational": "1", [0m
[1;31m                        "sas_address": null, [0m
[1;31m                        "sas_device_handle": null, [0m
[1;31m                        "scheduler_mode": "", [0m
[1;31m                        "sectors": "0", [0m
[1;31m                        "sectorsize": "512", [0m
[1;31m                        "size": "0.00 Bytes", [0m
[1;31m                        "support_discard": "0", [0m
[1;31m                        "vendor": null, [0m
[1;31m                        "virtual": 1[0m
[1;31m                    }, [0m
[1;31m                    "loop4": {[0m
[1;31m                        "holders": [], [0m
[1;31m                        "host": "", [0m
[1;31m                        "links": {[0m
[1;31m                            "ids": [], [0m
[1;31m                            "labels": [], [0m
[1;31m                            "masters": [], [0m
[1;31m                            "uuids": [][0m
[1;31m                        }, [0m
[1;31m                        "model": null, [0m
[1;31m                        "partitions": {}, [0m
[1;31m                        "removable": "0", [0m
[1;31m                        "rotational": "1", [0m
[1;31m                        "sas_address": null, [0m
[1;31m                        "sas_device_handle": null, [0m
[1;31m                        "scheduler_mode": "", [0m
[1;31m                        "sectors": "0", [0m
[1;31m                        "sectorsize": "512", [0m
[1;31m                        "size": "0.00 Bytes", [0m
[1;31m                        "support_discard": "0", [0m
[1;31m                        "vendor": null, [0m
[1;31m                        "virtual": 1[0m
[1;31m                    }, [0m
[1;31m                    "loop5": {[0m
[1;31m                        "holders": [], [0m
[1;31m                        "host": "", [0m
[1;31m                        "links": {[0m
[1;31m                            "ids": [], [0m
[1;31m                            "labels": [], [0m
[1;31m                            "masters": [], [0m
[1;31m                            "uuids": [][0m
[1;31m                        }, [0m
[1;31m                        "model": null, [0m
[1;31m                        "partitions": {}, [0m
[1;31m                        "removable": "0", [0m
[1;31m                        "rotational": "1", [0m
[1;31m                        "sas_address": null, [0m
[1;31m                        "sas_device_handle": null, [0m
[1;31m                        "scheduler_mode": "", [0m
[1;31m                        "sectors": "0", [0m
[1;31m                        "sectorsize": "512", [0m
[1;31m                        "size": "0.00 Bytes", [0m
[1;31m                        "support_discard": "0", [0m
[1;31m                        "vendor": null, [0m
[1;31m                        "virtual": 1[0m
[1;31m                    }, [0m
[1;31m                    "loop6": {[0m
[1;31m                        "holders": [], [0m
[1;31m                        "host": "", [0m
[1;31m                        "links": {[0m
[1;31m                            "ids": [], [0m
[1;31m                            "labels": [], [0m
[1;31m                            "masters": [], [0m
[1;31m                            "uuids": [][0m
[1;31m                        }, [0m
[1;31m                        "model": null, [0m
[1;31m                        "partitions": {}, [0m
[1;31m                        "removable": "0", [0m
[1;31m                        "rotational": "1", [0m
[1;31m                        "sas_address": null, [0m
[1;31m                        "sas_device_handle": null, [0m
[1;31m                        "scheduler_mode": "", [0m
[1;31m                        "sectors": "0", [0m
[1;31m                        "sectorsize": "512", [0m
[1;31m                        "size": "0.00 Bytes", [0m
[1;31m                        "support_discard": "0", [0m
[1;31m                        "vendor": null, [0m
[1;31m                        "virtual": 1[0m
[1;31m                    }, [0m
[1;31m                    "loop7": {[0m
[1;31m                        "holders": [], [0m
[1;31m                        "host": "", [0m
[1;31m                        "links": {[0m
[1;31m                            "ids": [], [0m
[1;31m                            "labels": [], [0m
[1;31m                            "masters": [], [0m
[1;31m                            "uuids": [][0m
[1;31m                        }, [0m
[1;31m                        "model": null, [0m
[1;31m                        "partitions": {}, [0m
[1;31m                        "removable": "0", [0m
[1;31m                        "rotational": "1", [0m
[1;31m                        "sas_address": null, [0m
[1;31m                        "sas_device_handle": null, [0m
[1;31m                        "scheduler_mode": "", [0m
[1;31m                        "sectors": "0", [0m
[1;31m                        "sectorsize": "512", [0m
[1;31m                        "size": "0.00 Bytes", [0m
[1;31m                        "support_discard": "0", [0m
[1;31m                        "vendor": null, [0m
[1;31m                        "virtual": 1[0m
[1;31m                    }, [0m
[1;31m                    "sda": {[0m
[1;31m                        "holders": [], [0m
[1;31m                        "host": "SCSI storage controller: LSI Logic / Symbios Logic 53c1030 PCI-X Fusion-MPT Dual Ultra320 SCSI (rev 01)", [0m
[1;31m                        "links": {[0m
[1;31m                            "ids": [], [0m
[1;31m                            "labels": [], [0m
[1;31m                            "masters": [], [0m
[1;31m                            "uuids": [][0m
[1;31m                        }, [0m
[1;31m                        "model": "Virtual disk", [0m
[1;31m                        "partitions": {[0m
[1;31m                            "sda1": {[0m
[1;31m                                "holders": [], [0m
[1;31m                                "links": {[0m
[1;31m                                    "ids": [], [0m
[1;31m                                    "labels": [], [0m
[1;31m                                    "masters": [], [0m
[1;31m                                    "uuids": [[0m
[1;31m                                        "2797c37e-7660-419d-b152-6aeec7beb7bd"[0m
[1;31m                                    ][0m
[1;31m                                }, [0m
[1;31m                                "sectors": "497664", [0m
[1;31m                                "sectorsize": 512, [0m
[1;31m                                "size": "243.00 MB", [0m
[1;31m                                "start": "2048", [0m
[1;31m                                "uuid": "2797c37e-7660-419d-b152-6aeec7beb7bd"[0m
[1;31m                            }, [0m
[1;31m                            "sda2": {[0m
[1;31m                                "holders": [], [0m
[1;31m                                "links": {[0m
[1;31m                                    "ids": [], [0m
[1;31m                                    "labels": [], [0m
[1;31m                                    "masters": [], [0m
[1;31m                                    "uuids": [][0m
[1;31m                                }, [0m
[1;31m                                "sectors": "2", [0m
[1;31m                                "sectorsize": 512, [0m
[1;31m                                "size": "1.00 KB", [0m
[1;31m                                "start": "501758", [0m
[1;31m                                "uuid": null[0m
[1;31m                            }, [0m
[1;31m                            "sda5": {[0m
[1;31m                                "holders": [[0m
[1;31m                                    "debian87--20170203--surf--vg-root", [0m
[1;31m                                    "debian87--20170203--surf--vg-elk", [0m
[1;31m                                    "debian87--20170203--surf--vg-swap"[0m
[1;31m                                ], [0m
[1;31m                                "links": {[0m
[1;31m                                    "ids": [[0m
[1;31m                                        "lvm-pv-uuid-X7FfdR-qmyj-nmi0-M7YU-Gk1J-0aZ9-Q5q5eT"[0m
[1;31m                                    ], [0m
[1;31m                                    "labels": [], [0m
[1;31m                                    "masters": [[0m
[1;31m                                        "dm-0", [0m
[1;31m                                        "dm-1", [0m
[1;31m                                        "dm-2"[0m
[1;31m                                    ], [0m
[1;31m                                    "uuids": [][0m
[1;31m                                }, [0m
[1;31m                                "sectors": "41439232", [0m
[1;31m                                "sectorsize": 512, [0m
[1;31m                                "size": "19.76 GB", [0m
[1;31m                                "start": "501760", [0m
[1;31m                                "uuid": null[0m
[1;31m                            }[0m
[1;31m                        }, [0m
[1;31m                        "removable": "0", [0m
[1;31m                        "rotational": "1", [0m
[1;31m                        "sas_address": null, [0m
[1;31m                        "sas_device_handle": null, [0m
[1;31m                        "scheduler_mode": "cfq", [0m
[1;31m                        "sectors": "41943040", [0m
[1;31m                        "sectorsize": "512", [0m
[1;31m                        "size": "20.00 GB", [0m
[1;31m                        "support_discard": "0", [0m
[1;31m                        "vendor": "VMware", [0m
[1;31m                        "virtual": 1[0m
[1;31m                    }, [0m
[1;31m                    "sdb": {[0m
[1;31m                        "holders": [], [0m
[1;31m                        "host": "SCSI storage controller: LSI Logic / Symbios Logic 53c1030 PCI-X Fusion-MPT Dual Ultra320 SCSI (rev 01)", [0m
[1;31m                        "links": {[0m
[1;31m                            "ids": [], [0m
[1;31m                            "labels": [], [0m
[1;31m                            "masters": [], [0m
[1;31m                            "uuids": [][0m
[1;31m                        }, [0m
[1;31m                        "model": "Virtual disk", [0m
[1;31m                        "partitions": {[0m
[1;31m                            "sdb1": {[0m
[1;31m                                "holders": [[0m
[1;31m                                    "debian87--20170203--surf--vg-elk"[0m
[1;31m                                ], [0m
[1;31m                                "links": {[0m
[1;31m                                    "ids": [[0m
[1;31m                                        "lvm-pv-uuid-WWc3mZ-tNWF-kjhA-ZRg5-cy3p-6au9-uae0MX"[0m
[1;31m                                    ], [0m
[1;31m                                    "labels": [], [0m
[1;31m                                    "masters": [[0m
[1;31m                                        "dm-2"[0m
[1;31m                                    ], [0m
[1;31m                                    "uuids": [][0m
[1;31m                                }, [0m
[1;31m                                "sectors": "41940959", [0m
[1;31m                                "sectorsize": 512, [0m
[1;31m                                "size": "20.00 GB", [0m
[1;31m                                "start": "2048", [0m
[1;31m                                "uuid": null[0m
[1;31m                            }, [0m
[1;31m                            "sdb2": {[0m
[1;31m                                "holders": [[0m
[1;31m                                    "debian87--20170203--surf--vg-elk"[0m
[1;31m                                ], [0m
[1;31m                                "links": {[0m
[1;31m                                    "ids": [[0m
[1;31m                                        "lvm-pv-uuid-EutO1Y-WC9D-clqG-ELte-ZzZE-hFfN-FH43vR"[0m
[1;31m                                    ], [0m
[1;31m                                    "labels": [], [0m
[1;31m                                    "masters": [[0m
[1;31m                                        "dm-2"[0m
[1;31m                                    ], [0m
[1;31m                                    "uuids": [][0m
[1;31m                                }, [0m
[1;31m                                "sectors": "41940993", [0m
[1;31m                                "sectorsize": 512, [0m
[1;31m                                "size": "20.00 GB", [0m
[1;31m                                "start": "41943040", [0m
[1;31m                                "uuid": null[0m
[1;31m                            }[0m
[1;31m                        }, [0m
[1;31m                        "removable": "0", [0m
[1;31m                        "rotational": "1", [0m
[1;31m                        "sas_address": null, [0m
[1;31m                        "sas_device_handle": null, [0m
[1;31m                        "scheduler_mode": "cfq", [0m
[1;31m                        "sectors": "83886080", [0m
[1;31m                        "sectorsize": "512", [0m
[1;31m                        "size": "40.00 GB", [0m
[1;31m                        "support_discard": "0", [0m
[1;31m                        "vendor": "VMware", [0m
[1;31m                        "virtual": 1[0m
[1;31m                    }[0m
[1;31m                }, [0m
[1;31m                "ansible_distribution": "Debian", [0m
[1;31m                "ansible_distribution_file_parsed": true, [0m
[1;31m                "ansible_distribution_file_path": "/etc/os-release", [0m
[1;31m                "ansible_distribution_file_variety": "Debian", [0m
[1;31m                "ansible_distribution_major_version": "9", [0m
[1;31m                "ansible_distribution_release": "stretch", [0m
[1;31m                "ansible_distribution_version": "9.7", [0m
[1;31m                "ansible_dns": {[0m
[1;31m                    "nameservers": [[0m
[1;31m                        "195.169.124.124", [0m
[1;31m                        "192.87.36.36", [0m
[1;31m                        "192.87.106.106"[0m
[1;31m                    ], [0m
[1;31m                    "search": [[0m
[1;31m                        "ams.scz.lab.surf.nl"[0m
[1;31m                    ][0m
[1;31m                }, [0m
[1;31m                "ansible_domain": "ams.scz.lab.surf.nl", [0m
[1;31m                "ansible_effective_group_id": 0, [0m
[1;31m                "ansible_effective_user_id": 0, [0m
[1;31m                "ansible_env": {[0m
[1;31m                    "HOME": "/root", [0m
[1;31m                    "LANG": "en_US.UTF-8", [0m
[1;31m                    "LC_ADDRESS": "nl_NL.UTF-8", [0m
[1;31m                    "LC_ALL": "en_US.UTF-8", [0m
[1;31m                    "LC_IDENTIFICATION": "nl_NL.UTF-8", [0m
[1;31m                    "LC_MEASUREMENT": "nl_NL.UTF-8", [0m
[1;31m                    "LC_MONETARY": "nl_NL.UTF-8", [0m
[1;31m                    "LC_NAME": "nl_NL.UTF-8", [0m
[1;31m                    "LC_NUMERIC": "nl_NL.UTF-8", [0m
[1;31m                    "LC_PAPER": "nl_NL.UTF-8", [0m
[1;31m                    "LC_TELEPHONE": "nl_NL.UTF-8", [0m
[1;31m                    "LC_TIME": "nl_NL.UTF-8", [0m
[1;31m                    "LC_TYPE": "en_US.UTF-8", [0m
[1;31m                    "LOGNAME": "root", [0m
[1;31m                    "MAIL": "/var/mail/root", [0m
[1;31m                    "PATH": "/usr/local/sbin:/usr/local/bin:/usr/sbin:/usr/bin:/sbin:/bin:/snap/bin", [0m
[1;31m                    "PWD": "/home/martin", [0m
[1;31m                    "SHELL": "/bin/bash", [0m
[1;31m                    "SUDO_COMMAND": "/bin/sh -c echo BECOME-SUCCESS-lpolazsugpbcslkakafqvisafvzxfgmp; /usr/bin/python", [0m
[1;31m                    "SUDO_GID": "10000", [0m
[1;31m                    "SUDO_UID": "10001", [0m
[1;31m                    "SUDO_USER": "martin", [0m
[1;31m                    "TERM": "unknown", [0m
[1;31m                    "USER": "root", [0m
[1;31m                    "USERNAME": "root"[0m
[1;31m                }, [0m
[1;31m                "ansible_eth0": {[0m
[1;31m                    "active": true, [0m
[1;31m                    "device": "eth0", [0m
[1;31m                    "features": {[0m
[1;31m                        "busy_poll": "off [fixed]", [0m
[1;31m                        "fcoe_mtu": "off [fixed]", [0m
[1;31m                        "generic_receive_offload": "on", [0m
[1;31m                        "generic_segmentation_offload": "on", [0m
[1;31m                        "highdma": "on", [0m
[1;31m                        "hw_tc_offload": "off [fixed]", [0m
[1;31m                        "l2_fwd_offload": "off [fixed]", [0m
[1;31m                        "large_receive_offload": "on", [0m
[1;31m                        "loopback": "off [fixed]", [0m
[1;31m                        "netns_local": "off [fixed]", [0m
[1;31m                        "ntuple_filters": "off [fixed]", [0m
[1;31m                        "receive_hashing": "on", [0m
[1;31m                        "rx_all": "off [fixed]", [0m
[1;31m                        "rx_checksumming": "on", [0m
[1;31m                        "rx_fcs": "off [fixed]", [0m
[1;31m                        "rx_vlan_filter": "on [fixed]", [0m
[1;31m                        "rx_vlan_offload": "on", [0m
[1;31m                        "rx_vlan_stag_filter": "off [fixed]", [0m
[1;31m                        "rx_vlan_stag_hw_parse": "off [fixed]", [0m
[1;31m                        "scatter_gather": "on", [0m
[1;31m                        "tcp_segmentation_offload": "on", [0m
[1;31m                        "tx_checksum_fcoe_crc": "off [fixed]", [0m
[1;31m                        "tx_checksum_ip_generic": "on", [0m
[1;31m                        "tx_checksum_ipv4": "off [fixed]", [0m
[1;31m                        "tx_checksum_ipv6": "off [fixed]", [0m
[1;31m                        "tx_checksum_sctp": "off [fixed]", [0m
[1;31m                        "tx_checksumming": "on", [0m
[1;31m                        "tx_fcoe_segmentation": "off [fixed]", [0m
[1;31m                        "tx_gre_csum_segmentation": "off [fixed]", [0m
[1;31m                        "tx_gre_segmentation": "off [fixed]", [0m
[1;31m                        "tx_gso_partial": "off [fixed]", [0m
[1;31m                        "tx_gso_robust": "off [fixed]", [0m
[1;31m                        "tx_ipxip4_segmentation": "off [fixed]", [0m
[1;31m                        "tx_ipxip6_segmentation": "off [fixed]", [0m
[1;31m                        "tx_lockless": "off [fixed]", [0m
[1;31m                        "tx_nocache_copy": "off", [0m
[1;31m                        "tx_scatter_gather": "on", [0m
[1;31m                        "tx_scatter_gather_fraglist": "off [fixed]", [0m
[1;31m                        "tx_sctp_segmentation": "off [fixed]", [0m
[1;31m                        "tx_tcp6_segmentation": "on", [0m
[1;31m                        "tx_tcp_ecn_segmentation": "off [fixed]", [0m
[1;31m                        "tx_tcp_mangleid_segmentation": "off", [0m
[1;31m                        "tx_tcp_segmentation": "on", [0m
[1;31m                        "tx_udp_tnl_csum_segmentation": "off [fixed]", [0m
[1;31m                        "tx_udp_tnl_segmentation": "off [fixed]", [0m
[1;31m                        "tx_vlan_offload": "on", [0m
[1;31m                        "tx_vlan_stag_hw_insert": "off [fixed]", [0m
[1;31m                        "udp_fragmentation_offload": "off [fixed]", [0m
[1;31m                        "vlan_challenged": "off [fixed]"[0m
[1;31m                    }, [0m
[1;31m                    "hw_timestamp_filters": [], [0m
[1;31m                    "ipv4": {[0m
[1;31m                        "address": "145.101.114.35", [0m
[1;31m                        "broadcast": "145.101.114.47", [0m
[1;31m                        "netmask": "255.255.255.240", [0m
[1;31m                        "network": "145.101.114.32"[0m
[1;31m                    }, [0m
[1;31m                    "macaddress": "00:50:56:95:56:b7", [0m
[1;31m                    "module": "vmxnet3", [0m
[1;31m                    "mtu": 1500, [0m
[1;31m                    "pciid": "0000:03:00.0", [0m
[1;31m                    "promisc": false, [0m
[1;31m                    "speed": 10000, [0m
[1;31m                    "timestamping": [[0m
[1;31m                        "rx_software", [0m
[1;31m                        "software"[0m
[1;31m                    ], [0m
[1;31m                    "type": "ether"[0m
[1;31m                }, [0m
[1;31m                "ansible_eth1": {[0m
[1;31m                    "active": true, [0m
[1;31m                    "device": "eth1", [0m
[1;31m                    "features": {[0m
[1;31m                        "busy_poll": "off [fixed]", [0m
[1;31m                        "fcoe_mtu": "off [fixed]", [0m
[1;31m                        "generic_receive_offload": "on", [0m
[1;31m                        "generic_segmentation_offload": "on", [0m
[1;31m                        "highdma": "on", [0m
[1;31m                        "hw_tc_offload": "off [fixed]", [0m
[1;31m                        "l2_fwd_offload": "off [fixed]", [0m
[1;31m                        "large_receive_offload": "on", [0m
[1;31m                        "loopback": "off [fixed]", [0m
[1;31m                        "netns_local": "off [fixed]", [0m
[1;31m                        "ntuple_filters": "off [fixed]", [0m
[1;31m                        "receive_hashing": "on", [0m
[1;31m                        "rx_all": "off [fixed]", [0m
[1;31m                        "rx_checksumming": "on", [0m
[1;31m                        "rx_fcs": "off [fixed]", [0m
[1;31m                        "rx_vlan_filter": "on [fixed]", [0m
[1;31m                        "rx_vlan_offload": "on", [0m
[1;31m                        "rx_vlan_stag_filter": "off [fixed]", [0m
[1;31m                        "rx_vlan_stag_hw_parse": "off [fixed]", [0m
[1;31m                        "scatter_gather": "on", [0m
[1;31m                        "tcp_segmentation_offload": "on", [0m
[1;31m                        "tx_checksum_fcoe_crc": "off [fixed]", [0m
[1;31m                        "tx_checksum_ip_generic": "on", [0m
[1;31m                        "tx_checksum_ipv4": "off [fixed]", [0m
[1;31m                        "tx_checksum_ipv6": "off [fixed]", [0m
[1;31m                        "tx_checksum_sctp": "off [fixed]", [0m
[1;31m                        "tx_checksumming": "on", [0m
[1;31m                        "tx_fcoe_segmentation": "off [fixed]", [0m
[1;31m                        "tx_gre_csum_segmentation": "off [fixed]", [0m
[1;31m                        "tx_gre_segmentation": "off [fixed]", [0m
[1;31m                        "tx_gso_partial": "off [fixed]", [0m
[1;31m                        "tx_gso_robust": "off [fixed]", [0m
[1;31m                        "tx_ipxip4_segmentation": "off [fixed]", [0m
[1;31m                        "tx_ipxip6_segmentation": "off [fixed]", [0m
[1;31m                        "tx_lockless": "off [fixed]", [0m
[1;31m                        "tx_nocache_copy": "off", [0m
[1;31m                        "tx_scatter_gather": "on", [0m
[1;31m                        "tx_scatter_gather_fraglist": "off [fixed]", [0m
[1;31m                        "tx_sctp_segmentation": "off [fixed]", [0m
[1;31m                        "tx_tcp6_segmentation": "on", [0m
[1;31m                        "tx_tcp_ecn_segmentation": "off [fixed]", [0m
[1;31m                        "tx_tcp_mangleid_segmentation": "off", [0m
[1;31m                        "tx_tcp_segmentation": "on", [0m
[1;31m                        "tx_udp_tnl_csum_segmentation": "off [fixed]", [0m
[1;31m                        "tx_udp_tnl_segmentation": "off [fixed]", [0m
[1;31m                        "tx_vlan_offload": "on", [0m
[1;31m                        "tx_vlan_stag_hw_insert": "off [fixed]", [0m
[1;31m                        "udp_fragmentation_offload": "off [fixed]", [0m
[1;31m                        "vlan_challenged": "off [fixed]"[0m
[1;31m                    }, [0m
[1;31m                    "hw_timestamp_filters": [], [0m
[1;31m                    "ipv4": {[0m
[1;31m                        "address": "10.49.4.3", [0m
[1;31m                        "broadcast": "10.49.4.255", [0m
[1;31m                        "netmask": "255.255.255.0", [0m
[1;31m                        "network": "10.49.4.0"[0m
[1;31m                    }, [0m
[1;31m                    "macaddress": "00:50:56:95:59:2a", [0m
[1;31m                    "module": "vmxnet3", [0m
[1;31m                    "mtu": 1500, [0m
[1;31m                    "pciid": "0000:0b:00.0", [0m
[1;31m                    "promisc": false, [0m
[1;31m                    "speed": 10000, [0m
[1;31m                    "timestamping": [[0m
[1;31m                        "rx_software", [0m
[1;31m                        "software"[0m
[1;31m                    ], [0m
[1;31m                    "type": "ether"[0m
[1;31m                }, [0m
[1;31m                "ansible_fips": false, [0m
[1;31m                "ansible_form_factor": "Other", [0m
[1;31m                "ansible_fqdn": "mgnt2.ams.scz.lab.surf.nl", [0m
[1;31m                "ansible_hostname": "mgnt2", [0m
[1;31m                "ansible_interfaces": [[0m
[1;31m                    "lo", [0m
[1;31m                    "eth1", [0m
[1;31m                    "eth0"[0m
[1;31m                ], [0m
[1;31m                "ansible_is_chroot": false, [0m
[1;31m                "ansible_iscsi_iqn": "iqn.1993-08.org.debian:01:de7d50eae1a0", [0m
[1;31m                "ansible_kernel": "4.9.0-8-amd64", [0m
[1;31m                "ansible_lo": {[0m
[1;31m                    "active": true, [0m
[1;31m                    "device": "lo", [0m
[1;31m                    "features": {[0m
[1;31m                        "busy_poll": "off [fixed]", [0m
[1;31m                        "fcoe_mtu": "off [fixed]", [0m
[1;31m                        "generic_receive_offload": "on", [0m
[1;31m                        "generic_segmentation_offload": "on", [0m
[1;31m                        "highdma": "on [fixed]", [0m
[1;31m                        "hw_tc_offload": "off [fixed]", [0m
[1;31m                        "l2_fwd_offload": "off [fixed]", [0m
[1;31m                        "large_receive_offload": "off [fixed]", [0m
[1;31m                        "loopback": "on [fixed]", [0m
[1;31m                        "netns_local": "on [fixed]", [0m
[1;31m                        "ntuple_filters": "off [fixed]", [0m
[1;31m                        "receive_hashing": "off [fixed]", [0m
[1;31m                        "rx_all": "off [fixed]", [0m
[1;31m                        "rx_checksumming": "on [fixed]", [0m
[1;31m                        "rx_fcs": "off [fixed]", [0m
[1;31m                        "rx_vlan_filter": "off [fixed]", [0m
[1;31m                        "rx_vlan_offload": "off [fixed]", [0m
[1;31m                        "rx_vlan_stag_filter": "off [fixed]", [0m
[1;31m                        "rx_vlan_stag_hw_parse": "off [fixed]", [0m
[1;31m                        "scatter_gather": "on", [0m
[1;31m                        "tcp_segmentation_offload": "on", [0m
[1;31m                        "tx_checksum_fcoe_crc": "off [fixed]", [0m
[1;31m                        "tx_checksum_ip_generic": "on [fixed]", [0m
[1;31m                        "tx_checksum_ipv4": "off [fixed]", [0m
[1;31m                        "tx_checksum_ipv6": "off [fixed]", [0m
[1;31m                        "tx_checksum_sctp": "on [fixed]", [0m
[1;31m                        "tx_checksumming": "on", [0m
[1;31m                        "tx_fcoe_segmentation": "off [fixed]", [0m
[1;31m                        "tx_gre_csum_segmentation": "off [fixed]", [0m
[1;31m                        "tx_gre_segmentation": "off [fixed]", [0m
[1;31m                        "tx_gso_partial": "off [fixed]", [0m
[1;31m                        "tx_gso_robust": "off [fixed]", [0m
[1;31m                        "tx_ipxip4_segmentation": "off [fixed]", [0m
[1;31m                        "tx_ipxip6_segmentation": "off [fixed]", [0m
[1;31m                        "tx_lockless": "on [fixed]", [0m
[1;31m                        "tx_nocache_copy": "off [fixed]", [0m
[1;31m                        "tx_scatter_gather": "on [fixed]", [0m
[1;31m                        "tx_scatter_gather_fraglist": "on [fixed]", [0m
[1;31m                        "tx_sctp_segmentation": "on", [0m
[1;31m                        "tx_tcp6_segmentation": "on", [0m
[1;31m                        "tx_tcp_ecn_segmentation": "on", [0m
[1;31m                        "tx_tcp_mangleid_segmentation": "on", [0m
[1;31m                        "tx_tcp_segmentation": "on", [0m
[1;31m                        "tx_udp_tnl_csum_segmentation": "off [fixed]", [0m
[1;31m                        "tx_udp_tnl_segmentation": "off [fixed]", [0m
[1;31m                        "tx_vlan_offload": "off [fixed]", [0m
[1;31m                        "tx_vlan_stag_hw_insert": "off [fixed]", [0m
[1;31m                        "udp_fragmentation_offload": "on", [0m
[1;31m                        "vlan_challenged": "on [fixed]"[0m
[1;31m                    }, [0m
[1;31m                    "hw_timestamp_filters": [], [0m
[1;31m                    "ipv4": {[0m
[1;31m                        "address": "127.0.0.1", [0m
[1;31m                        "broadcast": "host", [0m
[1;31m                        "netmask": "255.0.0.0", [0m
[1;31m                        "network": "127.0.0.0"[0m
[1;31m                    }, [0m
[1;31m                    "mtu": 65536, [0m
[1;31m                    "promisc": false, [0m
[1;31m                    "timestamping": [[0m
[1;31m                        "rx_software", [0m
[1;31m                        "software"[0m
[1;31m                    ], [0m
[1;31m                    "type": "loopback"[0m
[1;31m                }, [0m
[1;31m                "ansible_local": {}, [0m
[1;31m                "ansible_lsb": {[0m
[1;31m                    "codename": "stretch", [0m
[1;31m                    "description": "Debian GNU/Linux 9.7 (stretch)", [0m
[1;31m                    "id": "Debian", [0m
[1;31m                    "major_release": "9", [0m
[1;31m                    "release": "9.7"[0m
[1;31m                }, [0m
[1;31m                "ansible_lvm": {[0m
[1;31m                    "lvs": {[0m
[1;31m                        "elk": {[0m
[1;31m                            "size_g": "40.90", [0m
[1;31m                            "vg": "debian87-20170203-surf-vg"[0m
[1;31m                        }, [0m
[1;31m                        "root": {[0m
[1;31m                            "size_g": "17.85", [0m
[1;31m                            "vg": "debian87-20170203-surf-vg"[0m
[1;31m                        }, [0m
[1;31m                        "swap": {[0m
[1;31m                            "size_g": "1.00", [0m
[1;31m                            "vg": "debian87-20170203-surf-vg"[0m
[1;31m                        }[0m
[1;31m                    }, [0m
[1;31m                    "pvs": {[0m
[1;31m                        "/dev/sda5": {[0m
[1;31m                            "free_g": "0", [0m
[1;31m                            "size_g": "19.76", [0m
[1;31m                            "vg": "debian87-20170203-surf-vg"[0m
[1;31m                        }, [0m
[1;31m                        "/dev/sdb1": {[0m
[1;31m                            "free_g": "0", [0m
[1;31m                            "size_g": "20.00", [0m
[1;31m                            "vg": "debian87-20170203-surf-vg"[0m
[1;31m                        }, [0m
[1;31m                        "/dev/sdb2": {[0m
[1;31m                            "free_g": "0", [0m
[1;31m                            "size_g": "20.00", [0m
[1;31m                            "vg": "debian87-20170203-surf-vg"[0m
[1;31m                        }[0m
[1;31m                    }, [0m
[1;31m                    "vgs": {[0m
[1;31m                        "debian87-20170203-surf-vg": {[0m
[1;31m                            "free_g": "0", [0m
[1;31m                            "num_lvs": "3", [0m
[1;31m                            "num_pvs": "3", [0m
[1;31m                            "size_g": "59.75"[0m
[1;31m                        }[0m
[1;31m                    }[0m
[1;31m                }, [0m
[1;31m                "ansible_machine": "x86_64", [0m
[1;31m                "ansible_machine_id": "3d975702f688466795f94ae6b7d55648", [0m
[1;31m                "ansible_memfree_mb": 121, [0m
[1;31m                "ansible_memory_mb": {[0m
[1;31m                    "nocache": {[0m
[1;31m                        "free": 741, [0m
[1;31m                        "used": 3205[0m
[1;31m                    }, [0m
[1;31m                    "real": {[0m
[1;31m                        "free": 121, [0m
[1;31m                        "total": 3946, [0m
[1;31m                        "used": 3825[0m
[1;31m                    }, [0m
[1;31m                    "swap": {[0m
[1;31m                        "cached": 1, [0m
[1;31m                        "free": 792, [0m
[1;31m                        "total": 1023, [0m
[1;31m                        "used": 231[0m
[1;31m                    }[0m
[1;31m                }, [0m
[1;31m                "ansible_memtotal_mb": 3946, [0m
[1;31m                "ansible_mounts": [[0m
[1;31m                    {[0m
[1;31m                        "block_available": 1570276, [0m
[1;31m                        "block_size": 4096, [0m
[1;31m                        "block_total": 4573377, [0m
[1;31m                        "block_used": 3003101, [0m
[1;31m                        "device": "/dev/mapper/debian87--20170203--surf--vg-root", [0m
[1;31m                        "fstype": "ext4", [0m
[1;31m                        "inode_available": 975582, [0m
[1;31m                        "inode_total": 1171456, [0m
[1;31m                        "inode_used": 195874, [0m
[1;31m                        "mount": "/", [0m
[1;31m                        "options": "rw,relatime,errors=remount-ro,data=ordered", [0m
[1;31m                        "size_available": 6431850496, [0m
[1;31m                        "size_total": 18732552192, [0m
[1;31m                        "uuid": "492ec039-485a-409a-b51d-a288fe1ee7b9"[0m
[1;31m                    }, [0m
[1;31m                    {[0m
[1;31m                        "block_available": 1275197, [0m
[1;31m                        "block_size": 4096, [0m
[1;31m                        "block_total": 10564252, [0m
[1;31m                        "block_used": 9289055, [0m
[1;31m                        "device": "/dev/mapper/debian87--20170203--surf--vg-elk", [0m
[1;31m                        "fstype": "ext4", [0m
[1;31m                        "inode_available": 2406621, [0m
[1;31m                        "inode_total": 2435072, [0m
[1;31m                        "inode_used": 28451, [0m
[1;31m                        "mount": "/var/elasticsearch", [0m
[1;31m                        "options": "rw,relatime,data=ordered", [0m
[1;31m                        "size_available": 5223206912, [0m
[1;31m                        "size_total": 43271176192, [0m
[1;31m                        "uuid": "22858a47-975f-47ac-a977-18a62222410e"[0m
[1;31m                    }, [0m
[1;31m                    {[0m
[1;31m                        "block_available": 164787, [0m
[1;31m                        "block_size": 1024, [0m
[1;31m                        "block_total": 240972, [0m
[1;31m                        "block_used": 76185, [0m
[1;31m                        "device": "/dev/sda1", [0m
[1;31m                        "fstype": "ext2", [0m
[1;31m                        "inode_available": 61907, [0m
[1;31m                        "inode_total": 62248, [0m
[1;31m                        "inode_used": 341, [0m
[1;31m                        "mount": "/boot", [0m
[1;31m                        "options": "rw,relatime,block_validity,barrier,user_xattr,acl", [0m
[1;31m                        "size_available": 168741888, [0m
[1;31m                        "size_total": 246755328, [0m
[1;31m                        "uuid": "2797c37e-7660-419d-b152-6aeec7beb7bd"[0m
[1;31m                    }, [0m
[1;31m                    {[0m
[1;31m                        "block_available": 8796093022208, [0m
[1;31m                        "block_size": 1048576, [0m
[1;31m                        "block_total": 8796093022208, [0m
[1;31m                        "block_used": 0, [0m
[1;31m                        "device": "10.49.4.1:/scz-backups.surfcloud.nl", [0m
[1;31m                        "fstype": "nfs4", [0m
[1;31m                        "inode_available": 9223372036854775807, [0m
[1;31m                        "inode_total": 9223372036854775807, [0m
[1;31m                        "inode_used": 0, [0m
[1;31m                        "mount": "/mnt/aws", [0m
[1;31m                        "options": "rw,relatime,vers=4.0,rsize=1048576,wsize=1048576,namlen=255,hard,proto=tcp,port=0,timeo=600,retrans=2,sec=sys,clientaddr=10.49.4.3,local_lock=none,addr=10.49.4.1", [0m
[1;31m                        "size_available": 9223372036854775808, [0m
[1;31m                        "size_total": 9223372036854775808, [0m
[1;31m                        "uuid": "N/A"[0m
[1;31m                    }[0m
[1;31m                ], [0m
[1;31m                "ansible_nodename": "mgnt2", [0m
[1;31m                "ansible_os_family": "Debian", [0m
[1;31m                "ansible_pkg_mgr": "apt", [0m
[1;31m                "ansible_processor": [[0m
[1;31m                    "0", [0m
[1;31m                    "GenuineIntel", [0m
[1;31m                    "Intel(R) Xeon(R) CPU E5-2680 v4 @ 2.40GHz", [0m
[1;31m                    "1", [0m
[1;31m                    "GenuineIntel", [0m
[1;31m                    "Intel(R) Xeon(R) CPU E5-2680 v4 @ 2.40GHz"[0m
[1;31m                ], [0m
[1;31m                "ansible_processor_cores": 1, [0m
[1;31m                "ansible_processor_count": 2, [0m
[1;31m                "ansible_processor_threads_per_core": 1, [0m
[1;31m                "ansible_processor_vcpus": 2, [0m
[1;31m                "ansible_product_name": "VMware Virtual Platform", [0m
[1;31m                "ansible_product_serial": "VMware-42 15 d2 9b 55 e7 e0 9f-65 e1 e9 de 78 b0 e9 71", [0m
[1;31m                "ansible_product_uuid": "4215D29B-55E7-E09F-65E1-E9DE78B0E971", [0m
[1;31m                "ansible_product_version": "None", [0m
[1;31m                "ansible_python": {[0m
[1;31m                    "executable": "/usr/bin/python", [0m
[1;31m                    "has_sslcontext": true, [0m
[1;31m                    "type": "CPython", [0m
[1;31m                    "version": {[0m
[1;31m                        "major": 2, [0m
[1;31m                        "micro": 13, [0m
[1;31m                        "minor": 7, [0m
[1;31m                        "releaselevel": "final", [0m
[1;31m                        "serial": 0[0m
[1;31m                    }, [0m
[1;31m                    "version_info": [[0m
[1;31m                        2, [0m
[1;31m                        7, [0m
[1;31m                        13, [0m
[1;31m                        "final", [0m
[1;31m                        0[0m
[1;31m                    ][0m
[1;31m                }, [0m
[1;31m                "ansible_python_version": "2.7.13", [0m
[1;31m                "ansible_real_group_id": 0, [0m
[1;31m                "ansible_real_user_id": 0, [0m
[1;31m                "ansible_selinux": {[0m
[1;31m                    "status": "Missing selinux Python library"[0m
[1;31m                }, [0m
[1;31m                "ansible_selinux_python_present": false, [0m
[1;31m                "ansible_service_mgr": "systemd", [0m
[1;31m                "ansible_ssh_host_key_dsa_public": "AAAAB3NzaC1kc3MAAACBAIZ2LY04qbmomPtlXfnTKexwCSxuRLvjzEAjsE9YbcJ4mGVxRxis1XoQiJ25AX+0CoWr4PgsE3DQaAbTqKpNkfUJjL0VAUr8wdwMNnjZILx3OhweqAd0kY2+nuOOqFLiMDH2xHHSJBUMjIrXxTP9aG9G9XPJIFt2qzcEmcRCs95NAAAAFQCcTP5t+G+kk/oW0eWs7CZHbmg/ZwAAAIAx/abR2/UsYc+R7F7MGb5CTJz6y/JOlaSVpvqwY0Qecke/URoTLBmXEliVt792WtAEHvamTI1MFwpNYxB0l7FeKFnuaK8am66vxWP+AGr1Jyr+IRc3eU2PFqIJvkGCjbTrH7Cc1rd01vy5X3eZ6dl5GSHQzXKl9W5xjAMSU0hGUgAAAIAWHQoow4TADKhwUmrsG2MnYOikUHObTRQI06YDMkouzfj5pd0N5Phyj0QybrBgc49HCHdFJjjemB9SfR5mvEYwyPHMM6RtcA1BXEdl/PZOeVxXfPzYn2t48G+N/tyUA/YYw/iy0LMBRIvJIsTv2RJiH2R8OvOhIfRcwq7TGn+dPQ==", [0m
[1;31m                "ansible_ssh_host_key_ecdsa_public": "AAAAE2VjZHNhLXNoYTItbmlzdHAyNTYAAAAIbmlzdHAyNTYAAABBBOdEHNe8N+sBe1hyLdEA44TB4IEiJFn9Pl+cUiuRqXEtloTv/XDIzahYM8NjBmSwZe2AX80XNaiFeiGg6d1hrvI=", [0m
[1;31m                "ansible_ssh_host_key_ed25519_public": "AAAAC3NzaC1lZDI1NTE5AAAAINNTimfMoLnCLtSkBJGuPYWV746vtIwXFhNzw+eexLcn", [0m
[1;31m                "ansible_ssh_host_key_rsa_public": "AAAAB3NzaC1yc2EAAAADAQABAAABAQDsuGiC7diJ5T/O4PJaw9DM9hygWXAUMqeOwhXStOmsFBEuBJFcDgbL8tYE7c+iyDt9CxXRjjpLJ7MIhpOWCihmCbmlvlfjSwoHzzxK6y5Z3NzEtHBSB6caf0hOnKzZSUc1s+/4Aa4Ee3+WR0miAyqbTwU2qCUZdCAM8xlgXFsVzALGKHu0wUUSt/hVfXDLKXdMelmebXqnfKyie3Z9FD/79syDRU9AL6XQWx4yxh3Wttq4EtFMfu4eFo9QYOTBQW0cRVhzM7UV7/6aFcbdjWq4j3t6DLwj1haRlV0C/DlXZhY5VbLo2utOHVO179tgy2otsRt1soPNTpNPyHOyxRLr", [0m
[1;31m                "ansible_swapfree_mb": 792, [0m
[1;31m                "ansible_swaptotal_mb": 1023, [0m
[1;31m                "ansible_system": "Linux", [0m
[1;31m                "ansible_system_capabilities": [[0m
[1;31m                    "cap_chown", [0m
[1;31m                    "cap_dac_override", [0m
[1;31m                    "cap_dac_read_search", [0m
[1;31m                    "cap_fowner", [0m
[1;31m                    "cap_fsetid", [0m
[1;31m                    "cap_kill", [0m
[1;31m                    "cap_setgid", [0m
[1;31m                    "cap_setuid", [0m
[1;31m                    "cap_setpcap", [0m
[1;31m                    "cap_linux_immutable", [0m
[1;31m                    "cap_net_bind_service", [0m
[1;31m                    "cap_net_broadcast", [0m
[1;31m                    "cap_net_admin", [0m
[1;31m                    "cap_net_raw", [0m
[1;31m                    "cap_ipc_lock", [0m
[1;31m                    "cap_ipc_owner", [0m
[1;31m                    "cap_sys_module", [0m
[1;31m                    "cap_sys_rawio", [0m
[1;31m                    "cap_sys_chroot", [0m
[1;31m                    "cap_sys_ptrace", [0m
[1;31m                    "cap_sys_pacct", [0m
[1;31m                    "cap_sys_admin", [0m
[1;31m                    "cap_sys_boot", [0m
[1;31m                    "cap_sys_nice", [0m
[1;31m                    "cap_sys_resource", [0m
[1;31m                    "cap_sys_time", [0m
[1;31m                    "cap_sys_tty_config", [0m
[1;31m                    "cap_mknod", [0m
[1;31m                    "cap_lease", [0m
[1;31m                    "cap_audit_write", [0m
[1;31m                    "cap_audit_control", [0m
[1;31m                    "cap_setfcap", [0m
[1;31m                    "cap_mac_override", [0m
[1;31m                    "cap_mac_admin", [0m
[1;31m                    "cap_syslog", [0m
[1;31m                    "cap_wake_alarm", [0m
[1;31m                    "cap_block_suspend", [0m
[1;31m                    "cap_audit_read+ep"[0m
[1;31m                ], [0m
[1;31m                "ansible_system_capabilities_enforced": "True", [0m
[1;31m                "ansible_system_vendor": "VMware, Inc.", [0m
[1;31m                "ansible_uptime_seconds": 10000370, [0m
[1;31m                "ansible_user_dir": "/root", [0m
[1;31m                "ansible_user_gecos": "root", [0m
[1;31m                "ansible_user_gid": 0, [0m
[1;31m                "ansible_user_id": "root", [0m
[1;31m                "ansible_user_shell": "/bin/bash", [0m
[1;31m                "ansible_user_uid": 0, [0m
[1;31m                "ansible_userspace_architecture": "x86_64", [0m
[1;31m                "ansible_userspace_bits": "64", [0m
[1;31m                "ansible_virtualization_role": "guest", [0m
[1;31m                "ansible_virtualization_type": "VMware", [0m
[1;31m                "gather_subset": [[0m
[1;31m                    "all"[0m
[1;31m                ], [0m
[1;31m                "module_setup": true[0m
[1;31m            }, [0m
[1;31m            "changed": false, [0m
[1;31m            "failed": false, [0m
[1;31m            "invocation": {[0m
[1;31m                "module_args": {[0m
[1;31m                    "fact_path": "/etc/ansible/facts.d", [0m
[1;31m                    "filter": "*", [0m
[1;31m                    "gather_subset": [[0m
[1;31m                        "all"[0m
[1;31m                    ], [0m
[1;31m                    "gather_timeout": 10[0m
[1;31m                }[0m
[1;31m            }, [0m
[1;31m            "item": "mgnt2.ams.scz.lab.surf.nl"[0m
[1;31m        }, [0m
[1;31m        {[0m
[1;31m            "_ansible_delegated_vars": {[0m
[1;31m                "ansible_delegated_host": "lb2.ams.scz.lab.surf.nl", [0m
[1;31m                "ansible_host": "lb2.ams.scz.lab.surf.nl"[0m
[1;31m            }, [0m
[1;31m            "_ansible_ignore_errors": null, [0m
[1;31m            "_ansible_item_label": "lb2.ams.scz.lab.surf.nl", [0m
[1;31m            "_ansible_item_result": true, [0m
[1;31m            "_ansible_no_log": false, [0m
[1;31m            "_ansible_parsed": true, [0m
[1;31m            "_ansible_verbose_override": true, [0m
[1;31m            "ansible_facts": {[0m
[1;31m                "ansible_all_ipv4_addresses": [[0m
[1;31m                    "145.101.114.12"[0m
[1;31m                ], [0m
[1;31m                "ansible_all_ipv6_addresses": [[0m
[1;31m                    "2001:610:188:133:145:101:114:12", [0m
[1;31m                    "fe80::250:56ff:fe95:1f39"[0m
[1;31m                ], [0m
[1;31m                "ansible_apparmor": {[0m
[1;31m                    "status": "disabled"[0m
[1;31m                }, [0m
[1;31m                "ansible_architecture": "x86_64", [0m
[1;31m                "ansible_bios_date": "09/21/2015", [0m
[1;31m                "ansible_bios_version": "6.00", [0m
[1;31m                "ansible_cmdline": {[0m
[1;31m                    "BOOT_IMAGE": "/vmlinuz-4.9.0-8-amd64", [0m
[1;31m                    "quiet": true, [0m
[1;31m                    "ro": true, [0m
[1;31m                    "root": "/dev/mapper/debian87--20170203--surf--vg-root"[0m
[1;31m                }, [0m
[1;31m                "ansible_date_time": {[0m
[1;31m                    "date": "2019-02-15", [0m
[1;31m                    "day": "15", [0m
[1;31m                    "epoch": "1550221408", [0m
[1;31m                    "hour": "09", [0m
[1;31m                    "iso8601": "2019-02-15T09:03:28Z", [0m
[1;31m                    "iso8601_basic": "20190215T090328567698", [0m
[1;31m                    "iso8601_basic_short": "20190215T090328", [0m
[1;31m                    "iso8601_micro": "2019-02-15T09:03:28.567776Z", [0m
[1;31m                    "minute": "03", [0m
[1;31m                    "month": "02", [0m
[1;31m                    "second": "28", [0m
[1;31m                    "time": "09:03:28", [0m
[1;31m                    "tz": "UTC", [0m
[1;31m                    "tz_offset": "+0000", [0m
[1;31m                    "weekday": "Friday", [0m
[1;31m                    "weekday_number": "5", [0m
[1;31m                    "weeknumber": "06", [0m
[1;31m                    "year": "2019"[0m
[1;31m                }, [0m
[1;31m                "ansible_default_ipv4": {[0m
[1;31m                    "address": "145.101.114.12", [0m
[1;31m                    "alias": "eth0", [0m
[1;31m                    "broadcast": "145.101.114.31", [0m
[1;31m                    "gateway": "145.101.114.1", [0m
[1;31m                    "interface": "eth0", [0m
[1;31m                    "macaddress": "00:50:56:95:1f:39", [0m
[1;31m                    "mtu": 1500, [0m
[1;31m                    "netmask": "255.255.255.224", [0m
[1;31m                    "network": "145.101.114.0", [0m
[1;31m                    "type": "ether"[0m
[1;31m                }, [0m
[1;31m                "ansible_default_ipv6": {[0m
[1;31m                    "address": "2001:610:188:133:145:101:114:12", [0m
[1;31m                    "gateway": "fe80::200:5eff:fe00:203", [0m
[1;31m                    "interface": "eth0", [0m
[1;31m                    "macaddress": "00:50:56:95:1f:39", [0m
[1;31m                    "mtu": 1500, [0m
[1;31m                    "prefix": "64", [0m
[1;31m                    "scope": "global", [0m
[1;31m                    "type": "ether"[0m
[1;31m                }, [0m
[1;31m                "ansible_device_links": {[0m
[1;31m                    "ids": {[0m
[1;31m                        "dm-0": [[0m
[1;31m                            "dm-name-debian87--20170203--surf--vg-swap", [0m
[1;31m                            "dm-uuid-LVM-2N3noKztpw8Epf4XcxvNlho3IR40EMu9cjRvZmwxANLf62DBJKrTyp02jpAPH5Ys"[0m
[1;31m                        ], [0m
[1;31m                        "dm-1": [[0m
[1;31m                            "dm-name-debian87--20170203--surf--vg-root", [0m
[1;31m                            "dm-uuid-LVM-2N3noKztpw8Epf4XcxvNlho3IR40EMu9Rh6eeq60m44ckhZDoOBTncUwkHezDJdk"[0m
[1;31m                        ], [0m
[1;31m                        "sda5": [[0m
[1;31m                            "lvm-pv-uuid-X7FfdR-qmyj-nmi0-M7YU-Gk1J-0aZ9-Q5q5eT"[0m
[1;31m                        ][0m
[1;31m                    }, [0m
[1;31m                    "labels": {}, [0m
[1;31m                    "masters": {[0m
[1;31m                        "sda5": [[0m
[1;31m                            "dm-0", [0m
[1;31m                            "dm-1"[0m
[1;31m                        ][0m
[1;31m                    }, [0m
[1;31m                    "uuids": {[0m
[1;31m                        "dm-0": [[0m
[1;31m                            "a057b43e-bbfd-4da0-a21d-40fe0b6e5b30"[0m
[1;31m                        ], [0m
[1;31m                        "dm-1": [[0m
[1;31m                            "492ec039-485a-409a-b51d-a288fe1ee7b9"[0m
[1;31m                        ], [0m
[1;31m                        "sda1": [[0m
[1;31m                            "2797c37e-7660-419d-b152-6aeec7beb7bd"[0m
[1;31m                        ][0m
[1;31m                    }[0m
[1;31m                }, [0m
[1;31m                "ansible_devices": {[0m
[1;31m                    "dm-0": {[0m
[1;31m                        "holders": [], [0m
[1;31m                        "host": "", [0m
[1;31m                        "links": {[0m
[1;31m                            "ids": [[0m
[1;31m                                "dm-name-debian87--20170203--surf--vg-swap", [0m
[1;31m                                "dm-uuid-LVM-2N3noKztpw8Epf4XcxvNlho3IR40EMu9cjRvZmwxANLf62DBJKrTyp02jpAPH5Ys"[0m
[1;31m                            ], [0m
[1;31m                            "labels": [], [0m
[1;31m                            "masters": [], [0m
[1;31m                            "uuids": [[0m
[1;31m                                "a057b43e-bbfd-4da0-a21d-40fe0b6e5b30"[0m
[1;31m                            ][0m
[1;31m                        }, [0m
[1;31m                        "model": null, [0m
[1;31m                        "partitions": {}, [0m
[1;31m                        "removable": "0", [0m
[1;31m                        "rotational": "1", [0m
[1;31m                        "sas_address": null, [0m
[1;31m                        "sas_device_handle": null, [0m
[1;31m                        "scheduler_mode": "", [0m
[1;31m                        "sectors": "3997696", [0m
[1;31m                        "sectorsize": "512", [0m
[1;31m                        "size": "1.91 GB", [0m
[1;31m                        "support_discard": "0", [0m
[1;31m                        "vendor": null, [0m
[1;31m                        "virtual": 1[0m
[1;31m                    }, [0m
[1;31m                    "dm-1": {[0m
[1;31m                        "holders": [], [0m
[1;31m                        "host": "", [0m
[1;31m                        "links": {[0m
[1;31m                            "ids": [[0m
[1;31m                                "dm-name-debian87--20170203--surf--vg-root", [0m
[1;31m                                "dm-uuid-LVM-2N3noKztpw8Epf4XcxvNlho3IR40EMu9Rh6eeq60m44ckhZDoOBTncUwkHezDJdk"[0m
[1;31m                            ], [0m
[1;31m                            "labels": [], [0m
[1;31m                            "masters": [], [0m
[1;31m                            "uuids": [[0m
[1;31m                                "492ec039-485a-409a-b51d-a288fe1ee7b9"[0m
[1;31m                            ][0m
[1;31m                        }, [0m
[1;31m                        "model": null, [0m
[1;31m                        "partitions": {}, [0m
[1;31m                        "removable": "0", [0m
[1;31m                        "rotational": "1", [0m
[1;31m                        "sas_address": null, [0m
[1;31m                        "sas_device_handle": null, [0m
[1;31m                        "scheduler_mode": "", [0m
[1;31m                        "sectors": "37437440", [0m
[1;31m                        "sectorsize": "512", [0m
[1;31m                        "size": "17.85 GB", [0m
[1;31m                        "support_discard": "0", [0m
[1;31m                        "vendor": null, [0m
[1;31m                        "virtual": 1[0m
[1;31m                    }, [0m
[1;31m                    "sda": {[0m
[1;31m                        "holders": [], [0m
[1;31m                        "host": "SCSI storage controller: LSI Logic / Symbios Logic 53c1030 PCI-X Fusion-MPT Dual Ultra320 SCSI (rev 01)", [0m
[1;31m                        "links": {[0m
[1;31m                            "ids": [], [0m
[1;31m                            "labels": [], [0m
[1;31m                            "masters": [], [0m
[1;31m                            "uuids": [][0m
[1;31m                        }, [0m
[1;31m                        "model": "Virtual disk", [0m
[1;31m                        "partitions": {[0m
[1;31m                            "sda1": {[0m
[1;31m                                "holders": [], [0m
[1;31m                                "links": {[0m
[1;31m                                    "ids": [], [0m
[1;31m                                    "labels": [], [0m
[1;31m                                    "masters": [], [0m
[1;31m                                    "uuids": [[0m
[1;31m                                        "2797c37e-7660-419d-b152-6aeec7beb7bd"[0m
[1;31m                                    ][0m
[1;31m                                }, [0m
[1;31m                                "sectors": "497664", [0m
[1;31m                                "sectorsize": 512, [0m
[1;31m                                "size": "243.00 MB", [0m
[1;31m                                "start": "2048", [0m
[1;31m                                "uuid": "2797c37e-7660-419d-b152-6aeec7beb7bd"[0m
[1;31m                            }, [0m
[1;31m                            "sda2": {[0m
[1;31m                                "holders": [], [0m
[1;31m                                "links": {[0m
[1;31m                                    "ids": [], [0m
[1;31m                                    "labels": [], [0m
[1;31m                                    "masters": [], [0m
[1;31m                                    "uuids": [][0m
[1;31m                                }, [0m
[1;31m                                "sectors": "2", [0m
[1;31m                                "sectorsize": 512, [0m
[1;31m                                "size": "1.00 KB", [0m
[1;31m                                "start": "501758", [0m
[1;31m                                "uuid": null[0m
[1;31m                            }, [0m
[1;31m                            "sda5": {[0m
[1;31m                                "holders": [[0m
[1;31m                                    "debian87--20170203--surf--vg-root", [0m
[1;31m                                    "debian87--20170203--surf--vg-swap"[0m
[1;31m                                ], [0m
[1;31m                                "links": {[0m
[1;31m                                    "ids": [[0m
[1;31m                                        "lvm-pv-uuid-X7FfdR-qmyj-nmi0-M7YU-Gk1J-0aZ9-Q5q5eT"[0m
[1;31m                                    ], [0m
[1;31m                                    "labels": [], [0m
[1;31m                                    "masters": [[0m
[1;31m                                        "dm-0", [0m
[1;31m                                        "dm-1"[0m
[1;31m                                    ], [0m
[1;31m                                    "uuids": [][0m
[1;31m                                }, [0m
[1;31m                                "sectors": "41439232", [0m
[1;31m                                "sectorsize": 512, [0m
[1;31m                                "size": "19.76 GB", [0m
[1;31m                                "start": "501760", [0m
[1;31m                                "uuid": null[0m
[1;31m                            }[0m
[1;31m                        }, [0m
[1;31m                        "removable": "0", [0m
[1;31m                        "rotational": "1", [0m
[1;31m                        "sas_address": null, [0m
[1;31m                        "sas_device_handle": null, [0m
[1;31m                        "scheduler_mode": "cfq", [0m
[1;31m                        "sectors": "41943040", [0m
[1;31m                        "sectorsize": "512", [0m
[1;31m                        "size": "20.00 GB", [0m
[1;31m                        "support_discard": "0", [0m
[1;31m                        "vendor": "VMware", [0m
[1;31m                        "virtual": 1[0m
[1;31m                    }[0m
[1;31m                }, [0m
[1;31m                "ansible_distribution": "Debian", [0m
[1;31m                "ansible_distribution_file_parsed": true, [0m
[1;31m                "ansible_distribution_file_path": "/etc/os-release", [0m
[1;31m                "ansible_distribution_file_variety": "Debian", [0m
[1;31m                "ansible_distribution_major_version": "9", [0m
[1;31m                "ansible_distribution_release": "stretch", [0m
[1;31m                "ansible_distribution_version": "9.7", [0m
[1;31m                "ansible_dns": {[0m
[1;31m                    "nameservers": [[0m
[1;31m                        "195.169.124.124", [0m
[1;31m                        "192.87.36.36", [0m
[1;31m                        "192.87.106.106"[0m
[1;31m                    ], [0m
[1;31m                    "search": [[0m
[1;31m                        "ams.scz.lab.surf.nl"[0m
[1;31m                    ][0m
[1;31m                }, [0m
[1;31m                "ansible_domain": "ams.scz.lab.surf.nl", [0m
[1;31m                "ansible_effective_group_id": 0, [0m
[1;31m                "ansible_effective_user_id": 0, [0m
[1;31m                "ansible_env": {[0m
[1;31m                    "HOME": "/root", [0m
[1;31m                    "LANG": "en_US.UTF-8", [0m
[1;31m                    "LC_ADDRESS": "nl_NL.UTF-8", [0m
[1;31m                    "LC_ALL": "en_US.UTF-8", [0m
[1;31m                    "LC_IDENTIFICATION": "nl_NL.UTF-8", [0m
[1;31m                    "LC_MEASUREMENT": "nl_NL.UTF-8", [0m
[1;31m                    "LC_MONETARY": "nl_NL.UTF-8", [0m
[1;31m                    "LC_NAME": "nl_NL.UTF-8", [0m
[1;31m                    "LC_NUMERIC": "nl_NL.UTF-8", [0m
[1;31m                    "LC_PAPER": "nl_NL.UTF-8", [0m
[1;31m                    "LC_TELEPHONE": "nl_NL.UTF-8", [0m
[1;31m                    "LC_TIME": "nl_NL.UTF-8", [0m
[1;31m                    "LC_TYPE": "en_US.UTF-8", [0m
[1;31m                    "LOGNAME": "root", [0m
[1;31m                    "MAIL": "/var/mail/root", [0m
[1;31m                    "PATH": "/usr/local/sbin:/usr/local/bin:/usr/sbin:/usr/bin:/sbin:/bin:/snap/bin", [0m
[1;31m                    "PWD": "/home/martin", [0m
[1;31m                    "SHELL": "/bin/bash", [0m
[1;31m                    "SUDO_COMMAND": "/bin/sh -c echo BECOME-SUCCESS-tsbikvvejosjwpvwdjmbbakjbhhmtnog; /usr/bin/python", [0m
[1;31m                    "SUDO_GID": "10001", [0m
[1;31m                    "SUDO_UID": "10000", [0m
[1;31m                    "SUDO_USER": "martin", [0m
[1;31m                    "TERM": "unknown", [0m
[1;31m                    "USER": "root", [0m
[1;31m                    "USERNAME": "root"[0m
[1;31m                }, [0m
[1;31m                "ansible_eth0": {[0m
[1;31m                    "active": true, [0m
[1;31m                    "device": "eth0", [0m
[1;31m                    "features": {[0m
[1;31m                        "busy_poll": "off [fixed]", [0m
[1;31m                        "fcoe_mtu": "off [fixed]", [0m
[1;31m                        "generic_receive_offload": "on", [0m
[1;31m                        "generic_segmentation_offload": "on", [0m
[1;31m                        "highdma": "on", [0m
[1;31m                        "hw_tc_offload": "off [fixed]", [0m
[1;31m                        "l2_fwd_offload": "off [fixed]", [0m
[1;31m                        "large_receive_offload": "on", [0m
[1;31m                        "loopback": "off [fixed]", [0m
[1;31m                        "netns_local": "off [fixed]", [0m
[1;31m                        "ntuple_filters": "off [fixed]", [0m
[1;31m                        "receive_hashing": "off [fixed]", [0m
[1;31m                        "rx_all": "off [fixed]", [0m
[1;31m                        "rx_checksumming": "on", [0m
[1;31m                        "rx_fcs": "off [fixed]", [0m
[1;31m                        "rx_vlan_filter": "on [fixed]", [0m
[1;31m                        "rx_vlan_offload": "on", [0m
[1;31m                        "rx_vlan_stag_filter": "off [fixed]", [0m
[1;31m                        "rx_vlan_stag_hw_parse": "off [fixed]", [0m
[1;31m                        "scatter_gather": "on", [0m
[1;31m                        "tcp_segmentation_offload": "on", [0m
[1;31m                        "tx_checksum_fcoe_crc": "off [fixed]", [0m
[1;31m                        "tx_checksum_ip_generic": "on", [0m
[1;31m                        "tx_checksum_ipv4": "off [fixed]", [0m
[1;31m                        "tx_checksum_ipv6": "off [fixed]", [0m
[1;31m                        "tx_checksum_sctp": "off [fixed]", [0m
[1;31m                        "tx_checksumming": "on", [0m
[1;31m                        "tx_fcoe_segmentation": "off [fixed]", [0m
[1;31m                        "tx_gre_csum_segmentation": "off [fixed]", [0m
[1;31m                        "tx_gre_segmentation": "off [fixed]", [0m
[1;31m                        "tx_gso_partial": "off [fixed]", [0m
[1;31m                        "tx_gso_robust": "off [fixed]", [0m
[1;31m                        "tx_ipxip4_segmentation": "off [fixed]", [0m
[1;31m                        "tx_ipxip6_segmentation": "off [fixed]", [0m
[1;31m                        "tx_lockless": "off [fixed]", [0m
[1;31m                        "tx_nocache_copy": "off", [0m
[1;31m                        "tx_scatter_gather": "on", [0m
[1;31m                        "tx_scatter_gather_fraglist": "off [fixed]", [0m
[1;31m                        "tx_sctp_segmentation": "off [fixed]", [0m
[1;31m                        "tx_tcp6_segmentation": "on", [0m
[1;31m                        "tx_tcp_ecn_segmentation": "off [fixed]", [0m
[1;31m                        "tx_tcp_mangleid_segmentation": "off", [0m
[1;31m                        "tx_tcp_segmentation": "on", [0m
[1;31m                        "tx_udp_tnl_csum_segmentation": "off [fixed]", [0m
[1;31m                        "tx_udp_tnl_segmentation": "off [fixed]", [0m
[1;31m                        "tx_vlan_offload": "on", [0m
[1;31m                        "tx_vlan_stag_hw_insert": "off [fixed]", [0m
[1;31m                        "udp_fragmentation_offload": "off [fixed]", [0m
[1;31m                        "vlan_challenged": "off [fixed]"[0m
[1;31m                    }, [0m
[1;31m                    "hw_timestamp_filters": [], [0m
[1;31m                    "ipv4": {[0m
[1;31m                        "address": "145.101.114.12", [0m
[1;31m                        "broadcast": "145.101.114.31", [0m
[1;31m                        "netmask": "255.255.255.224", [0m
[1;31m                        "network": "145.101.114.0"[0m
[1;31m                    }, [0m
[1;31m                    "ipv6": [[0m
[1;31m                        {[0m
[1;31m                            "address": "2001:610:188:133:145:101:114:12", [0m
[1;31m                            "prefix": "64", [0m
[1;31m                            "scope": "global"[0m
[1;31m                        }[0m
[1;31m                    ], [0m
[1;31m                    "macaddress": "00:50:56:95:1f:39", [0m
[1;31m                    "module": "vmxnet3", [0m
[1;31m                    "mtu": 1500, [0m
[1;31m                    "pciid": "0000:03:00.0", [0m
[1;31m                    "promisc": false, [0m
[1;31m                    "speed": 10000, [0m
[1;31m                    "timestamping": [[0m
[1;31m                        "rx_software", [0m
[1;31m                        "software"[0m
[1;31m                    ], [0m
[1;31m                    "type": "ether"[0m
[1;31m                }, [0m
[1;31m                "ansible_fips": false, [0m
[1;31m                "ansible_form_factor": "Other", [0m
[1;31m                "ansible_fqdn": "lb2.ams.scz.lab.surf.nl", [0m
[1;31m                "ansible_hostname": "lb2", [0m
[1;31m                "ansible_interfaces": [[0m
[1;31m                    "lo", [0m
[1;31m                    "eth0"[0m
[1;31m                ], [0m
[1;31m                "ansible_is_chroot": false, [0m
[1;31m                "ansible_iscsi_iqn": "iqn.1993-08.org.debian:01:de7d50eae1a0", [0m
[1;31m                "ansible_kernel": "4.9.0-8-amd64", [0m
[1;31m                "ansible_lo": {[0m
[1;31m                    "active": true, [0m
[1;31m                    "device": "lo", [0m
[1;31m                    "features": {[0m
[1;31m                        "busy_poll": "off [fixed]", [0m
[1;31m                        "fcoe_mtu": "off [fixed]", [0m
[1;31m                        "generic_receive_offload": "on", [0m
[1;31m                        "generic_segmentation_offload": "on", [0m
[1;31m                        "highdma": "on [fixed]", [0m
[1;31m                        "hw_tc_offload": "off [fixed]", [0m
[1;31m                        "l2_fwd_offload": "off [fixed]", [0m
[1;31m                        "large_receive_offload": "off [fixed]", [0m
[1;31m                        "loopback": "on [fixed]", [0m
[1;31m                        "netns_local": "on [fixed]", [0m
[1;31m                        "ntuple_filters": "off [fixed]", [0m
[1;31m                        "receive_hashing": "off [fixed]", [0m
[1;31m                        "rx_all": "off [fixed]", [0m
[1;31m                        "rx_checksumming": "on [fixed]", [0m
[1;31m                        "rx_fcs": "off [fixed]", [0m
[1;31m                        "rx_vlan_filter": "off [fixed]", [0m
[1;31m                        "rx_vlan_offload": "off [fixed]", [0m
[1;31m                        "rx_vlan_stag_filter": "off [fixed]", [0m
[1;31m                        "rx_vlan_stag_hw_parse": "off [fixed]", [0m
[1;31m                        "scatter_gather": "on", [0m
[1;31m                        "tcp_segmentation_offload": "on", [0m
[1;31m                        "tx_checksum_fcoe_crc": "off [fixed]", [0m
[1;31m                        "tx_checksum_ip_generic": "on [fixed]", [0m
[1;31m                        "tx_checksum_ipv4": "off [fixed]", [0m
[1;31m                        "tx_checksum_ipv6": "off [fixed]", [0m
[1;31m                        "tx_checksum_sctp": "on [fixed]", [0m
[1;31m                        "tx_checksumming": "on", [0m
[1;31m                        "tx_fcoe_segmentation": "off [fixed]", [0m
[1;31m                        "tx_gre_csum_segmentation": "off [fixed]", [0m
[1;31m                        "tx_gre_segmentation": "off [fixed]", [0m
[1;31m                        "tx_gso_partial": "off [fixed]", [0m
[1;31m                        "tx_gso_robust": "off [fixed]", [0m
[1;31m                        "tx_ipxip4_segmentation": "off [fixed]", [0m
[1;31m                        "tx_ipxip6_segmentation": "off [fixed]", [0m
[1;31m                        "tx_lockless": "on [fixed]", [0m
[1;31m                        "tx_nocache_copy": "off [fixed]", [0m
[1;31m                        "tx_scatter_gather": "on [fixed]", [0m
[1;31m                        "tx_scatter_gather_fraglist": "on [fixed]", [0m
[1;31m                        "tx_sctp_segmentation": "on", [0m
[1;31m                        "tx_tcp6_segmentation": "on", [0m
[1;31m                        "tx_tcp_ecn_segmentation": "on", [0m
[1;31m                        "tx_tcp_mangleid_segmentation": "on", [0m
[1;31m                        "tx_tcp_segmentation": "on", [0m
[1;31m                        "tx_udp_tnl_csum_segmentation": "off [fixed]", [0m
[1;31m                        "tx_udp_tnl_segmentation": "off [fixed]", [0m
[1;31m                        "tx_vlan_offload": "off [fixed]", [0m
[1;31m                        "tx_vlan_stag_hw_insert": "off [fixed]", [0m
[1;31m                        "udp_fragmentation_offload": "on", [0m
[1;31m                        "vlan_challenged": "on [fixed]"[0m
[1;31m                    }, [0m
[1;31m                    "hw_timestamp_filters": [], [0m
[1;31m                    "ipv4": {[0m
[1;31m                        "address": "127.0.0.1", [0m
[1;31m                        "broadcast": "host", [0m
[1;31m                        "netmask": "255.0.0.0", [0m
[1;31m                        "network": "127.0.0.0"[0m
[1;31m                    }, [0m
[1;31m                    "ipv6": [[0m
[1;31m                        {[0m
[1;31m                            "address": "::1", [0m
[1;31m                            "prefix": "128", [0m
[1;31m                            "scope": "host"[0m
[1;31m                        }[0m
[1;31m                    ], [0m
[1;31m                    "mtu": 65536, [0m
[1;31m                    "promisc": false, [0m
[1;31m                    "timestamping": [[0m
[1;31m                        "rx_software", [0m
[1;31m                        "software"[0m
[1;31m                    ], [0m
[1;31m                    "type": "loopback"[0m
[1;31m                }, [0m
[1;31m                "ansible_local": {}, [0m
[1;31m                "ansible_lsb": {[0m
[1;31m                    "codename": "stretch", [0m
[1;31m                    "description": "Debian GNU/Linux 9.7 (stretch)", [0m
[1;31m                    "id": "Debian", [0m
[1;31m                    "major_release": "9", [0m
[1;31m                    "release": "9.7"[0m
[1;31m                }, [0m
[1;31m                "ansible_lvm": {[0m
[1;31m                    "lvs": {[0m
[1;31m                        "root": {[0m
[1;31m                            "size_g": "17.85", [0m
[1;31m                            "vg": "debian87-20170203-surf-vg"[0m
[1;31m                        }, [0m
[1;31m                        "swap": {[0m
[1;31m                            "size_g": "1.91", [0m
[1;31m                            "vg": "debian87-20170203-surf-vg"[0m
[1;31m                        }[0m
[1;31m                    }, [0m
[1;31m                    "pvs": {[0m
[1;31m                        "/dev/sda5": {[0m
[1;31m                            "free_g": "0", [0m
[1;31m                            "size_g": "19.76", [0m
[1;31m                            "vg": "debian87-20170203-surf-vg"[0m
[1;31m                        }[0m
[1;31m                    }, [0m
[1;31m                    "vgs": {[0m
[1;31m                        "debian87-20170203-surf-vg": {[0m
[1;31m                            "free_g": "0", [0m
[1;31m                            "num_lvs": "2", [0m
[1;31m                            "num_pvs": "1", [0m
[1;31m                            "size_g": "19.76"[0m
[1;31m                        }[0m
[1;31m                    }[0m
[1;31m                }, [0m
[1;31m                "ansible_machine": "x86_64", [0m
[1;31m                "ansible_machine_id": "3d975702f688466795f94ae6b7d55648", [0m
[1;31m                "ansible_memfree_mb": 21, [0m
[1;31m                "ansible_memory_mb": {[0m
[1;31m                    "nocache": {[0m
[1;31m                        "free": 298, [0m
[1;31m                        "used": 176[0m
[1;31m                    }, [0m
[1;31m                    "real": {[0m
[1;31m                        "free": 21, [0m
[1;31m                        "total": 474, [0m
[1;31m                        "used": 453[0m
[1;31m                    }, [0m
[1;31m                    "swap": {[0m
[1;31m                        "cached": 0, [0m
[1;31m                        "free": 1948, [0m
[1;31m                        "total": 1951, [0m
[1;31m                        "used": 3[0m
[1;31m                    }[0m
[1;31m                }, [0m
[1;31m                "ansible_memtotal_mb": 474, [0m
[1;31m                "ansible_mounts": [[0m
[1;31m                    {[0m
[1;31m                        "block_available": 3606032, [0m
[1;31m                        "block_size": 4096, [0m
[1;31m                        "block_total": 4573377, [0m
[1;31m                        "block_used": 967345, [0m
[1;31m                        "device": "/dev/mapper/debian87--20170203--surf--vg-root", [0m
[1;31m                        "fstype": "ext4", [0m
[1;31m                        "inode_available": 1069174, [0m
[1;31m                        "inode_total": 1171456, [0m
[1;31m                        "inode_used": 102282, [0m
[1;31m                        "mount": "/", [0m
[1;31m                        "options": "rw,relatime,errors=remount-ro,data=ordered", [0m
[1;31m                        "size_available": 14770307072, [0m
[1;31m                        "size_total": 18732552192, [0m
[1;31m                        "uuid": "492ec039-485a-409a-b51d-a288fe1ee7b9"[0m
[1;31m                    }, [0m
[1;31m                    {[0m
[1;31m                        "block_available": 164781, [0m
[1;31m                        "block_size": 1024, [0m
[1;31m                        "block_total": 240972, [0m
[1;31m                        "block_used": 76191, [0m
[1;31m                        "device": "/dev/sda1", [0m
[1;31m                        "fstype": "ext2", [0m
[1;31m                        "inode_available": 61907, [0m
[1;31m                        "inode_total": 62248, [0m
[1;31m                        "inode_used": 341, [0m
[1;31m                        "mount": "/boot", [0m
[1;31m                        "options": "rw,relatime,block_validity,barrier,user_xattr,acl", [0m
[1;31m                        "size_available": 168735744, [0m
[1;31m                        "size_total": 246755328, [0m
[1;31m                        "uuid": "2797c37e-7660-419d-b152-6aeec7beb7bd"[0m
[1;31m                    }[0m
[1;31m                ], [0m
[1;31m                "ansible_nodename": "lb2", [0m
[1;31m                "ansible_os_family": "Debian", [0m
[1;31m                "ansible_pkg_mgr": "apt", [0m
[1;31m                "ansible_processor": [[0m
[1;31m                    "0", [0m
[1;31m                    "GenuineIntel", [0m
[1;31m                    "Intel(R) Xeon(R) CPU E5-2680 v3 @ 2.50GHz"[0m
[1;31m                ], [0m
[1;31m                "ansible_processor_cores": 1, [0m
[1;31m                "ansible_processor_count": 1, [0m
[1;31m                "ansible_processor_threads_per_core": 1, [0m
[1;31m                "ansible_processor_vcpus": 1, [0m
[1;31m                "ansible_product_name": "VMware Virtual Platform", [0m
[1;31m                "ansible_product_serial": "VMware-42 15 45 d4 b0 4f 3c ef-68 6b f7 a2 95 2d 9c 8c", [0m
[1;31m                "ansible_product_uuid": "421545D4-B04F-3CEF-686B-F7A2952D9C8C", [0m
[1;31m                "ansible_product_version": "None", [0m
[1;31m                "ansible_python": {[0m
[1;31m                    "executable": "/usr/bin/python", [0m
[1;31m                    "has_sslcontext": true, [0m
[1;31m                    "type": "CPython", [0m
[1;31m                    "version": {[0m
[1;31m                        "major": 2, [0m
[1;31m                        "micro": 13, [0m
[1;31m                        "minor": 7, [0m
[1;31m                        "releaselevel": "final", [0m
[1;31m                        "serial": 0[0m
[1;31m                    }, [0m
[1;31m                    "version_info": [[0m
[1;31m                        2, [0m
[1;31m                        7, [0m
[1;31m                        13, [0m
[1;31m                        "final", [0m
[1;31m                        0[0m
[1;31m                    ][0m
[1;31m                }, [0m
[1;31m                "ansible_python_version": "2.7.13", [0m
[1;31m                "ansible_real_group_id": 0, [0m
[1;31m                "ansible_real_user_id": 0, [0m
[1;31m                "ansible_selinux": {[0m
[1;31m                    "status": "Missing selinux Python library"[0m
[1;31m                }, [0m
[1;31m                "ansible_selinux_python_present": false, [0m
[1;31m                "ansible_service_mgr": "systemd", [0m
[1;31m                "ansible_ssh_host_key_dsa_public": "AAAAB3NzaC1kc3MAAACBANE/XRpJA5Z/LYmA7Hd5qIZIdYyNbBJOsL417WnuPx5JcWZo456vpMoZZyf3bkGuvmhjq3zoKSpKMGbXSBtAM/hvKMHG5hai11qYabH6ZSXUqv1EnELQGQqydgAnJQGwwIo3VAfR7k657k4JRIdqlrfrkAUDfqWa3NlWO/RCOOsRAAAAFQDzRaFMJ+eE+ZzijJ6KvcLt6S8wIwAAAIEAsC1tUGZfAz8vC8LZO9vDOefWxEpXYf+wgUW7k8Wor7I8xsDUDNOJqsaZ4vkLQyRedn8x0kpFZcfNrEH8gEZXb9im5wshGpfTGyQ4EsoxzLTkRy8PLVYulx9jjZOcY0KhC6BqBEhvkz9qQ4Mh0f3na38yi9+CU9Z5hAr4vS3iI8MAAACBAJ5s+VdTfNLiCv3SOWs43G0xSseRQs2b4frB4nNP5xvrNXhc433cvyJYPLpdXpDvVuUY44jXG/LNRehswatLRFPtoVjtea0+bFHuzdHM/z5Ioe9LWLGEhP/9Va9NLzVtxMwgBzQWA3vq7gUExFBvjv+L0SIMts6ddj89CQ/dvPPB", [0m
[1;31m                "ansible_ssh_host_key_ecdsa_public": "AAAAE2VjZHNhLXNoYTItbmlzdHAyNTYAAAAIbmlzdHAyNTYAAABBBMbUhsa0N/VOY26Y45GIExQkFUoJy+ZLM6w2EenMgdeyiWi1qbcDdpT+jJ1PD8z6CP36dwStKgi7aSsQMnxUwcU=", [0m
[1;31m                "ansible_ssh_host_key_ed25519_public": "AAAAC3NzaC1lZDI1NTE5AAAAIHhH92E+XEuWorCGR568VPrwy0l3zHPy7Q+3eDHDTQoL", [0m
[1;31m                "ansible_ssh_host_key_rsa_public": "AAAAB3NzaC1yc2EAAAADAQABAAABAQDl4ewovihlQqZFmCJ3P2GQvCr5NdyBfB5WhFb6w+TQCtP2x0Ia++YnCOHSq4c2zP1Bywq7aT9GTOEIoQ67NWMnu7hLOURvV2UBbCIo6DdZ3CDPjIr2Vu25XOOO31ERQS/wFjDDwWfeYrWMUfhMk0f+2Zso3TqhNX4t0isrUh8PhiAiNamZbMDBUhbJVq6gNkW/VAGxTNr9Na2sjNUJU797MHdrDHYh/XGih1vNqjm3w/saTB9h/ubwmKzXd0u1Eqf5KfWnAQunD5ZH8os6wpNXtgNWQL/XuQguWgpOzW0jncWAQXda0CamNf6JovEI5K911LdD2xVUGAy/A7+cLh2N", [0m
[1;31m                "ansible_swapfree_mb": 1948, [0m
[1;31m                "ansible_swaptotal_mb": 1951, [0m
[1;31m                "ansible_system": "Linux", [0m
[1;31m                "ansible_system_capabilities": [[0m
[1;31m                    "cap_chown", [0m
[1;31m                    "cap_dac_override", [0m
[1;31m                    "cap_dac_read_search", [0m
[1;31m                    "cap_fowner", [0m
[1;31m                    "cap_fsetid", [0m
[1;31m                    "cap_kill", [0m
[1;31m                    "cap_setgid", [0m
[1;31m                    "cap_setuid", [0m
[1;31m                    "cap_setpcap", [0m
[1;31m                    "cap_linux_immutable", [0m
[1;31m                    "cap_net_bind_service", [0m
[1;31m                    "cap_net_broadcast", [0m
[1;31m                    "cap_net_admin", [0m
[1;31m                    "cap_net_raw", [0m
[1;31m                    "cap_ipc_lock", [0m
[1;31m                    "cap_ipc_owner", [0m
[1;31m                    "cap_sys_module", [0m
[1;31m                    "cap_sys_rawio", [0m
[1;31m                    "cap_sys_chroot", [0m
[1;31m                    "cap_sys_ptrace", [0m
[1;31m                    "cap_sys_pacct", [0m
[1;31m                    "cap_sys_admin", [0m
[1;31m                    "cap_sys_boot", [0m
[1;31m                    "cap_sys_nice", [0m
[1;31m                    "cap_sys_resource", [0m
[1;31m                    "cap_sys_time", [0m
[1;31m                    "cap_sys_tty_config", [0m
[1;31m                    "cap_mknod", [0m
[1;31m                    "cap_lease", [0m
[1;31m                    "cap_audit_write", [0m
[1;31m                    "cap_audit_control", [0m
[1;31m                    "cap_setfcap", [0m
[1;31m                    "cap_mac_override", [0m
[1;31m                    "cap_mac_admin", [0m
[1;31m                    "cap_syslog", [0m
[1;31m                    "cap_wake_alarm", [0m
[1;31m                    "cap_block_suspend", [0m
[1;31m                    "cap_audit_read+ep"[0m
[1;31m                ], [0m
[1;31m                "ansible_system_capabilities_enforced": "True", [0m
[1;31m                "ansible_system_vendor": "VMware, Inc.", [0m
[1;31m                "ansible_uptime_seconds": 5056434, [0m
[1;31m                "ansible_user_dir": "/root", [0m
[1;31m                "ansible_user_gecos": "root", [0m
[1;31m                "ansible_user_gid": 0, [0m
[1;31m                "ansible_user_id": "root", [0m
[1;31m                "ansible_user_shell": "/bin/bash", [0m
[1;31m                "ansible_user_uid": 0, [0m
[1;31m                "ansible_userspace_architecture": "x86_64", [0m
[1;31m                "ansible_userspace_bits": "64", [0m
[1;31m                "ansible_virtualization_role": "guest", [0m
[1;31m                "ansible_virtualization_type": "VMware", [0m
[1;31m                "gather_subset": [[0m
[1;31m                    "all"[0m
[1;31m                ], [0m
[1;31m                "module_setup": true[0m
[1;31m            }, [0m
[1;31m            "changed": false, [0m
[1;31m            "failed": false, [0m
[1;31m            "invocation": {[0m
[1;31m                "module_args": {[0m
[1;31m                    "fact_path": "/etc/ansible/facts.d", [0m
[1;31m                    "filter": "*", [0m
[1;31m                    "gather_subset": [[0m
[1;31m                        "all"[0m
[1;31m                    ], [0m
[1;31m                    "gather_timeout": 10[0m
[1;31m                }[0m
[1;31m            }, [0m
[1;31m            "item": "lb2.ams.scz.lab.surf.nl"[0m
[1;31m        }, [0m
[1;31m        {[0m
[1;31m            "_ansible_delegated_vars": {[0m
[1;31m                "ansible_delegated_host": "ldap1.ams.scz.lab.surf.nl", [0m
[1;31m                "ansible_host": "ldap1.ams.scz.lab.surf.nl"[0m
[1;31m            }, [0m
[1;31m            "_ansible_ignore_errors": null, [0m
[1;31m            "_ansible_item_label": "ldap1.ams.scz.lab.surf.nl", [0m
[1;31m            "_ansible_item_result": true, [0m
[1;31m            "_ansible_no_log": false, [0m
[1;31m            "_ansible_parsed": true, [0m
[1;31m            "_ansible_verbose_override": true, [0m
[1;31m            "ansible_facts": {[0m
[1;31m                "ansible_all_ipv4_addresses": [[0m
[1;31m                    "145.101.114.4"[0m
[1;31m                ], [0m
[1;31m                "ansible_all_ipv6_addresses": [], [0m
[1;31m                "ansible_apparmor": {[0m
[1;31m                    "status": "disabled"[0m
[1;31m                }, [0m
[1;31m                "ansible_architecture": "x86_64", [0m
[1;31m                "ansible_bios_date": "09/21/2015", [0m
[1;31m                "ansible_bios_version": "6.00", [0m
[1;31m                "ansible_cmdline": {[0m
[1;31m                    "BOOT_IMAGE": "/vmlinuz-4.9.0-8-amd64", [0m
[1;31m                    "quiet": true, [0m
[1;31m                    "ro": true, [0m
[1;31m                    "root": "/dev/mapper/debian87--20170203--surf--vg-root"[0m
[1;31m                }, [0m
[1;31m                "ansible_date_time": {[0m
[1;31m                    "date": "2019-02-15", [0m
[1;31m                    "day": "15", [0m
[1;31m                    "epoch": "1550221409", [0m
[1;31m                    "hour": "09", [0m
[1;31m                    "iso8601": "2019-02-15T09:03:29Z", [0m
[1;31m                    "iso8601_basic": "20190215T090329818680", [0m
[1;31m                    "iso8601_basic_short": "20190215T090329", [0m
[1;31m                    "iso8601_micro": "2019-02-15T09:03:29.818757Z", [0m
[1;31m                    "minute": "03", [0m
[1;31m                    "month": "02", [0m
[1;31m                    "second": "29", [0m
[1;31m                    "time": "09:03:29", [0m
[1;31m                    "tz": "UTC", [0m
[1;31m                    "tz_offset": "+0000", [0m
[1;31m                    "weekday": "Friday", [0m
[1;31m                    "weekday_number": "5", [0m
[1;31m                    "weeknumber": "06", [0m
[1;31m                    "year": "2019"[0m
[1;31m                }, [0m
[1;31m                "ansible_default_ipv4": {[0m
[1;31m                    "address": "145.101.114.4", [0m
[1;31m                    "alias": "eth0", [0m
[1;31m                    "broadcast": "145.101.114.31", [0m
[1;31m                    "gateway": "145.101.114.1", [0m
[1;31m                    "interface": "eth0", [0m
[1;31m                    "macaddress": "00:50:56:95:6d:d9", [0m
[1;31m                    "mtu": 1500, [0m
[1;31m                    "netmask": "255.255.255.224", [0m
[1;31m                    "network": "145.101.114.0", [0m
[1;31m                    "type": "ether"[0m
[1;31m                }, [0m
[1;31m                "ansible_default_ipv6": {}, [0m
[1;31m                "ansible_device_links": {[0m
[1;31m                    "ids": {[0m
[1;31m                        "dm-0": [[0m
[1;31m                            "dm-name-debian87--20170203--surf--vg-swap", [0m
[1;31m                            "dm-uuid-LVM-2N3noKztpw8Epf4XcxvNlho3IR40EMu9cjRvZmwxANLf62DBJKrTyp02jpAPH5Ys"[0m
[1;31m                        ], [0m
[1;31m                        "dm-1": [[0m
[1;31m                            "dm-name-debian87--20170203--surf--vg-root", [0m
[1;31m                            "dm-uuid-LVM-2N3noKztpw8Epf4XcxvNlho3IR40EMu9Rh6eeq60m44ckhZDoOBTncUwkHezDJdk"[0m
[1;31m                        ], [0m
[1;31m                        "sda5": [[0m
[1;31m                            "lvm-pv-uuid-X7FfdR-qmyj-nmi0-M7YU-Gk1J-0aZ9-Q5q5eT"[0m
[1;31m                        ][0m
[1;31m                    }, [0m
[1;31m                    "labels": {}, [0m
[1;31m                    "masters": {[0m
[1;31m                        "sda5": [[0m
[1;31m                            "dm-0", [0m
[1;31m                            "dm-1"[0m
[1;31m                        ][0m
[1;31m                    }, [0m
[1;31m                    "uuids": {[0m
[1;31m                        "dm-0": [[0m
[1;31m                            "a057b43e-bbfd-4da0-a21d-40fe0b6e5b30"[0m
[1;31m                        ], [0m
[1;31m                        "dm-1": [[0m
[1;31m                            "492ec039-485a-409a-b51d-a288fe1ee7b9"[0m
[1;31m                        ], [0m
[1;31m                        "sda1": [[0m
[1;31m                            "2797c37e-7660-419d-b152-6aeec7beb7bd"[0m
[1;31m                        ][0m
[1;31m                    }[0m
[1;31m                }, [0m
[1;31m                "ansible_devices": {[0m
[1;31m                    "dm-0": {[0m
[1;31m                        "holders": [], [0m
[1;31m                        "host": "", [0m
[1;31m                        "links": {[0m
[1;31m                            "ids": [[0m
[1;31m                                "dm-name-debian87--20170203--surf--vg-swap", [0m
[1;31m                                "dm-uuid-LVM-2N3noKztpw8Epf4XcxvNlho3IR40EMu9cjRvZmwxANLf62DBJKrTyp02jpAPH5Ys"[0m
[1;31m                            ], [0m
[1;31m                            "labels": [], [0m
[1;31m                            "masters": [], [0m
[1;31m                            "uuids": [[0m
[1;31m                                "a057b43e-bbfd-4da0-a21d-40fe0b6e5b30"[0m
[1;31m                            ][0m
[1;31m                        }, [0m
[1;31m                        "model": null, [0m
[1;31m                        "partitions": {}, [0m
[1;31m                        "removable": "0", [0m
[1;31m                        "rotational": "1", [0m
[1;31m                        "sas_address": null, [0m
[1;31m                        "sas_device_handle": null, [0m
[1;31m                        "scheduler_mode": "", [0m
[1;31m                        "sectors": "3997696", [0m
[1;31m                        "sectorsize": "512", [0m
[1;31m                        "size": "1.91 GB", [0m
[1;31m                        "support_discard": "0", [0m
[1;31m                        "vendor": null, [0m
[1;31m                        "virtual": 1[0m
[1;31m                    }, [0m
[1;31m                    "dm-1": {[0m
[1;31m                        "holders": [], [0m
[1;31m                        "host": "", [0m
[1;31m                        "links": {[0m
[1;31m                            "ids": [[0m
[1;31m                                "dm-name-debian87--20170203--surf--vg-root", [0m
[1;31m                                "dm-uuid-LVM-2N3noKztpw8Epf4XcxvNlho3IR40EMu9Rh6eeq60m44ckhZDoOBTncUwkHezDJdk"[0m
[1;31m                            ], [0m
[1;31m                            "labels": [], [0m
[1;31m                            "masters": [], [0m
[1;31m                            "uuids": [[0m
[1;31m                                "492ec039-485a-409a-b51d-a288fe1ee7b9"[0m
[1;31m                            ][0m
[1;31m                        }, [0m
[1;31m                        "model": null, [0m
[1;31m                        "partitions": {}, [0m
[1;31m                        "removable": "0", [0m
[1;31m                        "rotational": "1", [0m
[1;31m                        "sas_address": null, [0m
[1;31m                        "sas_device_handle": null, [0m
[1;31m                        "scheduler_mode": "", [0m
[1;31m                        "sectors": "37437440", [0m
[1;31m                        "sectorsize": "512", [0m
[1;31m                        "size": "17.85 GB", [0m
[1;31m                        "support_discard": "0", [0m
[1;31m                        "vendor": null, [0m
[1;31m                        "virtual": 1[0m
[1;31m                    }, [0m
[1;31m                    "fd0": {[0m
[1;31m                        "holders": [], [0m
[1;31m                        "host": "", [0m
[1;31m                        "links": {[0m
[1;31m                            "ids": [], [0m
[1;31m                            "labels": [], [0m
[1;31m                            "masters": [], [0m
[1;31m                            "uuids": [][0m
[1;31m                        }, [0m
[1;31m                        "model": null, [0m
[1;31m                        "partitions": {}, [0m
[1;31m                        "removable": "1", [0m
[1;31m                        "rotational": "1", [0m
[1;31m                        "sas_address": null, [0m
[1;31m                        "sas_device_handle": null, [0m
[1;31m                        "scheduler_mode": "cfq", [0m
[1;31m                        "sectors": "8", [0m
[1;31m                        "sectorsize": "512", [0m
[1;31m                        "size": "4.00 KB", [0m
[1;31m                        "support_discard": "0", [0m
[1;31m                        "vendor": null, [0m
[1;31m                        "virtual": 1[0m
[1;31m                    }, [0m
[1;31m                    "sda": {[0m
[1;31m                        "holders": [], [0m
[1;31m                        "host": "SCSI storage controller: LSI Logic / Symbios Logic 53c1030 PCI-X Fusion-MPT Dual Ultra320 SCSI (rev 01)", [0m
[1;31m                        "links": {[0m
[1;31m                            "ids": [], [0m
[1;31m                            "labels": [], [0m
[1;31m                            "masters": [], [0m
[1;31m                            "uuids": [][0m
[1;31m                        }, [0m
[1;31m                        "model": "Virtual disk", [0m
[1;31m                        "partitions": {[0m
[1;31m                            "sda1": {[0m
[1;31m                                "holders": [], [0m
[1;31m                                "links": {[0m
[1;31m                                    "ids": [], [0m
[1;31m                                    "labels": [], [0m
[1;31m                                    "masters": [], [0m
[1;31m                                    "uuids": [[0m
[1;31m                                        "2797c37e-7660-419d-b152-6aeec7beb7bd"[0m
[1;31m                                    ][0m
[1;31m                                }, [0m
[1;31m                                "sectors": "497664", [0m
[1;31m                                "sectorsize": 512, [0m
[1;31m                                "size": "243.00 MB", [0m
[1;31m                                "start": "2048", [0m
[1;31m                                "uuid": "2797c37e-7660-419d-b152-6aeec7beb7bd"[0m
[1;31m                            }, [0m
[1;31m                            "sda2": {[0m
[1;31m                                "holders": [], [0m
[1;31m                                "links": {[0m
[1;31m                                    "ids": [], [0m
[1;31m                                    "labels": [], [0m
[1;31m                                    "masters": [], [0m
[1;31m                                    "uuids": [][0m
[1;31m                                }, [0m
[1;31m                                "sectors": "2", [0m
[1;31m                                "sectorsize": 512, [0m
[1;31m                                "size": "1.00 KB", [0m
[1;31m                                "start": "501758", [0m
[1;31m                                "uuid": null[0m
[1;31m                            }, [0m
[1;31m                            "sda5": {[0m
[1;31m                                "holders": [[0m
[1;31m                                    "debian87--20170203--surf--vg-root", [0m
[1;31m                                    "debian87--20170203--surf--vg-swap"[0m
[1;31m                                ], [0m
[1;31m                                "links": {[0m
[1;31m                                    "ids": [[0m
[1;31m                                        "lvm-pv-uuid-X7FfdR-qmyj-nmi0-M7YU-Gk1J-0aZ9-Q5q5eT"[0m
[1;31m                                    ], [0m
[1;31m                                    "labels": [], [0m
[1;31m                                    "masters": [[0m
[1;31m                                        "dm-0", [0m
[1;31m                                        "dm-1"[0m
[1;31m                                    ], [0m
[1;31m                                    "uuids": [][0m
[1;31m                                }, [0m
[1;31m                                "sectors": "41439232", [0m
[1;31m                                "sectorsize": 512, [0m
[1;31m                                "size": "19.76 GB", [0m
[1;31m                                "start": "501760", [0m
[1;31m                                "uuid": null[0m
[1;31m                            }[0m
[1;31m                        }, [0m
[1;31m                        "removable": "0", [0m
[1;31m                        "rotational": "1", [0m
[1;31m                        "sas_address": null, [0m
[1;31m                        "sas_device_handle": null, [0m
[1;31m                        "scheduler_mode": "cfq", [0m
[1;31m                        "sectors": "41943040", [0m
[1;31m                        "sectorsize": "512", [0m
[1;31m                        "size": "20.00 GB", [0m
[1;31m                        "support_discard": "0", [0m
[1;31m                        "vendor": "VMware", [0m
[1;31m                        "virtual": 1[0m
[1;31m                    }[0m
[1;31m                }, [0m
[1;31m                "ansible_distribution": "Debian", [0m
[1;31m                "ansible_distribution_file_parsed": true, [0m
[1;31m                "ansible_distribution_file_path": "/etc/os-release", [0m
[1;31m                "ansible_distribution_file_variety": "Debian", [0m
[1;31m                "ansible_distribution_major_version": "9", [0m
[1;31m                "ansible_distribution_release": "stretch", [0m
[1;31m                "ansible_distribution_version": "9.7", [0m
[1;31m                "ansible_dns": {[0m
[1;31m                    "nameservers": [[0m
[1;31m                        "195.169.124.124", [0m
[1;31m                        "192.87.36.36", [0m
[1;31m                        "192.87.106.106"[0m
[1;31m                    ], [0m
[1;31m                    "search": [[0m
[1;31m                        "ams.scz.lab.surf.nl"[0m
[1;31m                    ][0m
[1;31m                }, [0m
[1;31m                "ansible_domain": "ams.scz.lab.surf.nl", [0m
[1;31m                "ansible_effective_group_id": 0, [0m
[1;31m                "ansible_effective_user_id": 0, [0m
[1;31m                "ansible_env": {[0m
[1;31m                    "HOME": "/root", [0m
[1;31m                    "LANG": "en_US.UTF-8", [0m
[1;31m                    "LC_ADDRESS": "nl_NL.UTF-8", [0m
[1;31m                    "LC_ALL": "en_US.UTF-8", [0m
[1;31m                    "LC_IDENTIFICATION": "nl_NL.UTF-8", [0m
[1;31m                    "LC_MEASUREMENT": "nl_NL.UTF-8", [0m
[1;31m                    "LC_MONETARY": "nl_NL.UTF-8", [0m
[1;31m                    "LC_NAME": "nl_NL.UTF-8", [0m
[1;31m                    "LC_NUMERIC": "nl_NL.UTF-8", [0m
[1;31m                    "LC_PAPER": "nl_NL.UTF-8", [0m
[1;31m                    "LC_TELEPHONE": "nl_NL.UTF-8", [0m
[1;31m                    "LC_TIME": "nl_NL.UTF-8", [0m
[1;31m                    "LC_TYPE": "en_US.UTF-8", [0m
[1;31m                    "LOGNAME": "root", [0m
[1;31m                    "MAIL": "/var/mail/root", [0m
[1;31m                    "PATH": "/usr/local/sbin:/usr/local/bin:/usr/sbin:/usr/bin:/sbin:/bin:/snap/bin", [0m
[1;31m                    "PWD": "/home/martin", [0m
[1;31m                    "SHELL": "/bin/bash", [0m
[1;31m                    "SUDO_COMMAND": "/bin/sh -c echo BECOME-SUCCESS-bjxqdojgrenuzkfwlppwgpzqcgpzvlag; /usr/bin/python", [0m
[1;31m                    "SUDO_GID": "10000", [0m
[1;31m                    "SUDO_UID": "10001", [0m
[1;31m                    "SUDO_USER": "martin", [0m
[1;31m                    "TERM": "unknown", [0m
[1;31m                    "USER": "root", [0m
[1;31m                    "USERNAME": "root"[0m
[1;31m                }, [0m
[1;31m                "ansible_eth0": {[0m
[1;31m                    "active": true, [0m
[1;31m                    "device": "eth0", [0m
[1;31m                    "features": {[0m
[1;31m                        "busy_poll": "off [fixed]", [0m
[1;31m                        "fcoe_mtu": "off [fixed]", [0m
[1;31m                        "generic_receive_offload": "on", [0m
[1;31m                        "generic_segmentation_offload": "on", [0m
[1;31m                        "highdma": "on", [0m
[1;31m                        "hw_tc_offload": "off [fixed]", [0m
[1;31m                        "l2_fwd_offload": "off [fixed]", [0m
[1;31m                        "large_receive_offload": "on", [0m
[1;31m                        "loopback": "off [fixed]", [0m
[1;31m                        "netns_local": "off [fixed]", [0m
[1;31m                        "ntuple_filters": "off [fixed]", [0m
[1;31m                        "receive_hashing": "off [fixed]", [0m
[1;31m                        "rx_all": "off [fixed]", [0m
[1;31m                        "rx_checksumming": "on", [0m
[1;31m                        "rx_fcs": "off [fixed]", [0m
[1;31m                        "rx_vlan_filter": "on [fixed]", [0m
[1;31m                        "rx_vlan_offload": "on", [0m
[1;31m                        "rx_vlan_stag_filter": "off [fixed]", [0m
[1;31m                        "rx_vlan_stag_hw_parse": "off [fixed]", [0m
[1;31m                        "scatter_gather": "on", [0m
[1;31m                        "tcp_segmentation_offload": "on", [0m
[1;31m                        "tx_checksum_fcoe_crc": "off [fixed]", [0m
[1;31m                        "tx_checksum_ip_generic": "on", [0m
[1;31m                        "tx_checksum_ipv4": "off [fixed]", [0m
[1;31m                        "tx_checksum_ipv6": "off [fixed]", [0m
[1;31m                        "tx_checksum_sctp": "off [fixed]", [0m
[1;31m                        "tx_checksumming": "on", [0m
[1;31m                        "tx_fcoe_segmentation": "off [fixed]", [0m
[1;31m                        "tx_gre_csum_segmentation": "off [fixed]", [0m
[1;31m                        "tx_gre_segmentation": "off [fixed]", [0m
[1;31m                        "tx_gso_partial": "off [fixed]", [0m
[1;31m                        "tx_gso_robust": "off [fixed]", [0m
[1;31m                        "tx_ipxip4_segmentation": "off [fixed]", [0m
[1;31m                        "tx_ipxip6_segmentation": "off [fixed]", [0m
[1;31m                        "tx_lockless": "off [fixed]", [0m
[1;31m                        "tx_nocache_copy": "off", [0m
[1;31m                        "tx_scatter_gather": "on", [0m
[1;31m                        "tx_scatter_gather_fraglist": "off [fixed]", [0m
[1;31m                        "tx_sctp_segmentation": "off [fixed]", [0m
[1;31m                        "tx_tcp6_segmentation": "on", [0m
[1;31m                        "tx_tcp_ecn_segmentation": "off [fixed]", [0m
[1;31m                        "tx_tcp_mangleid_segmentation": "off", [0m
[1;31m                        "tx_tcp_segmentation": "on", [0m
[1;31m                        "tx_udp_tnl_csum_segmentation": "off [fixed]", [0m
[1;31m                        "tx_udp_tnl_segmentation": "off [fixed]", [0m
[1;31m                        "tx_vlan_offload": "on", [0m
[1;31m                        "tx_vlan_stag_hw_insert": "off [fixed]", [0m
[1;31m                        "udp_fragmentation_offload": "off [fixed]", [0m
[1;31m                        "vlan_challenged": "off [fixed]"[0m
[1;31m                    }, [0m
[1;31m                    "hw_timestamp_filters": [], [0m
[1;31m                    "ipv4": {[0m
[1;31m                        "address": "145.101.114.4", [0m
[1;31m                        "broadcast": "145.101.114.31", [0m
[1;31m                        "netmask": "255.255.255.224", [0m
[1;31m                        "network": "145.101.114.0"[0m
[1;31m                    }, [0m
[1;31m                    "macaddress": "00:50:56:95:6d:d9", [0m
[1;31m                    "module": "vmxnet3", [0m
[1;31m                    "mtu": 1500, [0m
[1;31m                    "pciid": "0000:03:00.0", [0m
[1;31m                    "promisc": false, [0m
[1;31m                    "speed": 10000, [0m
[1;31m                    "timestamping": [[0m
[1;31m                        "rx_software", [0m
[1;31m                        "software"[0m
[1;31m                    ], [0m
[1;31m                    "type": "ether"[0m
[1;31m                }, [0m
[1;31m                "ansible_fips": false, [0m
[1;31m                "ansible_form_factor": "Other", [0m
[1;31m                "ansible_fqdn": "ldap1.ams.scz.lab.surf.nl", [0m
[1;31m                "ansible_hostname": "ldap1", [0m
[1;31m                "ansible_interfaces": [[0m
[1;31m                    "lo", [0m
[1;31m                    "eth0"[0m
[1;31m                ], [0m
[1;31m                "ansible_is_chroot": false, [0m
[1;31m                "ansible_iscsi_iqn": "iqn.1993-08.org.debian:01:de7d50eae1a0", [0m
[1;31m                "ansible_kernel": "4.9.0-8-amd64", [0m
[1;31m                "ansible_lo": {[0m
[1;31m                    "active": true, [0m
[1;31m                    "device": "lo", [0m
[1;31m                    "features": {[0m
[1;31m                        "busy_poll": "off [fixed]", [0m
[1;31m                        "fcoe_mtu": "off [fixed]", [0m
[1;31m                        "generic_receive_offload": "on", [0m
[1;31m                        "generic_segmentation_offload": "on", [0m
[1;31m                        "highdma": "on [fixed]", [0m
[1;31m                        "hw_tc_offload": "off [fixed]", [0m
[1;31m                        "l2_fwd_offload": "off [fixed]", [0m
[1;31m                        "large_receive_offload": "off [fixed]", [0m
[1;31m                        "loopback": "on [fixed]", [0m
[1;31m                        "netns_local": "on [fixed]", [0m
[1;31m                        "ntuple_filters": "off [fixed]", [0m
[1;31m                        "receive_hashing": "off [fixed]", [0m
[1;31m                        "rx_all": "off [fixed]", [0m
[1;31m                        "rx_checksumming": "on [fixed]", [0m
[1;31m                        "rx_fcs": "off [fixed]", [0m
[1;31m                        "rx_vlan_filter": "off [fixed]", [0m
[1;31m                        "rx_vlan_offload": "off [fixed]", [0m
[1;31m                        "rx_vlan_stag_filter": "off [fixed]", [0m
[1;31m                        "rx_vlan_stag_hw_parse": "off [fixed]", [0m
[1;31m                        "scatter_gather": "on", [0m
[1;31m                        "tcp_segmentation_offload": "on", [0m
[1;31m                        "tx_checksum_fcoe_crc": "off [fixed]", [0m
[1;31m                        "tx_checksum_ip_generic": "on [fixed]", [0m
[1;31m                        "tx_checksum_ipv4": "off [fixed]", [0m
[1;31m                        "tx_checksum_ipv6": "off [fixed]", [0m
[1;31m                        "tx_checksum_sctp": "on [fixed]", [0m
[1;31m                        "tx_checksumming": "on", [0m
[1;31m                        "tx_fcoe_segmentation": "off [fixed]", [0m
[1;31m                        "tx_gre_csum_segmentation": "off [fixed]", [0m
[1;31m                        "tx_gre_segmentation": "off [fixed]", [0m
[1;31m                        "tx_gso_partial": "off [fixed]", [0m
[1;31m                        "tx_gso_robust": "off [fixed]", [0m
[1;31m                        "tx_ipxip4_segmentation": "off [fixed]", [0m
[1;31m                        "tx_ipxip6_segmentation": "off [fixed]", [0m
[1;31m                        "tx_lockless": "on [fixed]", [0m
[1;31m                        "tx_nocache_copy": "off [fixed]", [0m
[1;31m                        "tx_scatter_gather": "on [fixed]", [0m
[1;31m                        "tx_scatter_gather_fraglist": "on [fixed]", [0m
[1;31m                        "tx_sctp_segmentation": "on", [0m
[1;31m                        "tx_tcp6_segmentation": "on", [0m
[1;31m                        "tx_tcp_ecn_segmentation": "on", [0m
[1;31m                        "tx_tcp_mangleid_segmentation": "on", [0m
[1;31m                        "tx_tcp_segmentation": "on", [0m
[1;31m                        "tx_udp_tnl_csum_segmentation": "off [fixed]", [0m
[1;31m                        "tx_udp_tnl_segmentation": "off [fixed]", [0m
[1;31m                        "tx_vlan_offload": "off [fixed]", [0m
[1;31m                        "tx_vlan_stag_hw_insert": "off [fixed]", [0m
[1;31m                        "udp_fragmentation_offload": "on", [0m
[1;31m                        "vlan_challenged": "on [fixed]"[0m
[1;31m                    }, [0m
[1;31m                    "hw_timestamp_filters": [], [0m
[1;31m                    "ipv4": {[0m
[1;31m                        "address": "127.0.0.1", [0m
[1;31m                        "broadcast": "host", [0m
[1;31m                        "netmask": "255.0.0.0", [0m
[1;31m                        "network": "127.0.0.0"[0m
[1;31m                    }, [0m
[1;31m                    "mtu": 65536, [0m
[1;31m                    "promisc": false, [0m
[1;31m                    "timestamping": [[0m
[1;31m                        "rx_software", [0m
[1;31m                        "software"[0m
[1;31m                    ], [0m
[1;31m                    "type": "loopback"[0m
[1;31m                }, [0m
[1;31m                "ansible_local": {}, [0m
[1;31m                "ansible_lsb": {[0m
[1;31m                    "codename": "stretch", [0m
[1;31m                    "description": "Debian GNU/Linux 9.7 (stretch)", [0m
[1;31m                    "id": "Debian", [0m
[1;31m                    "major_release": "9", [0m
[1;31m                    "release": "9.7"[0m
[1;31m                }, [0m
[1;31m                "ansible_lvm": {[0m
[1;31m                    "lvs": {[0m
[1;31m                        "root": {[0m
[1;31m                            "size_g": "17.85", [0m
[1;31m                            "vg": "debian87-20170203-surf-vg"[0m
[1;31m                        }, [0m
[1;31m                        "swap": {[0m
[1;31m                            "size_g": "1.91", [0m
[1;31m                            "vg": "debian87-20170203-surf-vg"[0m
[1;31m                        }[0m
[1;31m                    }, [0m
[1;31m                    "pvs": {[0m
[1;31m                        "/dev/sda5": {[0m
[1;31m                            "free_g": "0", [0m
[1;31m                            "size_g": "19.76", [0m
[1;31m                            "vg": "debian87-20170203-surf-vg"[0m
[1;31m                        }[0m
[1;31m                    }, [0m
[1;31m                    "vgs": {[0m
[1;31m                        "debian87-20170203-surf-vg": {[0m
[1;31m                            "free_g": "0", [0m
[1;31m                            "num_lvs": "2", [0m
[1;31m                            "num_pvs": "1", [0m
[1;31m                            "size_g": "19.76"[0m
[1;31m                        }[0m
[1;31m                    }[0m
[1;31m                }, [0m
[1;31m                "ansible_machine": "x86_64", [0m
[1;31m                "ansible_machine_id": "3d975702f688466795f94ae6b7d55648", [0m
[1;31m                "ansible_memfree_mb": 89, [0m
[1;31m                "ansible_memory_mb": {[0m
[1;31m                    "nocache": {[0m
[1;31m                        "free": 196, [0m
[1;31m                        "used": 287[0m
[1;31m                    }, [0m
[1;31m                    "real": {[0m
[1;31m                        "free": 89, [0m
[1;31m                        "total": 483, [0m
[1;31m                        "used": 394[0m
[1;31m                    }, [0m
[1;31m                    "swap": {[0m
[1;31m                        "cached": 1, [0m
[1;31m                        "free": 1903, [0m
[1;31m                        "total": 1951, [0m
[1;31m                        "used": 48[0m
[1;31m                    }[0m
[1;31m                }, [0m
[1;31m                "ansible_memtotal_mb": 483, [0m
[1;31m                "ansible_mounts": [[0m
[1;31m                    {[0m
[1;31m                        "block_available": 3310470, [0m
[1;31m                        "block_size": 4096, [0m
[1;31m                        "block_total": 4573377, [0m
[1;31m                        "block_used": 1262907, [0m
[1;31m                        "device": "/dev/mapper/debian87--20170203--surf--vg-root", [0m
[1;31m                        "fstype": "ext4", [0m
[1;31m                        "inode_available": 1048838, [0m
[1;31m                        "inode_total": 1171456, [0m
[1;31m                        "inode_used": 122618, [0m
[1;31m                        "mount": "/", [0m
[1;31m                        "options": "rw,relatime,errors=remount-ro,data=ordered", [0m
[1;31m                        "size_available": 13559685120, [0m
[1;31m                        "size_total": 18732552192, [0m
[1;31m                        "uuid": "492ec039-485a-409a-b51d-a288fe1ee7b9"[0m
[1;31m                    }, [0m
[1;31m                    {[0m
[1;31m                        "block_available": 164782, [0m
[1;31m                        "block_size": 1024, [0m
[1;31m                        "block_total": 240972, [0m
[1;31m                        "block_used": 76190, [0m
[1;31m                        "device": "/dev/sda1", [0m
[1;31m                        "fstype": "ext2", [0m
[1;31m                        "inode_available": 61907, [0m
[1;31m                        "inode_total": 62248, [0m
[1;31m                        "inode_used": 341, [0m
[1;31m                        "mount": "/boot", [0m
[1;31m                        "options": "rw,relatime,block_validity,barrier,user_xattr,acl", [0m
[1;31m                        "size_available": 168736768, [0m
[1;31m                        "size_total": 246755328, [0m
[1;31m                        "uuid": "2797c37e-7660-419d-b152-6aeec7beb7bd"[0m
[1;31m                    }[0m
[1;31m                ], [0m
[1;31m                "ansible_nodename": "ldap1", [0m
[1;31m                "ansible_os_family": "Debian", [0m
[1;31m                "ansible_pkg_mgr": "apt", [0m
[1;31m                "ansible_processor": [[0m
[1;31m                    "0", [0m
[1;31m                    "GenuineIntel", [0m
[1;31m                    "Intel(R) Xeon(R) CPU E5-2680 v3 @ 2.50GHz"[0m
[1;31m                ], [0m
[1;31m                "ansible_processor_cores": 1, [0m
[1;31m                "ansible_processor_count": 1, [0m
[1;31m                "ansible_processor_threads_per_core": 1, [0m
[1;31m                "ansible_processor_vcpus": 1, [0m
[1;31m                "ansible_product_name": "VMware Virtual Platform", [0m
[1;31m                "ansible_product_serial": "VMware-42 15 39 a8 84 cf 72 1c-99 09 b2 51 18 f3 3c e9", [0m
[1;31m                "ansible_product_uuid": "421539A8-84CF-721C-9909-B25118F33CE9", [0m
[1;31m                "ansible_product_version": "None", [0m
[1;31m                "ansible_python": {[0m
[1;31m                    "executable": "/usr/bin/python", [0m
[1;31m                    "has_sslcontext": true, [0m
[1;31m                    "type": "CPython", [0m
[1;31m                    "version": {[0m
[1;31m                        "major": 2, [0m
[1;31m                        "micro": 13, [0m
[1;31m                        "minor": 7, [0m
[1;31m                        "releaselevel": "final", [0m
[1;31m                        "serial": 0[0m
[1;31m                    }, [0m
[1;31m                    "version_info": [[0m
[1;31m                        2, [0m
[1;31m                        7, [0m
[1;31m                        13, [0m
[1;31m                        "final", [0m
[1;31m                        0[0m
[1;31m                    ][0m
[1;31m                }, [0m
[1;31m                "ansible_python_version": "2.7.13", [0m
[1;31m                "ansible_real_group_id": 0, [0m
[1;31m                "ansible_real_user_id": 0, [0m
[1;31m                "ansible_selinux": {[0m
[1;31m                    "status": "Missing selinux Python library"[0m
[1;31m                }, [0m
[1;31m                "ansible_selinux_python_present": false, [0m
[1;31m                "ansible_service_mgr": "systemd", [0m
[1;31m                "ansible_ssh_host_key_dsa_public": "AAAAB3NzaC1kc3MAAACBAK5ghRTnFV9ShtlCgdZSJ/Cdsdc+18sSe9MwemyUieIYcN2usgTSJ6QDtBUSST6y4687bZ+s4okJIRbSqE7R6BYRl+oLRDuY9GjatdXoEZhvxX9iBbGh3zExKTyd1SRr4MAGm/im0Owi0xiDihgf3Dk/HIP11x7w0YZ397zbLZ1dAAAAFQCPpsjvSMnBzND88zw0g3R/6HJzDwAAAIBoIRbObJgYmAh0DUrKwoHrCBSCGiUWLln0kRmxWDTYB1ReU+bkq7t0Our+2VxmzgRg92jOYS1AyPHTUdNP5jrxbwVfFQaxaoXuIBD/46i7DahGtFmSMAMWrZMTBf/PklgPPSsIjpLZsSxn+IWnqah0vghLMiYS93iRkjvkM01WxAAAAIAaaKR87dL1+fW57Z/OaQQ3c1lCC11QVB3Irrf2KaN0gtniQljb9R504e8SUEWCTHxYIgMZsGvCxoJlyJLB68B86NSquuEsQyGT5Udw7uqq4O3xVO5VdANdM0jfSW3o9wtiWAYx9Z7LJAfyA05sndbQS2LIWV1aYCYzU0SCNHESrg==", [0m
[1;31m                "ansible_ssh_host_key_ecdsa_public": "AAAAE2VjZHNhLXNoYTItbmlzdHAyNTYAAAAIbmlzdHAyNTYAAABBBM/yRjJXYBPz06Pn+l/4E60deBJcvvKZro5MgAgfl4VXTBzlh4dU78B4drl4xZFHSdF+H2yBlt2SGKeVwl5AeTE=", [0m
[1;31m                "ansible_ssh_host_key_ed25519_public": "AAAAC3NzaC1lZDI1NTE5AAAAIGgAb5mlxQhoJRUHgejH99ROoxQzwbZs+zjJsZU2PZyN", [0m
[1;31m                "ansible_ssh_host_key_rsa_public": "AAAAB3NzaC1yc2EAAAADAQABAAABAQDOrlp4snPK+JyWxVKqlbsUyQsXu3vDzYRID2uXtRd6wvF0rDeFR7jY063vT270utDunEa61m9VN6mLpT2KzBHgS1eD49puBych4tCmp2S6t7eOhpMqwLqe2WI+2fhcXJ1FEbcHWMByl1xn77c4F6KMjX7BycSb3ezIrUiFJYIt/2YKiDXupcE3gNBiRGY1vwJjaticgPm1dxSXheuXxRX5WEg3S7NMaGprn8MEcRLPnhyhhVgnBV7LjuJghEpYZfuMqAT9y3CEsm2jnmmUxm385q9pxeUVJfEuMjDz7wMRe9WWY0vMe1osAgqN9Vs24WbEsDV6Q3j10ksx0Cy7VxLv", [0m
[1;31m                "ansible_swapfree_mb": 1903, [0m
[1;31m                "ansible_swaptotal_mb": 1951, [0m
[1;31m                "ansible_system": "Linux", [0m
[1;31m                "ansible_system_capabilities": [[0m
[1;31m                    "cap_chown", [0m
[1;31m                    "cap_dac_override", [0m
[1;31m                    "cap_dac_read_search", [0m
[1;31m                    "cap_fowner", [0m
[1;31m                    "cap_fsetid", [0m
[1;31m                    "cap_kill", [0m
[1;31m                    "cap_setgid", [0m
[1;31m                    "cap_setuid", [0m
[1;31m                    "cap_setpcap", [0m
[1;31m                    "cap_linux_immutable", [0m
[1;31m                    "cap_net_bind_service", [0m
[1;31m                    "cap_net_broadcast", [0m
[1;31m                    "cap_net_admin", [0m
[1;31m                    "cap_net_raw", [0m
[1;31m                    "cap_ipc_lock", [0m
[1;31m                    "cap_ipc_owner", [0m
[1;31m                    "cap_sys_module", [0m
[1;31m                    "cap_sys_rawio", [0m
[1;31m                    "cap_sys_chroot", [0m
[1;31m                    "cap_sys_ptrace", [0m
[1;31m                    "cap_sys_pacct", [0m
[1;31m                    "cap_sys_admin", [0m
[1;31m                    "cap_sys_boot", [0m
[1;31m                    "cap_sys_nice", [0m
[1;31m                    "cap_sys_resource", [0m
[1;31m                    "cap_sys_time", [0m
[1;31m                    "cap_sys_tty_config", [0m
[1;31m                    "cap_mknod", [0m
[1;31m                    "cap_lease", [0m
[1;31m                    "cap_audit_write", [0m
[1;31m                    "cap_audit_control", [0m
[1;31m                    "cap_setfcap", [0m
[1;31m                    "cap_mac_override", [0m
[1;31m                    "cap_mac_admin", [0m
[1;31m                    "cap_syslog", [0m
[1;31m                    "cap_wake_alarm", [0m
[1;31m                    "cap_block_suspend", [0m
[1;31m                    "cap_audit_read+ep"[0m
[1;31m                ], [0m
[1;31m                "ansible_system_capabilities_enforced": "True", [0m
[1;31m                "ansible_system_vendor": "VMware, Inc.", [0m
[1;31m                "ansible_uptime_seconds": 6995156, [0m
[1;31m                "ansible_user_dir": "/root", [0m
[1;31m                "ansible_user_gecos": "root", [0m
[1;31m                "ansible_user_gid": 0, [0m
[1;31m                "ansible_user_id": "root", [0m
[1;31m                "ansible_user_shell": "/bin/bash", [0m
[1;31m                "ansible_user_uid": 0, [0m
[1;31m                "ansible_userspace_architecture": "x86_64", [0m
[1;31m                "ansible_userspace_bits": "64", [0m
[1;31m                "ansible_virtualization_role": "guest", [0m
[1;31m                "ansible_virtualization_type": "VMware", [0m
[1;31m                "gather_subset": [[0m
[1;31m                    "all"[0m
[1;31m                ], [0m
[1;31m                "module_setup": true[0m
[1;31m            }, [0m
[1;31m            "changed": false, [0m
[1;31m            "failed": false, [0m
[1;31m            "invocation": {[0m
[1;31m                "module_args": {[0m
[1;31m                    "fact_path": "/etc/ansible/facts.d", [0m
[1;31m                    "filter": "*", [0m
[1;31m                    "gather_subset": [[0m
[1;31m                        "all"[0m
[1;31m                    ], [0m
[1;31m                    "gather_timeout": 10[0m
[1;31m                }[0m
[1;31m            }, [0m
[1;31m            "item": "ldap1.ams.scz.lab.surf.nl"[0m
[1;31m        }, [0m
[1;31m        {[0m
[1;31m            "_ansible_delegated_vars": {[0m
[1;31m                "ansible_delegated_host": "comanage1.ams.scz.lab.surf.nl", [0m
[1;31m                "ansible_host": "comanage1.ams.scz.lab.surf.nl"[0m
[1;31m            }, [0m
[1;31m            "_ansible_ignore_errors": null, [0m
[1;31m            "_ansible_item_label": "comanage1.ams.scz.lab.surf.nl", [0m
[1;31m            "_ansible_item_result": true, [0m
[1;31m            "_ansible_no_log": false, [0m
[1;31m            "_ansible_parsed": true, [0m
[1;31m            "_ansible_verbose_override": true, [0m
[1;31m            "ansible_facts": {[0m
[1;31m                "ansible_all_ipv4_addresses": [[0m
[1;31m                    "145.101.114.3"[0m
[1;31m                ], [0m
[1;31m                "ansible_all_ipv6_addresses": [], [0m
[1;31m                "ansible_apparmor": {[0m
[1;31m                    "status": "disabled"[0m
[1;31m                }, [0m
[1;31m                "ansible_architecture": "x86_64", [0m
[1;31m                "ansible_bios_date": "09/21/2015", [0m
[1;31m                "ansible_bios_version": "6.00", [0m
[1;31m                "ansible_cmdline": {[0m
[1;31m                    "BOOT_IMAGE": "/vmlinuz-4.9.0-8-amd64", [0m
[1;31m                    "quiet": true, [0m
[1;31m                    "ro": true, [0m
[1;31m                    "root": "/dev/mapper/debian87--20170203--surf--vg-root"[0m
[1;31m                }, [0m
[1;31m                "ansible_date_time": {[0m
[1;31m                    "date": "2019-02-15", [0m
[1;31m                    "day": "15", [0m
[1;31m                    "epoch": "1550221410", [0m
[1;31m                    "hour": "09", [0m
[1;31m                    "iso8601": "2019-02-15T09:03:30Z", [0m
[1;31m                    "iso8601_basic": "20190215T090330468470", [0m
[1;31m                    "iso8601_basic_short": "20190215T090330", [0m
[1;31m                    "iso8601_micro": "2019-02-15T09:03:30.468537Z", [0m
[1;31m                    "minute": "03", [0m
[1;31m                    "month": "02", [0m
[1;31m                    "second": "30", [0m
[1;31m                    "time": "09:03:30", [0m
[1;31m                    "tz": "UTC", [0m
[1;31m                    "tz_offset": "+0000", [0m
[1;31m                    "weekday": "Friday", [0m
[1;31m                    "weekday_number": "5", [0m
[1;31m                    "weeknumber": "06", [0m
[1;31m                    "year": "2019"[0m
[1;31m                }, [0m
[1;31m                "ansible_default_ipv4": {[0m
[1;31m                    "address": "145.101.114.3", [0m
[1;31m                    "alias": "eth0", [0m
[1;31m                    "broadcast": "145.101.114.31", [0m
[1;31m                    "gateway": "145.101.114.1", [0m
[1;31m                    "interface": "eth0", [0m
[1;31m                    "macaddress": "00:50:56:95:48:91", [0m
[1;31m                    "mtu": 1500, [0m
[1;31m                    "netmask": "255.255.255.224", [0m
[1;31m                    "network": "145.101.114.0", [0m
[1;31m                    "type": "ether"[0m
[1;31m                }, [0m
[1;31m                "ansible_default_ipv6": {}, [0m
[1;31m                "ansible_device_links": {[0m
[1;31m                    "ids": {[0m
[1;31m                        "dm-0": [[0m
[1;31m                            "dm-name-debian87--20170203--surf--vg-swap", [0m
[1;31m                            "dm-uuid-LVM-2N3noKztpw8Epf4XcxvNlho3IR40EMu9cjRvZmwxANLf62DBJKrTyp02jpAPH5Ys"[0m
[1;31m                        ], [0m
[1;31m                        "dm-1": [[0m
[1;31m                            "dm-name-debian87--20170203--surf--vg-root", [0m
[1;31m                            "dm-uuid-LVM-2N3noKztpw8Epf4XcxvNlho3IR40EMu9Rh6eeq60m44ckhZDoOBTncUwkHezDJdk"[0m
[1;31m                        ], [0m
[1;31m                        "sda5": [[0m
[1;31m                            "lvm-pv-uuid-X7FfdR-qmyj-nmi0-M7YU-Gk1J-0aZ9-Q5q5eT"[0m
[1;31m                        ][0m
[1;31m                    }, [0m
[1;31m                    "labels": {}, [0m
[1;31m                    "masters": {[0m
[1;31m                        "sda5": [[0m
[1;31m                            "dm-0", [0m
[1;31m                            "dm-1"[0m
[1;31m                        ][0m
[1;31m                    }, [0m
[1;31m                    "uuids": {[0m
[1;31m                        "dm-0": [[0m
[1;31m                            "a057b43e-bbfd-4da0-a21d-40fe0b6e5b30"[0m
[1;31m                        ], [0m
[1;31m                        "dm-1": [[0m
[1;31m                            "492ec039-485a-409a-b51d-a288fe1ee7b9"[0m
[1;31m                        ], [0m
[1;31m                        "sda1": [[0m
[1;31m                            "2797c37e-7660-419d-b152-6aeec7beb7bd"[0m
[1;31m                        ][0m
[1;31m                    }[0m
[1;31m                }, [0m
[1;31m                "ansible_devices": {[0m
[1;31m                    "dm-0": {[0m
[1;31m                        "holders": [], [0m
[1;31m                        "host": "", [0m
[1;31m                        "links": {[0m
[1;31m                            "ids": [[0m
[1;31m                                "dm-name-debian87--20170203--surf--vg-swap", [0m
[1;31m                                "dm-uuid-LVM-2N3noKztpw8Epf4XcxvNlho3IR40EMu9cjRvZmwxANLf62DBJKrTyp02jpAPH5Ys"[0m
[1;31m                            ], [0m
[1;31m                            "labels": [], [0m
[1;31m                            "masters": [], [0m
[1;31m                            "uuids": [[0m
[1;31m                                "a057b43e-bbfd-4da0-a21d-40fe0b6e5b30"[0m
[1;31m                            ][0m
[1;31m                        }, [0m
[1;31m                        "model": null, [0m
[1;31m                        "partitions": {}, [0m
[1;31m                        "removable": "0", [0m
[1;31m                        "rotational": "1", [0m
[1;31m                        "sas_address": null, [0m
[1;31m                        "sas_device_handle": null, [0m
[1;31m                        "scheduler_mode": "", [0m
[1;31m                        "sectors": "3997696", [0m
[1;31m                        "sectorsize": "512", [0m
[1;31m                        "size": "1.91 GB", [0m
[1;31m                        "support_discard": "0", [0m
[1;31m                        "vendor": null, [0m
[1;31m                        "virtual": 1[0m
[1;31m                    }, [0m
[1;31m                    "dm-1": {[0m
[1;31m                        "holders": [], [0m
[1;31m                        "host": "", [0m
[1;31m                        "links": {[0m
[1;31m                            "ids": [[0m
[1;31m                                "dm-name-debian87--20170203--surf--vg-root", [0m
[1;31m                                "dm-uuid-LVM-2N3noKztpw8Epf4XcxvNlho3IR40EMu9Rh6eeq60m44ckhZDoOBTncUwkHezDJdk"[0m
[1;31m                            ], [0m
[1;31m                            "labels": [], [0m
[1;31m                            "masters": [], [0m
[1;31m                            "uuids": [[0m
[1;31m                                "492ec039-485a-409a-b51d-a288fe1ee7b9"[0m
[1;31m                            ][0m
[1;31m                        }, [0m
[1;31m                        "model": null, [0m
[1;31m                        "partitions": {}, [0m
[1;31m                        "removable": "0", [0m
[1;31m                        "rotational": "1", [0m
[1;31m                        "sas_address": null, [0m
[1;31m                        "sas_device_handle": null, [0m
[1;31m                        "scheduler_mode": "", [0m
[1;31m                        "sectors": "37437440", [0m
[1;31m                        "sectorsize": "512", [0m
[1;31m                        "size": "17.85 GB", [0m
[1;31m                        "support_discard": "0", [0m
[1;31m                        "vendor": null, [0m
[1;31m                        "virtual": 1[0m
[1;31m                    }, [0m
[1;31m                    "fd0": {[0m
[1;31m                        "holders": [], [0m
[1;31m                        "host": "", [0m
[1;31m                        "links": {[0m
[1;31m                            "ids": [], [0m
[1;31m                            "labels": [], [0m
[1;31m                            "masters": [], [0m
[1;31m                            "uuids": [][0m
[1;31m                        }, [0m
[1;31m                        "model": null, [0m
[1;31m                        "partitions": {}, [0m
[1;31m                        "removable": "1", [0m
[1;31m                        "rotational": "1", [0m
[1;31m                        "sas_address": null, [0m
[1;31m                        "sas_device_handle": null, [0m
[1;31m                        "scheduler_mode": "cfq", [0m
[1;31m                        "sectors": "8", [0m
[1;31m                        "sectorsize": "512", [0m
[1;31m                        "size": "4.00 KB", [0m
[1;31m                        "support_discard": "0", [0m
[1;31m                        "vendor": null, [0m
[1;31m                        "virtual": 1[0m
[1;31m                    }, [0m
[1;31m                    "sda": {[0m
[1;31m                        "holders": [], [0m
[1;31m                        "host": "SCSI storage controller: LSI Logic / Symbios Logic 53c1030 PCI-X Fusion-MPT Dual Ultra320 SCSI (rev 01)", [0m
[1;31m                        "links": {[0m
[1;31m                            "ids": [], [0m
[1;31m                            "labels": [], [0m
[1;31m                            "masters": [], [0m
[1;31m                            "uuids": [][0m
[1;31m                        }, [0m
[1;31m                        "model": "Virtual disk", [0m
[1;31m                        "partitions": {[0m
[1;31m                            "sda1": {[0m
[1;31m                                "holders": [], [0m
[1;31m                                "links": {[0m
[1;31m                                    "ids": [], [0m
[1;31m                                    "labels": [], [0m
[1;31m                                    "masters": [], [0m
[1;31m                                    "uuids": [[0m
[1;31m                                        "2797c37e-7660-419d-b152-6aeec7beb7bd"[0m
[1;31m                                    ][0m
[1;31m                                }, [0m
[1;31m                                "sectors": "497664", [0m
[1;31m                                "sectorsize": 512, [0m
[1;31m                                "size": "243.00 MB", [0m
[1;31m                                "start": "2048", [0m
[1;31m                                "uuid": "2797c37e-7660-419d-b152-6aeec7beb7bd"[0m
[1;31m                            }, [0m
[1;31m                            "sda2": {[0m
[1;31m                                "holders": [], [0m
[1;31m                                "links": {[0m
[1;31m                                    "ids": [], [0m
[1;31m                                    "labels": [], [0m
[1;31m                                    "masters": [], [0m
[1;31m                                    "uuids": [][0m
[1;31m                                }, [0m
[1;31m                                "sectors": "2", [0m
[1;31m                                "sectorsize": 512, [0m
[1;31m                                "size": "1.00 KB", [0m
[1;31m                                "start": "501758", [0m
[1;31m                                "uuid": null[0m
[1;31m                            }, [0m
[1;31m                            "sda5": {[0m
[1;31m                                "holders": [[0m
[1;31m                                    "debian87--20170203--surf--vg-root", [0m
[1;31m                                    "debian87--20170203--surf--vg-swap"[0m
[1;31m                                ], [0m
[1;31m                                "links": {[0m
[1;31m                                    "ids": [[0m
[1;31m                                        "lvm-pv-uuid-X7FfdR-qmyj-nmi0-M7YU-Gk1J-0aZ9-Q5q5eT"[0m
[1;31m                                    ], [0m
[1;31m                                    "labels": [], [0m
[1;31m                                    "masters": [[0m
[1;31m                                        "dm-0", [0m
[1;31m                                        "dm-1"[0m
[1;31m                                    ], [0m
[1;31m                                    "uuids": [][0m
[1;31m                                }, [0m
[1;31m                                "sectors": "41439232", [0m
[1;31m                                "sectorsize": 512, [0m
[1;31m                                "size": "19.76 GB", [0m
[1;31m                                "start": "501760", [0m
[1;31m                                "uuid": null[0m
[1;31m                            }[0m
[1;31m                        }, [0m
[1;31m                        "removable": "0", [0m
[1;31m                        "rotational": "1", [0m
[1;31m                        "sas_address": null, [0m
[1;31m                        "sas_device_handle": null, [0m
[1;31m                        "scheduler_mode": "cfq", [0m
[1;31m                        "sectors": "41943040", [0m
[1;31m                        "sectorsize": "512", [0m
[1;31m                        "size": "20.00 GB", [0m
[1;31m                        "support_discard": "0", [0m
[1;31m                        "vendor": "VMware", [0m
[1;31m                        "virtual": 1[0m
[1;31m                    }[0m
[1;31m                }, [0m
[1;31m                "ansible_distribution": "Debian", [0m
[1;31m                "ansible_distribution_file_parsed": true, [0m
[1;31m                "ansible_distribution_file_path": "/etc/os-release", [0m
[1;31m                "ansible_distribution_file_variety": "Debian", [0m
[1;31m                "ansible_distribution_major_version": "9", [0m
[1;31m                "ansible_distribution_release": "stretch", [0m
[1;31m                "ansible_distribution_version": "9.7", [0m
[1;31m                "ansible_dns": {[0m
[1;31m                    "nameservers": [[0m
[1;31m                        "195.169.124.124", [0m
[1;31m                        "192.87.36.36", [0m
[1;31m                        "192.87.106.106"[0m
[1;31m                    ], [0m
[1;31m                    "search": [[0m
[1;31m                        "ams.scz.lab.surf.nl"[0m
[1;31m                    ][0m
[1;31m                }, [0m
[1;31m                "ansible_domain": "ams.scz.lab.surf.nl", [0m
[1;31m                "ansible_effective_group_id": 0, [0m
[1;31m                "ansible_effective_user_id": 0, [0m
[1;31m                "ansible_env": {[0m
[1;31m                    "HOME": "/root", [0m
[1;31m                    "LANG": "en_US.UTF-8", [0m
[1;31m                    "LC_ADDRESS": "nl_NL.UTF-8", [0m
[1;31m                    "LC_ALL": "en_US.UTF-8", [0m
[1;31m                    "LC_IDENTIFICATION": "nl_NL.UTF-8", [0m
[1;31m                    "LC_MEASUREMENT": "nl_NL.UTF-8", [0m
[1;31m                    "LC_MONETARY": "nl_NL.UTF-8", [0m
[1;31m                    "LC_NAME": "nl_NL.UTF-8", [0m
[1;31m                    "LC_NUMERIC": "nl_NL.UTF-8", [0m
[1;31m                    "LC_PAPER": "nl_NL.UTF-8", [0m
[1;31m                    "LC_TELEPHONE": "nl_NL.UTF-8", [0m
[1;31m                    "LC_TIME": "nl_NL.UTF-8", [0m
[1;31m                    "LC_TYPE": "en_US.UTF-8", [0m
[1;31m                    "LOGNAME": "root", [0m
[1;31m                    "MAIL": "/var/mail/root", [0m
[1;31m                    "PATH": "/usr/local/sbin:/usr/local/bin:/usr/sbin:/usr/bin:/sbin:/bin:/snap/bin", [0m
[1;31m                    "PWD": "/home/martin", [0m
[1;31m                    "SHELL": "/bin/bash", [0m
[1;31m                    "SUDO_COMMAND": "/bin/sh -c echo BECOME-SUCCESS-xwqjswvyiykiyqsniunbcwubezjwigqe; /usr/bin/python", [0m
[1;31m                    "SUDO_GID": "10000", [0m
[1;31m                    "SUDO_UID": "10001", [0m
[1;31m                    "SUDO_USER": "martin", [0m
[1;31m                    "TERM": "unknown", [0m
[1;31m                    "USER": "root", [0m
[1;31m                    "USERNAME": "root"[0m
[1;31m                }, [0m
[1;31m                "ansible_eth0": {[0m
[1;31m                    "active": true, [0m
[1;31m                    "device": "eth0", [0m
[1;31m                    "features": {[0m
[1;31m                        "busy_poll": "off [fixed]", [0m
[1;31m                        "fcoe_mtu": "off [fixed]", [0m
[1;31m                        "generic_receive_offload": "on", [0m
[1;31m                        "generic_segmentation_offload": "on", [0m
[1;31m                        "highdma": "on", [0m
[1;31m                        "hw_tc_offload": "off [fixed]", [0m
[1;31m                        "l2_fwd_offload": "off [fixed]", [0m
[1;31m                        "large_receive_offload": "on", [0m
[1;31m                        "loopback": "off [fixed]", [0m
[1;31m                        "netns_local": "off [fixed]", [0m
[1;31m                        "ntuple_filters": "off [fixed]", [0m
[1;31m                        "receive_hashing": "off [fixed]", [0m
[1;31m                        "rx_all": "off [fixed]", [0m
[1;31m                        "rx_checksumming": "on", [0m
[1;31m                        "rx_fcs": "off [fixed]", [0m
[1;31m                        "rx_vlan_filter": "on [fixed]", [0m
[1;31m                        "rx_vlan_offload": "on", [0m
[1;31m                        "rx_vlan_stag_filter": "off [fixed]", [0m
[1;31m                        "rx_vlan_stag_hw_parse": "off [fixed]", [0m
[1;31m                        "scatter_gather": "on", [0m
[1;31m                        "tcp_segmentation_offload": "on", [0m
[1;31m                        "tx_checksum_fcoe_crc": "off [fixed]", [0m
[1;31m                        "tx_checksum_ip_generic": "on", [0m
[1;31m                        "tx_checksum_ipv4": "off [fixed]", [0m
[1;31m                        "tx_checksum_ipv6": "off [fixed]", [0m
[1;31m                        "tx_checksum_sctp": "off [fixed]", [0m
[1;31m                        "tx_checksumming": "on", [0m
[1;31m                        "tx_fcoe_segmentation": "off [fixed]", [0m
[1;31m                        "tx_gre_csum_segmentation": "off [fixed]", [0m
[1;31m                        "tx_gre_segmentation": "off [fixed]", [0m
[1;31m                        "tx_gso_partial": "off [fixed]", [0m
[1;31m                        "tx_gso_robust": "off [fixed]", [0m
[1;31m                        "tx_ipxip4_segmentation": "off [fixed]", [0m
[1;31m                        "tx_ipxip6_segmentation": "off [fixed]", [0m
[1;31m                        "tx_lockless": "off [fixed]", [0m
[1;31m                        "tx_nocache_copy": "off", [0m
[1;31m                        "tx_scatter_gather": "on", [0m
[1;31m                        "tx_scatter_gather_fraglist": "off [fixed]", [0m
[1;31m                        "tx_sctp_segmentation": "off [fixed]", [0m
[1;31m                        "tx_tcp6_segmentation": "on", [0m
[1;31m                        "tx_tcp_ecn_segmentation": "off [fixed]", [0m
[1;31m                        "tx_tcp_mangleid_segmentation": "off", [0m
[1;31m                        "tx_tcp_segmentation": "on", [0m
[1;31m                        "tx_udp_tnl_csum_segmentation": "off [fixed]", [0m
[1;31m                        "tx_udp_tnl_segmentation": "off [fixed]", [0m
[1;31m                        "tx_vlan_offload": "on", [0m
[1;31m                        "tx_vlan_stag_hw_insert": "off [fixed]", [0m
[1;31m                        "udp_fragmentation_offload": "off [fixed]", [0m
[1;31m                        "vlan_challenged": "off [fixed]"[0m
[1;31m                    }, [0m
[1;31m                    "hw_timestamp_filters": [], [0m
[1;31m                    "ipv4": {[0m
[1;31m                        "address": "145.101.114.3", [0m
[1;31m                        "broadcast": "145.101.114.31", [0m
[1;31m                        "netmask": "255.255.255.224", [0m
[1;31m                        "network": "145.101.114.0"[0m
[1;31m                    }, [0m
[1;31m                    "macaddress": "00:50:56:95:48:91", [0m
[1;31m                    "module": "vmxnet3", [0m
[1;31m                    "mtu": 1500, [0m
[1;31m                    "pciid": "0000:03:00.0", [0m
[1;31m                    "promisc": false, [0m
[1;31m                    "speed": 10000, [0m
[1;31m                    "timestamping": [[0m
[1;31m                        "rx_software", [0m
[1;31m                        "software"[0m
[1;31m                    ], [0m
[1;31m                    "type": "ether"[0m
[1;31m                }, [0m
[1;31m                "ansible_fips": false, [0m
[1;31m                "ansible_form_factor": "Other", [0m
[1;31m                "ansible_fqdn": "comanage1.ams.scz.lab.surf.nl", [0m
[1;31m                "ansible_hostname": "comanage1", [0m
[1;31m                "ansible_interfaces": [[0m
[1;31m                    "lo", [0m
[1;31m                    "eth0"[0m
[1;31m                ], [0m
[1;31m                "ansible_is_chroot": false, [0m
[1;31m                "ansible_iscsi_iqn": "iqn.1993-08.org.debian:01:de7d50eae1a0", [0m
[1;31m                "ansible_kernel": "4.9.0-8-amd64", [0m
[1;31m                "ansible_lo": {[0m
[1;31m                    "active": true, [0m
[1;31m                    "device": "lo", [0m
[1;31m                    "features": {[0m
[1;31m                        "busy_poll": "off [fixed]", [0m
[1;31m                        "fcoe_mtu": "off [fixed]", [0m
[1;31m                        "generic_receive_offload": "on", [0m
[1;31m                        "generic_segmentation_offload": "on", [0m
[1;31m                        "highdma": "on [fixed]", [0m
[1;31m                        "hw_tc_offload": "off [fixed]", [0m
[1;31m                        "l2_fwd_offload": "off [fixed]", [0m
[1;31m                        "large_receive_offload": "off [fixed]", [0m
[1;31m                        "loopback": "on [fixed]", [0m
[1;31m                        "netns_local": "on [fixed]", [0m
[1;31m                        "ntuple_filters": "off [fixed]", [0m
[1;31m                        "receive_hashing": "off [fixed]", [0m
[1;31m                        "rx_all": "off [fixed]", [0m
[1;31m                        "rx_checksumming": "on [fixed]", [0m
[1;31m                        "rx_fcs": "off [fixed]", [0m
[1;31m                        "rx_vlan_filter": "off [fixed]", [0m
[1;31m                        "rx_vlan_offload": "off [fixed]", [0m
[1;31m                        "rx_vlan_stag_filter": "off [fixed]", [0m
[1;31m                        "rx_vlan_stag_hw_parse": "off [fixed]", [0m
[1;31m                        "scatter_gather": "on", [0m
[1;31m                        "tcp_segmentation_offload": "on", [0m
[1;31m                        "tx_checksum_fcoe_crc": "off [fixed]", [0m
[1;31m                        "tx_checksum_ip_generic": "on [fixed]", [0m
[1;31m                        "tx_checksum_ipv4": "off [fixed]", [0m
[1;31m                        "tx_checksum_ipv6": "off [fixed]", [0m
[1;31m                        "tx_checksum_sctp": "on [fixed]", [0m
[1;31m                        "tx_checksumming": "on", [0m
[1;31m                        "tx_fcoe_segmentation": "off [fixed]", [0m
[1;31m                        "tx_gre_csum_segmentation": "off [fixed]", [0m
[1;31m                        "tx_gre_segmentation": "off [fixed]", [0m
[1;31m                        "tx_gso_partial": "off [fixed]", [0m
[1;31m                        "tx_gso_robust": "off [fixed]", [0m
[1;31m                        "tx_ipxip4_segmentation": "off [fixed]", [0m
[1;31m                        "tx_ipxip6_segmentation": "off [fixed]", [0m
[1;31m                        "tx_lockless": "on [fixed]", [0m
[1;31m                        "tx_nocache_copy": "off [fixed]", [0m
[1;31m                        "tx_scatter_gather": "on [fixed]", [0m
[1;31m                        "tx_scatter_gather_fraglist": "on [fixed]", [0m
[1;31m                        "tx_sctp_segmentation": "on", [0m
[1;31m                        "tx_tcp6_segmentation": "on", [0m
[1;31m                        "tx_tcp_ecn_segmentation": "on", [0m
[1;31m                        "tx_tcp_mangleid_segmentation": "on", [0m
[1;31m                        "tx_tcp_segmentation": "on", [0m
[1;31m                        "tx_udp_tnl_csum_segmentation": "off [fixed]", [0m
[1;31m                        "tx_udp_tnl_segmentation": "off [fixed]", [0m
[1;31m                        "tx_vlan_offload": "off [fixed]", [0m
[1;31m                        "tx_vlan_stag_hw_insert": "off [fixed]", [0m
[1;31m                        "udp_fragmentation_offload": "on", [0m
[1;31m                        "vlan_challenged": "on [fixed]"[0m
[1;31m                    }, [0m
[1;31m                    "hw_timestamp_filters": [], [0m
[1;31m                    "ipv4": {[0m
[1;31m                        "address": "127.0.0.1", [0m
[1;31m                        "broadcast": "host", [0m
[1;31m                        "netmask": "255.0.0.0", [0m
[1;31m                        "network": "127.0.0.0"[0m
[1;31m                    }, [0m
[1;31m                    "mtu": 65536, [0m
[1;31m                    "promisc": false, [0m
[1;31m                    "timestamping": [[0m
[1;31m                        "rx_software", [0m
[1;31m                        "software"[0m
[1;31m                    ], [0m
[1;31m                    "type": "loopback"[0m
[1;31m                }, [0m
[1;31m                "ansible_local": {}, [0m
[1;31m                "ansible_lsb": {[0m
[1;31m                    "codename": "stretch", [0m
[1;31m                    "description": "Debian GNU/Linux 9.7 (stretch)", [0m
[1;31m                    "id": "Debian", [0m
[1;31m                    "major_release": "9", [0m
[1;31m                    "release": "9.7"[0m
[1;31m                }, [0m
[1;31m                "ansible_lvm": {[0m
[1;31m                    "lvs": {[0m
[1;31m                        "root": {[0m
[1;31m                            "size_g": "17.85", [0m
[1;31m                            "vg": "debian87-20170203-surf-vg"[0m
[1;31m                        }, [0m
[1;31m                        "swap": {[0m
[1;31m                            "size_g": "1.91", [0m
[1;31m                            "vg": "debian87-20170203-surf-vg"[0m
[1;31m                        }[0m
[1;31m                    }, [0m
[1;31m                    "pvs": {[0m
[1;31m                        "/dev/sda5": {[0m
[1;31m                            "free_g": "0", [0m
[1;31m                            "size_g": "19.76", [0m
[1;31m                            "vg": "debian87-20170203-surf-vg"[0m
[1;31m                        }[0m
[1;31m                    }, [0m
[1;31m                    "vgs": {[0m
[1;31m                        "debian87-20170203-surf-vg": {[0m
[1;31m                            "free_g": "0", [0m
[1;31m                            "num_lvs": "2", [0m
[1;31m                            "num_pvs": "1", [0m
[1;31m                            "size_g": "19.76"[0m
[1;31m                        }[0m
[1;31m                    }[0m
[1;31m                }, [0m
[1;31m                "ansible_machine": "x86_64", [0m
[1;31m                "ansible_machine_id": "3d975702f688466795f94ae6b7d55648", [0m
[1;31m                "ansible_memfree_mb": 162, [0m
[1;31m                "ansible_memory_mb": {[0m
[1;31m                    "nocache": {[0m
[1;31m                        "free": 618, [0m
[1;31m                        "used": 369[0m
[1;31m                    }, [0m
[1;31m                    "real": {[0m
[1;31m                        "free": 162, [0m
[1;31m                        "total": 987, [0m
[1;31m                        "used": 825[0m
[1;31m                    }, [0m
[1;31m                    "swap": {[0m
[1;31m                        "cached": 0, [0m
[1;31m                        "free": 1942, [0m
[1;31m                        "total": 1951, [0m
[1;31m                        "used": 9[0m
[1;31m                    }[0m
[1;31m                }, [0m
[1;31m                "ansible_memtotal_mb": 987, [0m
[1;31m                "ansible_mounts": [[0m
[1;31m                    {[0m
[1;31m                        "block_available": 3367820, [0m
[1;31m                        "block_size": 4096, [0m
[1;31m                        "block_total": 4573377, [0m
[1;31m                        "block_used": 1205557, [0m
[1;31m                        "device": "/dev/mapper/debian87--20170203--surf--vg-root", [0m
[1;31m                        "fstype": "ext4", [0m
[1;31m                        "inode_available": 1059795, [0m
[1;31m                        "inode_total": 1171456, [0m
[1;31m                        "inode_used": 111661, [0m
[1;31m                        "mount": "/", [0m
[1;31m                        "options": "rw,relatime,errors=remount-ro,data=ordered", [0m
[1;31m                        "size_available": 13794590720, [0m
[1;31m                        "size_total": 18732552192, [0m
[1;31m                        "uuid": "492ec039-485a-409a-b51d-a288fe1ee7b9"[0m
[1;31m                    }, [0m
[1;31m                    {[0m
[1;31m                        "block_available": 164781, [0m
[1;31m                        "block_size": 1024, [0m
[1;31m                        "block_total": 240972, [0m
[1;31m                        "block_used": 76191, [0m
[1;31m                        "device": "/dev/sda1", [0m
[1;31m                        "fstype": "ext2", [0m
[1;31m                        "inode_available": 61907, [0m
[1;31m                        "inode_total": 62248, [0m
[1;31m                        "inode_used": 341, [0m
[1;31m                        "mount": "/boot", [0m
[1;31m                        "options": "rw,relatime,block_validity,barrier,user_xattr,acl", [0m
[1;31m                        "size_available": 168735744, [0m
[1;31m                        "size_total": 246755328, [0m
[1;31m                        "uuid": "2797c37e-7660-419d-b152-6aeec7beb7bd"[0m
[1;31m                    }[0m
[1;31m                ], [0m
[1;31m                "ansible_nodename": "comanage1", [0m
[1;31m                "ansible_os_family": "Debian", [0m
[1;31m                "ansible_pkg_mgr": "apt", [0m
[1;31m                "ansible_processor": [[0m
[1;31m                    "0", [0m
[1;31m                    "GenuineIntel", [0m
[1;31m                    "Intel(R) Xeon(R) CPU E5-2680 v3 @ 2.50GHz"[0m
[1;31m                ], [0m
[1;31m                "ansible_processor_cores": 1, [0m
[1;31m                "ansible_processor_count": 1, [0m
[1;31m                "ansible_processor_threads_per_core": 1, [0m
[1;31m                "ansible_processor_vcpus": 1, [0m
[1;31m                "ansible_product_name": "VMware Virtual Platform", [0m
[1;31m                "ansible_product_serial": "VMware-42 15 a2 a9 a8 ed fe 1a-fd 2d ee 86 ef 64 46 5d", [0m
[1;31m                "ansible_product_uuid": "4215A2A9-A8ED-FE1A-FD2D-EE86EF64465D", [0m
[1;31m                "ansible_product_version": "None", [0m
[1;31m                "ansible_python": {[0m
[1;31m                    "executable": "/usr/bin/python", [0m
[1;31m                    "has_sslcontext": true, [0m
[1;31m                    "type": "CPython", [0m
[1;31m                    "version": {[0m
[1;31m                        "major": 2, [0m
[1;31m                        "micro": 13, [0m
[1;31m                        "minor": 7, [0m
[1;31m                        "releaselevel": "final", [0m
[1;31m                        "serial": 0[0m
[1;31m                    }, [0m
[1;31m                    "version_info": [[0m
[1;31m                        2, [0m
[1;31m                        7, [0m
[1;31m                        13, [0m
[1;31m                        "final", [0m
[1;31m                        0[0m
[1;31m                    ][0m
[1;31m                }, [0m
[1;31m                "ansible_python_version": "2.7.13", [0m
[1;31m                "ansible_real_group_id": 0, [0m
[1;31m                "ansible_real_user_id": 0, [0m
[1;31m                "ansible_selinux": {[0m
[1;31m                    "status": "Missing selinux Python library"[0m
[1;31m                }, [0m
[1;31m                "ansible_selinux_python_present": false, [0m
[1;31m                "ansible_service_mgr": "systemd", [0m
[1;31m                "ansible_ssh_host_key_dsa_public": "AAAAB3NzaC1kc3MAAACBAJc9Q9W3qaJ6Ek0FKVv7E8JKFhDM52GJO+DthawfoIlu9k0XV2JvAj8nb1wNYGoLJuB+e/cKhCgGjHhIEmgi/YpAN8HLDalcDnHG/G5SmbsB4RVnb1SilBX6nwNhwwwPuQIF5jyr4XHXVK9UgfTVT79u3tNi8QIXxGiI7u5yEHh9AAAAFQDpW/8PvMrtRzDx49tWtPJVeEjh/wAAAIAiNdMkOkcVlnLXYrBRWIpNtfVL/Wsfb05gx9OwmcWsA0F6grFWhuG1NN/kX1nHO5o6B4HM4JTTflEe1qGmgdMgCOeB8cA6iUElKCQYX/NH7JIpsQfftEFu1OPCqN7NBkyERVZezSW+74RhmKCVPiNlKM4udEQoNvlqWZvEpOpvWQAAAIA9O4CMPlylb1/k0NxwqhMDjH7A1UA+ci3A6Hh0IHW3I9gPl0uWWixKV+EBG7vH0jQUIDMcCpg0znOmYOakKy8JW4kxP5qwLXQS/ZFNfCL7eFxUcep0Bfmyn0C3nFbUj/MgIESHVQgseswZWnGpv6egAkWTDgVtt5ubQdYVznJVow==", [0m
[1;31m                "ansible_ssh_host_key_ecdsa_public": "AAAAE2VjZHNhLXNoYTItbmlzdHAyNTYAAAAIbmlzdHAyNTYAAABBBIwQMhYPd6A0jBd6pjIwHYnXcT0T7k05S953eYyGgeHHW9937LmJ5U+cKvObkfWIMkGiaspXz65sgxhVgiu3cjE=", [0m
[1;31m                "ansible_ssh_host_key_ed25519_public": "AAAAC3NzaC1lZDI1NTE5AAAAIFAecufLF0YXYzeeNegK4DySdOrOXk2yPhmXSEiCjtRQ", [0m
[1;31m                "ansible_ssh_host_key_rsa_public": "AAAAB3NzaC1yc2EAAAADAQABAAABAQDb2Wj6UhIqzgB9ubehN7rULMpfq7My/myTVTQwi+uSmyJeqmbYQ/cQqFf+k+bvADTKEZX/N3fBcgaFpBshXGduZVOIJaY8Gz0CRRanuCyCV1ge2FGprufRMcDviVE/5qTvqIv0N7P1pcDzuMACTeXf1Cihv1Z/Y2RqfmeY9FhlNT7uidfu8yx1jlGfD0v3IWCYsK2zbYW6WEqD98xJOx5LAw6CkiFi7uTIckXue+5C1p35Eq2C8Kar3FWBXC2x5r/ObgwSZ72QnQf/mFOgdJB6z5931il3jf0rDbtVWKHobOwvnSqxm1JlMCy0zALUiwdsnDi5xlTI/s13/436EZMv", [0m
[1;31m                "ansible_swapfree_mb": 1942, [0m
[1;31m                "ansible_swaptotal_mb": 1951, [0m
[1;31m                "ansible_system": "Linux", [0m
[1;31m                "ansible_system_capabilities": [[0m
[1;31m                    "cap_chown", [0m
[1;31m                    "cap_dac_override", [0m
[1;31m                    "cap_dac_read_search", [0m
[1;31m                    "cap_fowner", [0m
[1;31m                    "cap_fsetid", [0m
[1;31m                    "cap_kill", [0m
[1;31m                    "cap_setgid", [0m
[1;31m                    "cap_setuid", [0m
[1;31m                    "cap_setpcap", [0m
[1;31m                    "cap_linux_immutable", [0m
[1;31m                    "cap_net_bind_service", [0m
[1;31m                    "cap_net_broadcast", [0m
[1;31m                    "cap_net_admin", [0m
[1;31m                    "cap_net_raw", [0m
[1;31m                    "cap_ipc_lock", [0m
[1;31m                    "cap_ipc_owner", [0m
[1;31m                    "cap_sys_module", [0m
[1;31m                    "cap_sys_rawio", [0m
[1;31m                    "cap_sys_chroot", [0m
[1;31m                    "cap_sys_ptrace", [0m
[1;31m                    "cap_sys_pacct", [0m
[1;31m                    "cap_sys_admin", [0m
[1;31m                    "cap_sys_boot", [0m
[1;31m                    "cap_sys_nice", [0m
[1;31m                    "cap_sys_resource", [0m
[1;31m                    "cap_sys_time", [0m
[1;31m                    "cap_sys_tty_config", [0m
[1;31m                    "cap_mknod", [0m
[1;31m                    "cap_lease", [0m
[1;31m                    "cap_audit_write", [0m
[1;31m                    "cap_audit_control", [0m
[1;31m                    "cap_setfcap", [0m
[1;31m                    "cap_mac_override", [0m
[1;31m                    "cap_mac_admin", [0m
[1;31m                    "cap_syslog", [0m
[1;31m                    "cap_wake_alarm", [0m
[1;31m                    "cap_block_suspend", [0m
[1;31m                    "cap_audit_read+ep"[0m
[1;31m                ], [0m
[1;31m                "ansible_system_capabilities_enforced": "True", [0m
[1;31m                "ansible_system_vendor": "VMware, Inc.", [0m
[1;31m                "ansible_uptime_seconds": 6995237, [0m
[1;31m                "ansible_user_dir": "/root", [0m
[1;31m                "ansible_user_gecos": "root", [0m
[1;31m                "ansible_user_gid": 0, [0m
[1;31m                "ansible_user_id": "root", [0m
[1;31m                "ansible_user_shell": "/bin/bash", [0m
[1;31m                "ansible_user_uid": 0, [0m
[1;31m                "ansible_userspace_architecture": "x86_64", [0m
[1;31m                "ansible_userspace_bits": "64", [0m
[1;31m                "ansible_virtualization_role": "guest", [0m
[1;31m                "ansible_virtualization_type": "VMware", [0m
[1;31m                "gather_subset": [[0m
[1;31m                    "all"[0m
[1;31m                ], [0m
[1;31m                "module_setup": true[0m
[1;31m            }, [0m
[1;31m            "changed": false, [0m
[1;31m            "failed": false, [0m
[1;31m            "invocation": {[0m
[1;31m                "module_args": {[0m
[1;31m                    "fact_path": "/etc/ansible/facts.d", [0m
[1;31m                    "filter": "*", [0m
[1;31m                    "gather_subset": [[0m
[1;31m                        "all"[0m
[1;31m                    ], [0m
[1;31m                    "gather_timeout": 10[0m
[1;31m                }[0m
[1;31m            }, [0m
[1;31m            "item": "comanage1.ams.scz.lab.surf.nl"[0m
[1;31m        }, [0m
[1;31m        {[0m
[1;31m            "_ansible_delegated_vars": {[0m
[1;31m                "ansible_delegated_host": "meta2.ams.scz.lab.surf.nl", [0m
[1;31m                "ansible_host": "meta2.ams.scz.lab.surf.nl"[0m
[1;31m            }, [0m
[1;31m            "_ansible_ignore_errors": null, [0m
[1;31m            "_ansible_item_label": "meta2.ams.scz.lab.surf.nl", [0m
[1;31m            "_ansible_item_result": true, [0m
[1;31m            "_ansible_no_log": false, [0m
[1;31m            "_ansible_parsed": true, [0m
[1;31m            "_ansible_verbose_override": true, [0m
[1;31m            "ansible_facts": {[0m
[1;31m                "ansible_all_ipv4_addresses": [[0m
[1;31m                    "145.101.114.10"[0m
[1;31m                ], [0m
[1;31m                "ansible_all_ipv6_addresses": [], [0m
[1;31m                "ansible_apparmor": {[0m
[1;31m                    "status": "disabled"[0m
[1;31m                }, [0m
[1;31m                "ansible_architecture": "x86_64", [0m
[1;31m                "ansible_bios_date": "09/21/2015", [0m
[1;31m                "ansible_bios_version": "6.00", [0m
[1;31m                "ansible_cmdline": {[0m
[1;31m                    "BOOT_IMAGE": "/vmlinuz-4.9.0-8-amd64", [0m
[1;31m                    "quiet": true, [0m
[1;31m                    "ro": true, [0m
[1;31m                    "root": "/dev/mapper/debian87--20170203--surf--vg-root"[0m
[1;31m                }, [0m
[1;31m                "ansible_date_time": {[0m
[1;31m                    "date": "2019-02-15", [0m
[1;31m                    "day": "15", [0m
[1;31m                    "epoch": "1550221411", [0m
[1;31m                    "hour": "09", [0m
[1;31m                    "iso8601": "2019-02-15T09:03:31Z", [0m
[1;31m                    "iso8601_basic": "20190215T090331078354", [0m
[1;31m                    "iso8601_basic_short": "20190215T090331", [0m
[1;31m                    "iso8601_micro": "2019-02-15T09:03:31.078421Z", [0m
[1;31m                    "minute": "03", [0m
[1;31m                    "month": "02", [0m
[1;31m                    "second": "31", [0m
[1;31m                    "time": "09:03:31", [0m
[1;31m                    "tz": "UTC", [0m
[1;31m                    "tz_offset": "+0000", [0m
[1;31m                    "weekday": "Friday", [0m
[1;31m                    "weekday_number": "5", [0m
[1;31m                    "weeknumber": "06", [0m
[1;31m                    "year": "2019"[0m
[1;31m                }, [0m
[1;31m                "ansible_default_ipv4": {[0m
[1;31m                    "address": "145.101.114.10", [0m
[1;31m                    "alias": "eth0", [0m
[1;31m                    "broadcast": "145.101.114.31", [0m
[1;31m                    "gateway": "145.101.114.1", [0m
[1;31m                    "interface": "eth0", [0m
[1;31m                    "macaddress": "00:50:56:95:00:22", [0m
[1;31m                    "mtu": 1500, [0m
[1;31m                    "netmask": "255.255.255.224", [0m
[1;31m                    "network": "145.101.114.0", [0m
[1;31m                    "type": "ether"[0m
[1;31m                }, [0m
[1;31m                "ansible_default_ipv6": {}, [0m
[1;31m                "ansible_device_links": {[0m
[1;31m                    "ids": {[0m
[1;31m                        "dm-0": [[0m
[1;31m                            "dm-name-debian87--20170203--surf--vg-swap", [0m
[1;31m                            "dm-uuid-LVM-2N3noKztpw8Epf4XcxvNlho3IR40EMu9cjRvZmwxANLf62DBJKrTyp02jpAPH5Ys"[0m
[1;31m                        ], [0m
[1;31m                        "dm-1": [[0m
[1;31m                            "dm-name-debian87--20170203--surf--vg-root", [0m
[1;31m                            "dm-uuid-LVM-2N3noKztpw8Epf4XcxvNlho3IR40EMu9Rh6eeq60m44ckhZDoOBTncUwkHezDJdk"[0m
[1;31m                        ], [0m
[1;31m                        "sda5": [[0m
[1;31m                            "lvm-pv-uuid-X7FfdR-qmyj-nmi0-M7YU-Gk1J-0aZ9-Q5q5eT"[0m
[1;31m                        ][0m
[1;31m                    }, [0m
[1;31m                    "labels": {}, [0m
[1;31m                    "masters": {[0m
[1;31m                        "sda5": [[0m
[1;31m                            "dm-0", [0m
[1;31m                            "dm-1"[0m
[1;31m                        ][0m
[1;31m                    }, [0m
[1;31m                    "uuids": {[0m
[1;31m                        "dm-0": [[0m
[1;31m                            "a057b43e-bbfd-4da0-a21d-40fe0b6e5b30"[0m
[1;31m                        ], [0m
[1;31m                        "dm-1": [[0m
[1;31m                            "492ec039-485a-409a-b51d-a288fe1ee7b9"[0m
[1;31m                        ], [0m
[1;31m                        "sda1": [[0m
[1;31m                            "2797c37e-7660-419d-b152-6aeec7beb7bd"[0m
[1;31m                        ][0m
[1;31m                    }[0m
[1;31m                }, [0m
[1;31m                "ansible_devices": {[0m
[1;31m                    "dm-0": {[0m
[1;31m                        "holders": [], [0m
[1;31m                        "host": "", [0m
[1;31m                        "links": {[0m
[1;31m                            "ids": [[0m
[1;31m                                "dm-name-debian87--20170203--surf--vg-swap", [0m
[1;31m                                "dm-uuid-LVM-2N3noKztpw8Epf4XcxvNlho3IR40EMu9cjRvZmwxANLf62DBJKrTyp02jpAPH5Ys"[0m
[1;31m                            ], [0m
[1;31m                            "labels": [], [0m
[1;31m                            "masters": [], [0m
[1;31m                            "uuids": [[0m
[1;31m                                "a057b43e-bbfd-4da0-a21d-40fe0b6e5b30"[0m
[1;31m                            ][0m
[1;31m                        }, [0m
[1;31m                        "model": null, [0m
[1;31m                        "partitions": {}, [0m
[1;31m                        "removable": "0", [0m
[1;31m                        "rotational": "1", [0m
[1;31m                        "sas_address": null, [0m
[1;31m                        "sas_device_handle": null, [0m
[1;31m                        "scheduler_mode": "", [0m
[1;31m                        "sectors": "3997696", [0m
[1;31m                        "sectorsize": "512", [0m
[1;31m                        "size": "1.91 GB", [0m
[1;31m                        "support_discard": "0", [0m
[1;31m                        "vendor": null, [0m
[1;31m                        "virtual": 1[0m
[1;31m                    }, [0m
[1;31m                    "dm-1": {[0m
[1;31m                        "holders": [], [0m
[1;31m                        "host": "", [0m
[1;31m                        "links": {[0m
[1;31m                            "ids": [[0m
[1;31m                                "dm-name-debian87--20170203--surf--vg-root", [0m
[1;31m                                "dm-uuid-LVM-2N3noKztpw8Epf4XcxvNlho3IR40EMu9Rh6eeq60m44ckhZDoOBTncUwkHezDJdk"[0m
[1;31m                            ], [0m
[1;31m                            "labels": [], [0m
[1;31m                            "masters": [], [0m
[1;31m                            "uuids": [[0m
[1;31m                                "492ec039-485a-409a-b51d-a288fe1ee7b9"[0m
[1;31m                            ][0m
[1;31m                        }, [0m
[1;31m                        "model": null, [0m
[1;31m                        "partitions": {}, [0m
[1;31m                        "removable": "0", [0m
[1;31m                        "rotational": "1", [0m
[1;31m                        "sas_address": null, [0m
[1;31m                        "sas_device_handle": null, [0m
[1;31m                        "scheduler_mode": "", [0m
[1;31m                        "sectors": "37437440", [0m
[1;31m                        "sectorsize": "512", [0m
[1;31m                        "size": "17.85 GB", [0m
[1;31m                        "support_discard": "0", [0m
[1;31m                        "vendor": null, [0m
[1;31m                        "virtual": 1[0m
[1;31m                    }, [0m
[1;31m                    "fd0": {[0m
[1;31m                        "holders": [], [0m
[1;31m                        "host": "", [0m
[1;31m                        "links": {[0m
[1;31m                            "ids": [], [0m
[1;31m                            "labels": [], [0m
[1;31m                            "masters": [], [0m
[1;31m                            "uuids": [][0m
[1;31m                        }, [0m
[1;31m                        "model": null, [0m
[1;31m                        "partitions": {}, [0m
[1;31m                        "removable": "1", [0m
[1;31m                        "rotational": "1", [0m
[1;31m                        "sas_address": null, [0m
[1;31m                        "sas_device_handle": null, [0m
[1;31m                        "scheduler_mode": "cfq", [0m
[1;31m                        "sectors": "8", [0m
[1;31m                        "sectorsize": "512", [0m
[1;31m                        "size": "4.00 KB", [0m
[1;31m                        "support_discard": "0", [0m
[1;31m                        "vendor": null, [0m
[1;31m                        "virtual": 1[0m
[1;31m                    }, [0m
[1;31m                    "sda": {[0m
[1;31m                        "holders": [], [0m
[1;31m                        "host": "SCSI storage controller: LSI Logic / Symbios Logic 53c1030 PCI-X Fusion-MPT Dual Ultra320 SCSI (rev 01)", [0m
[1;31m                        "links": {[0m
[1;31m                            "ids": [], [0m
[1;31m                            "labels": [], [0m
[1;31m                            "masters": [], [0m
[1;31m                            "uuids": [][0m
[1;31m                        }, [0m
[1;31m                        "model": "Virtual disk", [0m
[1;31m                        "partitions": {[0m
[1;31m                            "sda1": {[0m
[1;31m                                "holders": [], [0m
[1;31m                                "links": {[0m
[1;31m                                    "ids": [], [0m
[1;31m                                    "labels": [], [0m
[1;31m                                    "masters": [], [0m
[1;31m                                    "uuids": [[0m
[1;31m                                        "2797c37e-7660-419d-b152-6aeec7beb7bd"[0m
[1;31m                                    ][0m
[1;31m                                }, [0m
[1;31m                                "sectors": "497664", [0m
[1;31m                                "sectorsize": 512, [0m
[1;31m                                "size": "243.00 MB", [0m
[1;31m                                "start": "2048", [0m
[1;31m                                "uuid": "2797c37e-7660-419d-b152-6aeec7beb7bd"[0m
[1;31m                            }, [0m
[1;31m                            "sda2": {[0m
[1;31m                                "holders": [], [0m
[1;31m                                "links": {[0m
[1;31m                                    "ids": [], [0m
[1;31m                                    "labels": [], [0m
[1;31m                                    "masters": [], [0m
[1;31m                                    "uuids": [][0m
[1;31m                                }, [0m
[1;31m                                "sectors": "2", [0m
[1;31m                                "sectorsize": 512, [0m
[1;31m                                "size": "1.00 KB", [0m
[1;31m                                "start": "501758", [0m
[1;31m                                "uuid": null[0m
[1;31m                            }, [0m
[1;31m                            "sda5": {[0m
[1;31m                                "holders": [[0m
[1;31m                                    "debian87--20170203--surf--vg-root", [0m
[1;31m                                    "debian87--20170203--surf--vg-swap"[0m
[1;31m                                ], [0m
[1;31m                                "links": {[0m
[1;31m                                    "ids": [[0m
[1;31m                                        "lvm-pv-uuid-X7FfdR-qmyj-nmi0-M7YU-Gk1J-0aZ9-Q5q5eT"[0m
[1;31m                                    ], [0m
[1;31m                                    "labels": [], [0m
[1;31m                                    "masters": [[0m
[1;31m                                        "dm-0", [0m
[1;31m                                        "dm-1"[0m
[1;31m                                    ], [0m
[1;31m                                    "uuids": [][0m
[1;31m                                }, [0m
[1;31m                                "sectors": "41439232", [0m
[1;31m                                "sectorsize": 512, [0m
[1;31m                                "size": "19.76 GB", [0m
[1;31m                                "start": "501760", [0m
[1;31m                                "uuid": null[0m
[1;31m                            }[0m
[1;31m                        }, [0m
[1;31m                        "removable": "0", [0m
[1;31m                        "rotational": "1", [0m
[1;31m                        "sas_address": null, [0m
[1;31m                        "sas_device_handle": null, [0m
[1;31m                        "scheduler_mode": "cfq", [0m
[1;31m                        "sectors": "41943040", [0m
[1;31m                        "sectorsize": "512", [0m
[1;31m                        "size": "20.00 GB", [0m
[1;31m                        "support_discard": "0", [0m
[1;31m                        "vendor": "VMware", [0m
[1;31m                        "virtual": 1[0m
[1;31m                    }[0m
[1;31m                }, [0m
[1;31m                "ansible_distribution": "Debian", [0m
[1;31m                "ansible_distribution_file_parsed": true, [0m
[1;31m                "ansible_distribution_file_path": "/etc/os-release", [0m
[1;31m                "ansible_distribution_file_variety": "Debian", [0m
[1;31m                "ansible_distribution_major_version": "9", [0m
[1;31m                "ansible_distribution_release": "stretch", [0m
[1;31m                "ansible_distribution_version": "9.7", [0m
[1;31m                "ansible_dns": {[0m
[1;31m                    "nameservers": [[0m
[1;31m                        "195.169.124.124", [0m
[1;31m                        "192.87.36.36", [0m
[1;31m                        "192.87.106.106"[0m
[1;31m                    ], [0m
[1;31m                    "search": [[0m
[1;31m                        "ams.scz.lab.surf.nl"[0m
[1;31m                    ][0m
[1;31m                }, [0m
[1;31m                "ansible_domain": "ams.scz.lab.surf.nl", [0m
[1;31m                "ansible_effective_group_id": 0, [0m
[1;31m                "ansible_effective_user_id": 0, [0m
[1;31m                "ansible_env": {[0m
[1;31m                    "HOME": "/root", [0m
[1;31m                    "LANG": "en_US.UTF-8", [0m
[1;31m                    "LC_ADDRESS": "nl_NL.UTF-8", [0m
[1;31m                    "LC_ALL": "en_US.UTF-8", [0m
[1;31m                    "LC_IDENTIFICATION": "nl_NL.UTF-8", [0m
[1;31m                    "LC_MEASUREMENT": "nl_NL.UTF-8", [0m
[1;31m                    "LC_MONETARY": "nl_NL.UTF-8", [0m
[1;31m                    "LC_NAME": "nl_NL.UTF-8", [0m
[1;31m                    "LC_NUMERIC": "nl_NL.UTF-8", [0m
[1;31m                    "LC_PAPER": "nl_NL.UTF-8", [0m
[1;31m                    "LC_TELEPHONE": "nl_NL.UTF-8", [0m
[1;31m                    "LC_TIME": "nl_NL.UTF-8", [0m
[1;31m                    "LC_TYPE": "en_US.UTF-8", [0m
[1;31m                    "LOGNAME": "root", [0m
[1;31m                    "MAIL": "/var/mail/root", [0m
[1;31m                    "PATH": "/usr/local/sbin:/usr/local/bin:/usr/sbin:/usr/bin:/sbin:/bin:/snap/bin", [0m
[1;31m                    "PWD": "/home/martin", [0m
[1;31m                    "SHELL": "/bin/bash", [0m
[1;31m                    "SUDO_COMMAND": "/bin/sh -c echo BECOME-SUCCESS-knvvqplkycvsyimzhdnrgrpumfxutwzs; /usr/bin/python", [0m
[1;31m                    "SUDO_GID": "10002", [0m
[1;31m                    "SUDO_UID": "10001", [0m
[1;31m                    "SUDO_USER": "martin", [0m
[1;31m                    "TERM": "unknown", [0m
[1;31m                    "USER": "root", [0m
[1;31m                    "USERNAME": "root"[0m
[1;31m                }, [0m
[1;31m                "ansible_eth0": {[0m
[1;31m                    "active": true, [0m
[1;31m                    "device": "eth0", [0m
[1;31m                    "features": {[0m
[1;31m                        "busy_poll": "off [fixed]", [0m
[1;31m                        "fcoe_mtu": "off [fixed]", [0m
[1;31m                        "generic_receive_offload": "on", [0m
[1;31m                        "generic_segmentation_offload": "on", [0m
[1;31m                        "highdma": "on", [0m
[1;31m                        "hw_tc_offload": "off [fixed]", [0m
[1;31m                        "l2_fwd_offload": "off [fixed]", [0m
[1;31m                        "large_receive_offload": "on", [0m
[1;31m                        "loopback": "off [fixed]", [0m
[1;31m                        "netns_local": "off [fixed]", [0m
[1;31m                        "ntuple_filters": "off [fixed]", [0m
[1;31m                        "receive_hashing": "off [fixed]", [0m
[1;31m                        "rx_all": "off [fixed]", [0m
[1;31m                        "rx_checksumming": "on", [0m
[1;31m                        "rx_fcs": "off [fixed]", [0m
[1;31m                        "rx_vlan_filter": "on [fixed]", [0m
[1;31m                        "rx_vlan_offload": "on", [0m
[1;31m                        "rx_vlan_stag_filter": "off [fixed]", [0m
[1;31m                        "rx_vlan_stag_hw_parse": "off [fixed]", [0m
[1;31m                        "scatter_gather": "on", [0m
[1;31m                        "tcp_segmentation_offload": "on", [0m
[1;31m                        "tx_checksum_fcoe_crc": "off [fixed]", [0m
[1;31m                        "tx_checksum_ip_generic": "on", [0m
[1;31m                        "tx_checksum_ipv4": "off [fixed]", [0m
[1;31m                        "tx_checksum_ipv6": "off [fixed]", [0m
[1;31m                        "tx_checksum_sctp": "off [fixed]", [0m
[1;31m                        "tx_checksumming": "on", [0m
[1;31m                        "tx_fcoe_segmentation": "off [fixed]", [0m
[1;31m                        "tx_gre_csum_segmentation": "off [fixed]", [0m
[1;31m                        "tx_gre_segmentation": "off [fixed]", [0m
[1;31m                        "tx_gso_partial": "off [fixed]", [0m
[1;31m                        "tx_gso_robust": "off [fixed]", [0m
[1;31m                        "tx_ipxip4_segmentation": "off [fixed]", [0m
[1;31m                        "tx_ipxip6_segmentation": "off [fixed]", [0m
[1;31m                        "tx_lockless": "off [fixed]", [0m
[1;31m                        "tx_nocache_copy": "off", [0m
[1;31m                        "tx_scatter_gather": "on", [0m
[1;31m                        "tx_scatter_gather_fraglist": "off [fixed]", [0m
[1;31m                        "tx_sctp_segmentation": "off [fixed]", [0m
[1;31m                        "tx_tcp6_segmentation": "on", [0m
[1;31m                        "tx_tcp_ecn_segmentation": "off [fixed]", [0m
[1;31m                        "tx_tcp_mangleid_segmentation": "off", [0m
[1;31m                        "tx_tcp_segmentation": "on", [0m
[1;31m                        "tx_udp_tnl_csum_segmentation": "off [fixed]", [0m
[1;31m                        "tx_udp_tnl_segmentation": "off [fixed]", [0m
[1;31m                        "tx_vlan_offload": "on", [0m
[1;31m                        "tx_vlan_stag_hw_insert": "off [fixed]", [0m
[1;31m                        "udp_fragmentation_offload": "off [fixed]", [0m
[1;31m                        "vlan_challenged": "off [fixed]"[0m
[1;31m                    }, [0m
[1;31m                    "hw_timestamp_filters": [], [0m
[1;31m                    "ipv4": {[0m
[1;31m                        "address": "145.101.114.10", [0m
[1;31m                        "broadcast": "145.101.114.31", [0m
[1;31m                        "netmask": "255.255.255.224", [0m
[1;31m                        "network": "145.101.114.0"[0m
[1;31m                    }, [0m
[1;31m                    "macaddress": "00:50:56:95:00:22", [0m
[1;31m                    "module": "vmxnet3", [0m
[1;31m                    "mtu": 1500, [0m
[1;31m                    "pciid": "0000:03:00.0", [0m
[1;31m                    "promisc": false, [0m
[1;31m                    "speed": 10000, [0m
[1;31m                    "timestamping": [[0m
[1;31m                        "rx_software", [0m
[1;31m                        "software"[0m
[1;31m                    ], [0m
[1;31m                    "type": "ether"[0m
[1;31m                }, [0m
[1;31m                "ansible_fips": false, [0m
[1;31m                "ansible_form_factor": "Other", [0m
[1;31m                "ansible_fqdn": "meta2.ams.scz.lab.surf.nl", [0m
[1;31m                "ansible_hostname": "meta2", [0m
[1;31m                "ansible_interfaces": [[0m
[1;31m                    "lo", [0m
[1;31m                    "eth0"[0m
[1;31m                ], [0m
[1;31m                "ansible_is_chroot": false, [0m
[1;31m                "ansible_iscsi_iqn": "iqn.1993-08.org.debian:01:de7d50eae1a0", [0m
[1;31m                "ansible_kernel": "4.9.0-8-amd64", [0m
[1;31m                "ansible_lo": {[0m
[1;31m                    "active": true, [0m
[1;31m                    "device": "lo", [0m
[1;31m                    "features": {[0m
[1;31m                        "busy_poll": "off [fixed]", [0m
[1;31m                        "fcoe_mtu": "off [fixed]", [0m
[1;31m                        "generic_receive_offload": "on", [0m
[1;31m                        "generic_segmentation_offload": "on", [0m
[1;31m                        "highdma": "on [fixed]", [0m
[1;31m                        "hw_tc_offload": "off [fixed]", [0m
[1;31m                        "l2_fwd_offload": "off [fixed]", [0m
[1;31m                        "large_receive_offload": "off [fixed]", [0m
[1;31m                        "loopback": "on [fixed]", [0m
[1;31m                        "netns_local": "on [fixed]", [0m
[1;31m                        "ntuple_filters": "off [fixed]", [0m
[1;31m                        "receive_hashing": "off [fixed]", [0m
[1;31m                        "rx_all": "off [fixed]", [0m
[1;31m                        "rx_checksumming": "on [fixed]", [0m
[1;31m                        "rx_fcs": "off [fixed]", [0m
[1;31m                        "rx_vlan_filter": "off [fixed]", [0m
[1;31m                        "rx_vlan_offload": "off [fixed]", [0m
[1;31m                        "rx_vlan_stag_filter": "off [fixed]", [0m
[1;31m                        "rx_vlan_stag_hw_parse": "off [fixed]", [0m
[1;31m                        "scatter_gather": "on", [0m
[1;31m                        "tcp_segmentation_offload": "on", [0m
[1;31m                        "tx_checksum_fcoe_crc": "off [fixed]", [0m
[1;31m                        "tx_checksum_ip_generic": "on [fixed]", [0m
[1;31m                        "tx_checksum_ipv4": "off [fixed]", [0m
[1;31m                        "tx_checksum_ipv6": "off [fixed]", [0m
[1;31m                        "tx_checksum_sctp": "on [fixed]", [0m
[1;31m                        "tx_checksumming": "on", [0m
[1;31m                        "tx_fcoe_segmentation": "off [fixed]", [0m
[1;31m                        "tx_gre_csum_segmentation": "off [fixed]", [0m
[1;31m                        "tx_gre_segmentation": "off [fixed]", [0m
[1;31m                        "tx_gso_partial": "off [fixed]", [0m
[1;31m                        "tx_gso_robust": "off [fixed]", [0m
[1;31m                        "tx_ipxip4_segmentation": "off [fixed]", [0m
[1;31m                        "tx_ipxip6_segmentation": "off [fixed]", [0m
[1;31m                        "tx_lockless": "on [fixed]", [0m
[1;31m                        "tx_nocache_copy": "off [fixed]", [0m
[1;31m                        "tx_scatter_gather": "on [fixed]", [0m
[1;31m                        "tx_scatter_gather_fraglist": "on [fixed]", [0m
[1;31m                        "tx_sctp_segmentation": "on", [0m
[1;31m                        "tx_tcp6_segmentation": "on", [0m
[1;31m                        "tx_tcp_ecn_segmentation": "on", [0m
[1;31m                        "tx_tcp_mangleid_segmentation": "on", [0m
[1;31m                        "tx_tcp_segmentation": "on", [0m
[1;31m                        "tx_udp_tnl_csum_segmentation": "off [fixed]", [0m
[1;31m                        "tx_udp_tnl_segmentation": "off [fixed]", [0m
[1;31m                        "tx_vlan_offload": "off [fixed]", [0m
[1;31m                        "tx_vlan_stag_hw_insert": "off [fixed]", [0m
[1;31m                        "udp_fragmentation_offload": "on", [0m
[1;31m                        "vlan_challenged": "on [fixed]"[0m
[1;31m                    }, [0m
[1;31m                    "hw_timestamp_filters": [], [0m
[1;31m                    "ipv4": {[0m
[1;31m                        "address": "127.0.0.1", [0m
[1;31m                        "broadcast": "host", [0m
[1;31m                        "netmask": "255.0.0.0", [0m
[1;31m                        "network": "127.0.0.0"[0m
[1;31m                    }, [0m
[1;31m                    "mtu": 65536, [0m
[1;31m                    "promisc": false, [0m
[1;31m                    "timestamping": [[0m
[1;31m                        "rx_software", [0m
[1;31m                        "software"[0m
[1;31m                    ], [0m
[1;31m                    "type": "loopback"[0m
[1;31m                }, [0m
[1;31m                "ansible_local": {}, [0m
[1;31m                "ansible_lsb": {[0m
[1;31m                    "codename": "stretch", [0m
[1;31m                    "description": "Debian GNU/Linux 9.7 (stretch)", [0m
[1;31m                    "id": "Debian", [0m
[1;31m                    "major_release": "9", [0m
[1;31m                    "release": "9.7"[0m
[1;31m                }, [0m
[1;31m                "ansible_lvm": {[0m
[1;31m                    "lvs": {[0m
[1;31m                        "root": {[0m
[1;31m                            "size_g": "17.85", [0m
[1;31m                            "vg": "debian87-20170203-surf-vg"[0m
[1;31m                        }, [0m
[1;31m                        "swap": {[0m
[1;31m                            "size_g": "1.91", [0m
[1;31m                            "vg": "debian87-20170203-surf-vg"[0m
[1;31m                        }[0m
[1;31m                    }, [0m
[1;31m                    "pvs": {[0m
[1;31m                        "/dev/sda5": {[0m
[1;31m                            "free_g": "0", [0m
[1;31m                            "size_g": "19.76", [0m
[1;31m                            "vg": "debian87-20170203-surf-vg"[0m
[1;31m                        }[0m
[1;31m                    }, [0m
[1;31m                    "vgs": {[0m
[1;31m                        "debian87-20170203-surf-vg": {[0m
[1;31m                            "free_g": "0", [0m
[1;31m                            "num_lvs": "2", [0m
[1;31m                            "num_pvs": "1", [0m
[1;31m                            "size_g": "19.76"[0m
[1;31m                        }[0m
[1;31m                    }[0m
[1;31m                }, [0m
[1;31m                "ansible_machine": "x86_64", [0m
[1;31m                "ansible_machine_id": "3d975702f688466795f94ae6b7d55648", [0m
[1;31m                "ansible_memfree_mb": 979, [0m
[1;31m                "ansible_memory_mb": {[0m
[1;31m                    "nocache": {[0m
[1;31m                        "free": 1820, [0m
[1;31m                        "used": 175[0m
[1;31m                    }, [0m
[1;31m                    "real": {[0m
[1;31m                        "free": 979, [0m
[1;31m                        "total": 1995, [0m
[1;31m                        "used": 1016[0m
[1;31m                    }, [0m
[1;31m                    "swap": {[0m
[1;31m                        "cached": 0, [0m
[1;31m                        "free": 1951, [0m
[1;31m                        "total": 1951, [0m
[1;31m                        "used": 0[0m
[1;31m                    }[0m
[1;31m                }, [0m
[1;31m                "ansible_memtotal_mb": 1995, [0m
[1;31m                "ansible_mounts": [[0m
[1;31m                    {[0m
[1;31m                        "block_available": 3576808, [0m
[1;31m                        "block_size": 4096, [0m
[1;31m                        "block_total": 4573377, [0m
[1;31m                        "block_used": 996569, [0m
[1;31m                        "device": "/dev/mapper/debian87--20170203--surf--vg-root", [0m
[1;31m                        "fstype": "ext4", [0m
[1;31m                        "inode_available": 1072106, [0m
[1;31m                        "inode_total": 1171456, [0m
[1;31m                        "inode_used": 99350, [0m
[1;31m                        "mount": "/", [0m
[1;31m                        "options": "rw,relatime,errors=remount-ro,data=ordered", [0m
[1;31m                        "size_available": 14650605568, [0m
[1;31m                        "size_total": 18732552192, [0m
[1;31m                        "uuid": "492ec039-485a-409a-b51d-a288fe1ee7b9"[0m
[1;31m                    }, [0m
[1;31m                    {[0m
[1;31m                        "block_available": 164782, [0m
[1;31m                        "block_size": 1024, [0m
[1;31m                        "block_total": 240972, [0m
[1;31m                        "block_used": 76190, [0m
[1;31m                        "device": "/dev/sda1", [0m
[1;31m                        "fstype": "ext2", [0m
[1;31m                        "inode_available": 61907, [0m
[1;31m                        "inode_total": 62248, [0m
[1;31m                        "inode_used": 341, [0m
[1;31m                        "mount": "/boot", [0m
[1;31m                        "options": "rw,relatime,block_validity,barrier,user_xattr,acl", [0m
[1;31m                        "size_available": 168736768, [0m
[1;31m                        "size_total": 246755328, [0m
[1;31m                        "uuid": "2797c37e-7660-419d-b152-6aeec7beb7bd"[0m
[1;31m                    }[0m
[1;31m                ], [0m
[1;31m                "ansible_nodename": "meta2", [0m
[1;31m                "ansible_os_family": "Debian", [0m
[1;31m                "ansible_pkg_mgr": "apt", [0m
[1;31m                "ansible_processor": [[0m
[1;31m                    "0", [0m
[1;31m                    "GenuineIntel", [0m
[1;31m                    "Intel(R) Xeon(R) CPU E5-2680 v4 @ 2.40GHz"[0m
[1;31m                ], [0m
[1;31m                "ansible_processor_cores": 1, [0m
[1;31m                "ansible_processor_count": 1, [0m
[1;31m                "ansible_processor_threads_per_core": 1, [0m
[1;31m                "ansible_processor_vcpus": 1, [0m
[1;31m                "ansible_product_name": "VMware Virtual Platform", [0m
[1;31m                "ansible_product_serial": "VMware-42 15 b9 38 18 5b 21 54-12 de 04 8b 70 6b b5 67", [0m
[1;31m                "ansible_product_uuid": "4215B938-185B-2154-12DE-048B706BB567", [0m
[1;31m                "ansible_product_version": "None", [0m
[1;31m                "ansible_python": {[0m
[1;31m                    "executable": "/usr/bin/python", [0m
[1;31m                    "has_sslcontext": true, [0m
[1;31m                    "type": "CPython", [0m
[1;31m                    "version": {[0m
[1;31m                        "major": 2, [0m
[1;31m                        "micro": 13, [0m
[1;31m                        "minor": 7, [0m
[1;31m                        "releaselevel": "final", [0m
[1;31m                        "serial": 0[0m
[1;31m                    }, [0m
[1;31m                    "version_info": [[0m
[1;31m                        2, [0m
[1;31m                        7, [0m
[1;31m                        13, [0m
[1;31m                        "final", [0m
[1;31m                        0[0m
[1;31m                    ][0m
[1;31m                }, [0m
[1;31m                "ansible_python_version": "2.7.13", [0m
[1;31m                "ansible_real_group_id": 0, [0m
[1;31m                "ansible_real_user_id": 0, [0m
[1;31m                "ansible_selinux": {[0m
[1;31m                    "status": "Missing selinux Python library"[0m
[1;31m                }, [0m
[1;31m                "ansible_selinux_python_present": false, [0m
[1;31m                "ansible_service_mgr": "systemd", [0m
[1;31m                "ansible_ssh_host_key_dsa_public": "AAAAB3NzaC1kc3MAAACBANKqPhN+W+9enW4A2WfSe5rEzT5BdLVgRHQa843PHHAfdt+BmADPU9ZEiIU+u8FslLFa9z6FbTLWEth16z8T07wdiKOHniDMUrXqa4OIgsN46/wrkmy1T+r5E16+/oVcMkDsej8mArnkpnifSLP5ki7aKAxYgVHgiUZtQ7AeCr9XAAAAFQCJ+/AtNBtVXLCfpeAVhROJgenN+QAAAIEAgJtTKimE3Qe4heK8BzcNA9/FKLgInzNQismXbEfhFL3Q8/p4DHGYkkXrgfITmYkfKKfBMh+0kIbhYjq1CUOIGJACxK5d4tXKdr4c/OIkn+7tCubRsLfaNhmVO/27htBdqVb446Ygx276beHyLz3wLrvy77N1Ixzfg73VRXYfGdMAAACAM7E0KdpDpzcVsOWHbUdxVDymusjwJOmtTaUeKBghODQHTwZb16R/KStcdUMNTNacaOsRxirEBYA2AMMadtn2jdYz6/8OQZpkdXXT6skMXXecvCmmabz77toXK3WzPGKtu1j8lIYa/sN/yqtjymMaSD8+F+qhp/pbsiIbcQ9rcik=", [0m
[1;31m                "ansible_ssh_host_key_ecdsa_public": "AAAAE2VjZHNhLXNoYTItbmlzdHAyNTYAAAAIbmlzdHAyNTYAAABBBM0/vu+cRa5HkNDpp56/Hj7btizkMGspr9x/NE3LLroC3uj1fycOZLbboTcdx9+Idar9gRy4WsiJ5jorkcJD34E=", [0m
[1;31m                "ansible_ssh_host_key_ed25519_public": "AAAAC3NzaC1lZDI1NTE5AAAAINPr4WIIVeoE9/a7uY/OKgLNyvZvdr7wXSdPhtImtyWB", [0m
[1;31m                "ansible_ssh_host_key_rsa_public": "AAAAB3NzaC1yc2EAAAADAQABAAABAQDMI31+afQHLKLp0gs3zKNLdYxJ2bh+eURKYKORKUhDTQmPioO2/oUPBWuZjer+dtk3v2RH4ugl9vYrsheZZeAFjKTHE8jtGtbfqC6ieSG3O2Kvq6otXNMoLjUleIyYrgEFA0u9Qog8bEg6LDpKB24AgB5dbN74DfE6EtmU7bGuYwF6AquAiNhi/74SbxUNS5OtGA9A3NN2AIELcO/2y37nE2Bb0lLCe5MFDv3ZmaURZ4tO94JAiG3b+Zx+Q2jQirLUdCpRwuBHRbWDXeS/JkbKCdf3kZnUJtmYGbwIzCnNCDrOl5T9EE4GGpybInEiAjTv5OzLy53ywHFiF0F2xU8P", [0m
[1;31m                "ansible_swapfree_mb": 1951, [0m
[1;31m                "ansible_swaptotal_mb": 1951, [0m
[1;31m                "ansible_system": "Linux", [0m
[1;31m                "ansible_system_capabilities": [[0m
[1;31m                    "cap_chown", [0m
[1;31m                    "cap_dac_override", [0m
[1;31m                    "cap_dac_read_search", [0m
[1;31m                    "cap_fowner", [0m
[1;31m                    "cap_fsetid", [0m
[1;31m                    "cap_kill", [0m
[1;31m                    "cap_setgid", [0m
[1;31m                    "cap_setuid", [0m
[1;31m                    "cap_setpcap", [0m
[1;31m                    "cap_linux_immutable", [0m
[1;31m                    "cap_net_bind_service", [0m
[1;31m                    "cap_net_broadcast", [0m
[1;31m                    "cap_net_admin", [0m
[1;31m                    "cap_net_raw", [0m
[1;31m                    "cap_ipc_lock", [0m
[1;31m                    "cap_ipc_owner", [0m
[1;31m                    "cap_sys_module", [0m
[1;31m                    "cap_sys_rawio", [0m
[1;31m                    "cap_sys_chroot", [0m
[1;31m                    "cap_sys_ptrace", [0m
[1;31m                    "cap_sys_pacct", [0m
[1;31m                    "cap_sys_admin", [0m
[1;31m                    "cap_sys_boot", [0m
[1;31m                    "cap_sys_nice", [0m
[1;31m                    "cap_sys_resource", [0m
[1;31m                    "cap_sys_time", [0m
[1;31m                    "cap_sys_tty_config", [0m
[1;31m                    "cap_mknod", [0m
[1;31m                    "cap_lease", [0m
[1;31m                    "cap_audit_write", [0m
[1;31m                    "cap_audit_control", [0m
[1;31m                    "cap_setfcap", [0m
[1;31m                    "cap_mac_override", [0m
[1;31m                    "cap_mac_admin", [0m
[1;31m                    "cap_syslog", [0m
[1;31m                    "cap_wake_alarm", [0m
[1;31m                    "cap_block_suspend", [0m
[1;31m                    "cap_audit_read+ep"[0m
[1;31m                ], [0m
[1;31m                "ansible_system_capabilities_enforced": "True", [0m
[1;31m                "ansible_system_vendor": "VMware, Inc.", [0m
[1;31m                "ansible_uptime_seconds": 5056437, [0m
[1;31m                "ansible_user_dir": "/root", [0m
[1;31m                "ansible_user_gecos": "root", [0m
[1;31m                "ansible_user_gid": 0, [0m
[1;31m                "ansible_user_id": "root", [0m
[1;31m                "ansible_user_shell": "/bin/bash", [0m
[1;31m                "ansible_user_uid": 0, [0m
[1;31m                "ansible_userspace_architecture": "x86_64", [0m
[1;31m                "ansible_userspace_bits": "64", [0m
[1;31m                "ansible_virtualization_role": "guest", [0m
[1;31m                "ansible_virtualization_type": "VMware", [0m
[1;31m                "gather_subset": [[0m
[1;31m                    "all"[0m
[1;31m                ], [0m
[1;31m                "module_setup": true[0m
[1;31m            }, [0m
[1;31m            "changed": false, [0m
[1;31m            "failed": false, [0m
[1;31m            "invocation": {[0m
[1;31m                "module_args": {[0m
[1;31m                    "fact_path": "/etc/ansible/facts.d", [0m
[1;31m                    "filter": "*", [0m
[1;31m                    "gather_subset": [[0m
[1;31m                        "all"[0m
[1;31m                    ], [0m
[1;31m                    "gather_timeout": 10[0m
[1;31m                }[0m
[1;31m            }, [0m
[1;31m            "item": "meta2.ams.scz.lab.surf.nl"[0m
[1;31m        }, [0m
[1;31m        {[0m
[1;31m            "_ansible_delegated_vars": {[0m
[1;31m                "ansible_delegated_host": "harry1.ams.scz.lab.surf.nl", [0m
[1;31m                "ansible_host": "harry1.ams.scz.lab.surf.nl"[0m
[1;31m            }, [0m
[1;31m            "_ansible_ignore_errors": null, [0m
[1;31m            "_ansible_item_label": "harry1.ams.scz.lab.surf.nl", [0m
[1;31m            "_ansible_item_result": true, [0m
[1;31m            "_ansible_no_log": false, [0m
[1;31m            "_ansible_parsed": true, [0m
[1;31m            "_ansible_verbose_override": true, [0m
[1;31m            "ansible_facts": {[0m
[1;31m                "ansible_all_ipv4_addresses": [[0m
[1;31m                    "192.168.0.1", [0m
[1;31m                    "192.168.176.1", [0m
[1;31m                    "172.17.0.1", [0m
[1;31m                    "145.101.114.13", [0m
[1;31m                    "192.168.208.1"[0m
[1;31m                ], [0m
[1;31m                "ansible_all_ipv6_addresses": [], [0m
[1;31m                "ansible_apparmor": {[0m
[1;31m                    "status": "enabled"[0m
[1;31m                }, [0m
[1;31m                "ansible_architecture": "x86_64", [0m
[1;31m                "ansible_bios_date": "09/21/2015", [0m
[1;31m                "ansible_bios_version": "6.00", [0m
[1;31m                "ansible_br_163064a44f78": {[0m
[1;31m                    "active": true, [0m
[1;31m                    "device": "br-163064a44f78", [0m
[1;31m                    "features": {[0m
[1;31m                        "busy_poll": "off [fixed]", [0m
[1;31m                        "fcoe_mtu": "off [fixed]", [0m
[1;31m                        "generic_receive_offload": "on", [0m
[1;31m                        "generic_segmentation_offload": "on", [0m
[1;31m                        "highdma": "on", [0m
[1;31m                        "hw_tc_offload": "off [fixed]", [0m
[1;31m                        "l2_fwd_offload": "off [fixed]", [0m
[1;31m                        "large_receive_offload": "off [fixed]", [0m
[1;31m                        "loopback": "off [fixed]", [0m
[1;31m                        "netns_local": "on [fixed]", [0m
[1;31m                        "ntuple_filters": "off [fixed]", [0m
[1;31m                        "receive_hashing": "off [fixed]", [0m
[1;31m                        "rx_all": "off [fixed]", [0m
[1;31m                        "rx_checksumming": "off [fixed]", [0m
[1;31m                        "rx_fcs": "off [fixed]", [0m
[1;31m                        "rx_vlan_filter": "off [fixed]", [0m
[1;31m                        "rx_vlan_offload": "off [fixed]", [0m
[1;31m                        "rx_vlan_stag_filter": "off [fixed]", [0m
[1;31m                        "rx_vlan_stag_hw_parse": "off [fixed]", [0m
[1;31m                        "scatter_gather": "on", [0m
[1;31m                        "tcp_segmentation_offload": "on", [0m
[1;31m                        "tx_checksum_fcoe_crc": "off [fixed]", [0m
[1;31m                        "tx_checksum_ip_generic": "on", [0m
[1;31m                        "tx_checksum_ipv4": "off [fixed]", [0m
[1;31m                        "tx_checksum_ipv6": "off [fixed]", [0m
[1;31m                        "tx_checksum_sctp": "off [fixed]", [0m
[1;31m                        "tx_checksumming": "on", [0m
[1;31m                        "tx_fcoe_segmentation": "off [requested on]", [0m
[1;31m                        "tx_gre_segmentation": "on", [0m
[1;31m                        "tx_gso_robust": "off [requested on]", [0m
[1;31m                        "tx_ipip_segmentation": "on", [0m
[1;31m                        "tx_lockless": "on [fixed]", [0m
[1;31m                        "tx_nocache_copy": "off", [0m
[1;31m                        "tx_scatter_gather": "on", [0m
[1;31m                        "tx_scatter_gather_fraglist": "on", [0m
[1;31m                        "tx_sit_segmentation": "on", [0m
[1;31m                        "tx_tcp6_segmentation": "on", [0m
[1;31m                        "tx_tcp_ecn_segmentation": "on", [0m
[1;31m                        "tx_tcp_segmentation": "on", [0m
[1;31m                        "tx_udp_tnl_segmentation": "on", [0m
[1;31m                        "tx_vlan_offload": "on", [0m
[1;31m                        "tx_vlan_stag_hw_insert": "on", [0m
[1;31m                        "udp_fragmentation_offload": "on", [0m
[1;31m                        "vlan_challenged": "off [fixed]"[0m
[1;31m                    }, [0m
[1;31m                    "hw_timestamp_filters": [], [0m
[1;31m                    "id": "8000.0242697579f7", [0m
[1;31m                    "interfaces": [[0m
[1;31m                        "veth92b74e1", [0m
[1;31m                        "veth51c7a3a", [0m
[1;31m                        "vethf6f9fc9", [0m
[1;31m                        "veth11297d1", [0m
[1;31m                        "vethcfc23ce", [0m
[1;31m                        "veth15eccb7"[0m
[1;31m                    ], [0m
[1;31m                    "ipv4": {[0m
[1;31m                        "address": "192.168.0.1", [0m
[1;31m                        "broadcast": "192.168.15.255", [0m
[1;31m                        "netmask": "255.255.240.0", [0m
[1;31m                        "network": "192.168.0.0"[0m
[1;31m                    }, [0m
[1;31m                    "macaddress": "02:42:69:75:79:f7", [0m
[1;31m                    "mtu": 1500, [0m
[1;31m                    "promisc": false, [0m
[1;31m                    "stp": false, [0m
[1;31m                    "timestamping": [[0m
[1;31m                        "rx_software", [0m
[1;31m                        "software"[0m
[1;31m                    ], [0m
[1;31m                    "type": "bridge"[0m
[1;31m                }, [0m
[1;31m                "ansible_br_648a61e6963c": {[0m
[1;31m                    "active": true, [0m
[1;31m                    "device": "br-648a61e6963c", [0m
[1;31m                    "features": {[0m
[1;31m                        "busy_poll": "off [fixed]", [0m
[1;31m                        "fcoe_mtu": "off [fixed]", [0m
[1;31m                        "generic_receive_offload": "on", [0m
[1;31m                        "generic_segmentation_offload": "on", [0m
[1;31m                        "highdma": "on", [0m
[1;31m                        "hw_tc_offload": "off [fixed]", [0m
[1;31m                        "l2_fwd_offload": "off [fixed]", [0m
[1;31m                        "large_receive_offload": "off [fixed]", [0m
[1;31m                        "loopback": "off [fixed]", [0m
[1;31m                        "netns_local": "on [fixed]", [0m
[1;31m                        "ntuple_filters": "off [fixed]", [0m
[1;31m                        "receive_hashing": "off [fixed]", [0m
[1;31m                        "rx_all": "off [fixed]", [0m
[1;31m                        "rx_checksumming": "off [fixed]", [0m
[1;31m                        "rx_fcs": "off [fixed]", [0m
[1;31m                        "rx_vlan_filter": "off [fixed]", [0m
[1;31m                        "rx_vlan_offload": "off [fixed]", [0m
[1;31m                        "rx_vlan_stag_filter": "off [fixed]", [0m
[1;31m                        "rx_vlan_stag_hw_parse": "off [fixed]", [0m
[1;31m                        "scatter_gather": "on", [0m
[1;31m                        "tcp_segmentation_offload": "on", [0m
[1;31m                        "tx_checksum_fcoe_crc": "off [fixed]", [0m
[1;31m                        "tx_checksum_ip_generic": "on", [0m
[1;31m                        "tx_checksum_ipv4": "off [fixed]", [0m
[1;31m                        "tx_checksum_ipv6": "off [fixed]", [0m
[1;31m                        "tx_checksum_sctp": "off [fixed]", [0m
[1;31m                        "tx_checksumming": "on", [0m
[1;31m                        "tx_fcoe_segmentation": "off [requested on]", [0m
[1;31m                        "tx_gre_segmentation": "on", [0m
[1;31m                        "tx_gso_robust": "off [requested on]", [0m
[1;31m                        "tx_ipip_segmentation": "on", [0m
[1;31m                        "tx_lockless": "on [fixed]", [0m
[1;31m                        "tx_nocache_copy": "off", [0m
[1;31m                        "tx_scatter_gather": "on", [0m
[1;31m                        "tx_scatter_gather_fraglist": "on", [0m
[1;31m                        "tx_sit_segmentation": "on", [0m
[1;31m                        "tx_tcp6_segmentation": "on", [0m
[1;31m                        "tx_tcp_ecn_segmentation": "on", [0m
[1;31m                        "tx_tcp_segmentation": "on", [0m
[1;31m                        "tx_udp_tnl_segmentation": "on", [0m
[1;31m                        "tx_vlan_offload": "on", [0m
[1;31m                        "tx_vlan_stag_hw_insert": "on", [0m
[1;31m                        "udp_fragmentation_offload": "on", [0m
[1;31m                        "vlan_challenged": "off [fixed]"[0m
[1;31m                    }, [0m
[1;31m                    "hw_timestamp_filters": [], [0m
[1;31m                    "id": "8000.02422266ad73", [0m
[1;31m                    "interfaces": [[0m
[1;31m                        "veth976ec3b", [0m
[1;31m                        "veth2f391f5"[0m
[1;31m                    ], [0m
[1;31m                    "ipv4": {[0m
[1;31m                        "address": "192.168.176.1", [0m
[1;31m                        "broadcast": "192.168.191.255", [0m
[1;31m                        "netmask": "255.255.240.0", [0m
[1;31m                        "network": "192.168.176.0"[0m
[1;31m                    }, [0m
[1;31m                    "macaddress": "02:42:22:66:ad:73", [0m
[1;31m                    "mtu": 1500, [0m
[1;31m                    "promisc": false, [0m
[1;31m                    "stp": false, [0m
[1;31m                    "timestamping": [[0m
[1;31m                        "rx_software", [0m
[1;31m                        "software"[0m
[1;31m                    ], [0m
[1;31m                    "type": "bridge"[0m
[1;31m                }, [0m
[1;31m                "ansible_br_e26007a3301f": {[0m
[1;31m                    "active": true, [0m
[1;31m                    "device": "br-e26007a3301f", [0m
[1;31m                    "features": {[0m
[1;31m                        "busy_poll": "off [fixed]", [0m
[1;31m                        "fcoe_mtu": "off [fixed]", [0m
[1;31m                        "generic_receive_offload": "on", [0m
[1;31m                        "generic_segmentation_offload": "on", [0m
[1;31m                        "highdma": "on", [0m
[1;31m                        "hw_tc_offload": "off [fixed]", [0m
[1;31m                        "l2_fwd_offload": "off [fixed]", [0m
[1;31m                        "large_receive_offload": "off [fixed]", [0m
[1;31m                        "loopback": "off [fixed]", [0m
[1;31m                        "netns_local": "on [fixed]", [0m
[1;31m                        "ntuple_filters": "off [fixed]", [0m
[1;31m                        "receive_hashing": "off [fixed]", [0m
[1;31m                        "rx_all": "off [fixed]", [0m
[1;31m                        "rx_checksumming": "off [fixed]", [0m
[1;31m                        "rx_fcs": "off [fixed]", [0m
[1;31m                        "rx_vlan_filter": "off [fixed]", [0m
[1;31m                        "rx_vlan_offload": "off [fixed]", [0m
[1;31m                        "rx_vlan_stag_filter": "off [fixed]", [0m
[1;31m                        "rx_vlan_stag_hw_parse": "off [fixed]", [0m
[1;31m                        "scatter_gather": "on", [0m
[1;31m                        "tcp_segmentation_offload": "on", [0m
[1;31m                        "tx_checksum_fcoe_crc": "off [fixed]", [0m
[1;31m                        "tx_checksum_ip_generic": "on", [0m
[1;31m                        "tx_checksum_ipv4": "off [fixed]", [0m
[1;31m                        "tx_checksum_ipv6": "off [fixed]", [0m
[1;31m                        "tx_checksum_sctp": "off [fixed]", [0m
[1;31m                        "tx_checksumming": "on", [0m
[1;31m                        "tx_fcoe_segmentation": "off [requested on]", [0m
[1;31m                        "tx_gre_segmentation": "on", [0m
[1;31m                        "tx_gso_robust": "off [requested on]", [0m
[1;31m                        "tx_ipip_segmentation": "on", [0m
[1;31m                        "tx_lockless": "on [fixed]", [0m
[1;31m                        "tx_nocache_copy": "off", [0m
[1;31m                        "tx_scatter_gather": "on", [0m
[1;31m                        "tx_scatter_gather_fraglist": "on", [0m
[1;31m                        "tx_sit_segmentation": "on", [0m
[1;31m                        "tx_tcp6_segmentation": "on", [0m
[1;31m                        "tx_tcp_ecn_segmentation": "on", [0m
[1;31m                        "tx_tcp_segmentation": "on", [0m
[1;31m                        "tx_udp_tnl_segmentation": "on", [0m
[1;31m                        "tx_vlan_offload": "on", [0m
[1;31m                        "tx_vlan_stag_hw_insert": "on", [0m
[1;31m                        "udp_fragmentation_offload": "on", [0m
[1;31m                        "vlan_challenged": "off [fixed]"[0m
[1;31m                    }, [0m
[1;31m                    "hw_timestamp_filters": [], [0m
[1;31m                    "id": "8000.0242599c61e1", [0m
[1;31m                    "interfaces": [[0m
[1;31m                        "veth30384e7", [0m
[1;31m                        "veth6592c7e", [0m
[1;31m                        "veth2fc812d", [0m
[1;31m                        "vethca558bc", [0m
[1;31m                        "veth197e037"[0m
[1;31m                    ], [0m
[1;31m                    "ipv4": {[0m
[1;31m                        "address": "192.168.208.1", [0m
[1;31m                        "broadcast": "192.168.223.255", [0m
[1;31m                        "netmask": "255.255.240.0", [0m
[1;31m                        "network": "192.168.208.0"[0m
[1;31m                    }, [0m
[1;31m                    "macaddress": "02:42:59:9c:61:e1", [0m
[1;31m                    "mtu": 1500, [0m
[1;31m                    "promisc": false, [0m
[1;31m                    "stp": false, [0m
[1;31m                    "timestamping": [[0m
[1;31m                        "rx_software", [0m
[1;31m                        "software"[0m
[1;31m                    ], [0m
[1;31m                    "type": "bridge"[0m
[1;31m                }, [0m
[1;31m                "ansible_cmdline": {[0m
[1;31m                    "BOOT_IMAGE": "/vmlinuz-4.4.0-140-generic", [0m
[1;31m                    "quiet": true, [0m
[1;31m                    "ro": true, [0m
[1;31m                    "root": "/dev/mapper/ubuntu1604--20170222--surf--vg-root", [0m
[1;31m                    "splash": true[0m
[1;31m                }, [0m
[1;31m                "ansible_date_time": {[0m
[1;31m                    "date": "2019-02-15", [0m
[1;31m                    "day": "15", [0m
[1;31m                    "epoch": "1550221411", [0m
[1;31m                    "hour": "09", [0m
[1;31m                    "iso8601": "2019-02-15T09:03:31Z", [0m
[1;31m                    "iso8601_basic": "20190215T090331677352", [0m
[1;31m                    "iso8601_basic_short": "20190215T090331", [0m
[1;31m                    "iso8601_micro": "2019-02-15T09:03:31.677442Z", [0m
[1;31m                    "minute": "03", [0m
[1;31m                    "month": "02", [0m
[1;31m                    "second": "31", [0m
[1;31m                    "time": "09:03:31", [0m
[1;31m                    "tz": "UTC", [0m
[1;31m                    "tz_offset": "+0000", [0m
[1;31m                    "weekday": "Friday", [0m
[1;31m                    "weekday_number": "5", [0m
[1;31m                    "weeknumber": "06", [0m
[1;31m                    "year": "2019"[0m
[1;31m                }, [0m
[1;31m                "ansible_default_ipv4": {[0m
[1;31m                    "address": "145.101.114.13", [0m
[1;31m                    "alias": "ens160", [0m
[1;31m                    "broadcast": "145.101.114.31", [0m
[1;31m                    "gateway": "145.101.114.1", [0m
[1;31m                    "interface": "ens160", [0m
[1;31m                    "macaddress": "00:50:56:95:10:b0", [0m
[1;31m                    "mtu": 1500, [0m
[1;31m                    "netmask": "255.255.255.224", [0m
[1;31m                    "network": "145.101.114.0", [0m
[1;31m                    "type": "ether"[0m
[1;31m                }, [0m
[1;31m                "ansible_default_ipv6": {}, [0m
[1;31m                "ansible_device_links": {[0m
[1;31m                    "ids": {[0m
[1;31m                        "dm-0": [[0m
[1;31m                            "dm-name-ubuntu1604--20170222--surf--vg-root", [0m
[1;31m                            "dm-uuid-LVM-RQ30rfNd2uu6XqfWyqiIfXtLgxKdveJttRbcTYCpys0HmeHYmtUBA0BXAv5IVPc4"[0m
[1;31m                        ], [0m
[1;31m                        "dm-1": [[0m
[1;31m                            "dm-name-ubuntu1604--20170222--surf--vg-swap_1", [0m
[1;31m                            "dm-uuid-LVM-RQ30rfNd2uu6XqfWyqiIfXtLgxKdveJtVjT6URXGAcpanSlxZQ4fHv5DKkr7EdaZ"[0m
[1;31m                        ], [0m
[1;31m                        "sda5": [[0m
[1;31m                            "lvm-pv-uuid-y3cP0E-pg0l-4NRQ-0Ahd-MhZg-HZmW-FYVUFr"[0m
[1;31m                        ][0m
[1;31m                    }, [0m
[1;31m                    "labels": {}, [0m
[1;31m                    "masters": {[0m
[1;31m                        "sda5": [[0m
[1;31m                            "dm-0", [0m
[1;31m                            "dm-1"[0m
[1;31m                        ][0m
[1;31m                    }, [0m
[1;31m                    "uuids": {[0m
[1;31m                        "dm-0": [[0m
[1;31m                            "3bdc3bec-1686-4345-8f30-89d67ee717c2"[0m
[1;31m                        ], [0m
[1;31m                        "dm-1": [[0m
[1;31m                            "7b46e0ff-7345-42f3-b535-a06ab5ca0162"[0m
[1;31m                        ], [0m
[1;31m                        "sda1": [[0m
[1;31m                            "e38f6fa3-7e87-44ea-8d97-46023bd4f7ba"[0m
[1;31m                        ][0m
[1;31m                    }[0m
[1;31m                }, [0m
[1;31m                "ansible_devices": {[0m
[1;31m                    "dm-0": {[0m
[1;31m                        "holders": [], [0m
[1;31m                        "host": "", [0m
[1;31m                        "links": {[0m
[1;31m                            "ids": [[0m
[1;31m                                "dm-name-ubuntu1604--20170222--surf--vg-root", [0m
[1;31m                                "dm-uuid-LVM-RQ30rfNd2uu6XqfWyqiIfXtLgxKdveJttRbcTYCpys0HmeHYmtUBA0BXAv5IVPc4"[0m
[1;31m                            ], [0m
[1;31m                            "labels": [], [0m
[1;31m                            "masters": [], [0m
[1;31m                            "uuids": [[0m
[1;31m                                "3bdc3bec-1686-4345-8f30-89d67ee717c2"[0m
[1;31m                            ][0m
[1;31m                        }, [0m
[1;31m                        "model": null, [0m
[1;31m                        "partitions": {}, [0m
[1;31m                        "removable": "0", [0m
[1;31m                        "rotational": "1", [0m
[1;31m                        "sas_address": null, [0m
[1;31m                        "sas_device_handle": null, [0m
[1;31m                        "scheduler_mode": "", [0m
[1;31m                        "sectors": "36741120", [0m
[1;31m                        "sectorsize": "512", [0m
[1;31m                        "size": "17.52 GB", [0m
[1;31m                        "support_discard": "0", [0m
[1;31m                        "vendor": null, [0m
[1;31m                        "virtual": 1[0m
[1;31m                    }, [0m
[1;31m                    "dm-1": {[0m
[1;31m                        "holders": [], [0m
[1;31m                        "host": "", [0m
[1;31m                        "links": {[0m
[1;31m                            "ids": [[0m
[1;31m                                "dm-name-ubuntu1604--20170222--surf--vg-swap_1", [0m
[1;31m                                "dm-uuid-LVM-RQ30rfNd2uu6XqfWyqiIfXtLgxKdveJtVjT6URXGAcpanSlxZQ4fHv5DKkr7EdaZ"[0m
[1;31m                            ], [0m
[1;31m                            "labels": [], [0m
[1;31m                            "masters": [], [0m
[1;31m                            "uuids": [[0m
[1;31m                                "7b46e0ff-7345-42f3-b535-a06ab5ca0162"[0m
[1;31m                            ][0m
[1;31m                        }, [0m
[1;31m                        "model": null, [0m
[1;31m                        "partitions": {}, [0m
[1;31m                        "removable": "0", [0m
[1;31m                        "rotational": "1", [0m
[1;31m                        "sas_address": null, [0m
[1;31m                        "sas_device_handle": null, [0m
[1;31m                        "scheduler_mode": "", [0m
[1;31m                        "sectors": "4194304", [0m
[1;31m                        "sectorsize": "512", [0m
[1;31m                        "size": "2.00 GB", [0m
[1;31m                        "support_discard": "0", [0m
[1;31m                        "vendor": null, [0m
[1;31m                        "virtual": 1[0m
[1;31m                    }, [0m
[1;31m                    "loop0": {[0m
[1;31m                        "holders": [], [0m
[1;31m                        "host": "", [0m
[1;31m                        "links": {[0m
[1;31m                            "ids": [], [0m
[1;31m                            "labels": [], [0m
[1;31m                            "masters": [], [0m
[1;31m                            "uuids": [][0m
[1;31m                        }, [0m
[1;31m                        "model": null, [0m
[1;31m                        "partitions": {}, [0m
[1;31m                        "removable": "0", [0m
[1;31m                        "rotational": "1", [0m
[1;31m                        "sas_address": null, [0m
[1;31m                        "sas_device_handle": null, [0m
[1;31m                        "scheduler_mode": "", [0m
[1;31m                        "sectors": "0", [0m
[1;31m                        "sectorsize": "512", [0m
[1;31m                        "size": "0.00 Bytes", [0m
[1;31m                        "support_discard": "0", [0m
[1;31m                        "vendor": null, [0m
[1;31m                        "virtual": 1[0m
[1;31m                    }, [0m
[1;31m                    "loop1": {[0m
[1;31m                        "holders": [], [0m
[1;31m                        "host": "", [0m
[1;31m                        "links": {[0m
[1;31m                            "ids": [], [0m
[1;31m                            "labels": [], [0m
[1;31m                            "masters": [], [0m
[1;31m                            "uuids": [][0m
[1;31m                        }, [0m
[1;31m                        "model": null, [0m
[1;31m                        "partitions": {}, [0m
[1;31m                        "removable": "0", [0m
[1;31m                        "rotational": "1", [0m
[1;31m                        "sas_address": null, [0m
[1;31m                        "sas_device_handle": null, [0m
[1;31m                        "scheduler_mode": "", [0m
[1;31m                        "sectors": "0", [0m
[1;31m                        "sectorsize": "512", [0m
[1;31m                        "size": "0.00 Bytes", [0m
[1;31m                        "support_discard": "0", [0m
[1;31m                        "vendor": null, [0m
[1;31m                        "virtual": 1[0m
[1;31m                    }, [0m
[1;31m                    "loop2": {[0m
[1;31m                        "holders": [], [0m
[1;31m                        "host": "", [0m
[1;31m                        "links": {[0m
[1;31m                            "ids": [], [0m
[1;31m                            "labels": [], [0m
[1;31m                            "masters": [], [0m
[1;31m                            "uuids": [][0m
[1;31m                        }, [0m
[1;31m                        "model": null, [0m
[1;31m                        "partitions": {}, [0m
[1;31m                        "removable": "0", [0m
[1;31m                        "rotational": "1", [0m
[1;31m                        "sas_address": null, [0m
[1;31m                        "sas_device_handle": null, [0m
[1;31m                        "scheduler_mode": "", [0m
[1;31m                        "sectors": "0", [0m
[1;31m                        "sectorsize": "512", [0m
[1;31m                        "size": "0.00 Bytes", [0m
[1;31m                        "support_discard": "0", [0m
[1;31m                        "vendor": null, [0m
[1;31m                        "virtual": 1[0m
[1;31m                    }, [0m
[1;31m                    "loop3": {[0m
[1;31m                        "holders": [], [0m
[1;31m                        "host": "", [0m
[1;31m                        "links": {[0m
[1;31m                            "ids": [], [0m
[1;31m                            "labels": [], [0m
[1;31m                            "masters": [], [0m
[1;31m                            "uuids": [][0m
[1;31m                        }, [0m
[1;31m                        "model": null, [0m
[1;31m                        "partitions": {}, [0m
[1;31m                        "removable": "0", [0m
[1;31m                        "rotational": "1", [0m
[1;31m                        "sas_address": null, [0m
[1;31m                        "sas_device_handle": null, [0m
[1;31m                        "scheduler_mode": "", [0m
[1;31m                        "sectors": "0", [0m
[1;31m                        "sectorsize": "512", [0m
[1;31m                        "size": "0.00 Bytes", [0m
[1;31m                        "support_discard": "0", [0m
[1;31m                        "vendor": null, [0m
[1;31m                        "virtual": 1[0m
[1;31m                    }, [0m
[1;31m                    "loop4": {[0m
[1;31m                        "holders": [], [0m
[1;31m                        "host": "", [0m
[1;31m                        "links": {[0m
[1;31m                            "ids": [], [0m
[1;31m                            "labels": [], [0m
[1;31m                            "masters": [], [0m
[1;31m                            "uuids": [][0m
[1;31m                        }, [0m
[1;31m                        "model": null, [0m
[1;31m                        "partitions": {}, [0m
[1;31m                        "removable": "0", [0m
[1;31m                        "rotational": "1", [0m
[1;31m                        "sas_address": null, [0m
[1;31m                        "sas_device_handle": null, [0m
[1;31m                        "scheduler_mode": "", [0m
[1;31m                        "sectors": "0", [0m
[1;31m                        "sectorsize": "512", [0m
[1;31m                        "size": "0.00 Bytes", [0m
[1;31m                        "support_discard": "0", [0m
[1;31m                        "vendor": null, [0m
[1;31m                        "virtual": 1[0m
[1;31m                    }, [0m
[1;31m                    "loop5": {[0m
[1;31m                        "holders": [], [0m
[1;31m                        "host": "", [0m
[1;31m                        "links": {[0m
[1;31m                            "ids": [], [0m
[1;31m                            "labels": [], [0m
[1;31m                            "masters": [], [0m
[1;31m                            "uuids": [][0m
[1;31m                        }, [0m
[1;31m                        "model": null, [0m
[1;31m                        "partitions": {}, [0m
[1;31m                        "removable": "0", [0m
[1;31m                        "rotational": "1", [0m
[1;31m                        "sas_address": null, [0m
[1;31m                        "sas_device_handle": null, [0m
[1;31m                        "scheduler_mode": "", [0m
[1;31m                        "sectors": "0", [0m
[1;31m                        "sectorsize": "512", [0m
[1;31m                        "size": "0.00 Bytes", [0m
[1;31m                        "support_discard": "0", [0m
[1;31m                        "vendor": null, [0m
[1;31m                        "virtual": 1[0m
[1;31m                    }, [0m
[1;31m                    "loop6": {[0m
[1;31m                        "holders": [], [0m
[1;31m                        "host": "", [0m
[1;31m                        "links": {[0m
[1;31m                            "ids": [], [0m
[1;31m                            "labels": [], [0m
[1;31m                            "masters": [], [0m
[1;31m                            "uuids": [][0m
[1;31m                        }, [0m
[1;31m                        "model": null, [0m
[1;31m                        "partitions": {}, [0m
[1;31m                        "removable": "0", [0m
[1;31m                        "rotational": "1", [0m
[1;31m                        "sas_address": null, [0m
[1;31m                        "sas_device_handle": null, [0m
[1;31m                        "scheduler_mode": "", [0m
[1;31m                        "sectors": "0", [0m
[1;31m                        "sectorsize": "512", [0m
[1;31m                        "size": "0.00 Bytes", [0m
[1;31m                        "support_discard": "0", [0m
[1;31m                        "vendor": null, [0m
[1;31m                        "virtual": 1[0m
[1;31m                    }, [0m
[1;31m                    "loop7": {[0m
[1;31m                        "holders": [], [0m
[1;31m                        "host": "", [0m
[1;31m                        "links": {[0m
[1;31m                            "ids": [], [0m
[1;31m                            "labels": [], [0m
[1;31m                            "masters": [], [0m
[1;31m                            "uuids": [][0m
[1;31m                        }, [0m
[1;31m                        "model": null, [0m
[1;31m                        "partitions": {}, [0m
[1;31m                        "removable": "0", [0m
[1;31m                        "rotational": "1", [0m
[1;31m                        "sas_address": null, [0m
[1;31m                        "sas_device_handle": null, [0m
[1;31m                        "scheduler_mode": "", [0m
[1;31m                        "sectors": "0", [0m
[1;31m                        "sectorsize": "512", [0m
[1;31m                        "size": "0.00 Bytes", [0m
[1;31m                        "support_discard": "0", [0m
[1;31m                        "vendor": null, [0m
[1;31m                        "virtual": 1[0m
[1;31m                    }, [0m
[1;31m                    "sda": {[0m
[1;31m                        "holders": [], [0m
[1;31m                        "host": "SCSI storage controller: LSI Logic / Symbios Logic 53c1030 PCI-X Fusion-MPT Dual Ultra320 SCSI (rev 01)", [0m
[1;31m                        "links": {[0m
[1;31m                            "ids": [], [0m
[1;31m                            "labels": [], [0m
[1;31m                            "masters": [], [0m
[1;31m                            "uuids": [][0m
[1;31m                        }, [0m
[1;31m                        "model": "Virtual disk", [0m
[1;31m                        "partitions": {[0m
[1;31m                            "sda1": {[0m
[1;31m                                "holders": [], [0m
[1;31m                                "links": {[0m
[1;31m                                    "ids": [], [0m
[1;31m                                    "labels": [], [0m
[1;31m                                    "masters": [], [0m
[1;31m                                    "uuids": [[0m
[1;31m                                        "e38f6fa3-7e87-44ea-8d97-46023bd4f7ba"[0m
[1;31m                                    ][0m
[1;31m                                }, [0m
[1;31m                                "sectors": "997376", [0m
[1;31m                                "sectorsize": 512, [0m
[1;31m                                "size": "487.00 MB", [0m
[1;31m                                "start": "2048", [0m
[1;31m                                "uuid": "e38f6fa3-7e87-44ea-8d97-46023bd4f7ba"[0m
[1;31m                            }, [0m
[1;31m                            "sda2": {[0m
[1;31m                                "holders": [], [0m
[1;31m                                "links": {[0m
[1;31m                                    "ids": [], [0m
[1;31m                                    "labels": [], [0m
[1;31m                                    "masters": [], [0m
[1;31m                                    "uuids": [][0m
[1;31m                                }, [0m
[1;31m                                "sectors": "2", [0m
[1;31m                                "sectorsize": 512, [0m
[1;31m                                "size": "1.00 KB", [0m
[1;31m                                "start": "1001470", [0m
[1;31m                                "uuid": null[0m
[1;31m                            }, [0m
[1;31m                            "sda5": {[0m
[1;31m                                "holders": [[0m
[1;31m                                    "ubuntu1604--20170222--surf--vg-root", [0m
[1;31m                                    "ubuntu1604--20170222--surf--vg-swap_1"[0m
[1;31m                                ], [0m
[1;31m                                "links": {[0m
[1;31m                                    "ids": [[0m
[1;31m                                        "lvm-pv-uuid-y3cP0E-pg0l-4NRQ-0Ahd-MhZg-HZmW-FYVUFr"[0m
[1;31m                                    ], [0m
[1;31m                                    "labels": [], [0m
[1;31m                                    "masters": [[0m
[1;31m                                        "dm-0", [0m
[1;31m                                        "dm-1"[0m
[1;31m                                    ], [0m
[1;31m                                    "uuids": [][0m
[1;31m                                }, [0m
[1;31m                                "sectors": "40939520", [0m
[1;31m                                "sectorsize": 512, [0m
[1;31m                                "size": "19.52 GB", [0m
[1;31m                                "start": "1001472", [0m
[1;31m                                "uuid": null[0m
[1;31m                            }[0m
[1;31m                        }, [0m
[1;31m                        "removable": "0", [0m
[1;31m                        "rotational": "1", [0m
[1;31m                        "sas_address": null, [0m
[1;31m                        "sas_device_handle": null, [0m
[1;31m                        "scheduler_mode": "deadline", [0m
[1;31m                        "sectors": "41943040", [0m
[1;31m                        "sectorsize": "512", [0m
[1;31m                        "size": "20.00 GB", [0m
[1;31m                        "support_discard": "0", [0m
[1;31m                        "vendor": "VMware", [0m
[1;31m                        "virtual": 1[0m
[1;31m                    }, [0m
[1;31m                    "sdb": {[0m
[1;31m                        "holders": [], [0m
[1;31m                        "host": "SCSI storage controller: LSI Logic / Symbios Logic 53c1030 PCI-X Fusion-MPT Dual Ultra320 SCSI (rev 01)", [0m
[1;31m                        "links": {[0m
[1;31m                            "ids": [], [0m
[1;31m                            "labels": [], [0m
[1;31m                            "masters": [], [0m
[1;31m                            "uuids": [][0m
[1;31m                        }, [0m
[1;31m                        "model": "Virtual disk", [0m
[1;31m                        "partitions": {}, [0m
[1;31m                        "removable": "0", [0m
[1;31m                        "rotational": "1", [0m
[1;31m                        "sas_address": null, [0m
[1;31m                        "sas_device_handle": null, [0m
[1;31m                        "scheduler_mode": "deadline", [0m
[1;31m                        "sectors": "41943040", [0m
[1;31m                        "sectorsize": "512", [0m
[1;31m                        "size": "20.00 GB", [0m
[1;31m                        "support_discard": "0", [0m
[1;31m                        "vendor": "VMware", [0m
[1;31m                        "virtual": 1[0m
[1;31m                    }[0m
[1;31m                }, [0m
[1;31m                "ansible_distribution": "Ubuntu", [0m
[1;31m                "ansible_distribution_file_parsed": true, [0m
[1;31m                "ansible_distribution_file_path": "/etc/os-release", [0m
[1;31m                "ansible_distribution_file_variety": "Debian", [0m
[1;31m                "ansible_distribution_major_version": "16", [0m
[1;31m                "ansible_distribution_release": "xenial", [0m
[1;31m                "ansible_distribution_version": "16.04", [0m
[1;31m                "ansible_dns": {[0m
[1;31m                    "nameservers": [[0m
[1;31m                        "195.169.124.124", [0m
[1;31m                        "192.87.36.36", [0m
[1;31m                        "192.87.106.106"[0m
[1;31m                    ], [0m
[1;31m                    "search": [[0m
[1;31m                        "ams.scz.lab.surf.nl"[0m
[1;31m                    ][0m
[1;31m                }, [0m
[1;31m                "ansible_docker0": {[0m
[1;31m                    "active": false, [0m
[1;31m                    "device": "docker0", [0m
[1;31m                    "features": {[0m
[1;31m                        "busy_poll": "off [fixed]", [0m
[1;31m                        "fcoe_mtu": "off [fixed]", [0m
[1;31m                        "generic_receive_offload": "on", [0m
[1;31m                        "generic_segmentation_offload": "on", [0m
[1;31m                        "highdma": "on", [0m
[1;31m                        "hw_tc_offload": "off [fixed]", [0m
[1;31m                        "l2_fwd_offload": "off [fixed]", [0m
[1;31m                        "large_receive_offload": "off [fixed]", [0m
[1;31m                        "loopback": "off [fixed]", [0m
[1;31m                        "netns_local": "on [fixed]", [0m
[1;31m                        "ntuple_filters": "off [fixed]", [0m
[1;31m                        "receive_hashing": "off [fixed]", [0m
[1;31m                        "rx_all": "off [fixed]", [0m
[1;31m                        "rx_checksumming": "off [fixed]", [0m
[1;31m                        "rx_fcs": "off [fixed]", [0m
[1;31m                        "rx_vlan_filter": "off [fixed]", [0m
[1;31m                        "rx_vlan_offload": "off [fixed]", [0m
[1;31m                        "rx_vlan_stag_filter": "off [fixed]", [0m
[1;31m                        "rx_vlan_stag_hw_parse": "off [fixed]", [0m
[1;31m                        "scatter_gather": "on", [0m
[1;31m                        "tcp_segmentation_offload": "on", [0m
[1;31m                        "tx_checksum_fcoe_crc": "off [fixed]", [0m
[1;31m                        "tx_checksum_ip_generic": "on", [0m
[1;31m                        "tx_checksum_ipv4": "off [fixed]", [0m
[1;31m                        "tx_checksum_ipv6": "off [fixed]", [0m
[1;31m                        "tx_checksum_sctp": "off [fixed]", [0m
[1;31m                        "tx_checksumming": "on", [0m
[1;31m                        "tx_fcoe_segmentation": "on", [0m
[1;31m                        "tx_gre_segmentation": "on", [0m
[1;31m                        "tx_gso_robust": "on", [0m
[1;31m                        "tx_ipip_segmentation": "on", [0m
[1;31m                        "tx_lockless": "on [fixed]", [0m
[1;31m                        "tx_nocache_copy": "off", [0m
[1;31m                        "tx_scatter_gather": "on", [0m
[1;31m                        "tx_scatter_gather_fraglist": "on", [0m
[1;31m                        "tx_sit_segmentation": "on", [0m
[1;31m                        "tx_tcp6_segmentation": "on", [0m
[1;31m                        "tx_tcp_ecn_segmentation": "on", [0m
[1;31m                        "tx_tcp_segmentation": "on", [0m
[1;31m                        "tx_udp_tnl_segmentation": "on", [0m
[1;31m                        "tx_vlan_offload": "on", [0m
[1;31m                        "tx_vlan_stag_hw_insert": "on", [0m
[1;31m                        "udp_fragmentation_offload": "on", [0m
[1;31m                        "vlan_challenged": "off [fixed]"[0m
[1;31m                    }, [0m
[1;31m                    "hw_timestamp_filters": [], [0m
[1;31m                    "id": "8000.02428def3225", [0m
[1;31m                    "interfaces": [], [0m
[1;31m                    "ipv4": {[0m
[1;31m                        "address": "172.17.0.1", [0m
[1;31m                        "broadcast": "172.17.255.255", [0m
[1;31m                        "netmask": "255.255.0.0", [0m
[1;31m                        "network": "172.17.0.0"[0m
[1;31m                    }, [0m
[1;31m                    "macaddress": "02:42:8d:ef:32:25", [0m
[1;31m                    "mtu": 1500, [0m
[1;31m                    "promisc": false, [0m
[1;31m                    "stp": false, [0m
[1;31m                    "timestamping": [[0m
[1;31m                        "rx_software", [0m
[1;31m                        "software"[0m
[1;31m                    ], [0m
[1;31m                    "type": "bridge"[0m
[1;31m                }, [0m
[1;31m                "ansible_domain": "ams.scz.lab.surf.nl", [0m
[1;31m                "ansible_effective_group_id": 0, [0m
[1;31m                "ansible_effective_user_id": 0, [0m
[1;31m                "ansible_ens160": {[0m
[1;31m                    "active": true, [0m
[1;31m                    "device": "ens160", [0m
[1;31m                    "features": {[0m
[1;31m                        "busy_poll": "off [fixed]", [0m
[1;31m                        "fcoe_mtu": "off [fixed]", [0m
[1;31m                        "generic_receive_offload": "on", [0m
[1;31m                        "generic_segmentation_offload": "on", [0m
[1;31m                        "highdma": "on", [0m
[1;31m                        "hw_tc_offload": "off [fixed]", [0m
[1;31m                        "l2_fwd_offload": "off [fixed]", [0m
[1;31m                        "large_receive_offload": "off", [0m
[1;31m                        "loopback": "off [fixed]", [0m
[1;31m                        "netns_local": "off [fixed]", [0m
[1;31m                        "ntuple_filters": "off [fixed]", [0m
[1;31m                        "receive_hashing": "on", [0m
[1;31m                        "rx_all": "off [fixed]", [0m
[1;31m                        "rx_checksumming": "on", [0m
[1;31m                        "rx_fcs": "off [fixed]", [0m
[1;31m                        "rx_vlan_filter": "on [fixed]", [0m
[1;31m                        "rx_vlan_offload": "on", [0m
[1;31m                        "rx_vlan_stag_filter": "off [fixed]", [0m
[1;31m                        "rx_vlan_stag_hw_parse": "off [fixed]", [0m
[1;31m                        "scatter_gather": "on", [0m
[1;31m                        "tcp_segmentation_offload": "on", [0m
[1;31m                        "tx_checksum_fcoe_crc": "off [fixed]", [0m
[1;31m                        "tx_checksum_ip_generic": "on", [0m
[1;31m                        "tx_checksum_ipv4": "off [fixed]", [0m
[1;31m                        "tx_checksum_ipv6": "off [fixed]", [0m
[1;31m                        "tx_checksum_sctp": "off [fixed]", [0m
[1;31m                        "tx_checksumming": "on", [0m
[1;31m                        "tx_fcoe_segmentation": "off [fixed]", [0m
[1;31m                        "tx_gre_segmentation": "off [fixed]", [0m
[1;31m                        "tx_gso_robust": "off [fixed]", [0m
[1;31m                        "tx_ipip_segmentation": "off [fixed]", [0m
[1;31m                        "tx_lockless": "off [fixed]", [0m
[1;31m                        "tx_nocache_copy": "off", [0m
[1;31m                        "tx_scatter_gather": "on", [0m
[1;31m                        "tx_scatter_gather_fraglist": "off [fixed]", [0m
[1;31m                        "tx_sit_segmentation": "off [fixed]", [0m
[1;31m                        "tx_tcp6_segmentation": "on", [0m
[1;31m                        "tx_tcp_ecn_segmentation": "off [fixed]", [0m
[1;31m                        "tx_tcp_segmentation": "on", [0m
[1;31m                        "tx_udp_tnl_segmentation": "off [fixed]", [0m
[1;31m                        "tx_vlan_offload": "on", [0m
[1;31m                        "tx_vlan_stag_hw_insert": "off [fixed]", [0m
[1;31m                        "udp_fragmentation_offload": "off [fixed]", [0m
[1;31m                        "vlan_challenged": "off [fixed]"[0m
[1;31m                    }, [0m
[1;31m                    "hw_timestamp_filters": [], [0m
[1;31m                    "ipv4": {[0m
[1;31m                        "address": "145.101.114.13", [0m
[1;31m                        "broadcast": "145.101.114.31", [0m
[1;31m                        "netmask": "255.255.255.224", [0m
[1;31m                        "network": "145.101.114.0"[0m
[1;31m                    }, [0m
[1;31m                    "macaddress": "00:50:56:95:10:b0", [0m
[1;31m                    "module": "vmxnet3", [0m
[1;31m                    "mtu": 1500, [0m
[1;31m                    "pciid": "0000:03:00.0", [0m
[1;31m                    "promisc": false, [0m
[1;31m                    "speed": 10000, [0m
[1;31m                    "timestamping": [[0m
[1;31m                        "rx_software", [0m
[1;31m                        "software"[0m
[1;31m                    ], [0m
[1;31m                    "type": "ether"[0m
[1;31m                }, [0m
[1;31m                "ansible_env": {[0m
[1;31m                    "HOME": "/root", [0m
[1;31m                    "LANG": "en_US.UTF-8", [0m
[1;31m                    "LANGUAGE": "en_US:en", [0m
[1;31m                    "LC_ADDRESS": "nl_NL.UTF-8", [0m
[1;31m                    "LC_ALL": "en_US.UTF-8", [0m
[1;31m                    "LC_IDENTIFICATION": "nl_NL.UTF-8", [0m
[1;31m                    "LC_MEASUREMENT": "nl_NL.UTF-8", [0m
[1;31m                    "LC_MONETARY": "nl_NL.UTF-8", [0m
[1;31m                    "LC_NAME": "nl_NL.UTF-8", [0m
[1;31m                    "LC_NUMERIC": "nl_NL.UTF-8", [0m
[1;31m                    "LC_PAPER": "nl_NL.UTF-8", [0m
[1;31m                    "LC_TELEPHONE": "nl_NL.UTF-8", [0m
[1;31m                    "LC_TIME": "nl_NL.UTF-8", [0m
[1;31m                    "LC_TYPE": "en_US.UTF-8", [0m
[1;31m                    "LOGNAME": "root", [0m
[1;31m                    "MAIL": "/var/mail/root", [0m
[1;31m                    "PATH": "/usr/local/sbin:/usr/local/bin:/usr/sbin:/usr/bin:/sbin:/bin:/snap/bin", [0m
[1;31m                    "PWD": "/home/martin", [0m
[1;31m                    "SHELL": "/bin/bash", [0m
[1;31m                    "SUDO_COMMAND": "/bin/sh -c echo BECOME-SUCCESS-lpgaoicatjlmaozikrejvpthlnhcpmwv; /usr/bin/python", [0m
[1;31m                    "SUDO_GID": "10002", [0m
[1;31m                    "SUDO_UID": "10000", [0m
[1;31m                    "SUDO_USER": "martin", [0m
[1;31m                    "TERM": "unknown", [0m
[1;31m                    "USER": "root", [0m
[1;31m                    "USERNAME": "root"[0m
[1;31m                }, [0m
[1;31m                "ansible_fips": false, [0m
[1;31m                "ansible_form_factor": "Other", [0m
[1;31m                "ansible_fqdn": "harry1.ams.scz.lab.surf.nl", [0m
[1;31m                "ansible_hostname": "harry1", [0m
[1;31m                "ansible_interfaces": [[0m
[1;31m                    "vethcfc23ce", [0m
[1;31m                    "veth197e037", [0m
[1;31m                    "docker0", [0m
[1;31m                    "veth2f391f5", [0m
[1;31m                    "veth15eccb7", [0m
[1;31m                    "veth11297d1", [0m
[1;31m                    "br-163064a44f78", [0m
[1;31m                    "lo", [0m
[1;31m                    "veth2fc812d", [0m
[1;31m                    "br-648a61e6963c", [0m
[1;31m                    "vethca558bc", [0m
[1;31m                    "veth6592c7e", [0m
[1;31m                    "br-e26007a3301f", [0m
[1;31m                    "veth976ec3b", [0m
[1;31m                    "vethf6f9fc9", [0m
[1;31m                    "ens160", [0m
[1;31m                    "veth30384e7", [0m
[1;31m                    "veth92b74e1", [0m
[1;31m                    "veth51c7a3a"[0m
[1;31m                ], [0m
[1;31m                "ansible_is_chroot": false, [0m
[1;31m                "ansible_iscsi_iqn": "", [0m
[1;31m                "ansible_kernel": "4.4.0-140-generic", [0m
[1;31m                "ansible_lo": {[0m
[1;31m                    "active": true, [0m
[1;31m                    "device": "lo", [0m
[1;31m                    "features": {[0m
[1;31m                        "busy_poll": "off [fixed]", [0m
[1;31m                        "fcoe_mtu": "off [fixed]", [0m
[1;31m                        "generic_receive_offload": "on", [0m
[1;31m                        "generic_segmentation_offload": "on", [0m
[1;31m                        "highdma": "on [fixed]", [0m
[1;31m                        "hw_tc_offload": "off [fixed]", [0m
[1;31m                        "l2_fwd_offload": "off [fixed]", [0m
[1;31m                        "large_receive_offload": "off [fixed]", [0m
[1;31m                        "loopback": "on [fixed]", [0m
[1;31m                        "netns_local": "on [fixed]", [0m
[1;31m                        "ntuple_filters": "off [fixed]", [0m
[1;31m                        "receive_hashing": "off [fixed]", [0m
[1;31m                        "rx_all": "off [fixed]", [0m
[1;31m                        "rx_checksumming": "on [fixed]", [0m
[1;31m                        "rx_fcs": "off [fixed]", [0m
[1;31m                        "rx_vlan_filter": "off [fixed]", [0m
[1;31m                        "rx_vlan_offload": "off [fixed]", [0m
[1;31m                        "rx_vlan_stag_filter": "off [fixed]", [0m
[1;31m                        "rx_vlan_stag_hw_parse": "off [fixed]", [0m
[1;31m                        "scatter_gather": "on", [0m
[1;31m                        "tcp_segmentation_offload": "on", [0m
[1;31m                        "tx_checksum_fcoe_crc": "off [fixed]", [0m
[1;31m                        "tx_checksum_ip_generic": "on [fixed]", [0m
[1;31m                        "tx_checksum_ipv4": "off [fixed]", [0m
[1;31m                        "tx_checksum_ipv6": "off [fixed]", [0m
[1;31m                        "tx_checksum_sctp": "on [fixed]", [0m
[1;31m                        "tx_checksumming": "on", [0m
[1;31m                        "tx_fcoe_segmentation": "off [fixed]", [0m
[1;31m                        "tx_gre_segmentation": "off [fixed]", [0m
[1;31m                        "tx_gso_robust": "off [fixed]", [0m
[1;31m                        "tx_ipip_segmentation": "off [fixed]", [0m
[1;31m                        "tx_lockless": "on [fixed]", [0m
[1;31m                        "tx_nocache_copy": "off [fixed]", [0m
[1;31m                        "tx_scatter_gather": "on [fixed]", [0m
[1;31m                        "tx_scatter_gather_fraglist": "on [fixed]", [0m
[1;31m                        "tx_sit_segmentation": "off [fixed]", [0m
[1;31m                        "tx_tcp6_segmentation": "on", [0m
[1;31m                        "tx_tcp_ecn_segmentation": "on", [0m
[1;31m                        "tx_tcp_segmentation": "on", [0m
[1;31m                        "tx_udp_tnl_segmentation": "off [fixed]", [0m
[1;31m                        "tx_vlan_offload": "off [fixed]", [0m
[1;31m                        "tx_vlan_stag_hw_insert": "off [fixed]", [0m
[1;31m                        "udp_fragmentation_offload": "on", [0m
[1;31m                        "vlan_challenged": "on [fixed]"[0m
[1;31m                    }, [0m
[1;31m                    "hw_timestamp_filters": [], [0m
[1;31m                    "ipv4": {[0m
[1;31m                        "address": "127.0.0.1", [0m
[1;31m                        "broadcast": "host", [0m
[1;31m                        "netmask": "255.0.0.0", [0m
[1;31m                        "network": "127.0.0.0"[0m
[1;31m                    }, [0m
[1;31m                    "mtu": 65536, [0m
[1;31m                    "promisc": false, [0m
[1;31m                    "timestamping": [[0m
[1;31m                        "rx_software", [0m
[1;31m                        "software"[0m
[1;31m                    ], [0m
[1;31m                    "type": "loopback"[0m
[1;31m                }, [0m
[1;31m                "ansible_local": {}, [0m
[1;31m                "ansible_lsb": {[0m
[1;31m                    "codename": "xenial", [0m
[1;31m                    "description": "Ubuntu 16.04.5 LTS", [0m
[1;31m                    "id": "Ubuntu", [0m
[1;31m                    "major_release": "16", [0m
[1;31m                    "release": "16.04"[0m
[1;31m                }, [0m
[1;31m                "ansible_lvm": {[0m
[1;31m                    "lvs": {[0m
[1;31m                        "root": {[0m
[1;31m                            "size_g": "17.52", [0m
[1;31m                            "vg": "ubuntu1604-20170222-surf-vg"[0m
[1;31m                        }, [0m
[1;31m                        "swap_1": {[0m
[1;31m                            "size_g": "2.00", [0m
[1;31m                            "vg": "ubuntu1604-20170222-surf-vg"[0m
[1;31m                        }[0m
[1;31m                    }, [0m
[1;31m                    "pvs": {[0m
[1;31m                        "/dev/sda5": {[0m
[1;31m                            "free_g": "0", [0m
[1;31m                            "size_g": "19.52", [0m
[1;31m                            "vg": "ubuntu1604-20170222-surf-vg"[0m
[1;31m                        }[0m
[1;31m                    }, [0m
[1;31m                    "vgs": {[0m
[1;31m                        "ubuntu1604-20170222-surf-vg": {[0m
[1;31m                            "free_g": "0", [0m
[1;31m                            "num_lvs": "2", [0m
[1;31m                            "num_pvs": "1", [0m
[1;31m                            "size_g": "19.52"[0m
[1;31m                        }[0m
[1;31m                    }[0m
[1;31m                }, [0m
[1;31m                "ansible_machine": "x86_64", [0m
[1;31m                "ansible_machine_id": "6eb99809e2e64a9686c213dc3d30a7de", [0m
[1;31m                "ansible_memfree_mb": 650, [0m
[1;31m                "ansible_memory_mb": {[0m
[1;31m                    "nocache": {[0m
[1;31m                        "free": 5284, [0m
[1;31m                        "used": 2699[0m
[1;31m                    }, [0m
[1;31m                    "real": {[0m
[1;31m                        "free": 650, [0m
[1;31m                        "total": 7983, [0m
[1;31m                        "used": 7333[0m
[1;31m                    }, [0m
[1;31m                    "swap": {[0m
[1;31m                        "cached": 0, [0m
[1;31m                        "free": 2044, [0m
[1;31m                        "total": 2047, [0m
[1;31m                        "used": 3[0m
[1;31m                    }[0m
[1;31m                }, [0m
[1;31m                "ansible_memtotal_mb": 7983, [0m
[1;31m                "ansible_mounts": [[0m
[1;31m                    {[0m
[1;31m                        "block_available": 1568013, [0m
[1;31m                        "block_size": 4096, [0m
[1;31m                        "block_total": 4487788, [0m
[1;31m                        "block_used": 2919775, [0m
[1;31m                        "device": "/dev/mapper/ubuntu1604--20170222--surf--vg-root", [0m
[1;31m                        "fstype": "ext4", [0m
[1;31m                        "inode_available": 518939, [0m
[1;31m                        "inode_total": 1148304, [0m
[1;31m                        "inode_used": 629365, [0m
[1;31m                        "mount": "/", [0m
[1;31m                        "options": "rw,relatime,errors=remount-ro,data=ordered", [0m
[1;31m                        "size_available": 6422581248, [0m
[1;31m                        "size_total": 18381979648, [0m
[1;31m                        "uuid": "3bdc3bec-1686-4345-8f30-89d67ee717c2"[0m
[1;31m                    }, [0m
[1;31m                    {[0m
[1;31m                        "block_available": 397695, [0m
[1;31m                        "block_size": 1024, [0m
[1;31m                        "block_total": 482922, [0m
[1;31m                        "block_used": 85227, [0m
[1;31m                        "device": "/dev/sda1", [0m
[1;31m                        "fstype": "ext2", [0m
[1;31m                        "inode_available": 124621, [0m
[1;31m                        "inode_total": 124928, [0m
[1;31m                        "inode_used": 307, [0m
[1;31m                        "mount": "/boot", [0m
[1;31m                        "options": "rw,relatime,block_validity,barrier,user_xattr,acl", [0m
[1;31m                        "size_available": 407239680, [0m
[1;31m                        "size_total": 494512128, [0m
[1;31m                        "uuid": "e38f6fa3-7e87-44ea-8d97-46023bd4f7ba"[0m
[1;31m                    }[0m
[1;31m                ], [0m
[1;31m                "ansible_nodename": "harry1", [0m
[1;31m                "ansible_os_family": "Debian", [0m
[1;31m                "ansible_pkg_mgr": "apt", [0m
[1;31m                "ansible_processor": [[0m
[1;31m                    "0", [0m
[1;31m                    "GenuineIntel", [0m
[1;31m                    "Intel(R) Xeon(R) CPU E5-2680 v4 @ 2.40GHz", [0m
[1;31m                    "1", [0m
[1;31m                    "GenuineIntel", [0m
[1;31m                    "Intel(R) Xeon(R) CPU E5-2680 v4 @ 2.40GHz"[0m
[1;31m                ], [0m
[1;31m                "ansible_processor_cores": 1, [0m
[1;31m                "ansible_processor_count": 2, [0m
[1;31m                "ansible_processor_threads_per_core": 1, [0m
[1;31m                "ansible_processor_vcpus": 2, [0m
[1;31m                "ansible_product_name": "VMware Virtual Platform", [0m
[1;31m                "ansible_product_serial": "VMware-42 15 21 fa 13 b7 b6 8e-c8 ee 15 89 e6 4c 1b 19", [0m
[1;31m                "ansible_product_uuid": "421521FA-13B7-B68E-C8EE-1589E64C1B19", [0m
[1;31m                "ansible_product_version": "None", [0m
[1;31m                "ansible_python": {[0m
[1;31m                    "executable": "/usr/bin/python", [0m
[1;31m                    "has_sslcontext": true, [0m
[1;31m                    "type": "CPython", [0m
[1;31m                    "version": {[0m
[1;31m                        "major": 2, [0m
[1;31m                        "micro": 12, [0m
[1;31m                        "minor": 7, [0m
[1;31m                        "releaselevel": "final", [0m
[1;31m                        "serial": 0[0m
[1;31m                    }, [0m
[1;31m                    "version_info": [[0m
[1;31m                        2, [0m
[1;31m                        7, [0m
[1;31m                        12, [0m
[1;31m                        "final", [0m
[1;31m                        0[0m
[1;31m                    ][0m
[1;31m                }, [0m
[1;31m                "ansible_python_version": "2.7.12", [0m
[1;31m                "ansible_real_group_id": 0, [0m
[1;31m                "ansible_real_user_id": 0, [0m
[1;31m                "ansible_selinux": {[0m
[1;31m                    "status": "Missing selinux Python library"[0m
[1;31m                }, [0m
[1;31m                "ansible_selinux_python_present": false, [0m
[1;31m                "ansible_service_mgr": "systemd", [0m
[1;31m                "ansible_ssh_host_key_dsa_public": "AAAAB3NzaC1kc3MAAACBAJ+lCz0f0vScYP19uFnezk82i+f6gbFxKeMY0vJYz7OYP3ZEyyESAbZFBg082pmMcO2jScXA23VNXM4rEXj0IDmh/ZxHpFrybxWMHZJzMF/IfqKbtMFVP0XKjS+LpPafqgRphBD2S/GPWqNlg7qxKA5cuD+9/rK6tMlvBYp5zfz7AAAAFQDJDhZDBEYwfrFr7g/SqnPJLkW02QAAAIAqokQVH6Kr5l4oH2zLAaWqNv77bqZgPw7eVM+9JUwt/Yumt3sI2sUSIFpopdQSXX6bYLGnVRsrEsWFKexcDukvXtaRiXTlmQU0wRT/iG2pl9LSNhQhXnqxy0tzrN1AUcNl3H/jMgiFqmA1TnD3RkHGkdQw3X+nN68UZO6bCi2v8gAAAIEAmu1H0278d3uPRdcXoFPebW39L6ZYGho6fcJPbvEORTknPWrM5iiisTCSnIxkpkNeJrbLOG17K50KpglZYt1I/keBJFuJ3jondqJoE12cJD7g9/WV9Ok2sZSYcPDdKixajd7R45zf5lau8qJjg2CT5crDIDDqMMsXufLw1Ugol6E=", [0m
[1;31m                "ansible_ssh_host_key_ecdsa_public": "AAAAE2VjZHNhLXNoYTItbmlzdHAyNTYAAAAIbmlzdHAyNTYAAABBBHZdYCg0yIX4NE4I6/LYbjxJFSIqSh16FZUjD+AS914BhYLnlkCfLOlCrV1SRSCk7RrPBYFUcUw8tdzvzsgOLLw=", [0m
[1;31m                "ansible_ssh_host_key_ed25519_public": "AAAAC3NzaC1lZDI1NTE5AAAAICoCKlzZV17Y8SnoN30WsEyTHMVb0Vn8t4d70myNxina", [0m
[1;31m                "ansible_ssh_host_key_rsa_public": "AAAAB3NzaC1yc2EAAAADAQABAAABAQC+8xWCT5c+2DP5i6IvUOvwoVGfzqfT4YQWFJg6zznsPzQxJh+1wlBzhXizeBq+G0GKLyrJed6PNLELFnQ5Pne+wf0sDVn5ZQQdI2VHwUcFNuGCTDZRar6b6rIeMJmXt27VXnPORBjljSAzKC585TgNKOZbWMsqcMxUOUEaut/f+z72dylo+nLFrLIFT6W5PT+93bi0DB16JzYC40YPSc428/1tMunQ2TebHtb+vRjzGRdaktlzcthwttAztAL3AJzlvx9U7ZtTmc2YZTUNxBjawAnTVvx7HNxrNDuhWDHp8VlVaObkWS4F4GlxzmkR9DEPgoyBDAUVFhamsFK5HKxL", [0m
[1;31m                "ansible_swapfree_mb": 2044, [0m
[1;31m                "ansible_swaptotal_mb": 2047, [0m
[1;31m                "ansible_system": "Linux", [0m
[1;31m                "ansible_system_capabilities": [[0m
[1;31m                    "cap_chown", [0m
[1;31m                    "cap_dac_override", [0m
[1;31m                    "cap_dac_read_search", [0m
[1;31m                    "cap_fowner", [0m
[1;31m                    "cap_fsetid", [0m
[1;31m                    "cap_kill", [0m
[1;31m                    "cap_setgid", [0m
[1;31m                    "cap_setuid", [0m
[1;31m                    "cap_setpcap", [0m
[1;31m                    "cap_linux_immutable", [0m
[1;31m                    "cap_net_bind_service", [0m
[1;31m                    "cap_net_broadcast", [0m
[1;31m                    "cap_net_admin", [0m
[1;31m                    "cap_net_raw", [0m
[1;31m                    "cap_ipc_lock", [0m
[1;31m                    "cap_ipc_owner", [0m
[1;31m                    "cap_sys_module", [0m
[1;31m                    "cap_sys_rawio", [0m
[1;31m                    "cap_sys_chroot", [0m
[1;31m                    "cap_sys_ptrace", [0m
[1;31m                    "cap_sys_pacct", [0m
[1;31m                    "cap_sys_admin", [0m
[1;31m                    "cap_sys_boot", [0m
[1;31m                    "cap_sys_nice", [0m
[1;31m                    "cap_sys_resource", [0m
[1;31m                    "cap_sys_time", [0m
[1;31m                    "cap_sys_tty_config", [0m
[1;31m                    "cap_mknod", [0m
[1;31m                    "cap_lease", [0m
[1;31m                    "cap_audit_write", [0m
[1;31m                    "cap_audit_control", [0m
[1;31m                    "cap_setfcap", [0m
[1;31m                    "cap_mac_override", [0m
[1;31m                    "cap_mac_admin", [0m
[1;31m                    "cap_syslog", [0m
[1;31m                    "cap_wake_alarm", [0m
[1;31m                    "cap_block_suspend", [0m
[1;31m                    "37+ep"[0m
[1;31m                ], [0m
[1;31m                "ansible_system_capabilities_enforced": "True", [0m
[1;31m                "ansible_system_vendor": "VMware, Inc.", [0m
[1;31m                "ansible_uptime_seconds": 2459903, [0m
[1;31m                "ansible_user_dir": "/root", [0m
[1;31m                "ansible_user_gecos": "root", [0m
[1;31m                "ansible_user_gid": 0, [0m
[1;31m                "ansible_user_id": "root", [0m
[1;31m                "ansible_user_shell": "/bin/bash", [0m
[1;31m                "ansible_user_uid": 0, [0m
[1;31m                "ansible_userspace_architecture": "x86_64", [0m
[1;31m                "ansible_userspace_bits": "64", [0m
[1;31m                "ansible_veth11297d1": {[0m
[1;31m                    "active": true, [0m
[1;31m                    "device": "veth11297d1", [0m
[1;31m                    "features": {[0m
[1;31m                        "busy_poll": "off [fixed]", [0m
[1;31m                        "fcoe_mtu": "off [fixed]", [0m
[1;31m                        "generic_receive_offload": "on", [0m
[1;31m                        "generic_segmentation_offload": "on", [0m
[1;31m                        "highdma": "on", [0m
[1;31m                        "hw_tc_offload": "off [fixed]", [0m
[1;31m                        "l2_fwd_offload": "off [fixed]", [0m
[1;31m                        "large_receive_offload": "off [fixed]", [0m
[1;31m                        "loopback": "off [fixed]", [0m
[1;31m                        "netns_local": "off [fixed]", [0m
[1;31m                        "ntuple_filters": "off [fixed]", [0m
[1;31m                        "receive_hashing": "off [fixed]", [0m
[1;31m                        "rx_all": "off [fixed]", [0m
[1;31m                        "rx_checksumming": "on", [0m
[1;31m                        "rx_fcs": "off [fixed]", [0m
[1;31m                        "rx_vlan_filter": "off [fixed]", [0m
[1;31m                        "rx_vlan_offload": "on", [0m
[1;31m                        "rx_vlan_stag_filter": "off [fixed]", [0m
[1;31m                        "rx_vlan_stag_hw_parse": "on", [0m
[1;31m                        "scatter_gather": "on", [0m
[1;31m                        "tcp_segmentation_offload": "on", [0m
[1;31m                        "tx_checksum_fcoe_crc": "off [fixed]", [0m
[1;31m                        "tx_checksum_ip_generic": "on", [0m
[1;31m                        "tx_checksum_ipv4": "off [fixed]", [0m
[1;31m                        "tx_checksum_ipv6": "off [fixed]", [0m
[1;31m                        "tx_checksum_sctp": "off [fixed]", [0m
[1;31m                        "tx_checksumming": "on", [0m
[1;31m                        "tx_fcoe_segmentation": "off [fixed]", [0m
[1;31m                        "tx_gre_segmentation": "on", [0m
[1;31m                        "tx_gso_robust": "off [fixed]", [0m
[1;31m                        "tx_ipip_segmentation": "on", [0m
[1;31m                        "tx_lockless": "on [fixed]", [0m
[1;31m                        "tx_nocache_copy": "off", [0m
[1;31m                        "tx_scatter_gather": "on", [0m
[1;31m                        "tx_scatter_gather_fraglist": "on", [0m
[1;31m                        "tx_sit_segmentation": "on", [0m
[1;31m                        "tx_tcp6_segmentation": "on", [0m
[1;31m                        "tx_tcp_ecn_segmentation": "on", [0m
[1;31m                        "tx_tcp_segmentation": "on", [0m
[1;31m                        "tx_udp_tnl_segmentation": "on", [0m
[1;31m                        "tx_vlan_offload": "on", [0m
[1;31m                        "tx_vlan_stag_hw_insert": "on", [0m
[1;31m                        "udp_fragmentation_offload": "on", [0m
[1;31m                        "vlan_challenged": "off [fixed]"[0m
[1;31m                    }, [0m
[1;31m                    "hw_timestamp_filters": [], [0m
[1;31m                    "macaddress": "de:0a:73:95:f5:19", [0m
[1;31m                    "mtu": 1500, [0m
[1;31m                    "promisc": true, [0m
[1;31m                    "speed": 10000, [0m
[1;31m                    "timestamping": [[0m
[1;31m                        "rx_software", [0m
[1;31m                        "software"[0m
[1;31m                    ], [0m
[1;31m                    "type": "ether"[0m
[1;31m                }, [0m
[1;31m                "ansible_veth15eccb7": {[0m
[1;31m                    "active": true, [0m
[1;31m                    "device": "veth15eccb7", [0m
[1;31m                    "features": {[0m
[1;31m                        "busy_poll": "off [fixed]", [0m
[1;31m                        "fcoe_mtu": "off [fixed]", [0m
[1;31m                        "generic_receive_offload": "on", [0m
[1;31m                        "generic_segmentation_offload": "on", [0m
[1;31m                        "highdma": "on", [0m
[1;31m                        "hw_tc_offload": "off [fixed]", [0m
[1;31m                        "l2_fwd_offload": "off [fixed]", [0m
[1;31m                        "large_receive_offload": "off [fixed]", [0m
[1;31m                        "loopback": "off [fixed]", [0m
[1;31m                        "netns_local": "off [fixed]", [0m
[1;31m                        "ntuple_filters": "off [fixed]", [0m
[1;31m                        "receive_hashing": "off [fixed]", [0m
[1;31m                        "rx_all": "off [fixed]", [0m
[1;31m                        "rx_checksumming": "on", [0m
[1;31m                        "rx_fcs": "off [fixed]", [0m
[1;31m                        "rx_vlan_filter": "off [fixed]", [0m
[1;31m                        "rx_vlan_offload": "on", [0m
[1;31m                        "rx_vlan_stag_filter": "off [fixed]", [0m
[1;31m                        "rx_vlan_stag_hw_parse": "on", [0m
[1;31m                        "scatter_gather": "on", [0m
[1;31m                        "tcp_segmentation_offload": "on", [0m
[1;31m                        "tx_checksum_fcoe_crc": "off [fixed]", [0m
[1;31m                        "tx_checksum_ip_generic": "on", [0m
[1;31m                        "tx_checksum_ipv4": "off [fixed]", [0m
[1;31m                        "tx_checksum_ipv6": "off [fixed]", [0m
[1;31m                        "tx_checksum_sctp": "off [fixed]", [0m
[1;31m                        "tx_checksumming": "on", [0m
[1;31m                        "tx_fcoe_segmentation": "off [fixed]", [0m
[1;31m                        "tx_gre_segmentation": "on", [0m
[1;31m                        "tx_gso_robust": "off [fixed]", [0m
[1;31m                        "tx_ipip_segmentation": "on", [0m
[1;31m                        "tx_lockless": "on [fixed]", [0m
[1;31m                        "tx_nocache_copy": "off", [0m
[1;31m                        "tx_scatter_gather": "on", [0m
[1;31m                        "tx_scatter_gather_fraglist": "on", [0m
[1;31m                        "tx_sit_segmentation": "on", [0m
[1;31m                        "tx_tcp6_segmentation": "on", [0m
[1;31m                        "tx_tcp_ecn_segmentation": "on", [0m
[1;31m                        "tx_tcp_segmentation": "on", [0m
[1;31m                        "tx_udp_tnl_segmentation": "on", [0m
[1;31m                        "tx_vlan_offload": "on", [0m
[1;31m                        "tx_vlan_stag_hw_insert": "on", [0m
[1;31m                        "udp_fragmentation_offload": "on", [0m
[1;31m                        "vlan_challenged": "off [fixed]"[0m
[1;31m                    }, [0m
[1;31m                    "hw_timestamp_filters": [], [0m
[1;31m                    "macaddress": "92:61:2c:07:9b:cc", [0m
[1;31m                    "mtu": 1500, [0m
[1;31m                    "promisc": true, [0m
[1;31m                    "speed": 10000, [0m
[1;31m                    "timestamping": [[0m
[1;31m                        "rx_software", [0m
[1;31m                        "software"[0m
[1;31m                    ], [0m
[1;31m                    "type": "ether"[0m
[1;31m                }, [0m
[1;31m                "ansible_veth197e037": {[0m
[1;31m                    "active": true, [0m
[1;31m                    "device": "veth197e037", [0m
[1;31m                    "features": {[0m
[1;31m                        "busy_poll": "off [fixed]", [0m
[1;31m                        "fcoe_mtu": "off [fixed]", [0m
[1;31m                        "generic_receive_offload": "on", [0m
[1;31m                        "generic_segmentation_offload": "on", [0m
[1;31m                        "highdma": "on", [0m
[1;31m                        "hw_tc_offload": "off [fixed]", [0m
[1;31m                        "l2_fwd_offload": "off [fixed]", [0m
[1;31m                        "large_receive_offload": "off [fixed]", [0m
[1;31m                        "loopback": "off [fixed]", [0m
[1;31m                        "netns_local": "off [fixed]", [0m
[1;31m                        "ntuple_filters": "off [fixed]", [0m
[1;31m                        "receive_hashing": "off [fixed]", [0m
[1;31m                        "rx_all": "off [fixed]", [0m
[1;31m                        "rx_checksumming": "on", [0m
[1;31m                        "rx_fcs": "off [fixed]", [0m
[1;31m                        "rx_vlan_filter": "off [fixed]", [0m
[1;31m                        "rx_vlan_offload": "on", [0m
[1;31m                        "rx_vlan_stag_filter": "off [fixed]", [0m
[1;31m                        "rx_vlan_stag_hw_parse": "on", [0m
[1;31m                        "scatter_gather": "on", [0m
[1;31m                        "tcp_segmentation_offload": "on", [0m
[1;31m                        "tx_checksum_fcoe_crc": "off [fixed]", [0m
[1;31m                        "tx_checksum_ip_generic": "on", [0m
[1;31m                        "tx_checksum_ipv4": "off [fixed]", [0m
[1;31m                        "tx_checksum_ipv6": "off [fixed]", [0m
[1;31m                        "tx_checksum_sctp": "off [fixed]", [0m
[1;31m                        "tx_checksumming": "on", [0m
[1;31m                        "tx_fcoe_segmentation": "off [fixed]", [0m
[1;31m                        "tx_gre_segmentation": "on", [0m
[1;31m                        "tx_gso_robust": "off [fixed]", [0m
[1;31m                        "tx_ipip_segmentation": "on", [0m
[1;31m                        "tx_lockless": "on [fixed]", [0m
[1;31m                        "tx_nocache_copy": "off", [0m
[1;31m                        "tx_scatter_gather": "on", [0m
[1;31m                        "tx_scatter_gather_fraglist": "on", [0m
[1;31m                        "tx_sit_segmentation": "on", [0m
[1;31m                        "tx_tcp6_segmentation": "on", [0m
[1;31m                        "tx_tcp_ecn_segmentation": "on", [0m
[1;31m                        "tx_tcp_segmentation": "on", [0m
[1;31m                        "tx_udp_tnl_segmentation": "on", [0m
[1;31m                        "tx_vlan_offload": "on", [0m
[1;31m                        "tx_vlan_stag_hw_insert": "on", [0m
[1;31m                        "udp_fragmentation_offload": "on", [0m
[1;31m                        "vlan_challenged": "off [fixed]"[0m
[1;31m                    }, [0m
[1;31m                    "hw_timestamp_filters": [], [0m
[1;31m                    "macaddress": "ae:2e:91:8a:ee:90", [0m
[1;31m                    "mtu": 1500, [0m
[1;31m                    "promisc": true, [0m
[1;31m                    "speed": 10000, [0m
[1;31m                    "timestamping": [[0m
[1;31m                        "rx_software", [0m
[1;31m                        "software"[0m
[1;31m                    ], [0m
[1;31m                    "type": "ether"[0m
[1;31m                }, [0m
[1;31m                "ansible_veth2f391f5": {[0m
[1;31m                    "active": true, [0m
[1;31m                    "device": "veth2f391f5", [0m
[1;31m                    "features": {[0m
[1;31m                        "busy_poll": "off [fixed]", [0m
[1;31m                        "fcoe_mtu": "off [fixed]", [0m
[1;31m                        "generic_receive_offload": "on", [0m
[1;31m                        "generic_segmentation_offload": "on", [0m
[1;31m                        "highdma": "on", [0m
[1;31m                        "hw_tc_offload": "off [fixed]", [0m
[1;31m                        "l2_fwd_offload": "off [fixed]", [0m
[1;31m                        "large_receive_offload": "off [fixed]", [0m
[1;31m                        "loopback": "off [fixed]", [0m
[1;31m                        "netns_local": "off [fixed]", [0m
[1;31m                        "ntuple_filters": "off [fixed]", [0m
[1;31m                        "receive_hashing": "off [fixed]", [0m
[1;31m                        "rx_all": "off [fixed]", [0m
[1;31m                        "rx_checksumming": "on", [0m
[1;31m                        "rx_fcs": "off [fixed]", [0m
[1;31m                        "rx_vlan_filter": "off [fixed]", [0m
[1;31m                        "rx_vlan_offload": "on", [0m
[1;31m                        "rx_vlan_stag_filter": "off [fixed]", [0m
[1;31m                        "rx_vlan_stag_hw_parse": "on", [0m
[1;31m                        "scatter_gather": "on", [0m
[1;31m                        "tcp_segmentation_offload": "on", [0m
[1;31m                        "tx_checksum_fcoe_crc": "off [fixed]", [0m
[1;31m                        "tx_checksum_ip_generic": "on", [0m
[1;31m                        "tx_checksum_ipv4": "off [fixed]", [0m
[1;31m                        "tx_checksum_ipv6": "off [fixed]", [0m
[1;31m                        "tx_checksum_sctp": "off [fixed]", [0m
[1;31m                        "tx_checksumming": "on", [0m
[1;31m                        "tx_fcoe_segmentation": "off [fixed]", [0m
[1;31m                        "tx_gre_segmentation": "on", [0m
[1;31m                        "tx_gso_robust": "off [fixed]", [0m
[1;31m                        "tx_ipip_segmentation": "on", [0m
[1;31m                        "tx_lockless": "on [fixed]", [0m
[1;31m                        "tx_nocache_copy": "off", [0m
[1;31m                        "tx_scatter_gather": "on", [0m
[1;31m                        "tx_scatter_gather_fraglist": "on", [0m
[1;31m                        "tx_sit_segmentation": "on", [0m
[1;31m                        "tx_tcp6_segmentation": "on", [0m
[1;31m                        "tx_tcp_ecn_segmentation": "on", [0m
[1;31m                        "tx_tcp_segmentation": "on", [0m
[1;31m                        "tx_udp_tnl_segmentation": "on", [0m
[1;31m                        "tx_vlan_offload": "on", [0m
[1;31m                        "tx_vlan_stag_hw_insert": "on", [0m
[1;31m                        "udp_fragmentation_offload": "on", [0m
[1;31m                        "vlan_challenged": "off [fixed]"[0m
[1;31m                    }, [0m
[1;31m                    "hw_timestamp_filters": [], [0m
[1;31m                    "macaddress": "2e:ce:c0:2c:cf:31", [0m
[1;31m                    "mtu": 1500, [0m
[1;31m                    "promisc": true, [0m
[1;31m                    "speed": 10000, [0m
[1;31m                    "timestamping": [[0m
[1;31m                        "rx_software", [0m
[1;31m                        "software"[0m
[1;31m                    ], [0m
[1;31m                    "type": "ether"[0m
[1;31m                }, [0m
[1;31m                "ansible_veth2fc812d": {[0m
[1;31m                    "active": true, [0m
[1;31m                    "device": "veth2fc812d", [0m
[1;31m                    "features": {[0m
[1;31m                        "busy_poll": "off [fixed]", [0m
[1;31m                        "fcoe_mtu": "off [fixed]", [0m
[1;31m                        "generic_receive_offload": "on", [0m
[1;31m                        "generic_segmentation_offload": "on", [0m
[1;31m                        "highdma": "on", [0m
[1;31m                        "hw_tc_offload": "off [fixed]", [0m
[1;31m                        "l2_fwd_offload": "off [fixed]", [0m
[1;31m                        "large_receive_offload": "off [fixed]", [0m
[1;31m                        "loopback": "off [fixed]", [0m
[1;31m                        "netns_local": "off [fixed]", [0m
[1;31m                        "ntuple_filters": "off [fixed]", [0m
[1;31m                        "receive_hashing": "off [fixed]", [0m
[1;31m                        "rx_all": "off [fixed]", [0m
[1;31m                        "rx_checksumming": "on", [0m
[1;31m                        "rx_fcs": "off [fixed]", [0m
[1;31m                        "rx_vlan_filter": "off [fixed]", [0m
[1;31m                        "rx_vlan_offload": "on", [0m
[1;31m                        "rx_vlan_stag_filter": "off [fixed]", [0m
[1;31m                        "rx_vlan_stag_hw_parse": "on", [0m
[1;31m                        "scatter_gather": "on", [0m
[1;31m                        "tcp_segmentation_offload": "on", [0m
[1;31m                        "tx_checksum_fcoe_crc": "off [fixed]", [0m
[1;31m                        "tx_checksum_ip_generic": "on", [0m
[1;31m                        "tx_checksum_ipv4": "off [fixed]", [0m
[1;31m                        "tx_checksum_ipv6": "off [fixed]", [0m
[1;31m                        "tx_checksum_sctp": "off [fixed]", [0m
[1;31m                        "tx_checksumming": "on", [0m
[1;31m                        "tx_fcoe_segmentation": "off [fixed]", [0m
[1;31m                        "tx_gre_segmentation": "on", [0m
[1;31m                        "tx_gso_robust": "off [fixed]", [0m
[1;31m                        "tx_ipip_segmentation": "on", [0m
[1;31m                        "tx_lockless": "on [fixed]", [0m
[1;31m                        "tx_nocache_copy": "off", [0m
[1;31m                        "tx_scatter_gather": "on", [0m
[1;31m                        "tx_scatter_gather_fraglist": "on", [0m
[1;31m                        "tx_sit_segmentation": "on", [0m
[1;31m                        "tx_tcp6_segmentation": "on", [0m
[1;31m                        "tx_tcp_ecn_segmentation": "on", [0m
[1;31m                        "tx_tcp_segmentation": "on", [0m
[1;31m                        "tx_udp_tnl_segmentation": "on", [0m
[1;31m                        "tx_vlan_offload": "on", [0m
[1;31m                        "tx_vlan_stag_hw_insert": "on", [0m
[1;31m                        "udp_fragmentation_offload": "on", [0m
[1;31m                        "vlan_challenged": "off [fixed]"[0m
[1;31m                    }, [0m
[1;31m                    "hw_timestamp_filters": [], [0m
[1;31m                    "macaddress": "3e:19:95:dc:2a:fc", [0m
[1;31m                    "mtu": 1500, [0m
[1;31m                    "promisc": true, [0m
[1;31m                    "speed": 10000, [0m
[1;31m                    "timestamping": [[0m
[1;31m                        "rx_software", [0m
[1;31m                        "software"[0m
[1;31m                    ], [0m
[1;31m                    "type": "ether"[0m
[1;31m                }, [0m
[1;31m                "ansible_veth30384e7": {[0m
[1;31m                    "active": true, [0m
[1;31m                    "device": "veth30384e7", [0m
[1;31m                    "features": {[0m
[1;31m                        "busy_poll": "off [fixed]", [0m
[1;31m                        "fcoe_mtu": "off [fixed]", [0m
[1;31m                        "generic_receive_offload": "on", [0m
[1;31m                        "generic_segmentation_offload": "on", [0m
[1;31m                        "highdma": "on", [0m
[1;31m                        "hw_tc_offload": "off [fixed]", [0m
[1;31m                        "l2_fwd_offload": "off [fixed]", [0m
[1;31m                        "large_receive_offload": "off [fixed]", [0m
[1;31m                        "loopback": "off [fixed]", [0m
[1;31m                        "netns_local": "off [fixed]", [0m
[1;31m                        "ntuple_filters": "off [fixed]", [0m
[1;31m                        "receive_hashing": "off [fixed]", [0m
[1;31m                        "rx_all": "off [fixed]", [0m
[1;31m                        "rx_checksumming": "on", [0m
[1;31m                        "rx_fcs": "off [fixed]", [0m
[1;31m                        "rx_vlan_filter": "off [fixed]", [0m
[1;31m                        "rx_vlan_offload": "on", [0m
[1;31m                        "rx_vlan_stag_filter": "off [fixed]", [0m
[1;31m                        "rx_vlan_stag_hw_parse": "on", [0m
[1;31m                        "scatter_gather": "on", [0m
[1;31m                        "tcp_segmentation_offload": "on", [0m
[1;31m                        "tx_checksum_fcoe_crc": "off [fixed]", [0m
[1;31m                        "tx_checksum_ip_generic": "on", [0m
[1;31m                        "tx_checksum_ipv4": "off [fixed]", [0m
[1;31m                        "tx_checksum_ipv6": "off [fixed]", [0m
[1;31m                        "tx_checksum_sctp": "off [fixed]", [0m
[1;31m                        "tx_checksumming": "on", [0m
[1;31m                        "tx_fcoe_segmentation": "off [fixed]", [0m
[1;31m                        "tx_gre_segmentation": "on", [0m
[1;31m                        "tx_gso_robust": "off [fixed]", [0m
[1;31m                        "tx_ipip_segmentation": "on", [0m
[1;31m                        "tx_lockless": "on [fixed]", [0m
[1;31m                        "tx_nocache_copy": "off", [0m
[1;31m                        "tx_scatter_gather": "on", [0m
[1;31m                        "tx_scatter_gather_fraglist": "on", [0m
[1;31m                        "tx_sit_segmentation": "on", [0m
[1;31m                        "tx_tcp6_segmentation": "on", [0m
[1;31m                        "tx_tcp_ecn_segmentation": "on", [0m
[1;31m                        "tx_tcp_segmentation": "on", [0m
[1;31m                        "tx_udp_tnl_segmentation": "on", [0m
[1;31m                        "tx_vlan_offload": "on", [0m
[1;31m                        "tx_vlan_stag_hw_insert": "on", [0m
[1;31m                        "udp_fragmentation_offload": "on", [0m
[1;31m                        "vlan_challenged": "off [fixed]"[0m
[1;31m                    }, [0m
[1;31m                    "hw_timestamp_filters": [], [0m
[1;31m                    "macaddress": "ae:c6:6a:3f:fa:a9", [0m
[1;31m                    "mtu": 1500, [0m
[1;31m                    "promisc": true, [0m
[1;31m                    "speed": 10000, [0m
[1;31m                    "timestamping": [[0m
[1;31m                        "rx_software", [0m
[1;31m                        "software"[0m
[1;31m                    ], [0m
[1;31m                    "type": "ether"[0m
[1;31m                }, [0m
[1;31m                "ansible_veth51c7a3a": {[0m
[1;31m                    "active": true, [0m
[1;31m                    "device": "veth51c7a3a", [0m
[1;31m                    "features": {[0m
[1;31m                        "busy_poll": "off [fixed]", [0m
[1;31m                        "fcoe_mtu": "off [fixed]", [0m
[1;31m                        "generic_receive_offload": "on", [0m
[1;31m                        "generic_segmentation_offload": "on", [0m
[1;31m                        "highdma": "on", [0m
[1;31m                        "hw_tc_offload": "off [fixed]", [0m
[1;31m                        "l2_fwd_offload": "off [fixed]", [0m
[1;31m                        "large_receive_offload": "off [fixed]", [0m
[1;31m                        "loopback": "off [fixed]", [0m
[1;31m                        "netns_local": "off [fixed]", [0m
[1;31m                        "ntuple_filters": "off [fixed]", [0m
[1;31m                        "receive_hashing": "off [fixed]", [0m
[1;31m                        "rx_all": "off [fixed]", [0m
[1;31m                        "rx_checksumming": "on", [0m
[1;31m                        "rx_fcs": "off [fixed]", [0m
[1;31m                        "rx_vlan_filter": "off [fixed]", [0m
[1;31m                        "rx_vlan_offload": "on", [0m
[1;31m                        "rx_vlan_stag_filter": "off [fixed]", [0m
[1;31m                        "rx_vlan_stag_hw_parse": "on", [0m
[1;31m                        "scatter_gather": "on", [0m
[1;31m                        "tcp_segmentation_offload": "on", [0m
[1;31m                        "tx_checksum_fcoe_crc": "off [fixed]", [0m
[1;31m                        "tx_checksum_ip_generic": "on", [0m
[1;31m                        "tx_checksum_ipv4": "off [fixed]", [0m
[1;31m                        "tx_checksum_ipv6": "off [fixed]", [0m
[1;31m                        "tx_checksum_sctp": "off [fixed]", [0m
[1;31m                        "tx_checksumming": "on", [0m
[1;31m                        "tx_fcoe_segmentation": "off [fixed]", [0m
[1;31m                        "tx_gre_segmentation": "on", [0m
[1;31m                        "tx_gso_robust": "off [fixed]", [0m
[1;31m                        "tx_ipip_segmentation": "on", [0m
[1;31m                        "tx_lockless": "on [fixed]", [0m
[1;31m                        "tx_nocache_copy": "off", [0m
[1;31m                        "tx_scatter_gather": "on", [0m
[1;31m                        "tx_scatter_gather_fraglist": "on", [0m
[1;31m                        "tx_sit_segmentation": "on", [0m
[1;31m                        "tx_tcp6_segmentation": "on", [0m
[1;31m                        "tx_tcp_ecn_segmentation": "on", [0m
[1;31m                        "tx_tcp_segmentation": "on", [0m
[1;31m                        "tx_udp_tnl_segmentation": "on", [0m
[1;31m                        "tx_vlan_offload": "on", [0m
[1;31m                        "tx_vlan_stag_hw_insert": "on", [0m
[1;31m                        "udp_fragmentation_offload": "on", [0m
[1;31m                        "vlan_challenged": "off [fixed]"[0m
[1;31m                    }, [0m
[1;31m                    "hw_timestamp_filters": [], [0m
[1;31m                    "macaddress": "7e:d7:83:2d:78:43", [0m
[1;31m                    "mtu": 1500, [0m
[1;31m                    "promisc": true, [0m
[1;31m                    "speed": 10000, [0m
[1;31m                    "timestamping": [[0m
[1;31m                        "rx_software", [0m
[1;31m                        "software"[0m
[1;31m                    ], [0m
[1;31m                    "type": "ether"[0m
[1;31m                }, [0m
[1;31m                "ansible_veth6592c7e": {[0m
[1;31m                    "active": true, [0m
[1;31m                    "device": "veth6592c7e", [0m
[1;31m                    "features": {[0m
[1;31m                        "busy_poll": "off [fixed]", [0m
[1;31m                        "fcoe_mtu": "off [fixed]", [0m
[1;31m                        "generic_receive_offload": "on", [0m
[1;31m                        "generic_segmentation_offload": "on", [0m
[1;31m                        "highdma": "on", [0m
[1;31m                        "hw_tc_offload": "off [fixed]", [0m
[1;31m                        "l2_fwd_offload": "off [fixed]", [0m
[1;31m                        "large_receive_offload": "off [fixed]", [0m
[1;31m                        "loopback": "off [fixed]", [0m
[1;31m                        "netns_local": "off [fixed]", [0m
[1;31m                        "ntuple_filters": "off [fixed]", [0m
[1;31m                        "receive_hashing": "off [fixed]", [0m
[1;31m                        "rx_all": "off [fixed]", [0m
[1;31m                        "rx_checksumming": "on", [0m
[1;31m                        "rx_fcs": "off [fixed]", [0m
[1;31m                        "rx_vlan_filter": "off [fixed]", [0m
[1;31m                        "rx_vlan_offload": "on", [0m
[1;31m                        "rx_vlan_stag_filter": "off [fixed]", [0m
[1;31m                        "rx_vlan_stag_hw_parse": "on", [0m
[1;31m                        "scatter_gather": "on", [0m
[1;31m                        "tcp_segmentation_offload": "on", [0m
[1;31m                        "tx_checksum_fcoe_crc": "off [fixed]", [0m
[1;31m                        "tx_checksum_ip_generic": "on", [0m
[1;31m                        "tx_checksum_ipv4": "off [fixed]", [0m
[1;31m                        "tx_checksum_ipv6": "off [fixed]", [0m
[1;31m                        "tx_checksum_sctp": "off [fixed]", [0m
[1;31m                        "tx_checksumming": "on", [0m
[1;31m                        "tx_fcoe_segmentation": "off [fixed]", [0m
[1;31m                        "tx_gre_segmentation": "on", [0m
[1;31m                        "tx_gso_robust": "off [fixed]", [0m
[1;31m                        "tx_ipip_segmentation": "on", [0m
[1;31m                        "tx_lockless": "on [fixed]", [0m
[1;31m                        "tx_nocache_copy": "off", [0m
[1;31m                        "tx_scatter_gather": "on", [0m
[1;31m                        "tx_scatter_gather_fraglist": "on", [0m
[1;31m                        "tx_sit_segmentation": "on", [0m
[1;31m                        "tx_tcp6_segmentation": "on", [0m
[1;31m                        "tx_tcp_ecn_segmentation": "on", [0m
[1;31m                        "tx_tcp_segmentation": "on", [0m
[1;31m                        "tx_udp_tnl_segmentation": "on", [0m
[1;31m                        "tx_vlan_offload": "on", [0m
[1;31m                        "tx_vlan_stag_hw_insert": "on", [0m
[1;31m                        "udp_fragmentation_offload": "on", [0m
[1;31m                        "vlan_challenged": "off [fixed]"[0m
[1;31m                    }, [0m
[1;31m                    "hw_timestamp_filters": [], [0m
[1;31m                    "macaddress": "72:59:0b:56:cf:81", [0m
[1;31m                    "mtu": 1500, [0m
[1;31m                    "promisc": true, [0m
[1;31m                    "speed": 10000, [0m
[1;31m                    "timestamping": [[0m
[1;31m                        "rx_software", [0m
[1;31m                        "software"[0m
[1;31m                    ], [0m
[1;31m                    "type": "ether"[0m
[1;31m                }, [0m
[1;31m                "ansible_veth92b74e1": {[0m
[1;31m                    "active": true, [0m
[1;31m                    "device": "veth92b74e1", [0m
[1;31m                    "features": {[0m
[1;31m                        "busy_poll": "off [fixed]", [0m
[1;31m                        "fcoe_mtu": "off [fixed]", [0m
[1;31m                        "generic_receive_offload": "on", [0m
[1;31m                        "generic_segmentation_offload": "on", [0m
[1;31m                        "highdma": "on", [0m
[1;31m                        "hw_tc_offload": "off [fixed]", [0m
[1;31m                        "l2_fwd_offload": "off [fixed]", [0m
[1;31m                        "large_receive_offload": "off [fixed]", [0m
[1;31m                        "loopback": "off [fixed]", [0m
[1;31m                        "netns_local": "off [fixed]", [0m
[1;31m                        "ntuple_filters": "off [fixed]", [0m
[1;31m                        "receive_hashing": "off [fixed]", [0m
[1;31m                        "rx_all": "off [fixed]", [0m
[1;31m                        "rx_checksumming": "on", [0m
[1;31m                        "rx_fcs": "off [fixed]", [0m
[1;31m                        "rx_vlan_filter": "off [fixed]", [0m
[1;31m                        "rx_vlan_offload": "on", [0m
[1;31m                        "rx_vlan_stag_filter": "off [fixed]", [0m
[1;31m                        "rx_vlan_stag_hw_parse": "on", [0m
[1;31m                        "scatter_gather": "on", [0m
[1;31m                        "tcp_segmentation_offload": "on", [0m
[1;31m                        "tx_checksum_fcoe_crc": "off [fixed]", [0m
[1;31m                        "tx_checksum_ip_generic": "on", [0m
[1;31m                        "tx_checksum_ipv4": "off [fixed]", [0m
[1;31m                        "tx_checksum_ipv6": "off [fixed]", [0m
[1;31m                        "tx_checksum_sctp": "off [fixed]", [0m
[1;31m                        "tx_checksumming": "on", [0m
[1;31m                        "tx_fcoe_segmentation": "off [fixed]", [0m
[1;31m                        "tx_gre_segmentation": "on", [0m
[1;31m                        "tx_gso_robust": "off [fixed]", [0m
[1;31m                        "tx_ipip_segmentation": "on", [0m
[1;31m                        "tx_lockless": "on [fixed]", [0m
[1;31m                        "tx_nocache_copy": "off", [0m
[1;31m                        "tx_scatter_gather": "on", [0m
[1;31m                        "tx_scatter_gather_fraglist": "on", [0m
[1;31m                        "tx_sit_segmentation": "on", [0m
[1;31m                        "tx_tcp6_segmentation": "on", [0m
[1;31m                        "tx_tcp_ecn_segmentation": "on", [0m
[1;31m                        "tx_tcp_segmentation": "on", [0m
[1;31m                        "tx_udp_tnl_segmentation": "on", [0m
[1;31m                        "tx_vlan_offload": "on", [0m
[1;31m                        "tx_vlan_stag_hw_insert": "on", [0m
[1;31m                        "udp_fragmentation_offload": "on", [0m
[1;31m                        "vlan_challenged": "off [fixed]"[0m
[1;31m                    }, [0m
[1;31m                    "hw_timestamp_filters": [], [0m
[1;31m                    "macaddress": "b2:b4:22:1e:18:54", [0m
[1;31m                    "mtu": 1500, [0m
[1;31m                    "promisc": true, [0m
[1;31m                    "speed": 10000, [0m
[1;31m                    "timestamping": [[0m
[1;31m                        "rx_software", [0m
[1;31m                        "software"[0m
[1;31m                    ], [0m
[1;31m                    "type": "ether"[0m
[1;31m                }, [0m
[1;31m                "ansible_veth976ec3b": {[0m
[1;31m                    "active": true, [0m
[1;31m                    "device": "veth976ec3b", [0m
[1;31m                    "features": {[0m
[1;31m                        "busy_poll": "off [fixed]", [0m
[1;31m                        "fcoe_mtu": "off [fixed]", [0m
[1;31m                        "generic_receive_offload": "on", [0m
[1;31m                        "generic_segmentation_offload": "on", [0m
[1;31m                        "highdma": "on", [0m
[1;31m                        "hw_tc_offload": "off [fixed]", [0m
[1;31m                        "l2_fwd_offload": "off [fixed]", [0m
[1;31m                        "large_receive_offload": "off [fixed]", [0m
[1;31m                        "loopback": "off [fixed]", [0m
[1;31m                        "netns_local": "off [fixed]", [0m
[1;31m                        "ntuple_filters": "off [fixed]", [0m
[1;31m                        "receive_hashing": "off [fixed]", [0m
[1;31m                        "rx_all": "off [fixed]", [0m
[1;31m                        "rx_checksumming": "on", [0m
[1;31m                        "rx_fcs": "off [fixed]", [0m
[1;31m                        "rx_vlan_filter": "off [fixed]", [0m
[1;31m                        "rx_vlan_offload": "on", [0m
[1;31m                        "rx_vlan_stag_filter": "off [fixed]", [0m
[1;31m                        "rx_vlan_stag_hw_parse": "on", [0m
[1;31m                        "scatter_gather": "on", [0m
[1;31m                        "tcp_segmentation_offload": "on", [0m
[1;31m                        "tx_checksum_fcoe_crc": "off [fixed]", [0m
[1;31m                        "tx_checksum_ip_generic": "on", [0m
[1;31m                        "tx_checksum_ipv4": "off [fixed]", [0m
[1;31m                        "tx_checksum_ipv6": "off [fixed]", [0m
[1;31m                        "tx_checksum_sctp": "off [fixed]", [0m
[1;31m                        "tx_checksumming": "on", [0m
[1;31m                        "tx_fcoe_segmentation": "off [fixed]", [0m
[1;31m                        "tx_gre_segmentation": "on", [0m
[1;31m                        "tx_gso_robust": "off [fixed]", [0m
[1;31m                        "tx_ipip_segmentation": "on", [0m
[1;31m                        "tx_lockless": "on [fixed]", [0m
[1;31m                        "tx_nocache_copy": "off", [0m
[1;31m                        "tx_scatter_gather": "on", [0m
[1;31m                        "tx_scatter_gather_fraglist": "on", [0m
[1;31m                        "tx_sit_segmentation": "on", [0m
[1;31m                        "tx_tcp6_segmentation": "on", [0m
[1;31m                        "tx_tcp_ecn_segmentation": "on", [0m
[1;31m                        "tx_tcp_segmentation": "on", [0m
[1;31m                        "tx_udp_tnl_segmentation": "on", [0m
[1;31m                        "tx_vlan_offload": "on", [0m
[1;31m                        "tx_vlan_stag_hw_insert": "on", [0m
[1;31m                        "udp_fragmentation_offload": "on", [0m
[1;31m                        "vlan_challenged": "off [fixed]"[0m
[1;31m                    }, [0m
[1;31m                    "hw_timestamp_filters": [], [0m
[1;31m                    "macaddress": "de:99:10:10:85:58", [0m
[1;31m                    "mtu": 1500, [0m
[1;31m                    "promisc": true, [0m
[1;31m                    "speed": 10000, [0m
[1;31m                    "timestamping": [[0m
[1;31m                        "rx_software", [0m
[1;31m                        "software"[0m
[1;31m                    ], [0m
[1;31m                    "type": "ether"[0m
[1;31m                }, [0m
[1;31m                "ansible_vethca558bc": {[0m
[1;31m                    "active": true, [0m
[1;31m                    "device": "vethca558bc", [0m
[1;31m                    "features": {[0m
[1;31m                        "busy_poll": "off [fixed]", [0m
[1;31m                        "fcoe_mtu": "off [fixed]", [0m
[1;31m                        "generic_receive_offload": "on", [0m
[1;31m                        "generic_segmentation_offload": "on", [0m
[1;31m                        "highdma": "on", [0m
[1;31m                        "hw_tc_offload": "off [fixed]", [0m
[1;31m                        "l2_fwd_offload": "off [fixed]", [0m
[1;31m                        "large_receive_offload": "off [fixed]", [0m
[1;31m                        "loopback": "off [fixed]", [0m
[1;31m                        "netns_local": "off [fixed]", [0m
[1;31m                        "ntuple_filters": "off [fixed]", [0m
[1;31m                        "receive_hashing": "off [fixed]", [0m
[1;31m                        "rx_all": "off [fixed]", [0m
[1;31m                        "rx_checksumming": "on", [0m
[1;31m                        "rx_fcs": "off [fixed]", [0m
[1;31m                        "rx_vlan_filter": "off [fixed]", [0m
[1;31m                        "rx_vlan_offload": "on", [0m
[1;31m                        "rx_vlan_stag_filter": "off [fixed]", [0m
[1;31m                        "rx_vlan_stag_hw_parse": "on", [0m
[1;31m                        "scatter_gather": "on", [0m
[1;31m                        "tcp_segmentation_offload": "on", [0m
[1;31m                        "tx_checksum_fcoe_crc": "off [fixed]", [0m
[1;31m                        "tx_checksum_ip_generic": "on", [0m
[1;31m                        "tx_checksum_ipv4": "off [fixed]", [0m
[1;31m                        "tx_checksum_ipv6": "off [fixed]", [0m
[1;31m                        "tx_checksum_sctp": "off [fixed]", [0m
[1;31m                        "tx_checksumming": "on", [0m
[1;31m                        "tx_fcoe_segmentation": "off [fixed]", [0m
[1;31m                        "tx_gre_segmentation": "on", [0m
[1;31m                        "tx_gso_robust": "off [fixed]", [0m
[1;31m                        "tx_ipip_segmentation": "on", [0m
[1;31m                        "tx_lockless": "on [fixed]", [0m
[1;31m                        "tx_nocache_copy": "off", [0m
[1;31m                        "tx_scatter_gather": "on", [0m
[1;31m                        "tx_scatter_gather_fraglist": "on", [0m
[1;31m                        "tx_sit_segmentation": "on", [0m
[1;31m                        "tx_tcp6_segmentation": "on", [0m
[1;31m                        "tx_tcp_ecn_segmentation": "on", [0m
[1;31m                        "tx_tcp_segmentation": "on", [0m
[1;31m                        "tx_udp_tnl_segmentation": "on", [0m
[1;31m                        "tx_vlan_offload": "on", [0m
[1;31m                        "tx_vlan_stag_hw_insert": "on", [0m
[1;31m                        "udp_fragmentation_offload": "on", [0m
[1;31m                        "vlan_challenged": "off [fixed]"[0m
[1;31m                    }, [0m
[1;31m                    "hw_timestamp_filters": [], [0m
[1;31m                    "macaddress": "da:7d:8c:f0:9f:67", [0m
[1;31m                    "mtu": 1500, [0m
[1;31m                    "promisc": true, [0m
[1;31m                    "speed": 10000, [0m
[1;31m                    "timestamping": [[0m
[1;31m                        "rx_software", [0m
[1;31m                        "software"[0m
[1;31m                    ], [0m
[1;31m                    "type": "ether"[0m
[1;31m                }, [0m
[1;31m                "ansible_vethcfc23ce": {[0m
[1;31m                    "active": true, [0m
[1;31m                    "device": "vethcfc23ce", [0m
[1;31m                    "features": {[0m
[1;31m                        "busy_poll": "off [fixed]", [0m
[1;31m                        "fcoe_mtu": "off [fixed]", [0m
[1;31m                        "generic_receive_offload": "on", [0m
[1;31m                        "generic_segmentation_offload": "on", [0m
[1;31m                        "highdma": "on", [0m
[1;31m                        "hw_tc_offload": "off [fixed]", [0m
[1;31m                        "l2_fwd_offload": "off [fixed]", [0m
[1;31m                        "large_receive_offload": "off [fixed]", [0m
[1;31m                        "loopback": "off [fixed]", [0m
[1;31m                        "netns_local": "off [fixed]", [0m
[1;31m                        "ntuple_filters": "off [fixed]", [0m
[1;31m                        "receive_hashing": "off [fixed]", [0m
[1;31m                        "rx_all": "off [fixed]", [0m
[1;31m                        "rx_checksumming": "on", [0m
[1;31m                        "rx_fcs": "off [fixed]", [0m
[1;31m                        "rx_vlan_filter": "off [fixed]", [0m
[1;31m                        "rx_vlan_offload": "on", [0m
[1;31m                        "rx_vlan_stag_filter": "off [fixed]", [0m
[1;31m                        "rx_vlan_stag_hw_parse": "on", [0m
[1;31m                        "scatter_gather": "on", [0m
[1;31m                        "tcp_segmentation_offload": "on", [0m
[1;31m                        "tx_checksum_fcoe_crc": "off [fixed]", [0m
[1;31m                        "tx_checksum_ip_generic": "on", [0m
[1;31m                        "tx_checksum_ipv4": "off [fixed]", [0m
[1;31m                        "tx_checksum_ipv6": "off [fixed]", [0m
[1;31m                        "tx_checksum_sctp": "off [fixed]", [0m
[1;31m                        "tx_checksumming": "on", [0m
[1;31m                        "tx_fcoe_segmentation": "off [fixed]", [0m
[1;31m                        "tx_gre_segmentation": "on", [0m
[1;31m                        "tx_gso_robust": "off [fixed]", [0m
[1;31m                        "tx_ipip_segmentation": "on", [0m
[1;31m                        "tx_lockless": "on [fixed]", [0m
[1;31m                        "tx_nocache_copy": "off", [0m
[1;31m                        "tx_scatter_gather": "on", [0m
[1;31m                        "tx_scatter_gather_fraglist": "on", [0m
[1;31m                        "tx_sit_segmentation": "on", [0m
[1;31m                        "tx_tcp6_segmentation": "on", [0m
[1;31m                        "tx_tcp_ecn_segmentation": "on", [0m
[1;31m                        "tx_tcp_segmentation": "on", [0m
[1;31m                        "tx_udp_tnl_segmentation": "on", [0m
[1;31m                        "tx_vlan_offload": "on", [0m
[1;31m                        "tx_vlan_stag_hw_insert": "on", [0m
[1;31m                        "udp_fragmentation_offload": "on", [0m
[1;31m                        "vlan_challenged": "off [fixed]"[0m
[1;31m                    }, [0m
[1;31m                    "hw_timestamp_filters": [], [0m
[1;31m                    "macaddress": "aa:88:9f:6a:0f:69", [0m
[1;31m                    "mtu": 1500, [0m
[1;31m                    "promisc": true, [0m
[1;31m                    "speed": 10000, [0m
[1;31m                    "timestamping": [[0m
[1;31m                        "rx_software", [0m
[1;31m                        "software"[0m
[1;31m                    ], [0m
[1;31m                    "type": "ether"[0m
[1;31m                }, [0m
[1;31m                "ansible_vethf6f9fc9": {[0m
[1;31m                    "active": true, [0m
[1;31m                    "device": "vethf6f9fc9", [0m
[1;31m                    "features": {[0m
[1;31m                        "busy_poll": "off [fixed]", [0m
[1;31m                        "fcoe_mtu": "off [fixed]", [0m
[1;31m                        "generic_receive_offload": "on", [0m
[1;31m                        "generic_segmentation_offload": "on", [0m
[1;31m                        "highdma": "on", [0m
[1;31m                        "hw_tc_offload": "off [fixed]", [0m
[1;31m                        "l2_fwd_offload": "off [fixed]", [0m
[1;31m                        "large_receive_offload": "off [fixed]", [0m
[1;31m                        "loopback": "off [fixed]", [0m
[1;31m                        "netns_local": "off [fixed]", [0m
[1;31m                        "ntuple_filters": "off [fixed]", [0m
[1;31m                        "receive_hashing": "off [fixed]", [0m
[1;31m                        "rx_all": "off [fixed]", [0m
[1;31m                        "rx_checksumming": "on", [0m
[1;31m                        "rx_fcs": "off [fixed]", [0m
[1;31m                        "rx_vlan_filter": "off [fixed]", [0m
[1;31m                        "rx_vlan_offload": "on", [0m
[1;31m                        "rx_vlan_stag_filter": "off [fixed]", [0m
[1;31m                        "rx_vlan_stag_hw_parse": "on", [0m
[1;31m                        "scatter_gather": "on", [0m
[1;31m                        "tcp_segmentation_offload": "on", [0m
[1;31m                        "tx_checksum_fcoe_crc": "off [fixed]", [0m
[1;31m                        "tx_checksum_ip_generic": "on", [0m
[1;31m                        "tx_checksum_ipv4": "off [fixed]", [0m
[1;31m                        "tx_checksum_ipv6": "off [fixed]", [0m
[1;31m                        "tx_checksum_sctp": "off [fixed]", [0m
[1;31m                        "tx_checksumming": "on", [0m
[1;31m                        "tx_fcoe_segmentation": "off [fixed]", [0m
[1;31m                        "tx_gre_segmentation": "on", [0m
[1;31m                        "tx_gso_robust": "off [fixed]", [0m
[1;31m                        "tx_ipip_segmentation": "on", [0m
[1;31m                        "tx_lockless": "on [fixed]", [0m
[1;31m                        "tx_nocache_copy": "off", [0m
[1;31m                        "tx_scatter_gather": "on", [0m
[1;31m                        "tx_scatter_gather_fraglist": "on", [0m
[1;31m                        "tx_sit_segmentation": "on", [0m
[1;31m                        "tx_tcp6_segmentation": "on", [0m
[1;31m                        "tx_tcp_ecn_segmentation": "on", [0m
[1;31m                        "tx_tcp_segmentation": "on", [0m
[1;31m                        "tx_udp_tnl_segmentation": "on", [0m
[1;31m                        "tx_vlan_offload": "on", [0m
[1;31m                        "tx_vlan_stag_hw_insert": "on", [0m
[1;31m                        "udp_fragmentation_offload": "on", [0m
[1;31m                        "vlan_challenged": "off [fixed]"[0m
[1;31m                    }, [0m
[1;31m                    "hw_timestamp_filters": [], [0m
[1;31m                    "macaddress": "42:2d:10:60:7e:49", [0m
[1;31m                    "mtu": 1500, [0m
[1;31m                    "promisc": true, [0m
[1;31m                    "speed": 10000, [0m
[1;31m                    "timestamping": [[0m
[1;31m                        "rx_software", [0m
[1;31m                        "software"[0m
[1;31m                    ], [0m
[1;31m                    "type": "ether"[0m
[1;31m                }, [0m
[1;31m                "ansible_virtualization_role": "guest", [0m
[1;31m                "ansible_virtualization_type": "VMware", [0m
[1;31m                "gather_subset": [[0m
[1;31m                    "all"[0m
[1;31m                ], [0m
[1;31m                "module_setup": true[0m
[1;31m            }, [0m
[1;31m            "changed": false, [0m
[1;31m            "failed": false, [0m
[1;31m            "invocation": {[0m
[1;31m                "module_args": {[0m
[1;31m                    "fact_path": "/etc/ansible/facts.d", [0m
[1;31m                    "filter": "*", [0m
[1;31m                    "gather_subset": [[0m
[1;31m                        "all"[0m
[1;31m                    ], [0m
[1;31m                    "gather_timeout": 10[0m
[1;31m                }[0m
[1;31m            }, [0m
[1;31m            "item": "harry1.ams.scz.lab.surf.nl"[0m
[1;31m        }, [0m
[1;31m        {[0m
[1;31m            "_ansible_delegated_vars": {[0m
[1;31m                "ansible_delegated_host": "meta1.ams.scz.lab.surf.nl", [0m
[1;31m                "ansible_host": "meta1.ams.scz.lab.surf.nl"[0m
[1;31m            }, [0m
[1;31m            "_ansible_ignore_errors": null, [0m
[1;31m            "_ansible_item_label": "meta1.ams.scz.lab.surf.nl", [0m
[1;31m            "_ansible_item_result": true, [0m
[1;31m            "_ansible_no_log": false, [0m
[1;31m            "_ansible_parsed": true, [0m
[1;31m            "_ansible_verbose_override": true, [0m
[1;31m            "ansible_facts": {[0m
[1;31m                "ansible_all_ipv4_addresses": [[0m
[1;31m                    "145.101.114.5"[0m
[1;31m                ], [0m
[1;31m                "ansible_all_ipv6_addresses": [], [0m
[1;31m                "ansible_apparmor": {[0m
[1;31m                    "status": "disabled"[0m
[1;31m                }, [0m
[1;31m                "ansible_architecture": "x86_64", [0m
[1;31m                "ansible_bios_date": "09/21/2015", [0m
[1;31m                "ansible_bios_version": "6.00", [0m
[1;31m                "ansible_cmdline": {[0m
[1;31m                    "BOOT_IMAGE": "/vmlinuz-4.9.0-8-amd64", [0m
[1;31m                    "quiet": true, [0m
[1;31m                    "ro": true, [0m
[1;31m                    "root": "/dev/mapper/debian87--20170203--surf--vg-root"[0m
[1;31m                }, [0m
[1;31m                "ansible_date_time": {[0m
[1;31m                    "date": "2019-02-15", [0m
[1;31m                    "day": "15", [0m
[1;31m                    "epoch": "1550221412", [0m
[1;31m                    "hour": "09", [0m
[1;31m                    "iso8601": "2019-02-15T09:03:32Z", [0m
[1;31m                    "iso8601_basic": "20190215T090332502100", [0m
[1;31m                    "iso8601_basic_short": "20190215T090332", [0m
[1;31m                    "iso8601_micro": "2019-02-15T09:03:32.502166Z", [0m
[1;31m                    "minute": "03", [0m
[1;31m                    "month": "02", [0m
[1;31m                    "second": "32", [0m
[1;31m                    "time": "09:03:32", [0m
[1;31m                    "tz": "UTC", [0m
[1;31m                    "tz_offset": "+0000", [0m
[1;31m                    "weekday": "Friday", [0m
[1;31m                    "weekday_number": "5", [0m
[1;31m                    "weeknumber": "06", [0m
[1;31m                    "year": "2019"[0m
[1;31m                }, [0m
[1;31m                "ansible_default_ipv4": {[0m
[1;31m                    "address": "145.101.114.5", [0m
[1;31m                    "alias": "eth0", [0m
[1;31m                    "broadcast": "145.101.114.31", [0m
[1;31m                    "gateway": "145.101.114.1", [0m
[1;31m                    "interface": "eth0", [0m
[1;31m                    "macaddress": "00:50:56:95:41:98", [0m
[1;31m                    "mtu": 1500, [0m
[1;31m                    "netmask": "255.255.255.224", [0m
[1;31m                    "network": "145.101.114.0", [0m
[1;31m                    "type": "ether"[0m
[1;31m                }, [0m
[1;31m                "ansible_default_ipv6": {}, [0m
[1;31m                "ansible_device_links": {[0m
[1;31m                    "ids": {[0m
[1;31m                        "dm-0": [[0m
[1;31m                            "dm-name-debian87--20170203--surf--vg-swap", [0m
[1;31m                            "dm-uuid-LVM-2N3noKztpw8Epf4XcxvNlho3IR40EMu9cjRvZmwxANLf62DBJKrTyp02jpAPH5Ys"[0m
[1;31m                        ], [0m
[1;31m                        "dm-1": [[0m
[1;31m                            "dm-name-debian87--20170203--surf--vg-root", [0m
[1;31m                            "dm-uuid-LVM-2N3noKztpw8Epf4XcxvNlho3IR40EMu9Rh6eeq60m44ckhZDoOBTncUwkHezDJdk"[0m
[1;31m                        ], [0m
[1;31m                        "sda5": [[0m
[1;31m                            "lvm-pv-uuid-X7FfdR-qmyj-nmi0-M7YU-Gk1J-0aZ9-Q5q5eT"[0m
[1;31m                        ][0m
[1;31m                    }, [0m
[1;31m                    "labels": {}, [0m
[1;31m                    "masters": {[0m
[1;31m                        "sda5": [[0m
[1;31m                            "dm-0", [0m
[1;31m                            "dm-1"[0m
[1;31m                        ][0m
[1;31m                    }, [0m
[1;31m                    "uuids": {[0m
[1;31m                        "dm-0": [[0m
[1;31m                            "a057b43e-bbfd-4da0-a21d-40fe0b6e5b30"[0m
[1;31m                        ], [0m
[1;31m                        "dm-1": [[0m
[1;31m                            "492ec039-485a-409a-b51d-a288fe1ee7b9"[0m
[1;31m                        ], [0m
[1;31m                        "sda1": [[0m
[1;31m                            "2797c37e-7660-419d-b152-6aeec7beb7bd"[0m
[1;31m                        ][0m
[1;31m                    }[0m
[1;31m                }, [0m
[1;31m                "ansible_devices": {[0m
[1;31m                    "dm-0": {[0m
[1;31m                        "holders": [], [0m
[1;31m                        "host": "", [0m
[1;31m                        "links": {[0m
[1;31m                            "ids": [[0m
[1;31m                                "dm-name-debian87--20170203--surf--vg-swap", [0m
[1;31m                                "dm-uuid-LVM-2N3noKztpw8Epf4XcxvNlho3IR40EMu9cjRvZmwxANLf62DBJKrTyp02jpAPH5Ys"[0m
[1;31m                            ], [0m
[1;31m                            "labels": [], [0m
[1;31m                            "masters": [], [0m
[1;31m                            "uuids": [[0m
[1;31m                                "a057b43e-bbfd-4da0-a21d-40fe0b6e5b30"[0m
[1;31m                            ][0m
[1;31m                        }, [0m
[1;31m                        "model": null, [0m
[1;31m                        "partitions": {}, [0m
[1;31m                        "removable": "0", [0m
[1;31m                        "rotational": "1", [0m
[1;31m                        "sas_address": null, [0m
[1;31m                        "sas_device_handle": null, [0m
[1;31m                        "scheduler_mode": "", [0m
[1;31m                        "sectors": "3997696", [0m
[1;31m                        "sectorsize": "512", [0m
[1;31m                        "size": "1.91 GB", [0m
[1;31m                        "support_discard": "0", [0m
[1;31m                        "vendor": null, [0m
[1;31m                        "virtual": 1[0m
[1;31m                    }, [0m
[1;31m                    "dm-1": {[0m
[1;31m                        "holders": [], [0m
[1;31m                        "host": "", [0m
[1;31m                        "links": {[0m
[1;31m                            "ids": [[0m
[1;31m                                "dm-name-debian87--20170203--surf--vg-root", [0m
[1;31m                                "dm-uuid-LVM-2N3noKztpw8Epf4XcxvNlho3IR40EMu9Rh6eeq60m44ckhZDoOBTncUwkHezDJdk"[0m
[1;31m                            ], [0m
[1;31m                            "labels": [], [0m
[1;31m                            "masters": [], [0m
[1;31m                            "uuids": [[0m
[1;31m                                "492ec039-485a-409a-b51d-a288fe1ee7b9"[0m
[1;31m                            ][0m
[1;31m                        }, [0m
[1;31m                        "model": null, [0m
[1;31m                        "partitions": {}, [0m
[1;31m                        "removable": "0", [0m
[1;31m                        "rotational": "1", [0m
[1;31m                        "sas_address": null, [0m
[1;31m                        "sas_device_handle": null, [0m
[1;31m                        "scheduler_mode": "", [0m
[1;31m                        "sectors": "37437440", [0m
[1;31m                        "sectorsize": "512", [0m
[1;31m                        "size": "17.85 GB", [0m
[1;31m                        "support_discard": "0", [0m
[1;31m                        "vendor": null, [0m
[1;31m                        "virtual": 1[0m
[1;31m                    }, [0m
[1;31m                    "fd0": {[0m
[1;31m                        "holders": [], [0m
[1;31m                        "host": "", [0m
[1;31m                        "links": {[0m
[1;31m                            "ids": [], [0m
[1;31m                            "labels": [], [0m
[1;31m                            "masters": [], [0m
[1;31m                            "uuids": [][0m
[1;31m                        }, [0m
[1;31m                        "model": null, [0m
[1;31m                        "partitions": {}, [0m
[1;31m                        "removable": "1", [0m
[1;31m                        "rotational": "1", [0m
[1;31m                        "sas_address": null, [0m
[1;31m                        "sas_device_handle": null, [0m
[1;31m                        "scheduler_mode": "cfq", [0m
[1;31m                        "sectors": "8", [0m
[1;31m                        "sectorsize": "512", [0m
[1;31m                        "size": "4.00 KB", [0m
[1;31m                        "support_discard": "0", [0m
[1;31m                        "vendor": null, [0m
[1;31m                        "virtual": 1[0m
[1;31m                    }, [0m
[1;31m                    "sda": {[0m
[1;31m                        "holders": [], [0m
[1;31m                        "host": "SCSI storage controller: LSI Logic / Symbios Logic 53c1030 PCI-X Fusion-MPT Dual Ultra320 SCSI (rev 01)", [0m
[1;31m                        "links": {[0m
[1;31m                            "ids": [], [0m
[1;31m                            "labels": [], [0m
[1;31m                            "masters": [], [0m
[1;31m                            "uuids": [][0m
[1;31m                        }, [0m
[1;31m                        "model": "Virtual disk", [0m
[1;31m                        "partitions": {[0m
[1;31m                            "sda1": {[0m
[1;31m                                "holders": [], [0m
[1;31m                                "links": {[0m
[1;31m                                    "ids": [], [0m
[1;31m                                    "labels": [], [0m
[1;31m                                    "masters": [], [0m
[1;31m                                    "uuids": [[0m
[1;31m                                        "2797c37e-7660-419d-b152-6aeec7beb7bd"[0m
[1;31m                                    ][0m
[1;31m                                }, [0m
[1;31m                                "sectors": "497664", [0m
[1;31m                                "sectorsize": 512, [0m
[1;31m                                "size": "243.00 MB", [0m
[1;31m                                "start": "2048", [0m
[1;31m                                "uuid": "2797c37e-7660-419d-b152-6aeec7beb7bd"[0m
[1;31m                            }, [0m
[1;31m                            "sda2": {[0m
[1;31m                                "holders": [], [0m
[1;31m                                "links": {[0m
[1;31m                                    "ids": [], [0m
[1;31m                                    "labels": [], [0m
[1;31m                                    "masters": [], [0m
[1;31m                                    "uuids": [][0m
[1;31m                                }, [0m
[1;31m                                "sectors": "2", [0m
[1;31m                                "sectorsize": 512, [0m
[1;31m                                "size": "1.00 KB", [0m
[1;31m                                "start": "501758", [0m
[1;31m                                "uuid": null[0m
[1;31m                            }, [0m
[1;31m                            "sda5": {[0m
[1;31m                                "holders": [[0m
[1;31m                                    "debian87--20170203--surf--vg-root", [0m
[1;31m                                    "debian87--20170203--surf--vg-swap"[0m
[1;31m                                ], [0m
[1;31m                                "links": {[0m
[1;31m                                    "ids": [[0m
[1;31m                                        "lvm-pv-uuid-X7FfdR-qmyj-nmi0-M7YU-Gk1J-0aZ9-Q5q5eT"[0m
[1;31m                                    ], [0m
[1;31m                                    "labels": [], [0m
[1;31m                                    "masters": [[0m
[1;31m                                        "dm-0", [0m
[1;31m                                        "dm-1"[0m
[1;31m                                    ], [0m
[1;31m                                    "uuids": [][0m
[1;31m                                }, [0m
[1;31m                                "sectors": "41439232", [0m
[1;31m                                "sectorsize": 512, [0m
[1;31m                                "size": "19.76 GB", [0m
[1;31m                                "start": "501760", [0m
[1;31m                                "uuid": null[0m
[1;31m                            }[0m
[1;31m                        }, [0m
[1;31m                        "removable": "0", [0m
[1;31m                        "rotational": "1", [0m
[1;31m                        "sas_address": null, [0m
[1;31m                        "sas_device_handle": null, [0m
[1;31m                        "scheduler_mode": "cfq", [0m
[1;31m                        "sectors": "41943040", [0m
[1;31m                        "sectorsize": "512", [0m
[1;31m                        "size": "20.00 GB", [0m
[1;31m                        "support_discard": "0", [0m
[1;31m                        "vendor": "VMware", [0m
[1;31m                        "virtual": 1[0m
[1;31m                    }[0m
[1;31m                }, [0m
[1;31m                "ansible_distribution": "Debian", [0m
[1;31m                "ansible_distribution_file_parsed": true, [0m
[1;31m                "ansible_distribution_file_path": "/etc/os-release", [0m
[1;31m                "ansible_distribution_file_variety": "Debian", [0m
[1;31m                "ansible_distribution_major_version": "9", [0m
[1;31m                "ansible_distribution_release": "stretch", [0m
[1;31m                "ansible_distribution_version": "9.7", [0m
[1;31m                "ansible_dns": {[0m
[1;31m                    "nameservers": [[0m
[1;31m                        "195.169.124.124", [0m
[1;31m                        "192.87.36.36", [0m
[1;31m                        "192.87.106.106"[0m
[1;31m                    ], [0m
[1;31m                    "search": [[0m
[1;31m                        "ams.scz.lab.surf.nl"[0m
[1;31m                    ][0m
[1;31m                }, [0m
[1;31m                "ansible_domain": "ams.scz.lab.surf.nl", [0m
[1;31m                "ansible_effective_group_id": 0, [0m
[1;31m                "ansible_effective_user_id": 0, [0m
[1;31m                "ansible_env": {[0m
[1;31m                    "HOME": "/root", [0m
[1;31m                    "LANG": "en_US.UTF-8", [0m
[1;31m                    "LC_ADDRESS": "nl_NL.UTF-8", [0m
[1;31m                    "LC_ALL": "en_US.UTF-8", [0m
[1;31m                    "LC_IDENTIFICATION": "nl_NL.UTF-8", [0m
[1;31m                    "LC_MEASUREMENT": "nl_NL.UTF-8", [0m
[1;31m                    "LC_MONETARY": "nl_NL.UTF-8", [0m
[1;31m                    "LC_NAME": "nl_NL.UTF-8", [0m
[1;31m                    "LC_NUMERIC": "nl_NL.UTF-8", [0m
[1;31m                    "LC_PAPER": "nl_NL.UTF-8", [0m
[1;31m                    "LC_TELEPHONE": "nl_NL.UTF-8", [0m
[1;31m                    "LC_TIME": "nl_NL.UTF-8", [0m
[1;31m                    "LC_TYPE": "en_US.UTF-8", [0m
[1;31m                    "LOGNAME": "root", [0m
[1;31m                    "MAIL": "/var/mail/root", [0m
[1;31m                    "PATH": "/usr/local/sbin:/usr/local/bin:/usr/sbin:/usr/bin:/sbin:/bin:/snap/bin", [0m
[1;31m                    "PWD": "/home/martin", [0m
[1;31m                    "SHELL": "/bin/bash", [0m
[1;31m                    "SUDO_COMMAND": "/bin/sh -c echo BECOME-SUCCESS-orgjhnaphewktgoramiqtnwrmwaugiez; /usr/bin/python", [0m
[1;31m                    "SUDO_GID": "10000", [0m
[1;31m                    "SUDO_UID": "10001", [0m
[1;31m                    "SUDO_USER": "martin", [0m
[1;31m                    "TERM": "unknown", [0m
[1;31m                    "USER": "root", [0m
[1;31m                    "USERNAME": "root"[0m
[1;31m                }, [0m
[1;31m                "ansible_eth0": {[0m
[1;31m                    "active": true, [0m
[1;31m                    "device": "eth0", [0m
[1;31m                    "features": {[0m
[1;31m                        "busy_poll": "off [fixed]", [0m
[1;31m                        "fcoe_mtu": "off [fixed]", [0m
[1;31m                        "generic_receive_offload": "on", [0m
[1;31m                        "generic_segmentation_offload": "on", [0m
[1;31m                        "highdma": "on", [0m
[1;31m                        "hw_tc_offload": "off [fixed]", [0m
[1;31m                        "l2_fwd_offload": "off [fixed]", [0m
[1;31m                        "large_receive_offload": "on", [0m
[1;31m                        "loopback": "off [fixed]", [0m
[1;31m                        "netns_local": "off [fixed]", [0m
[1;31m                        "ntuple_filters": "off [fixed]", [0m
[1;31m                        "receive_hashing": "off [fixed]", [0m
[1;31m                        "rx_all": "off [fixed]", [0m
[1;31m                        "rx_checksumming": "on", [0m
[1;31m                        "rx_fcs": "off [fixed]", [0m
[1;31m                        "rx_vlan_filter": "on [fixed]", [0m
[1;31m                        "rx_vlan_offload": "on", [0m
[1;31m                        "rx_vlan_stag_filter": "off [fixed]", [0m
[1;31m                        "rx_vlan_stag_hw_parse": "off [fixed]", [0m
[1;31m                        "scatter_gather": "on", [0m
[1;31m                        "tcp_segmentation_offload": "on", [0m
[1;31m                        "tx_checksum_fcoe_crc": "off [fixed]", [0m
[1;31m                        "tx_checksum_ip_generic": "on", [0m
[1;31m                        "tx_checksum_ipv4": "off [fixed]", [0m
[1;31m                        "tx_checksum_ipv6": "off [fixed]", [0m
[1;31m                        "tx_checksum_sctp": "off [fixed]", [0m
[1;31m                        "tx_checksumming": "on", [0m
[1;31m                        "tx_fcoe_segmentation": "off [fixed]", [0m
[1;31m                        "tx_gre_csum_segmentation": "off [fixed]", [0m
[1;31m                        "tx_gre_segmentation": "off [fixed]", [0m
[1;31m                        "tx_gso_partial": "off [fixed]", [0m
[1;31m                        "tx_gso_robust": "off [fixed]", [0m
[1;31m                        "tx_ipxip4_segmentation": "off [fixed]", [0m
[1;31m                        "tx_ipxip6_segmentation": "off [fixed]", [0m
[1;31m                        "tx_lockless": "off [fixed]", [0m
[1;31m                        "tx_nocache_copy": "off", [0m
[1;31m                        "tx_scatter_gather": "on", [0m
[1;31m                        "tx_scatter_gather_fraglist": "off [fixed]", [0m
[1;31m                        "tx_sctp_segmentation": "off [fixed]", [0m
[1;31m                        "tx_tcp6_segmentation": "on", [0m
[1;31m                        "tx_tcp_ecn_segmentation": "off [fixed]", [0m
[1;31m                        "tx_tcp_mangleid_segmentation": "off", [0m
[1;31m                        "tx_tcp_segmentation": "on", [0m
[1;31m                        "tx_udp_tnl_csum_segmentation": "off [fixed]", [0m
[1;31m                        "tx_udp_tnl_segmentation": "off [fixed]", [0m
[1;31m                        "tx_vlan_offload": "on", [0m
[1;31m                        "tx_vlan_stag_hw_insert": "off [fixed]", [0m
[1;31m                        "udp_fragmentation_offload": "off [fixed]", [0m
[1;31m                        "vlan_challenged": "off [fixed]"[0m
[1;31m                    }, [0m
[1;31m                    "hw_timestamp_filters": [], [0m
[1;31m                    "ipv4": {[0m
[1;31m                        "address": "145.101.114.5", [0m
[1;31m                        "broadcast": "145.101.114.31", [0m
[1;31m                        "netmask": "255.255.255.224", [0m
[1;31m                        "network": "145.101.114.0"[0m
[1;31m                    }, [0m
[1;31m                    "macaddress": "00:50:56:95:41:98", [0m
[1;31m                    "module": "vmxnet3", [0m
[1;31m                    "mtu": 1500, [0m
[1;31m                    "pciid": "0000:03:00.0", [0m
[1;31m                    "promisc": false, [0m
[1;31m                    "speed": 10000, [0m
[1;31m                    "timestamping": [[0m
[1;31m                        "rx_software", [0m
[1;31m                        "software"[0m
[1;31m                    ], [0m
[1;31m                    "type": "ether"[0m
[1;31m                }, [0m
[1;31m                "ansible_fips": false, [0m
[1;31m                "ansible_form_factor": "Other", [0m
[1;31m                "ansible_fqdn": "meta1.ams.scz.lab.surf.nl", [0m
[1;31m                "ansible_hostname": "meta1", [0m
[1;31m                "ansible_interfaces": [[0m
[1;31m                    "lo", [0m
[1;31m                    "eth0"[0m
[1;31m                ], [0m
[1;31m                "ansible_is_chroot": false, [0m
[1;31m                "ansible_iscsi_iqn": "iqn.1993-08.org.debian:01:de7d50eae1a0", [0m
[1;31m                "ansible_kernel": "4.9.0-8-amd64", [0m
[1;31m                "ansible_lo": {[0m
[1;31m                    "active": true, [0m
[1;31m                    "device": "lo", [0m
[1;31m                    "features": {[0m
[1;31m                        "busy_poll": "off [fixed]", [0m
[1;31m                        "fcoe_mtu": "off [fixed]", [0m
[1;31m                        "generic_receive_offload": "on", [0m
[1;31m                        "generic_segmentation_offload": "on", [0m
[1;31m                        "highdma": "on [fixed]", [0m
[1;31m                        "hw_tc_offload": "off [fixed]", [0m
[1;31m                        "l2_fwd_offload": "off [fixed]", [0m
[1;31m                        "large_receive_offload": "off [fixed]", [0m
[1;31m                        "loopback": "on [fixed]", [0m
[1;31m                        "netns_local": "on [fixed]", [0m
[1;31m                        "ntuple_filters": "off [fixed]", [0m
[1;31m                        "receive_hashing": "off [fixed]", [0m
[1;31m                        "rx_all": "off [fixed]", [0m
[1;31m                        "rx_checksumming": "on [fixed]", [0m
[1;31m                        "rx_fcs": "off [fixed]", [0m
[1;31m                        "rx_vlan_filter": "off [fixed]", [0m
[1;31m                        "rx_vlan_offload": "off [fixed]", [0m
[1;31m                        "rx_vlan_stag_filter": "off [fixed]", [0m
[1;31m                        "rx_vlan_stag_hw_parse": "off [fixed]", [0m
[1;31m                        "scatter_gather": "on", [0m
[1;31m                        "tcp_segmentation_offload": "on", [0m
[1;31m                        "tx_checksum_fcoe_crc": "off [fixed]", [0m
[1;31m                        "tx_checksum_ip_generic": "on [fixed]", [0m
[1;31m                        "tx_checksum_ipv4": "off [fixed]", [0m
[1;31m                        "tx_checksum_ipv6": "off [fixed]", [0m
[1;31m                        "tx_checksum_sctp": "on [fixed]", [0m
[1;31m                        "tx_checksumming": "on", [0m
[1;31m                        "tx_fcoe_segmentation": "off [fixed]", [0m
[1;31m                        "tx_gre_csum_segmentation": "off [fixed]", [0m
[1;31m                        "tx_gre_segmentation": "off [fixed]", [0m
[1;31m                        "tx_gso_partial": "off [fixed]", [0m
[1;31m                        "tx_gso_robust": "off [fixed]", [0m
[1;31m                        "tx_ipxip4_segmentation": "off [fixed]", [0m
[1;31m                        "tx_ipxip6_segmentation": "off [fixed]", [0m
[1;31m                        "tx_lockless": "on [fixed]", [0m
[1;31m                        "tx_nocache_copy": "off [fixed]", [0m
[1;31m                        "tx_scatter_gather": "on [fixed]", [0m
[1;31m                        "tx_scatter_gather_fraglist": "on [fixed]", [0m
[1;31m                        "tx_sctp_segmentation": "on", [0m
[1;31m                        "tx_tcp6_segmentation": "on", [0m
[1;31m                        "tx_tcp_ecn_segmentation": "on", [0m
[1;31m                        "tx_tcp_mangleid_segmentation": "on", [0m
[1;31m                        "tx_tcp_segmentation": "on", [0m
[1;31m                        "tx_udp_tnl_csum_segmentation": "off [fixed]", [0m
[1;31m                        "tx_udp_tnl_segmentation": "off [fixed]", [0m
[1;31m                        "tx_vlan_offload": "off [fixed]", [0m
[1;31m                        "tx_vlan_stag_hw_insert": "off [fixed]", [0m
[1;31m                        "udp_fragmentation_offload": "on", [0m
[1;31m                        "vlan_challenged": "on [fixed]"[0m
[1;31m                    }, [0m
[1;31m                    "hw_timestamp_filters": [], [0m
[1;31m                    "ipv4": {[0m
[1;31m                        "address": "127.0.0.1", [0m
[1;31m                        "broadcast": "host", [0m
[1;31m                        "netmask": "255.0.0.0", [0m
[1;31m                        "network": "127.0.0.0"[0m
[1;31m                    }, [0m
[1;31m                    "mtu": 65536, [0m
[1;31m                    "promisc": false, [0m
[1;31m                    "timestamping": [[0m
[1;31m                        "rx_software", [0m
[1;31m                        "software"[0m
[1;31m                    ], [0m
[1;31m                    "type": "loopback"[0m
[1;31m                }, [0m
[1;31m                "ansible_local": {}, [0m
[1;31m                "ansible_lsb": {[0m
[1;31m                    "codename": "stretch", [0m
[1;31m                    "description": "Debian GNU/Linux 9.7 (stretch)", [0m
[1;31m                    "id": "Debian", [0m
[1;31m                    "major_release": "9", [0m
[1;31m                    "release": "9.7"[0m
[1;31m                }, [0m
[1;31m                "ansible_lvm": {[0m
[1;31m                    "lvs": {[0m
[1;31m                        "root": {[0m
[1;31m                            "size_g": "17.85", [0m
[1;31m                            "vg": "debian87-20170203-surf-vg"[0m
[1;31m                        }, [0m
[1;31m                        "swap": {[0m
[1;31m                            "size_g": "1.91", [0m
[1;31m                            "vg": "debian87-20170203-surf-vg"[0m
[1;31m                        }[0m
[1;31m                    }, [0m
[1;31m                    "pvs": {[0m
[1;31m                        "/dev/sda5": {[0m
[1;31m                            "free_g": "0", [0m
[1;31m                            "size_g": "19.76", [0m
[1;31m                            "vg": "debian87-20170203-surf-vg"[0m
[1;31m                        }[0m
[1;31m                    }, [0m
[1;31m                    "vgs": {[0m
[1;31m                        "debian87-20170203-surf-vg": {[0m
[1;31m                            "free_g": "0", [0m
[1;31m                            "num_lvs": "2", [0m
[1;31m                            "num_pvs": "1", [0m
[1;31m                            "size_g": "19.76"[0m
[1;31m                        }[0m
[1;31m                    }[0m
[1;31m                }, [0m
[1;31m                "ansible_machine": "x86_64", [0m
[1;31m                "ansible_machine_id": "3d975702f688466795f94ae6b7d55648", [0m
[1;31m                "ansible_memfree_mb": 775, [0m
[1;31m                "ansible_memory_mb": {[0m
[1;31m                    "nocache": {[0m
[1;31m                        "free": 1751, [0m
[1;31m                        "used": 244[0m
[1;31m                    }, [0m
[1;31m                    "real": {[0m
[1;31m                        "free": 775, [0m
[1;31m                        "total": 1995, [0m
[1;31m                        "used": 1220[0m
[1;31m                    }, [0m
[1;31m                    "swap": {[0m
[1;31m                        "cached": 0, [0m
[1;31m                        "free": 1951, [0m
[1;31m                        "total": 1951, [0m
[1;31m                        "used": 0[0m
[1;31m                    }[0m
[1;31m                }, [0m
[1;31m                "ansible_memtotal_mb": 1995, [0m
[1;31m                "ansible_mounts": [[0m
[1;31m                    {[0m
[1;31m                        "block_available": 3438668, [0m
[1;31m                        "block_size": 4096, [0m
[1;31m                        "block_total": 4573377, [0m
[1;31m                        "block_used": 1134709, [0m
[1;31m                        "device": "/dev/mapper/debian87--20170203--surf--vg-root", [0m
[1;31m                        "fstype": "ext4", [0m
[1;31m                        "inode_available": 1064948, [0m
[1;31m                        "inode_total": 1171456, [0m
[1;31m                        "inode_used": 106508, [0m
[1;31m                        "mount": "/", [0m
[1;31m                        "options": "rw,relatime,errors=remount-ro,data=ordered", [0m
[1;31m                        "size_available": 14084784128, [0m
[1;31m                        "size_total": 18732552192, [0m
[1;31m                        "uuid": "492ec039-485a-409a-b51d-a288fe1ee7b9"[0m
[1;31m                    }, [0m
[1;31m                    {[0m
[1;31m                        "block_available": 164782, [0m
[1;31m                        "block_size": 1024, [0m
[1;31m                        "block_total": 240972, [0m
[1;31m                        "block_used": 76190, [0m
[1;31m                        "device": "/dev/sda1", [0m
[1;31m                        "fstype": "ext2", [0m
[1;31m                        "inode_available": 61907, [0m
[1;31m                        "inode_total": 62248, [0m
[1;31m                        "inode_used": 341, [0m
[1;31m                        "mount": "/boot", [0m
[1;31m                        "options": "rw,relatime,block_validity,barrier,user_xattr,acl", [0m
[1;31m                        "size_available": 168736768, [0m
[1;31m                        "size_total": 246755328, [0m
[1;31m                        "uuid": "2797c37e-7660-419d-b152-6aeec7beb7bd"[0m
[1;31m                    }[0m
[1;31m                ], [0m
[1;31m                "ansible_nodename": "meta1", [0m
[1;31m                "ansible_os_family": "Debian", [0m
[1;31m                "ansible_pkg_mgr": "apt", [0m
[1;31m                "ansible_processor": [[0m
[1;31m                    "0", [0m
[1;31m                    "GenuineIntel", [0m
[1;31m                    "Intel(R) Xeon(R) CPU E5-2680 v4 @ 2.40GHz"[0m
[1;31m                ], [0m
[1;31m                "ansible_processor_cores": 1, [0m
[1;31m                "ansible_processor_count": 1, [0m
[1;31m                "ansible_processor_threads_per_core": 1, [0m
[1;31m                "ansible_processor_vcpus": 1, [0m
[1;31m                "ansible_product_name": "VMware Virtual Platform", [0m
[1;31m                "ansible_product_serial": "VMware-42 15 4d 43 f9 0c 45 4e-d1 6d 04 4d 59 dd eb 68", [0m
[1;31m                "ansible_product_uuid": "42154D43-F90C-454E-D16D-044D59DDEB68", [0m
[1;31m                "ansible_product_version": "None", [0m
[1;31m                "ansible_python": {[0m
[1;31m                    "executable": "/usr/bin/python", [0m
[1;31m                    "has_sslcontext": true, [0m
[1;31m                    "type": "CPython", [0m
[1;31m                    "version": {[0m
[1;31m                        "major": 2, [0m
[1;31m                        "micro": 13, [0m
[1;31m                        "minor": 7, [0m
[1;31m                        "releaselevel": "final", [0m
[1;31m                        "serial": 0[0m
[1;31m                    }, [0m
[1;31m                    "version_info": [[0m
[1;31m                        2, [0m
[1;31m                        7, [0m
[1;31m                        13, [0m
[1;31m                        "final", [0m
[1;31m                        0[0m
[1;31m                    ][0m
[1;31m                }, [0m
[1;31m                "ansible_python_version": "2.7.13", [0m
[1;31m                "ansible_real_group_id": 0, [0m
[1;31m                "ansible_real_user_id": 0, [0m
[1;31m                "ansible_selinux": {[0m
[1;31m                    "status": "Missing selinux Python library"[0m
[1;31m                }, [0m
[1;31m                "ansible_selinux_python_present": false, [0m
[1;31m                "ansible_service_mgr": "systemd", [0m
[1;31m                "ansible_ssh_host_key_dsa_public": "AAAAB3NzaC1kc3MAAACBAK1Q6gRiTKUddNrUgtWnGAkhuZi53mG/tUvDIVmkIu2nAfj5ZoveuET0tWbfHM2/eOxYB9l7e/Ra67mpmUzvB07RMVo2wD2UKJLUs3WWYH0uzr/vub6xDgdHNuIrPbT4ftqtlTdvsMWhNkRuLxtFG7CmRCd4DSSOZX77VFgzeJvvAAAAFQC6HjxOiL83h0F+2pMBZj/HG48UGwAAAIEAoITj+J4X9DT7wk2n0JIs00wDnY55HP4zc4/Y1V9gcFTsuzku3hGl9djv9X0bDu2jfAWBE3sBw7jMAwLXjBKcHN+LcMoqAaCN3AC0m1Vx9PoSbxOcV+tNoztAF1kZFrilIRbDtUp5fjCwewQvPvEO2vnOZH43Gb6Upkev1y7SO8kAAACBAKtUgdD54c+ANr9ftVxoVj/zOt58XnXetQsyPgKriRbkPCngiZu/hUPRM+GWix3rCQsy4r64mhbPqxbDX0mMioHIaZzSWAMoOjXVHDMcjLR2jYcaWFV/Pj2UOeVVgAHF/d2R/XIn7UImNmbNROKpNBsHi2YXcVw5q7hDbgtOEati", [0m
[1;31m                "ansible_ssh_host_key_ecdsa_public": "AAAAE2VjZHNhLXNoYTItbmlzdHAyNTYAAAAIbmlzdHAyNTYAAABBBCxjvZym8c+uwyD4OKpkmebHFnP/vvGeRRix28Hvq9kdcSyXg1tBAy/RsGF+qposkdzHhkLSxLHpNf+y5qvVZ7g=", [0m
[1;31m                "ansible_ssh_host_key_ed25519_public": "AAAAC3NzaC1lZDI1NTE5AAAAIEO6+g8Ceek3kF1fng1zvoqKkwJrgS5nhiTqEJPNRvAq", [0m
[1;31m                "ansible_ssh_host_key_rsa_public": "AAAAB3NzaC1yc2EAAAADAQABAAABAQDGAO8F1e56Ke3hdBaFm0rzRDiXTKqvr1IHLmA7sLrGmrRNYE0cg+72d3DALWUVfIgwX2eTAakahX7PhyP4T3AxwAxctO2iXAOIiCETbaAHU6HJaajcGA5aHfkDrY5zse/l7lhBqIJ2K6BobXzvH4BgdD+3+MKA4mhBfc7zlVQA6qJl2FdwJAJ3K3326PGyyp9MnD7c4HRO5RadAG2D6QCbI2ScYzC1aqRNBnWyhXsKXn6Mt1Lt2wkT8TyK8KWf6y2XvD5QoBKYTIA9ZPoHHFV8asIQhua6gDua4mK7Vl9paRKK8BbnVznlTl//hlSZvICxjFUkdHY+L0YQ2IqViYUB", [0m
[1;31m                "ansible_swapfree_mb": 1951, [0m
[1;31m                "ansible_swaptotal_mb": 1951, [0m
[1;31m                "ansible_system": "Linux", [0m
[1;31m                "ansible_system_capabilities": [[0m
[1;31m                    "cap_chown", [0m
[1;31m                    "cap_dac_override", [0m
[1;31m                    "cap_dac_read_search", [0m
[1;31m                    "cap_fowner", [0m
[1;31m                    "cap_fsetid", [0m
[1;31m                    "cap_kill", [0m
[1;31m                    "cap_setgid", [0m
[1;31m                    "cap_setuid", [0m
[1;31m                    "cap_setpcap", [0m
[1;31m                    "cap_linux_immutable", [0m
[1;31m                    "cap_net_bind_service", [0m
[1;31m                    "cap_net_broadcast", [0m
[1;31m                    "cap_net_admin", [0m
[1;31m                    "cap_net_raw", [0m
[1;31m                    "cap_ipc_lock", [0m
[1;31m                    "cap_ipc_owner", [0m
[1;31m                    "cap_sys_module", [0m
[1;31m                    "cap_sys_rawio", [0m
[1;31m                    "cap_sys_chroot", [0m
[1;31m                    "cap_sys_ptrace", [0m
[1;31m                    "cap_sys_pacct", [0m
[1;31m                    "cap_sys_admin", [0m
[1;31m                    "cap_sys_boot", [0m
[1;31m                    "cap_sys_nice", [0m
[1;31m                    "cap_sys_resource", [0m
[1;31m                    "cap_sys_time", [0m
[1;31m                    "cap_sys_tty_config", [0m
[1;31m                    "cap_mknod", [0m
[1;31m                    "cap_lease", [0m
[1;31m                    "cap_audit_write", [0m
[1;31m                    "cap_audit_control", [0m
[1;31m                    "cap_setfcap", [0m
[1;31m                    "cap_mac_override", [0m
[1;31m                    "cap_mac_admin", [0m
[1;31m                    "cap_syslog", [0m
[1;31m                    "cap_wake_alarm", [0m
[1;31m                    "cap_block_suspend", [0m
[1;31m                    "cap_audit_read+ep"[0m
[1;31m                ], [0m
[1;31m                "ansible_system_capabilities_enforced": "True", [0m
[1;31m                "ansible_system_vendor": "VMware, Inc.", [0m
[1;31m                "ansible_uptime_seconds": 6995225, [0m
[1;31m                "ansible_user_dir": "/root", [0m
[1;31m                "ansible_user_gecos": "root", [0m
[1;31m                "ansible_user_gid": 0, [0m
[1;31m                "ansible_user_id": "root", [0m
[1;31m                "ansible_user_shell": "/bin/bash", [0m
[1;31m                "ansible_user_uid": 0, [0m
[1;31m                "ansible_userspace_architecture": "x86_64", [0m
[1;31m                "ansible_userspace_bits": "64", [0m
[1;31m                "ansible_virtualization_role": "guest", [0m
[1;31m                "ansible_virtualization_type": "VMware", [0m
[1;31m                "gather_subset": [[0m
[1;31m                    "all"[0m
[1;31m                ], [0m
[1;31m                "module_setup": true[0m
[1;31m            }, [0m
[1;31m            "changed": false, [0m
[1;31m            "failed": false, [0m
[1;31m            "invocation": {[0m
[1;31m                "module_args": {[0m
[1;31m                    "fact_path": "/etc/ansible/facts.d", [0m
[1;31m                    "filter": "*", [0m
[1;31m                    "gather_subset": [[0m
[1;31m                        "all"[0m
[1;31m                    ], [0m
[1;31m                    "gather_timeout": 10[0m
[1;31m                }[0m
[1;31m            }, [0m
[1;31m            "item": "meta1.ams.scz.lab.surf.nl"[0m
[1;31m        }, [0m
[1;31m        {[0m
[1;31m            "_ansible_ignore_errors": null, [0m
[1;31m            "_ansible_item_label": "dev1.ams.scz.lab.surf.nl", [0m
[1;31m            "_ansible_item_result": true, [0m
[1;31m            "item": "dev1.ams.scz.lab.surf.nl", [0m
[1;31m            "msg": "SSH Error: data could not be sent to remote host \"dev1.ams.scz.lab.surf.nl\". Make sure this host can be reached over ssh", [0m
[1;31m            "unreachable": true[0m
[1;31m        }, [0m
[1;31m        {[0m
[1;31m            "_ansible_ignore_errors": null, [0m
[1;31m            "_ansible_item_label": "sandbox1.aws.scz.lab.surf.nl", [0m
[1;31m            "_ansible_item_result": true, [0m
[1;31m            "_ansible_no_log": false, [0m
[1;31m            "changed": false, [0m
[1;31m            "item": "sandbox1.aws.scz.lab.surf.nl", [0m
[1;31m            "skip_reason": "Conditional result was False", [0m
[1;31m            "skipped": true[0m
[1;31m        }, [0m
[1;31m        {[0m
[1;31m            "_ansible_delegated_vars": {[0m
[1;31m                "ansible_delegated_host": "comanage2.ams.scz.lab.surf.nl", [0m
[1;31m                "ansible_host": "comanage2.ams.scz.lab.surf.nl"[0m
[1;31m            }, [0m
[1;31m            "_ansible_ignore_errors": null, [0m
[1;31m            "_ansible_item_label": "comanage2.ams.scz.lab.surf.nl", [0m
[1;31m            "_ansible_item_result": true, [0m
[1;31m            "_ansible_no_log": false, [0m
[1;31m            "_ansible_parsed": true, [0m
[1;31m            "_ansible_verbose_override": true, [0m
[1;31m            "ansible_facts": {[0m
[1;31m                "ansible_all_ipv4_addresses": [[0m
[1;31m                    "145.101.114.8"[0m
[1;31m                ], [0m
[1;31m                "ansible_all_ipv6_addresses": [], [0m
[1;31m                "ansible_apparmor": {[0m
[1;31m                    "status": "disabled"[0m
[1;31m                }, [0m
[1;31m                "ansible_architecture": "x86_64", [0m
[1;31m                "ansible_bios_date": "09/21/2015", [0m
[1;31m                "ansible_bios_version": "6.00", [0m
[1;31m                "ansible_cmdline": {[0m
[1;31m                    "BOOT_IMAGE": "/vmlinuz-4.9.0-8-amd64", [0m
[1;31m                    "quiet": true, [0m
[1;31m                    "ro": true, [0m
[1;31m                    "root": "/dev/mapper/debian87--20170203--surf--vg-root"[0m
[1;31m                }, [0m
[1;31m                "ansible_date_time": {[0m
[1;31m                    "date": "2019-02-15", [0m
[1;31m                    "day": "15", [0m
[1;31m                    "epoch": "1550221423", [0m
[1;31m                    "hour": "09", [0m
[1;31m                    "iso8601": "2019-02-15T09:03:43Z", [0m
[1;31m                    "iso8601_basic": "20190215T090343122311", [0m
[1;31m                    "iso8601_basic_short": "20190215T090343", [0m
[1;31m                    "iso8601_micro": "2019-02-15T09:03:43.122382Z", [0m
[1;31m                    "minute": "03", [0m
[1;31m                    "month": "02", [0m
[1;31m                    "second": "43", [0m
[1;31m                    "time": "09:03:43", [0m
[1;31m                    "tz": "UTC", [0m
[1;31m                    "tz_offset": "+0000", [0m
[1;31m                    "weekday": "Friday", [0m
[1;31m                    "weekday_number": "5", [0m
[1;31m                    "weeknumber": "06", [0m
[1;31m                    "year": "2019"[0m
[1;31m                }, [0m
[1;31m                "ansible_default_ipv4": {[0m
[1;31m                    "address": "145.101.114.8", [0m
[1;31m                    "alias": "eth0", [0m
[1;31m                    "broadcast": "145.101.114.31", [0m
[1;31m                    "gateway": "145.101.114.1", [0m
[1;31m                    "interface": "eth0", [0m
[1;31m                    "macaddress": "00:50:56:95:52:85", [0m
[1;31m                    "mtu": 1500, [0m
[1;31m                    "netmask": "255.255.255.224", [0m
[1;31m                    "network": "145.101.114.0", [0m
[1;31m                    "type": "ether"[0m
[1;31m                }, [0m
[1;31m                "ansible_default_ipv6": {}, [0m
[1;31m                "ansible_device_links": {[0m
[1;31m                    "ids": {[0m
[1;31m                        "dm-0": [[0m
[1;31m                            "dm-name-debian87--20170203--surf--vg-swap", [0m
[1;31m                            "dm-uuid-LVM-2N3noKztpw8Epf4XcxvNlho3IR40EMu9cjRvZmwxANLf62DBJKrTyp02jpAPH5Ys"[0m
[1;31m                        ], [0m
[1;31m                        "dm-1": [[0m
[1;31m                            "dm-name-debian87--20170203--surf--vg-root", [0m
[1;31m                            "dm-uuid-LVM-2N3noKztpw8Epf4XcxvNlho3IR40EMu9Rh6eeq60m44ckhZDoOBTncUwkHezDJdk"[0m
[1;31m                        ], [0m
[1;31m                        "sda5": [[0m
[1;31m                            "lvm-pv-uuid-X7FfdR-qmyj-nmi0-M7YU-Gk1J-0aZ9-Q5q5eT"[0m
[1;31m                        ][0m
[1;31m                    }, [0m
[1;31m                    "labels": {}, [0m
[1;31m                    "masters": {[0m
[1;31m                        "sda5": [[0m
[1;31m                            "dm-0", [0m
[1;31m                            "dm-1"[0m
[1;31m                        ][0m
[1;31m                    }, [0m
[1;31m                    "uuids": {[0m
[1;31m                        "dm-0": [[0m
[1;31m                            "a057b43e-bbfd-4da0-a21d-40fe0b6e5b30"[0m
[1;31m                        ], [0m
[1;31m                        "dm-1": [[0m
[1;31m                            "492ec039-485a-409a-b51d-a288fe1ee7b9"[0m
[1;31m                        ], [0m
[1;31m                        "sda1": [[0m
[1;31m                            "2797c37e-7660-419d-b152-6aeec7beb7bd"[0m
[1;31m                        ][0m
[1;31m                    }[0m
[1;31m                }, [0m
[1;31m                "ansible_devices": {[0m
[1;31m                    "dm-0": {[0m
[1;31m                        "holders": [], [0m
[1;31m                        "host": "", [0m
[1;31m                        "links": {[0m
[1;31m                            "ids": [[0m
[1;31m                                "dm-name-debian87--20170203--surf--vg-swap", [0m
[1;31m                                "dm-uuid-LVM-2N3noKztpw8Epf4XcxvNlho3IR40EMu9cjRvZmwxANLf62DBJKrTyp02jpAPH5Ys"[0m
[1;31m                            ], [0m
[1;31m                            "labels": [], [0m
[1;31m                            "masters": [], [0m
[1;31m                            "uuids": [[0m
[1;31m                                "a057b43e-bbfd-4da0-a21d-40fe0b6e5b30"[0m
[1;31m                            ][0m
[1;31m                        }, [0m
[1;31m                        "model": null, [0m
[1;31m                        "partitions": {}, [0m
[1;31m                        "removable": "0", [0m
[1;31m                        "rotational": "1", [0m
[1;31m                        "sas_address": null, [0m
[1;31m                        "sas_device_handle": null, [0m
[1;31m                        "scheduler_mode": "", [0m
[1;31m                        "sectors": "3997696", [0m
[1;31m                        "sectorsize": "512", [0m
[1;31m                        "size": "1.91 GB", [0m
[1;31m                        "support_discard": "0", [0m
[1;31m                        "vendor": null, [0m
[1;31m                        "virtual": 1[0m
[1;31m                    }, [0m
[1;31m                    "dm-1": {[0m
[1;31m                        "holders": [], [0m
[1;31m                        "host": "", [0m
[1;31m                        "links": {[0m
[1;31m                            "ids": [[0m
[1;31m                                "dm-name-debian87--20170203--surf--vg-root", [0m
[1;31m                                "dm-uuid-LVM-2N3noKztpw8Epf4XcxvNlho3IR40EMu9Rh6eeq60m44ckhZDoOBTncUwkHezDJdk"[0m
[1;31m                            ], [0m
[1;31m                            "labels": [], [0m
[1;31m                            "masters": [], [0m
[1;31m                            "uuids": [[0m
[1;31m                                "492ec039-485a-409a-b51d-a288fe1ee7b9"[0m
[1;31m                            ][0m
[1;31m                        }, [0m
[1;31m                        "model": null, [0m
[1;31m                        "partitions": {}, [0m
[1;31m                        "removable": "0", [0m
[1;31m                        "rotational": "1", [0m
[1;31m                        "sas_address": null, [0m
[1;31m                        "sas_device_handle": null, [0m
[1;31m                        "scheduler_mode": "", [0m
[1;31m                        "sectors": "37437440", [0m
[1;31m                        "sectorsize": "512", [0m
[1;31m                        "size": "17.85 GB", [0m
[1;31m                        "support_discard": "0", [0m
[1;31m                        "vendor": null, [0m
[1;31m                        "virtual": 1[0m
[1;31m                    }, [0m
[1;31m                    "fd0": {[0m
[1;31m                        "holders": [], [0m
[1;31m                        "host": "", [0m
[1;31m                        "links": {[0m
[1;31m                            "ids": [], [0m
[1;31m                            "labels": [], [0m
[1;31m                            "masters": [], [0m
[1;31m                            "uuids": [][0m
[1;31m                        }, [0m
[1;31m                        "model": null, [0m
[1;31m                        "partitions": {}, [0m
[1;31m                        "removable": "1", [0m
[1;31m                        "rotational": "1", [0m
[1;31m                        "sas_address": null, [0m
[1;31m                        "sas_device_handle": null, [0m
[1;31m                        "scheduler_mode": "cfq", [0m
[1;31m                        "sectors": "8", [0m
[1;31m                        "sectorsize": "512", [0m
[1;31m                        "size": "4.00 KB", [0m
[1;31m                        "support_discard": "0", [0m
[1;31m                        "vendor": null, [0m
[1;31m                        "virtual": 1[0m
[1;31m                    }, [0m
[1;31m                    "sda": {[0m
[1;31m                        "holders": [], [0m
[1;31m                        "host": "SCSI storage controller: LSI Logic / Symbios Logic 53c1030 PCI-X Fusion-MPT Dual Ultra320 SCSI (rev 01)", [0m
[1;31m                        "links": {[0m
[1;31m                            "ids": [], [0m
[1;31m                            "labels": [], [0m
[1;31m                            "masters": [], [0m
[1;31m                            "uuids": [][0m
[1;31m                        }, [0m
[1;31m                        "model": "Virtual disk", [0m
[1;31m                        "partitions": {[0m
[1;31m                            "sda1": {[0m
[1;31m                                "holders": [], [0m
[1;31m                                "links": {[0m
[1;31m                                    "ids": [], [0m
[1;31m                                    "labels": [], [0m
[1;31m                                    "masters": [], [0m
[1;31m                                    "uuids": [[0m
[1;31m                                        "2797c37e-7660-419d-b152-6aeec7beb7bd"[0m
[1;31m                                    ][0m
[1;31m                                }, [0m
[1;31m                                "sectors": "497664", [0m
[1;31m                                "sectorsize": 512, [0m
[1;31m                                "size": "243.00 MB", [0m
[1;31m                                "start": "2048", [0m
[1;31m                                "uuid": "2797c37e-7660-419d-b152-6aeec7beb7bd"[0m
[1;31m                            }, [0m
[1;31m                            "sda2": {[0m
[1;31m                                "holders": [], [0m
[1;31m                                "links": {[0m
[1;31m                                    "ids": [], [0m
[1;31m                                    "labels": [], [0m
[1;31m                                    "masters": [], [0m
[1;31m                                    "uuids": [][0m
[1;31m                                }, [0m
[1;31m                                "sectors": "2", [0m
[1;31m                                "sectorsize": 512, [0m
[1;31m                                "size": "1.00 KB", [0m
[1;31m                                "start": "501758", [0m
[1;31m                                "uuid": null[0m
[1;31m                            }, [0m
[1;31m                            "sda5": {[0m
[1;31m                                "holders": [[0m
[1;31m                                    "debian87--20170203--surf--vg-root", [0m
[1;31m                                    "debian87--20170203--surf--vg-swap"[0m
[1;31m                                ], [0m
[1;31m                                "links": {[0m
[1;31m                                    "ids": [[0m
[1;31m                                        "lvm-pv-uuid-X7FfdR-qmyj-nmi0-M7YU-Gk1J-0aZ9-Q5q5eT"[0m
[1;31m                                    ], [0m
[1;31m                                    "labels": [], [0m
[1;31m                                    "masters": [[0m
[1;31m                                        "dm-0", [0m
[1;31m                                        "dm-1"[0m
[1;31m                                    ], [0m
[1;31m                                    "uuids": [][0m
[1;31m                                }, [0m
[1;31m                                "sectors": "41439232", [0m
[1;31m                                "sectorsize": 512, [0m
[1;31m                                "size": "19.76 GB", [0m
[1;31m                                "start": "501760", [0m
[1;31m                                "uuid": null[0m
[1;31m                            }[0m
[1;31m                        }, [0m
[1;31m                        "removable": "0", [0m
[1;31m                        "rotational": "1", [0m
[1;31m                        "sas_address": null, [0m
[1;31m                        "sas_device_handle": null, [0m
[1;31m                        "scheduler_mode": "cfq", [0m
[1;31m                        "sectors": "41943040", [0m
[1;31m                        "sectorsize": "512", [0m
[1;31m                        "size": "20.00 GB", [0m
[1;31m                        "support_discard": "0", [0m
[1;31m                        "vendor": "VMware", [0m
[1;31m                        "virtual": 1[0m
[1;31m                    }[0m
[1;31m                }, [0m
[1;31m                "ansible_distribution": "Debian", [0m
[1;31m                "ansible_distribution_file_parsed": true, [0m
[1;31m                "ansible_distribution_file_path": "/etc/os-release", [0m
[1;31m                "ansible_distribution_file_variety": "Debian", [0m
[1;31m                "ansible_distribution_major_version": "9", [0m
[1;31m                "ansible_distribution_release": "stretch", [0m
[1;31m                "ansible_distribution_version": "9.7", [0m
[1;31m                "ansible_dns": {[0m
[1;31m                    "nameservers": [[0m
[1;31m                        "195.169.124.124", [0m
[1;31m                        "192.87.36.36", [0m
[1;31m                        "192.87.106.106"[0m
[1;31m                    ], [0m
[1;31m                    "search": [[0m
[1;31m                        "ams.scz.lab.surf.nl"[0m
[1;31m                    ][0m
[1;31m                }, [0m
[1;31m                "ansible_domain": "ams.scz.lab.surf.nl", [0m
[1;31m                "ansible_effective_group_id": 0, [0m
[1;31m                "ansible_effective_user_id": 0, [0m
[1;31m                "ansible_env": {[0m
[1;31m                    "HOME": "/root", [0m
[1;31m                    "LANG": "en_US.UTF-8", [0m
[1;31m                    "LC_ADDRESS": "nl_NL.UTF-8", [0m
[1;31m                    "LC_ALL": "en_US.UTF-8", [0m
[1;31m                    "LC_IDENTIFICATION": "nl_NL.UTF-8", [0m
[1;31m                    "LC_MEASUREMENT": "nl_NL.UTF-8", [0m
[1;31m                    "LC_MONETARY": "nl_NL.UTF-8", [0m
[1;31m                    "LC_NAME": "nl_NL.UTF-8", [0m
[1;31m                    "LC_NUMERIC": "nl_NL.UTF-8", [0m
[1;31m                    "LC_PAPER": "nl_NL.UTF-8", [0m
[1;31m                    "LC_TELEPHONE": "nl_NL.UTF-8", [0m
[1;31m                    "LC_TIME": "nl_NL.UTF-8", [0m
[1;31m                    "LC_TYPE": "en_US.UTF-8", [0m
[1;31m                    "LOGNAME": "root", [0m
[1;31m                    "MAIL": "/var/mail/root", [0m
[1;31m                    "PATH": "/usr/local/sbin:/usr/local/bin:/usr/sbin:/usr/bin:/sbin:/bin:/snap/bin", [0m
[1;31m                    "PWD": "/home/martin", [0m
[1;31m                    "SHELL": "/bin/bash", [0m
[1;31m                    "SUDO_COMMAND": "/bin/sh -c echo BECOME-SUCCESS-twuyjngnbevyepuhtopipepvalyykxcs; /usr/bin/python", [0m
[1;31m                    "SUDO_GID": "10002", [0m
[1;31m                    "SUDO_UID": "10001", [0m
[1;31m                    "SUDO_USER": "martin", [0m
[1;31m                    "TERM": "unknown", [0m
[1;31m                    "USER": "root", [0m
[1;31m                    "USERNAME": "root"[0m
[1;31m                }, [0m
[1;31m                "ansible_eth0": {[0m
[1;31m                    "active": true, [0m
[1;31m                    "device": "eth0", [0m
[1;31m                    "features": {[0m
[1;31m                        "busy_poll": "off [fixed]", [0m
[1;31m                        "fcoe_mtu": "off [fixed]", [0m
[1;31m                        "generic_receive_offload": "on", [0m
[1;31m                        "generic_segmentation_offload": "on", [0m
[1;31m                        "highdma": "on", [0m
[1;31m                        "hw_tc_offload": "off [fixed]", [0m
[1;31m                        "l2_fwd_offload": "off [fixed]", [0m
[1;31m                        "large_receive_offload": "on", [0m
[1;31m                        "loopback": "off [fixed]", [0m
[1;31m                        "netns_local": "off [fixed]", [0m
[1;31m                        "ntuple_filters": "off [fixed]", [0m
[1;31m                        "receive_hashing": "on", [0m
[1;31m                        "rx_all": "off [fixed]", [0m
[1;31m                        "rx_checksumming": "on", [0m
[1;31m                        "rx_fcs": "off [fixed]", [0m
[1;31m                        "rx_vlan_filter": "on [fixed]", [0m
[1;31m                        "rx_vlan_offload": "on", [0m
[1;31m                        "rx_vlan_stag_filter": "off [fixed]", [0m
[1;31m                        "rx_vlan_stag_hw_parse": "off [fixed]", [0m
[1;31m                        "scatter_gather": "on", [0m
[1;31m                        "tcp_segmentation_offload": "on", [0m
[1;31m                        "tx_checksum_fcoe_crc": "off [fixed]", [0m
[1;31m                        "tx_checksum_ip_generic": "on", [0m
[1;31m                        "tx_checksum_ipv4": "off [fixed]", [0m
[1;31m                        "tx_checksum_ipv6": "off [fixed]", [0m
[1;31m                        "tx_checksum_sctp": "off [fixed]", [0m
[1;31m                        "tx_checksumming": "on", [0m
[1;31m                        "tx_fcoe_segmentation": "off [fixed]", [0m
[1;31m                        "tx_gre_csum_segmentation": "off [fixed]", [0m
[1;31m                        "tx_gre_segmentation": "off [fixed]", [0m
[1;31m                        "tx_gso_partial": "off [fixed]", [0m
[1;31m                        "tx_gso_robust": "off [fixed]", [0m
[1;31m                        "tx_ipxip4_segmentation": "off [fixed]", [0m
[1;31m                        "tx_ipxip6_segmentation": "off [fixed]", [0m
[1;31m                        "tx_lockless": "off [fixed]", [0m
[1;31m                        "tx_nocache_copy": "off", [0m
[1;31m                        "tx_scatter_gather": "on", [0m
[1;31m                        "tx_scatter_gather_fraglist": "off [fixed]", [0m
[1;31m                        "tx_sctp_segmentation": "off [fixed]", [0m
[1;31m                        "tx_tcp6_segmentation": "on", [0m
[1;31m                        "tx_tcp_ecn_segmentation": "off [fixed]", [0m
[1;31m                        "tx_tcp_mangleid_segmentation": "off", [0m
[1;31m                        "tx_tcp_segmentation": "on", [0m
[1;31m                        "tx_udp_tnl_csum_segmentation": "off [fixed]", [0m
[1;31m                        "tx_udp_tnl_segmentation": "off [fixed]", [0m
[1;31m                        "tx_vlan_offload": "on", [0m
[1;31m                        "tx_vlan_stag_hw_insert": "off [fixed]", [0m
[1;31m                        "udp_fragmentation_offload": "off [fixed]", [0m
[1;31m                        "vlan_challenged": "off [fixed]"[0m
[1;31m                    }, [0m
[1;31m                    "hw_timestamp_filters": [], [0m
[1;31m                    "ipv4": {[0m
[1;31m                        "address": "145.101.114.8", [0m
[1;31m                        "broadcast": "145.101.114.31", [0m
[1;31m                        "netmask": "255.255.255.224", [0m
[1;31m                        "network": "145.101.114.0"[0m
[1;31m                    }, [0m
[1;31m                    "macaddress": "00:50:56:95:52:85", [0m
[1;31m                    "module": "vmxnet3", [0m
[1;31m                    "mtu": 1500, [0m
[1;31m                    "pciid": "0000:03:00.0", [0m
[1;31m                    "promisc": false, [0m
[1;31m                    "speed": 10000, [0m
[1;31m                    "timestamping": [[0m
[1;31m                        "rx_software", [0m
[1;31m                        "software"[0m
[1;31m                    ], [0m
[1;31m                    "type": "ether"[0m
[1;31m                }, [0m
[1;31m                "ansible_fips": false, [0m
[1;31m                "ansible_form_factor": "Other", [0m
[1;31m                "ansible_fqdn": "comanage2.ams.scz.lab.surf.nl", [0m
[1;31m                "ansible_hostname": "comanage2", [0m
[1;31m                "ansible_interfaces": [[0m
[1;31m                    "lo", [0m
[1;31m                    "eth0"[0m
[1;31m                ], [0m
[1;31m                "ansible_is_chroot": false, [0m
[1;31m                "ansible_iscsi_iqn": "iqn.1993-08.org.debian:01:de7d50eae1a0", [0m
[1;31m                "ansible_kernel": "4.9.0-8-amd64", [0m
[1;31m                "ansible_lo": {[0m
[1;31m                    "active": true, [0m
[1;31m                    "device": "lo", [0m
[1;31m                    "features": {[0m
[1;31m                        "busy_poll": "off [fixed]", [0m
[1;31m                        "fcoe_mtu": "off [fixed]", [0m
[1;31m                        "generic_receive_offload": "on", [0m
[1;31m                        "generic_segmentation_offload": "on", [0m
[1;31m                        "highdma": "on [fixed]", [0m
[1;31m                        "hw_tc_offload": "off [fixed]", [0m
[1;31m                        "l2_fwd_offload": "off [fixed]", [0m
[1;31m                        "large_receive_offload": "off [fixed]", [0m
[1;31m                        "loopback": "on [fixed]", [0m
[1;31m                        "netns_local": "on [fixed]", [0m
[1;31m                        "ntuple_filters": "off [fixed]", [0m
[1;31m                        "receive_hashing": "off [fixed]", [0m
[1;31m                        "rx_all": "off [fixed]", [0m
[1;31m                        "rx_checksumming": "on [fixed]", [0m
[1;31m                        "rx_fcs": "off [fixed]", [0m
[1;31m                        "rx_vlan_filter": "off [fixed]", [0m
[1;31m                        "rx_vlan_offload": "off [fixed]", [0m
[1;31m                        "rx_vlan_stag_filter": "off [fixed]", [0m
[1;31m                        "rx_vlan_stag_hw_parse": "off [fixed]", [0m
[1;31m                        "scatter_gather": "on", [0m
[1;31m                        "tcp_segmentation_offload": "on", [0m
[1;31m                        "tx_checksum_fcoe_crc": "off [fixed]", [0m
[1;31m                        "tx_checksum_ip_generic": "on [fixed]", [0m
[1;31m                        "tx_checksum_ipv4": "off [fixed]", [0m
[1;31m                        "tx_checksum_ipv6": "off [fixed]", [0m
[1;31m                        "tx_checksum_sctp": "on [fixed]", [0m
[1;31m                        "tx_checksumming": "on", [0m
[1;31m                        "tx_fcoe_segmentation": "off [fixed]", [0m
[1;31m                        "tx_gre_csum_segmentation": "off [fixed]", [0m
[1;31m                        "tx_gre_segmentation": "off [fixed]", [0m
[1;31m                        "tx_gso_partial": "off [fixed]", [0m
[1;31m                        "tx_gso_robust": "off [fixed]", [0m
[1;31m                        "tx_ipxip4_segmentation": "off [fixed]", [0m
[1;31m                        "tx_ipxip6_segmentation": "off [fixed]", [0m
[1;31m                        "tx_lockless": "on [fixed]", [0m
[1;31m                        "tx_nocache_copy": "off [fixed]", [0m
[1;31m                        "tx_scatter_gather": "on [fixed]", [0m
[1;31m                        "tx_scatter_gather_fraglist": "on [fixed]", [0m
[1;31m                        "tx_sctp_segmentation": "on", [0m
[1;31m                        "tx_tcp6_segmentation": "on", [0m
[1;31m                        "tx_tcp_ecn_segmentation": "on", [0m
[1;31m                        "tx_tcp_mangleid_segmentation": "on", [0m
[1;31m                        "tx_tcp_segmentation": "on", [0m
[1;31m                        "tx_udp_tnl_csum_segmentation": "off [fixed]", [0m
[1;31m                        "tx_udp_tnl_segmentation": "off [fixed]", [0m
[1;31m                        "tx_vlan_offload": "off [fixed]", [0m
[1;31m                        "tx_vlan_stag_hw_insert": "off [fixed]", [0m
[1;31m                        "udp_fragmentation_offload": "on", [0m
[1;31m                        "vlan_challenged": "on [fixed]"[0m
[1;31m                    }, [0m
[1;31m                    "hw_timestamp_filters": [], [0m
[1;31m                    "ipv4": {[0m
[1;31m                        "address": "127.0.0.1", [0m
[1;31m                        "broadcast": "host", [0m
[1;31m                        "netmask": "255.0.0.0", [0m
[1;31m                        "network": "127.0.0.0"[0m
[1;31m                    }, [0m
[1;31m                    "mtu": 65536, [0m
[1;31m                    "promisc": false, [0m
[1;31m                    "timestamping": [[0m
[1;31m                        "rx_software", [0m
[1;31m                        "software"[0m
[1;31m                    ], [0m
[1;31m                    "type": "loopback"[0m
[1;31m                }, [0m
[1;31m                "ansible_local": {}, [0m
[1;31m                "ansible_lsb": {[0m
[1;31m                    "codename": "stretch", [0m
[1;31m                    "description": "Debian GNU/Linux 9.7 (stretch)", [0m
[1;31m                    "id": "Debian", [0m
[1;31m                    "major_release": "9", [0m
[1;31m                    "release": "9.7"[0m
[1;31m                }, [0m
[1;31m                "ansible_lvm": {[0m
[1;31m                    "lvs": {[0m
[1;31m                        "root": {[0m
[1;31m                            "size_g": "17.85", [0m
[1;31m                            "vg": "debian87-20170203-surf-vg"[0m
[1;31m                        }, [0m
[1;31m                        "swap": {[0m
[1;31m                            "size_g": "1.91", [0m
[1;31m                            "vg": "debian87-20170203-surf-vg"[0m
[1;31m                        }[0m
[1;31m                    }, [0m
[1;31m                    "pvs": {[0m
[1;31m                        "/dev/sda5": {[0m
[1;31m                            "free_g": "0", [0m
[1;31m                            "size_g": "19.76", [0m
[1;31m                            "vg": "debian87-20170203-surf-vg"[0m
[1;31m                        }[0m
[1;31m                    }, [0m
[1;31m                    "vgs": {[0m
[1;31m                        "debian87-20170203-surf-vg": {[0m
[1;31m                            "free_g": "0", [0m
[1;31m                            "num_lvs": "2", [0m
[1;31m                            "num_pvs": "1", [0m
[1;31m                            "size_g": "19.76"[0m
[1;31m                        }[0m
[1;31m                    }[0m
[1;31m                }, [0m
[1;31m                "ansible_machine": "x86_64", [0m
[1;31m                "ansible_machine_id": "3d975702f688466795f94ae6b7d55648", [0m
[1;31m                "ansible_memfree_mb": 427, [0m
[1;31m                "ansible_memory_mb": {[0m
[1;31m                    "nocache": {[0m
[1;31m                        "free": 1435, [0m
[1;31m                        "used": 560[0m
[1;31m                    }, [0m
[1;31m                    "real": {[0m
[1;31m                        "free": 427, [0m
[1;31m                        "total": 1995, [0m
[1;31m                        "used": 1568[0m
[1;31m                    }, [0m
[1;31m                    "swap": {[0m
[1;31m                        "cached": 0, [0m
[1;31m                        "free": 1951, [0m
[1;31m                        "total": 1951, [0m
[1;31m                        "used": 0[0m
[1;31m                    }[0m
[1;31m                }, [0m
[1;31m                "ansible_memtotal_mb": 1995, [0m
[1;31m                "ansible_mounts": [[0m
[1;31m                    {[0m
[1;31m                        "block_available": 3293835, [0m
[1;31m                        "block_size": 4096, [0m
[1;31m                        "block_total": 4573377, [0m
[1;31m                        "block_used": 1279542, [0m
[1;31m                        "device": "/dev/mapper/debian87--20170203--surf--vg-root", [0m
[1;31m                        "fstype": "ext4", [0m
[1;31m                        "inode_available": 1059642, [0m
[1;31m                        "inode_total": 1171456, [0m
[1;31m                        "inode_used": 111814, [0m
[1;31m                        "mount": "/", [0m
[1;31m                        "options": "rw,relatime,errors=remount-ro,data=ordered", [0m
[1;31m                        "size_available": 13491548160, [0m
[1;31m                        "size_total": 18732552192, [0m
[1;31m                        "uuid": "492ec039-485a-409a-b51d-a288fe1ee7b9"[0m
[1;31m                    }, [0m
[1;31m                    {[0m
[1;31m                        "block_available": 164781, [0m
[1;31m                        "block_size": 1024, [0m
[1;31m                        "block_total": 240972, [0m
[1;31m                        "block_used": 76191, [0m
[1;31m                        "device": "/dev/sda1", [0m
[1;31m                        "fstype": "ext2", [0m
[1;31m                        "inode_available": 61907, [0m
[1;31m                        "inode_total": 62248, [0m
[1;31m                        "inode_used": 341, [0m
[1;31m                        "mount": "/boot", [0m
[1;31m                        "options": "rw,relatime,block_validity,barrier,user_xattr,acl", [0m
[1;31m                        "size_available": 168735744, [0m
[1;31m                        "size_total": 246755328, [0m
[1;31m                        "uuid": "2797c37e-7660-419d-b152-6aeec7beb7bd"[0m
[1;31m                    }[0m
[1;31m                ], [0m
[1;31m                "ansible_nodename": "comanage2", [0m
[1;31m                "ansible_os_family": "Debian", [0m
[1;31m                "ansible_pkg_mgr": "apt", [0m
[1;31m                "ansible_processor": [[0m
[1;31m                    "0", [0m
[1;31m                    "GenuineIntel", [0m
[1;31m                    "Intel(R) Xeon(R) CPU E5-2680 v3 @ 2.50GHz", [0m
[1;31m                    "1", [0m
[1;31m                    "GenuineIntel", [0m
[1;31m                    "Intel(R) Xeon(R) CPU E5-2680 v3 @ 2.50GHz"[0m
[1;31m                ], [0m
[1;31m                "ansible_processor_cores": 1, [0m
[1;31m                "ansible_processor_count": 2, [0m
[1;31m                "ansible_processor_threads_per_core": 1, [0m
[1;31m                "ansible_processor_vcpus": 2, [0m
[1;31m                "ansible_product_name": "VMware Virtual Platform", [0m
[1;31m                "ansible_product_serial": "VMware-42 15 43 b9 a1 39 3a be-cb 9a 39 82 79 a5 27 ba", [0m
[1;31m                "ansible_product_uuid": "421543B9-A139-3ABE-CB9A-398279A527BA", [0m
[1;31m                "ansible_product_version": "None", [0m
[1;31m                "ansible_python": {[0m
[1;31m                    "executable": "/usr/bin/python", [0m
[1;31m                    "has_sslcontext": true, [0m
[1;31m                    "type": "CPython", [0m
[1;31m                    "version": {[0m
[1;31m                        "major": 2, [0m
[1;31m                        "micro": 13, [0m
[1;31m                        "minor": 7, [0m
[1;31m                        "releaselevel": "final", [0m
[1;31m                        "serial": 0[0m
[1;31m                    }, [0m
[1;31m                    "version_info": [[0m
[1;31m                        2, [0m
[1;31m                        7, [0m
[1;31m                        13, [0m
[1;31m                        "final", [0m
[1;31m                        0[0m
[1;31m                    ][0m
[1;31m                }, [0m
[1;31m                "ansible_python_version": "2.7.13", [0m
[1;31m                "ansible_real_group_id": 0, [0m
[1;31m                "ansible_real_user_id": 0, [0m
[1;31m                "ansible_selinux": {[0m
[1;31m                    "status": "Missing selinux Python library"[0m
[1;31m                }, [0m
[1;31m                "ansible_selinux_python_present": false, [0m
[1;31m                "ansible_service_mgr": "systemd", [0m
[1;31m                "ansible_ssh_host_key_dsa_public": "AAAAB3NzaC1kc3MAAACBAPPYtBWEn8Y56sBYAKARyKyuvn27RM/0G2N8pRQJl0L4xAdB1mgx+v1MJDSgMDYhVCZgNCn50RsPKc+eUIsDxjxCEQ6ongG0Y87PguCsK5uEA48gQ4BxJEYpZXxbaeMDxf56qFInL4Z8FQ2A1ofIfIRODwcelvZzd5qvXw92IQG3AAAAFQCaD99F+CAUiyzLWi4aQvLOQakcuwAAAIBfQaB2w5me+COC0rSVpRcUGQglc96mzHA+cdoC5XUtpmkj5fLnYFL9sS9LlpbTVhhPlvwUwpjd9P1zwnb758Q27Ol6Wwv9VAnhzJV0ibOVHhcSr13a17rjHHwUcZOFxx3Fr/J818k1JKhfqWMubo1lZ4S5vWwu/FNUoIao6CboiAAAAIBvfWz8xpW51cF/jB2+VOZT7NIxa84lQQ/khyQDOUIZsRQfVgZXPyQbDIcUStdd/LE5aZivisqJ0a0Z1zGsBFyMkZrwjVT/hgWX0iBcQToJEgFkdAZYLUfOP55g+c2X2ljsY88nVQDp3ulMmTDpj6kGC3Gj4PmWQVVCqcm8BHqomg==", [0m
[1;31m                "ansible_ssh_host_key_ecdsa_public": "AAAAE2VjZHNhLXNoYTItbmlzdHAyNTYAAAAIbmlzdHAyNTYAAABBBG0yyP7zCqQTmHePKOiYi6WUyluaeYk42gV5Z5t0lW4ZIH/zOkKiBYu9deGs4VptCUGywznERZLz42u5W45qrNE=", [0m
[1;31m                "ansible_ssh_host_key_ed25519_public": "AAAAC3NzaC1lZDI1NTE5AAAAIHYd9EmbeZwUwXwniqcvDDu2iqxDD7yWUmhLaLBzYguv", [0m
[1;31m                "ansible_ssh_host_key_rsa_public": "AAAAB3NzaC1yc2EAAAADAQABAAABAQDEilRYv5Vl2EltAcJe/PJjWapri4KbbxukY6a2c7cYAtJbUEmWhdu5n7rEZZPBCSXwTfBwG7VL5HaI5+9xlL/HOYdPl+bBkFm9r5b2Oq/aDW+Rt1c5VZDRoxxBCk9V6XqVdI0pa5DFsXMvtxEIEiPPwNAI4ZfTrnP8tN6JvGhCCtt0cBaEBYva7BHNnM4BIrlTx2MX1TeTw1zq2MYZfyq+U+m756t6dtk50XyJRobEQdyu7WTOrBgZwZzHYlhvcLDFbMqjlAH0DDam1YWZ6zd6Y03Av3NJ3OkuAsbqwgYrrkpyEAZk02+dXHfIiW8STWDvRgprNBMEqBUhyuxpB9Wn", [0m
[1;31m                "ansible_swapfree_mb": 1951, [0m
[1;31m                "ansible_swaptotal_mb": 1951, [0m
[1;31m                "ansible_system": "Linux", [0m
[1;31m                "ansible_system_capabilities": [[0m
[1;31m                    "cap_chown", [0m
[1;31m                    "cap_dac_override", [0m
[1;31m                    "cap_dac_read_search", [0m
[1;31m                    "cap_fowner", [0m
[1;31m                    "cap_fsetid", [0m
[1;31m                    "cap_kill", [0m
[1;31m                    "cap_setgid", [0m
[1;31m                    "cap_setuid", [0m
[1;31m                    "cap_setpcap", [0m
[1;31m                    "cap_linux_immutable", [0m
[1;31m                    "cap_net_bind_service", [0m
[1;31m                    "cap_net_broadcast", [0m
[1;31m                    "cap_net_admin", [0m
[1;31m                    "cap_net_raw", [0m
[1;31m                    "cap_ipc_lock", [0m
[1;31m                    "cap_ipc_owner", [0m
[1;31m                    "cap_sys_module", [0m
[1;31m                    "cap_sys_rawio", [0m
[1;31m                    "cap_sys_chroot", [0m
[1;31m                    "cap_sys_ptrace", [0m
[1;31m                    "cap_sys_pacct", [0m
[1;31m                    "cap_sys_admin", [0m
[1;31m                    "cap_sys_boot", [0m
[1;31m                    "cap_sys_nice", [0m
[1;31m                    "cap_sys_resource", [0m
[1;31m                    "cap_sys_time", [0m
[1;31m                    "cap_sys_tty_config", [0m
[1;31m                    "cap_mknod", [0m
[1;31m                    "cap_lease", [0m
[1;31m                    "cap_audit_write", [0m
[1;31m                    "cap_audit_control", [0m
[1;31m                    "cap_setfcap", [0m
[1;31m                    "cap_mac_override", [0m
[1;31m                    "cap_mac_admin", [0m
[1;31m                    "cap_syslog", [0m
[1;31m                    "cap_wake_alarm", [0m
[1;31m                    "cap_block_suspend", [0m
[1;31m                    "cap_audit_read+ep"[0m
[1;31m                ], [0m
[1;31m                "ansible_system_capabilities_enforced": "True", [0m
[1;31m                "ansible_system_vendor": "VMware, Inc.", [0m
[1;31m                "ansible_uptime_seconds": 5056447, [0m
[1;31m                "ansible_user_dir": "/root", [0m
[1;31m                "ansible_user_gecos": "root", [0m
[1;31m                "ansible_user_gid": 0, [0m
[1;31m                "ansible_user_id": "root", [0m
[1;31m                "ansible_user_shell": "/bin/bash", [0m
[1;31m                "ansible_user_uid": 0, [0m
[1;31m                "ansible_userspace_architecture": "x86_64", [0m
[1;31m                "ansible_userspace_bits": "64", [0m
[1;31m                "ansible_virtualization_role": "guest", [0m
[1;31m                "ansible_virtualization_type": "VMware", [0m
[1;31m                "gather_subset": [[0m
[1;31m                    "all"[0m
[1;31m                ], [0m
[1;31m                "module_setup": true[0m
[1;31m            }, [0m
[1;31m            "changed": false, [0m
[1;31m            "failed": false, [0m
[1;31m            "invocation": {[0m
[1;31m                "module_args": {[0m
[1;31m                    "fact_path": "/etc/ansible/facts.d", [0m
[1;31m                    "filter": "*", [0m
[1;31m                    "gather_subset": [[0m
[1;31m                        "all"[0m
[1;31m                    ], [0m
[1;31m                    "gather_timeout": 10[0m
[1;31m                }[0m
[1;31m            }, [0m
[1;31m            "item": "comanage2.ams.scz.lab.surf.nl"[0m
[1;31m        }, [0m
[1;31m        {[0m
[1;31m            "_ansible_delegated_vars": {[0m
[1;31m                "ansible_delegated_host": "client2.ams.scz.lab.surf.nl", [0m
[1;31m                "ansible_host": "client2.ams.scz.lab.surf.nl"[0m
[1;31m            }, [0m
[1;31m            "_ansible_ignore_errors": null, [0m
[1;31m            "_ansible_item_label": "client2.ams.scz.lab.surf.nl", [0m
[1;31m            "_ansible_item_result": true, [0m
[1;31m            "_ansible_no_log": false, [0m
[1;31m            "_ansible_parsed": true, [0m
[1;31m            "_ansible_verbose_override": true, [0m
[1;31m            "ansible_facts": {[0m
[1;31m                "ansible_all_ipv4_addresses": [[0m
[1;31m                    "145.101.114.14"[0m
[1;31m                ], [0m
[1;31m                "ansible_all_ipv6_addresses": [], [0m
[1;31m                "ansible_apparmor": {[0m
[1;31m                    "status": "disabled"[0m
[1;31m                }, [0m
[1;31m                "ansible_architecture": "x86_64", [0m
[1;31m                "ansible_bios_date": "09/21/2015", [0m
[1;31m                "ansible_bios_version": "6.00", [0m
[1;31m                "ansible_cmdline": {[0m
[1;31m                    "BOOT_IMAGE": "/vmlinuz-4.9.0-8-amd64", [0m
[1;31m                    "quiet": true, [0m
[1;31m                    "ro": true, [0m
[1;31m                    "root": "/dev/mapper/debian87--20170203--surf--vg-root"[0m
[1;31m                }, [0m
[1;31m                "ansible_date_time": {[0m
[1;31m                    "date": "2019-02-15", [0m
[1;31m                    "day": "15", [0m
[1;31m                    "epoch": "1550221423", [0m
[1;31m                    "hour": "09", [0m
[1;31m                    "iso8601": "2019-02-15T09:03:43Z", [0m
[1;31m                    "iso8601_basic": "20190215T090343723140", [0m
[1;31m                    "iso8601_basic_short": "20190215T090343", [0m
[1;31m                    "iso8601_micro": "2019-02-15T09:03:43.723218Z", [0m
[1;31m                    "minute": "03", [0m
[1;31m                    "month": "02", [0m
[1;31m                    "second": "43", [0m
[1;31m                    "time": "09:03:43", [0m
[1;31m                    "tz": "UTC", [0m
[1;31m                    "tz_offset": "+0000", [0m
[1;31m                    "weekday": "Friday", [0m
[1;31m                    "weekday_number": "5", [0m
[1;31m                    "weeknumber": "06", [0m
[1;31m                    "year": "2019"[0m
[1;31m                }, [0m
[1;31m                "ansible_default_ipv4": {[0m
[1;31m                    "address": "145.101.114.14", [0m
[1;31m                    "alias": "eth0", [0m
[1;31m                    "broadcast": "145.101.114.31", [0m
[1;31m                    "gateway": "145.101.114.1", [0m
[1;31m                    "interface": "eth0", [0m
[1;31m                    "macaddress": "00:50:56:95:77:74", [0m
[1;31m                    "mtu": 1500, [0m
[1;31m                    "netmask": "255.255.255.224", [0m
[1;31m                    "network": "145.101.114.0", [0m
[1;31m                    "type": "ether"[0m
[1;31m                }, [0m
[1;31m                "ansible_default_ipv6": {}, [0m
[1;31m                "ansible_device_links": {[0m
[1;31m                    "ids": {[0m
[1;31m                        "dm-0": [[0m
[1;31m                            "dm-name-debian87--20170203--surf--vg-swap", [0m
[1;31m                            "dm-uuid-LVM-2N3noKztpw8Epf4XcxvNlho3IR40EMu9cjRvZmwxANLf62DBJKrTyp02jpAPH5Ys"[0m
[1;31m                        ], [0m
[1;31m                        "dm-1": [[0m
[1;31m                            "dm-name-debian87--20170203--surf--vg-root", [0m
[1;31m                            "dm-uuid-LVM-2N3noKztpw8Epf4XcxvNlho3IR40EMu9Rh6eeq60m44ckhZDoOBTncUwkHezDJdk"[0m
[1;31m                        ], [0m
[1;31m                        "sda5": [[0m
[1;31m                            "lvm-pv-uuid-X7FfdR-qmyj-nmi0-M7YU-Gk1J-0aZ9-Q5q5eT"[0m
[1;31m                        ][0m
[1;31m                    }, [0m
[1;31m                    "labels": {}, [0m
[1;31m                    "masters": {[0m
[1;31m                        "sda5": [[0m
[1;31m                            "dm-0", [0m
[1;31m                            "dm-1"[0m
[1;31m                        ][0m
[1;31m                    }, [0m
[1;31m                    "uuids": {[0m
[1;31m                        "dm-0": [[0m
[1;31m                            "a057b43e-bbfd-4da0-a21d-40fe0b6e5b30"[0m
[1;31m                        ], [0m
[1;31m                        "dm-1": [[0m
[1;31m                            "492ec039-485a-409a-b51d-a288fe1ee7b9"[0m
[1;31m                        ], [0m
[1;31m                        "sda1": [[0m
[1;31m                            "2797c37e-7660-419d-b152-6aeec7beb7bd"[0m
[1;31m                        ][0m
[1;31m                    }[0m
[1;31m                }, [0m
[1;31m                "ansible_devices": {[0m
[1;31m                    "dm-0": {[0m
[1;31m                        "holders": [], [0m
[1;31m                        "host": "", [0m
[1;31m                        "links": {[0m
[1;31m                            "ids": [[0m
[1;31m                                "dm-name-debian87--20170203--surf--vg-swap", [0m
[1;31m                                "dm-uuid-LVM-2N3noKztpw8Epf4XcxvNlho3IR40EMu9cjRvZmwxANLf62DBJKrTyp02jpAPH5Ys"[0m
[1;31m                            ], [0m
[1;31m                            "labels": [], [0m
[1;31m                            "masters": [], [0m
[1;31m                            "uuids": [[0m
[1;31m                                "a057b43e-bbfd-4da0-a21d-40fe0b6e5b30"[0m
[1;31m                            ][0m
[1;31m                        }, [0m
[1;31m                        "model": null, [0m
[1;31m                        "partitions": {}, [0m
[1;31m                        "removable": "0", [0m
[1;31m                        "rotational": "1", [0m
[1;31m                        "sas_address": null, [0m
[1;31m                        "sas_device_handle": null, [0m
[1;31m                        "scheduler_mode": "", [0m
[1;31m                        "sectors": "3997696", [0m
[1;31m                        "sectorsize": "512", [0m
[1;31m                        "size": "1.91 GB", [0m
[1;31m                        "support_discard": "0", [0m
[1;31m                        "vendor": null, [0m
[1;31m                        "virtual": 1[0m
[1;31m                    }, [0m
[1;31m                    "dm-1": {[0m
[1;31m                        "holders": [], [0m
[1;31m                        "host": "", [0m
[1;31m                        "links": {[0m
[1;31m                            "ids": [[0m
[1;31m                                "dm-name-debian87--20170203--surf--vg-root", [0m
[1;31m                                "dm-uuid-LVM-2N3noKztpw8Epf4XcxvNlho3IR40EMu9Rh6eeq60m44ckhZDoOBTncUwkHezDJdk"[0m
[1;31m                            ], [0m
[1;31m                            "labels": [], [0m
[1;31m                            "masters": [], [0m
[1;31m                            "uuids": [[0m
[1;31m                                "492ec039-485a-409a-b51d-a288fe1ee7b9"[0m
[1;31m                            ][0m
[1;31m                        }, [0m
[1;31m                        "model": null, [0m
[1;31m                        "partitions": {}, [0m
[1;31m                        "removable": "0", [0m
[1;31m                        "rotational": "1", [0m
[1;31m                        "sas_address": null, [0m
[1;31m                        "sas_device_handle": null, [0m
[1;31m                        "scheduler_mode": "", [0m
[1;31m                        "sectors": "37437440", [0m
[1;31m                        "sectorsize": "512", [0m
[1;31m                        "size": "17.85 GB", [0m
[1;31m                        "support_discard": "0", [0m
[1;31m                        "vendor": null, [0m
[1;31m                        "virtual": 1[0m
[1;31m                    }, [0m
[1;31m                    "sda": {[0m
[1;31m                        "holders": [], [0m
[1;31m                        "host": "SCSI storage controller: LSI Logic / Symbios Logic 53c1030 PCI-X Fusion-MPT Dual Ultra320 SCSI (rev 01)", [0m
[1;31m                        "links": {[0m
[1;31m                            "ids": [], [0m
[1;31m                            "labels": [], [0m
[1;31m                            "masters": [], [0m
[1;31m                            "uuids": [][0m
[1;31m                        }, [0m
[1;31m                        "model": "Virtual disk", [0m
[1;31m                        "partitions": {[0m
[1;31m                            "sda1": {[0m
[1;31m                                "holders": [], [0m
[1;31m                                "links": {[0m
[1;31m                                    "ids": [], [0m
[1;31m                                    "labels": [], [0m
[1;31m                                    "masters": [], [0m
[1;31m                                    "uuids": [[0m
[1;31m                                        "2797c37e-7660-419d-b152-6aeec7beb7bd"[0m
[1;31m                                    ][0m
[1;31m                                }, [0m
[1;31m                                "sectors": "497664", [0m
[1;31m                                "sectorsize": 512, [0m
[1;31m                                "size": "243.00 MB", [0m
[1;31m                                "start": "2048", [0m
[1;31m                                "uuid": "2797c37e-7660-419d-b152-6aeec7beb7bd"[0m
[1;31m                            }, [0m
[1;31m                            "sda2": {[0m
[1;31m                                "holders": [], [0m
[1;31m                                "links": {[0m
[1;31m                                    "ids": [], [0m
[1;31m                                    "labels": [], [0m
[1;31m                                    "masters": [], [0m
[1;31m                                    "uuids": [][0m
[1;31m                                }, [0m
[1;31m                                "sectors": "2", [0m
[1;31m                                "sectorsize": 512, [0m
[1;31m                                "size": "1.00 KB", [0m
[1;31m                                "start": "501758", [0m
[1;31m                                "uuid": null[0m
[1;31m                            }, [0m
[1;31m                            "sda5": {[0m
[1;31m                                "holders": [[0m
[1;31m                                    "debian87--20170203--surf--vg-root", [0m
[1;31m                                    "debian87--20170203--surf--vg-swap"[0m
[1;31m                                ], [0m
[1;31m                                "links": {[0m
[1;31m                                    "ids": [[0m
[1;31m                                        "lvm-pv-uuid-X7FfdR-qmyj-nmi0-M7YU-Gk1J-0aZ9-Q5q5eT"[0m
[1;31m                                    ], [0m
[1;31m                                    "labels": [], [0m
[1;31m                                    "masters": [[0m
[1;31m                                        "dm-0", [0m
[1;31m                                        "dm-1"[0m
[1;31m                                    ], [0m
[1;31m                                    "uuids": [][0m
[1;31m                                }, [0m
[1;31m                                "sectors": "41439232", [0m
[1;31m                                "sectorsize": 512, [0m
[1;31m                                "size": "19.76 GB", [0m
[1;31m                                "start": "501760", [0m
[1;31m                                "uuid": null[0m
[1;31m                            }[0m
[1;31m                        }, [0m
[1;31m                        "removable": "0", [0m
[1;31m                        "rotational": "1", [0m
[1;31m                        "sas_address": null, [0m
[1;31m                        "sas_device_handle": null, [0m
[1;31m                        "scheduler_mode": "cfq", [0m
[1;31m                        "sectors": "41943040", [0m
[1;31m                        "sectorsize": "512", [0m
[1;31m                        "size": "20.00 GB", [0m
[1;31m                        "support_discard": "0", [0m
[1;31m                        "vendor": "VMware", [0m
[1;31m                        "virtual": 1[0m
[1;31m                    }[0m
[1;31m                }, [0m
[1;31m                "ansible_distribution": "Debian", [0m
[1;31m                "ansible_distribution_file_parsed": true, [0m
[1;31m                "ansible_distribution_file_path": "/etc/os-release", [0m
[1;31m                "ansible_distribution_file_variety": "Debian", [0m
[1;31m                "ansible_distribution_major_version": "9", [0m
[1;31m                "ansible_distribution_release": "stretch", [0m
[1;31m                "ansible_distribution_version": "9.7", [0m
[1;31m                "ansible_dns": {[0m
[1;31m                    "nameservers": [[0m
[1;31m                        "195.169.124.124", [0m
[1;31m                        "192.87.36.36", [0m
[1;31m                        "192.87.106.106"[0m
[1;31m                    ], [0m
[1;31m                    "search": [[0m
[1;31m                        "ams.scz.lab.surf.nl"[0m
[1;31m                    ][0m
[1;31m                }, [0m
[1;31m                "ansible_domain": "ams.scz.lab.surf.nl", [0m
[1;31m                "ansible_effective_group_id": 0, [0m
[1;31m                "ansible_effective_user_id": 0, [0m
[1;31m                "ansible_env": {[0m
[1;31m                    "HOME": "/root", [0m
[1;31m                    "LANG": "en_US.UTF-8", [0m
[1;31m                    "LC_ADDRESS": "nl_NL.UTF-8", [0m
[1;31m                    "LC_ALL": "en_US.UTF-8", [0m
[1;31m                    "LC_IDENTIFICATION": "nl_NL.UTF-8", [0m
[1;31m                    "LC_MEASUREMENT": "nl_NL.UTF-8", [0m
[1;31m                    "LC_MONETARY": "nl_NL.UTF-8", [0m
[1;31m                    "LC_NAME": "nl_NL.UTF-8", [0m
[1;31m                    "LC_NUMERIC": "nl_NL.UTF-8", [0m
[1;31m                    "LC_PAPER": "nl_NL.UTF-8", [0m
[1;31m                    "LC_TELEPHONE": "nl_NL.UTF-8", [0m
[1;31m                    "LC_TIME": "nl_NL.UTF-8", [0m
[1;31m                    "LC_TYPE": "en_US.UTF-8", [0m
[1;31m                    "LOGNAME": "root", [0m
[1;31m                    "MAIL": "/var/mail/root", [0m
[1;31m                    "PATH": "/usr/local/sbin:/usr/local/bin:/usr/sbin:/usr/bin:/sbin:/bin:/snap/bin", [0m
[1;31m                    "PWD": "/home/martin", [0m
[1;31m                    "SHELL": "/bin/bash", [0m
[1;31m                    "SUDO_COMMAND": "/bin/sh -c echo BECOME-SUCCESS-psywqoozjbpjdokxwevzmgpkjvdlyorq; /usr/bin/python", [0m
[1;31m                    "SUDO_GID": "10002", [0m
[1;31m                    "SUDO_UID": "10000", [0m
[1;31m                    "SUDO_USER": "martin", [0m
[1;31m                    "TERM": "unknown", [0m
[1;31m                    "USER": "root", [0m
[1;31m                    "USERNAME": "root"[0m
[1;31m                }, [0m
[1;31m                "ansible_eth0": {[0m
[1;31m                    "active": true, [0m
[1;31m                    "device": "eth0", [0m
[1;31m                    "features": {[0m
[1;31m                        "busy_poll": "off [fixed]", [0m
[1;31m                        "fcoe_mtu": "off [fixed]", [0m
[1;31m                        "generic_receive_offload": "on", [0m
[1;31m                        "generic_segmentation_offload": "on", [0m
[1;31m                        "highdma": "on", [0m
[1;31m                        "hw_tc_offload": "off [fixed]", [0m
[1;31m                        "l2_fwd_offload": "off [fixed]", [0m
[1;31m                        "large_receive_offload": "on", [0m
[1;31m                        "loopback": "off [fixed]", [0m
[1;31m                        "netns_local": "off [fixed]", [0m
[1;31m                        "ntuple_filters": "off [fixed]", [0m
[1;31m                        "receive_hashing": "off [fixed]", [0m
[1;31m                        "rx_all": "off [fixed]", [0m
[1;31m                        "rx_checksumming": "on", [0m
[1;31m                        "rx_fcs": "off [fixed]", [0m
[1;31m                        "rx_vlan_filter": "on [fixed]", [0m
[1;31m                        "rx_vlan_offload": "on", [0m
[1;31m                        "rx_vlan_stag_filter": "off [fixed]", [0m
[1;31m                        "rx_vlan_stag_hw_parse": "off [fixed]", [0m
[1;31m                        "scatter_gather": "on", [0m
[1;31m                        "tcp_segmentation_offload": "on", [0m
[1;31m                        "tx_checksum_fcoe_crc": "off [fixed]", [0m
[1;31m                        "tx_checksum_ip_generic": "on", [0m
[1;31m                        "tx_checksum_ipv4": "off [fixed]", [0m
[1;31m                        "tx_checksum_ipv6": "off [fixed]", [0m
[1;31m                        "tx_checksum_sctp": "off [fixed]", [0m
[1;31m                        "tx_checksumming": "on", [0m
[1;31m                        "tx_fcoe_segmentation": "off [fixed]", [0m
[1;31m                        "tx_gre_csum_segmentation": "off [fixed]", [0m
[1;31m                        "tx_gre_segmentation": "off [fixed]", [0m
[1;31m                        "tx_gso_partial": "off [fixed]", [0m
[1;31m                        "tx_gso_robust": "off [fixed]", [0m
[1;31m                        "tx_ipxip4_segmentation": "off [fixed]", [0m
[1;31m                        "tx_ipxip6_segmentation": "off [fixed]", [0m
[1;31m                        "tx_lockless": "off [fixed]", [0m
[1;31m                        "tx_nocache_copy": "off", [0m
[1;31m                        "tx_scatter_gather": "on", [0m
[1;31m                        "tx_scatter_gather_fraglist": "off [fixed]", [0m
[1;31m                        "tx_sctp_segmentation": "off [fixed]", [0m
[1;31m                        "tx_tcp6_segmentation": "on", [0m
[1;31m                        "tx_tcp_ecn_segmentation": "off [fixed]", [0m
[1;31m                        "tx_tcp_mangleid_segmentation": "off", [0m
[1;31m                        "tx_tcp_segmentation": "on", [0m
[1;31m                        "tx_udp_tnl_csum_segmentation": "off [fixed]", [0m
[1;31m                        "tx_udp_tnl_segmentation": "off [fixed]", [0m
[1;31m                        "tx_vlan_offload": "on", [0m
[1;31m                        "tx_vlan_stag_hw_insert": "off [fixed]", [0m
[1;31m                        "udp_fragmentation_offload": "off [fixed]", [0m
[1;31m                        "vlan_challenged": "off [fixed]"[0m
[1;31m                    }, [0m
[1;31m                    "hw_timestamp_filters": [], [0m
[1;31m                    "ipv4": {[0m
[1;31m                        "address": "145.101.114.14", [0m
[1;31m                        "broadcast": "145.101.114.31", [0m
[1;31m                        "netmask": "255.255.255.224", [0m
[1;31m                        "network": "145.101.114.0"[0m
[1;31m                    }, [0m
[1;31m                    "macaddress": "00:50:56:95:77:74", [0m
[1;31m                    "module": "vmxnet3", [0m
[1;31m                    "mtu": 1500, [0m
[1;31m                    "pciid": "0000:03:00.0", [0m
[1;31m                    "promisc": false, [0m
[1;31m                    "speed": 10000, [0m
[1;31m                    "timestamping": [[0m
[1;31m                        "rx_software", [0m
[1;31m                        "software"[0m
[1;31m                    ], [0m
[1;31m                    "type": "ether"[0m
[1;31m                }, [0m
[1;31m                "ansible_fips": false, [0m
[1;31m                "ansible_form_factor": "Other", [0m
[1;31m                "ansible_fqdn": "client2.ams.scz.lab.surf.nl", [0m
[1;31m                "ansible_hostname": "client2", [0m
[1;31m                "ansible_interfaces": [[0m
[1;31m                    "lo", [0m
[1;31m                    "eth0"[0m
[1;31m                ], [0m
[1;31m                "ansible_is_chroot": false, [0m
[1;31m                "ansible_iscsi_iqn": "iqn.1993-08.org.debian:01:de7d50eae1a0", [0m
[1;31m                "ansible_kernel": "4.9.0-8-amd64", [0m
[1;31m                "ansible_lo": {[0m
[1;31m                    "active": true, [0m
[1;31m                    "device": "lo", [0m
[1;31m                    "features": {[0m
[1;31m                        "busy_poll": "off [fixed]", [0m
[1;31m                        "fcoe_mtu": "off [fixed]", [0m
[1;31m                        "generic_receive_offload": "on", [0m
[1;31m                        "generic_segmentation_offload": "on", [0m
[1;31m                        "highdma": "on [fixed]", [0m
[1;31m                        "hw_tc_offload": "off [fixed]", [0m
[1;31m                        "l2_fwd_offload": "off [fixed]", [0m
[1;31m                        "large_receive_offload": "off [fixed]", [0m
[1;31m                        "loopback": "on [fixed]", [0m
[1;31m                        "netns_local": "on [fixed]", [0m
[1;31m                        "ntuple_filters": "off [fixed]", [0m
[1;31m                        "receive_hashing": "off [fixed]", [0m
[1;31m                        "rx_all": "off [fixed]", [0m
[1;31m                        "rx_checksumming": "on [fixed]", [0m
[1;31m                        "rx_fcs": "off [fixed]", [0m
[1;31m                        "rx_vlan_filter": "off [fixed]", [0m
[1;31m                        "rx_vlan_offload": "off [fixed]", [0m
[1;31m                        "rx_vlan_stag_filter": "off [fixed]", [0m
[1;31m                        "rx_vlan_stag_hw_parse": "off [fixed]", [0m
[1;31m                        "scatter_gather": "on", [0m
[1;31m                        "tcp_segmentation_offload": "on", [0m
[1;31m                        "tx_checksum_fcoe_crc": "off [fixed]", [0m
[1;31m                        "tx_checksum_ip_generic": "on [fixed]", [0m
[1;31m                        "tx_checksum_ipv4": "off [fixed]", [0m
[1;31m                        "tx_checksum_ipv6": "off [fixed]", [0m
[1;31m                        "tx_checksum_sctp": "on [fixed]", [0m
[1;31m                        "tx_checksumming": "on", [0m
[1;31m                        "tx_fcoe_segmentation": "off [fixed]", [0m
[1;31m                        "tx_gre_csum_segmentation": "off [fixed]", [0m
[1;31m                        "tx_gre_segmentation": "off [fixed]", [0m
[1;31m                        "tx_gso_partial": "off [fixed]", [0m
[1;31m                        "tx_gso_robust": "off [fixed]", [0m
[1;31m                        "tx_ipxip4_segmentation": "off [fixed]", [0m
[1;31m                        "tx_ipxip6_segmentation": "off [fixed]", [0m
[1;31m                        "tx_lockless": "on [fixed]", [0m
[1;31m                        "tx_nocache_copy": "off [fixed]", [0m
[1;31m                        "tx_scatter_gather": "on [fixed]", [0m
[1;31m                        "tx_scatter_gather_fraglist": "on [fixed]", [0m
[1;31m                        "tx_sctp_segmentation": "on", [0m
[1;31m                        "tx_tcp6_segmentation": "on", [0m
[1;31m                        "tx_tcp_ecn_segmentation": "on", [0m
[1;31m                        "tx_tcp_mangleid_segmentation": "on", [0m
[1;31m                        "tx_tcp_segmentation": "on", [0m
[1;31m                        "tx_udp_tnl_csum_segmentation": "off [fixed]", [0m
[1;31m                        "tx_udp_tnl_segmentation": "off [fixed]", [0m
[1;31m                        "tx_vlan_offload": "off [fixed]", [0m
[1;31m                        "tx_vlan_stag_hw_insert": "off [fixed]", [0m
[1;31m                        "udp_fragmentation_offload": "on", [0m
[1;31m                        "vlan_challenged": "on [fixed]"[0m
[1;31m                    }, [0m
[1;31m                    "hw_timestamp_filters": [], [0m
[1;31m                    "ipv4": {[0m
[1;31m                        "address": "127.0.0.1", [0m
[1;31m                        "broadcast": "host", [0m
[1;31m                        "netmask": "255.0.0.0", [0m
[1;31m                        "network": "127.0.0.0"[0m
[1;31m                    }, [0m
[1;31m                    "mtu": 65536, [0m
[1;31m                    "promisc": false, [0m
[1;31m                    "timestamping": [[0m
[1;31m                        "rx_software", [0m
[1;31m                        "software"[0m
[1;31m                    ], [0m
[1;31m                    "type": "loopback"[0m
[1;31m                }, [0m
[1;31m                "ansible_local": {}, [0m
[1;31m                "ansible_lsb": {[0m
[1;31m                    "codename": "stretch", [0m
[1;31m                    "description": "Debian GNU/Linux 9.7 (stretch)", [0m
[1;31m                    "id": "Debian", [0m
[1;31m                    "major_release": "9", [0m
[1;31m                    "release": "9.7"[0m
[1;31m                }, [0m
[1;31m                "ansible_lvm": {[0m
[1;31m                    "lvs": {[0m
[1;31m                        "root": {[0m
[1;31m                            "size_g": "17.85", [0m
[1;31m                            "vg": "debian87-20170203-surf-vg"[0m
[1;31m                        }, [0m
[1;31m                        "swap": {[0m
[1;31m                            "size_g": "1.91", [0m
[1;31m                            "vg": "debian87-20170203-surf-vg"[0m
[1;31m                        }[0m
[1;31m                    }, [0m
[1;31m                    "pvs": {[0m
[1;31m                        "/dev/sda5": {[0m
[1;31m                            "free_g": "0", [0m
[1;31m                            "size_g": "19.76", [0m
[1;31m                            "vg": "debian87-20170203-surf-vg"[0m
[1;31m                        }[0m
[1;31m                    }, [0m
[1;31m                    "vgs": {[0m
[1;31m                        "debian87-20170203-surf-vg": {[0m
[1;31m                            "free_g": "0", [0m
[1;31m                            "num_lvs": "2", [0m
[1;31m                            "num_pvs": "1", [0m
[1;31m                            "size_g": "19.76"[0m
[1;31m                        }[0m
[1;31m                    }[0m
[1;31m                }, [0m
[1;31m                "ansible_machine": "x86_64", [0m
[1;31m                "ansible_machine_id": "3d975702f688466795f94ae6b7d55648", [0m
[1;31m                "ansible_memfree_mb": 11, [0m
[1;31m                "ansible_memory_mb": {[0m
[1;31m                    "nocache": {[0m
[1;31m                        "free": 280, [0m
[1;31m                        "used": 194[0m
[1;31m                    }, [0m
[1;31m                    "real": {[0m
[1;31m                        "free": 11, [0m
[1;31m                        "total": 474, [0m
[1;31m                        "used": 463[0m
[1;31m                    }, [0m
[1;31m                    "swap": {[0m
[1;31m                        "cached": 2, [0m
[1;31m                        "free": 1939, [0m
[1;31m                        "total": 1951, [0m
[1;31m                        "used": 12[0m
[1;31m                    }[0m
[1;31m                }, [0m
[1;31m                "ansible_memtotal_mb": 474, [0m
[1;31m                "ansible_mounts": [[0m
[1;31m                    {[0m
[1;31m                        "block_available": 3605896, [0m
[1;31m                        "block_size": 4096, [0m
[1;31m                        "block_total": 4573377, [0m
[1;31m                        "block_used": 967481, [0m
[1;31m                        "device": "/dev/mapper/debian87--20170203--surf--vg-root", [0m
[1;31m                        "fstype": "ext4", [0m
[1;31m                        "inode_available": 1064110, [0m
[1;31m                        "inode_total": 1171456, [0m
[1;31m                        "inode_used": 107346, [0m
[1;31m                        "mount": "/", [0m
[1;31m                        "options": "rw,relatime,errors=remount-ro,data=ordered", [0m
[1;31m                        "size_available": 14769750016, [0m
[1;31m                        "size_total": 18732552192, [0m
[1;31m                        "uuid": "492ec039-485a-409a-b51d-a288fe1ee7b9"[0m
[1;31m                    }, [0m
[1;31m                    {[0m
[1;31m                        "block_available": 164782, [0m
[1;31m                        "block_size": 1024, [0m
[1;31m                        "block_total": 240972, [0m
[1;31m                        "block_used": 76190, [0m
[1;31m                        "device": "/dev/sda1", [0m
[1;31m                        "fstype": "ext2", [0m
[1;31m                        "inode_available": 61907, [0m
[1;31m                        "inode_total": 62248, [0m
[1;31m                        "inode_used": 341, [0m
[1;31m                        "mount": "/boot", [0m
[1;31m                        "options": "rw,relatime,block_validity,barrier,user_xattr,acl", [0m
[1;31m                        "size_available": 168736768, [0m
[1;31m                        "size_total": 246755328, [0m
[1;31m                        "uuid": "2797c37e-7660-419d-b152-6aeec7beb7bd"[0m
[1;31m                    }[0m
[1;31m                ], [0m
[1;31m                "ansible_nodename": "client2", [0m
[1;31m                "ansible_os_family": "Debian", [0m
[1;31m                "ansible_pkg_mgr": "apt", [0m
[1;31m                "ansible_processor": [[0m
[1;31m                    "0", [0m
[1;31m                    "GenuineIntel", [0m
[1;31m                    "Intel(R) Xeon(R) CPU E5-2680 v3 @ 2.50GHz"[0m
[1;31m                ], [0m
[1;31m                "ansible_processor_cores": 1, [0m
[1;31m                "ansible_processor_count": 1, [0m
[1;31m                "ansible_processor_threads_per_core": 1, [0m
[1;31m                "ansible_processor_vcpus": 1, [0m
[1;31m                "ansible_product_name": "VMware Virtual Platform", [0m
[1;31m                "ansible_product_serial": "VMware-42 15 e5 9a 99 fd 3d dc-15 50 75 c1 68 2d bc 30", [0m
[1;31m                "ansible_product_uuid": "4215E59A-99FD-3DDC-1550-75C1682DBC30", [0m
[1;31m                "ansible_product_version": "None", [0m
[1;31m                "ansible_python": {[0m
[1;31m                    "executable": "/usr/bin/python", [0m
[1;31m                    "has_sslcontext": true, [0m
[1;31m                    "type": "CPython", [0m
[1;31m                    "version": {[0m
[1;31m                        "major": 2, [0m
[1;31m                        "micro": 13, [0m
[1;31m                        "minor": 7, [0m
[1;31m                        "releaselevel": "final", [0m
[1;31m                        "serial": 0[0m
[1;31m                    }, [0m
[1;31m                    "version_info": [[0m
[1;31m                        2, [0m
[1;31m                        7, [0m
[1;31m                        13, [0m
[1;31m                        "final", [0m
[1;31m                        0[0m
[1;31m                    ][0m
[1;31m                }, [0m
[1;31m                "ansible_python_version": "2.7.13", [0m
[1;31m                "ansible_real_group_id": 0, [0m
[1;31m                "ansible_real_user_id": 0, [0m
[1;31m                "ansible_selinux": {[0m
[1;31m                    "status": "Missing selinux Python library"[0m
[1;31m                }, [0m
[1;31m                "ansible_selinux_python_present": false, [0m
[1;31m                "ansible_service_mgr": "systemd", [0m
[1;31m                "ansible_ssh_host_key_dsa_public": "AAAAB3NzaC1kc3MAAACBANE/XRpJA5Z/LYmA7Hd5qIZIdYyNbBJOsL417WnuPx5JcWZo456vpMoZZyf3bkGuvmhjq3zoKSpKMGbXSBtAM/hvKMHG5hai11qYabH6ZSXUqv1EnELQGQqydgAnJQGwwIo3VAfR7k657k4JRIdqlrfrkAUDfqWa3NlWO/RCOOsRAAAAFQDzRaFMJ+eE+ZzijJ6KvcLt6S8wIwAAAIEAsC1tUGZfAz8vC8LZO9vDOefWxEpXYf+wgUW7k8Wor7I8xsDUDNOJqsaZ4vkLQyRedn8x0kpFZcfNrEH8gEZXb9im5wshGpfTGyQ4EsoxzLTkRy8PLVYulx9jjZOcY0KhC6BqBEhvkz9qQ4Mh0f3na38yi9+CU9Z5hAr4vS3iI8MAAACBAJ5s+VdTfNLiCv3SOWs43G0xSseRQs2b4frB4nNP5xvrNXhc433cvyJYPLpdXpDvVuUY44jXG/LNRehswatLRFPtoVjtea0+bFHuzdHM/z5Ioe9LWLGEhP/9Va9NLzVtxMwgBzQWA3vq7gUExFBvjv+L0SIMts6ddj89CQ/dvPPB", [0m
[1;31m                "ansible_ssh_host_key_ecdsa_public": "AAAAE2VjZHNhLXNoYTItbmlzdHAyNTYAAAAIbmlzdHAyNTYAAABBBMbUhsa0N/VOY26Y45GIExQkFUoJy+ZLM6w2EenMgdeyiWi1qbcDdpT+jJ1PD8z6CP36dwStKgi7aSsQMnxUwcU=", [0m
[1;31m                "ansible_ssh_host_key_ed25519_public": "AAAAC3NzaC1lZDI1NTE5AAAAIHhH92E+XEuWorCGR568VPrwy0l3zHPy7Q+3eDHDTQoL", [0m
[1;31m                "ansible_ssh_host_key_rsa_public": "AAAAB3NzaC1yc2EAAAADAQABAAABAQDl4ewovihlQqZFmCJ3P2GQvCr5NdyBfB5WhFb6w+TQCtP2x0Ia++YnCOHSq4c2zP1Bywq7aT9GTOEIoQ67NWMnu7hLOURvV2UBbCIo6DdZ3CDPjIr2Vu25XOOO31ERQS/wFjDDwWfeYrWMUfhMk0f+2Zso3TqhNX4t0isrUh8PhiAiNamZbMDBUhbJVq6gNkW/VAGxTNr9Na2sjNUJU797MHdrDHYh/XGih1vNqjm3w/saTB9h/ubwmKzXd0u1Eqf5KfWnAQunD5ZH8os6wpNXtgNWQL/XuQguWgpOzW0jncWAQXda0CamNf6JovEI5K911LdD2xVUGAy/A7+cLh2N", [0m
[1;31m                "ansible_swapfree_mb": 1939, [0m
[1;31m                "ansible_swaptotal_mb": 1951, [0m
[1;31m                "ansible_system": "Linux", [0m
[1;31m                "ansible_system_capabilities": [[0m
[1;31m                    "cap_chown", [0m
[1;31m                    "cap_dac_override", [0m
[1;31m                    "cap_dac_read_search", [0m
[1;31m                    "cap_fowner", [0m
[1;31m                    "cap_fsetid", [0m
[1;31m                    "cap_kill", [0m
[1;31m                    "cap_setgid", [0m
[1;31m                    "cap_setuid", [0m
[1;31m                    "cap_setpcap", [0m
[1;31m                    "cap_linux_immutable", [0m
[1;31m                    "cap_net_bind_service", [0m
[1;31m                    "cap_net_broadcast", [0m
[1;31m                    "cap_net_admin", [0m
[1;31m                    "cap_net_raw", [0m
[1;31m                    "cap_ipc_lock", [0m
[1;31m                    "cap_ipc_owner", [0m
[1;31m                    "cap_sys_module", [0m
[1;31m                    "cap_sys_rawio", [0m
[1;31m                    "cap_sys_chroot", [0m
[1;31m                    "cap_sys_ptrace", [0m
[1;31m                    "cap_sys_pacct", [0m
[1;31m                    "cap_sys_admin", [0m
[1;31m                    "cap_sys_boot", [0m
[1;31m                    "cap_sys_nice", [0m
[1;31m                    "cap_sys_resource", [0m
[1;31m                    "cap_sys_time", [0m
[1;31m                    "cap_sys_tty_config", [0m
[1;31m                    "cap_mknod", [0m
[1;31m                    "cap_lease", [0m
[1;31m                    "cap_audit_write", [0m
[1;31m                    "cap_audit_control", [0m
[1;31m                    "cap_setfcap", [0m
[1;31m                    "cap_mac_override", [0m
[1;31m                    "cap_mac_admin", [0m
[1;31m                    "cap_syslog", [0m
[1;31m                    "cap_wake_alarm", [0m
[1;31m                    "cap_block_suspend", [0m
[1;31m                    "cap_audit_read+ep"[0m
[1;31m                ], [0m
[1;31m                "ansible_system_capabilities_enforced": "True", [0m
[1;31m                "ansible_system_vendor": "VMware, Inc.", [0m
[1;31m                "ansible_uptime_seconds": 5056449, [0m
[1;31m                "ansible_user_dir": "/root", [0m
[1;31m                "ansible_user_gecos": "root", [0m
[1;31m                "ansible_user_gid": 0, [0m
[1;31m                "ansible_user_id": "root", [0m
[1;31m                "ansible_user_shell": "/bin/bash", [0m
[1;31m                "ansible_user_uid": 0, [0m
[1;31m                "ansible_userspace_architecture": "x86_64", [0m
[1;31m                "ansible_userspace_bits": "64", [0m
[1;31m                "ansible_virtualization_role": "guest", [0m
[1;31m                "ansible_virtualization_type": "VMware", [0m
[1;31m                "gather_subset": [[0m
[1;31m                    "all"[0m
[1;31m                ], [0m
[1;31m                "module_setup": true[0m
[1;31m            }, [0m
[1;31m            "changed": false, [0m
[1;31m            "failed": false, [0m
[1;31m            "invocation": {[0m
[1;31m                "module_args": {[0m
[1;31m                    "fact_path": "/etc/ansible/facts.d", [0m
[1;31m                    "filter": "*", [0m
[1;31m                    "gather_subset": [[0m
[1;31m                        "all"[0m
[1;31m                    ], [0m
[1;31m                    "gather_timeout": 10[0m
[1;31m                }[0m
[1;31m            }, [0m
[1;31m            "item": "client2.ams.scz.lab.surf.nl"[0m
[1;31m        }, [0m
[1;31m        {[0m
[1;31m            "_ansible_delegated_vars": {[0m
[1;31m                "ansible_delegated_host": "client1.ams.scz.lab.surf.nl", [0m
[1;31m                "ansible_host": "client1.ams.scz.lab.surf.nl"[0m
[1;31m            }, [0m
[1;31m            "_ansible_ignore_errors": null, [0m
[1;31m            "_ansible_item_label": "client1.ams.scz.lab.surf.nl", [0m
[1;31m            "_ansible_item_result": true, [0m
[1;31m            "_ansible_no_log": false, [0m
[1;31m            "_ansible_parsed": true, [0m
[1;31m            "_ansible_verbose_override": true, [0m
[1;31m            "ansible_facts": {[0m
[1;31m                "ansible_all_ipv4_addresses": [[0m
[1;31m                    "145.101.114.7"[0m
[1;31m                ], [0m
[1;31m                "ansible_all_ipv6_addresses": [], [0m
[1;31m                "ansible_apparmor": {[0m
[1;31m                    "status": "disabled"[0m
[1;31m                }, [0m
[1;31m                "ansible_architecture": "x86_64", [0m
[1;31m                "ansible_bios_date": "09/21/2015", [0m
[1;31m                "ansible_bios_version": "6.00", [0m
[1;31m                "ansible_cmdline": {[0m
[1;31m                    "BOOT_IMAGE": "/vmlinuz-4.9.0-8-amd64", [0m
[1;31m                    "quiet": true, [0m
[1;31m                    "ro": true, [0m
[1;31m                    "root": "/dev/mapper/debian87--20170203--surf--vg-root"[0m
[1;31m                }, [0m
[1;31m                "ansible_date_time": {[0m
[1;31m                    "date": "2019-02-15", [0m
[1;31m                    "day": "15", [0m
[1;31m                    "epoch": "1550221424", [0m
[1;31m                    "hour": "09", [0m
[1;31m                    "iso8601": "2019-02-15T09:03:44Z", [0m
[1;31m                    "iso8601_basic": "20190215T090344498426", [0m
[1;31m                    "iso8601_basic_short": "20190215T090344", [0m
[1;31m                    "iso8601_micro": "2019-02-15T09:03:44.498512Z", [0m
[1;31m                    "minute": "03", [0m
[1;31m                    "month": "02", [0m
[1;31m                    "second": "44", [0m
[1;31m                    "time": "09:03:44", [0m
[1;31m                    "tz": "UTC", [0m
[1;31m                    "tz_offset": "+0000", [0m
[1;31m                    "weekday": "Friday", [0m
[1;31m                    "weekday_number": "5", [0m
[1;31m                    "weeknumber": "06", [0m
[1;31m                    "year": "2019"[0m
[1;31m                }, [0m
[1;31m                "ansible_default_ipv4": {[0m
[1;31m                    "address": "145.101.114.7", [0m
[1;31m                    "alias": "eth0", [0m
[1;31m                    "broadcast": "145.101.114.31", [0m
[1;31m                    "gateway": "145.101.114.1", [0m
[1;31m                    "interface": "eth0", [0m
[1;31m                    "macaddress": "00:50:56:95:6c:bd", [0m
[1;31m                    "mtu": 1500, [0m
[1;31m                    "netmask": "255.255.255.224", [0m
[1;31m                    "network": "145.101.114.0", [0m
[1;31m                    "type": "ether"[0m
[1;31m                }, [0m
[1;31m                "ansible_default_ipv6": {}, [0m
[1;31m                "ansible_device_links": {[0m
[1;31m                    "ids": {[0m
[1;31m                        "dm-0": [[0m
[1;31m                            "dm-name-debian87--20170203--surf--vg-swap", [0m
[1;31m                            "dm-uuid-LVM-2N3noKztpw8Epf4XcxvNlho3IR40EMu9cjRvZmwxANLf62DBJKrTyp02jpAPH5Ys"[0m
[1;31m                        ], [0m
[1;31m                        "dm-1": [[0m
[1;31m                            "dm-name-debian87--20170203--surf--vg-root", [0m
[1;31m                            "dm-uuid-LVM-2N3noKztpw8Epf4XcxvNlho3IR40EMu9Rh6eeq60m44ckhZDoOBTncUwkHezDJdk"[0m
[1;31m                        ], [0m
[1;31m                        "sda5": [[0m
[1;31m                            "lvm-pv-uuid-X7FfdR-qmyj-nmi0-M7YU-Gk1J-0aZ9-Q5q5eT"[0m
[1;31m                        ][0m
[1;31m                    }, [0m
[1;31m                    "labels": {}, [0m
[1;31m                    "masters": {[0m
[1;31m                        "sda5": [[0m
[1;31m                            "dm-0", [0m
[1;31m                            "dm-1"[0m
[1;31m                        ][0m
[1;31m                    }, [0m
[1;31m                    "uuids": {[0m
[1;31m                        "dm-0": [[0m
[1;31m                            "a057b43e-bbfd-4da0-a21d-40fe0b6e5b30"[0m
[1;31m                        ], [0m
[1;31m                        "dm-1": [[0m
[1;31m                            "492ec039-485a-409a-b51d-a288fe1ee7b9"[0m
[1;31m                        ], [0m
[1;31m                        "sda1": [[0m
[1;31m                            "2797c37e-7660-419d-b152-6aeec7beb7bd"[0m
[1;31m                        ][0m
[1;31m                    }[0m
[1;31m                }, [0m
[1;31m                "ansible_devices": {[0m
[1;31m                    "dm-0": {[0m
[1;31m                        "holders": [], [0m
[1;31m                        "host": "", [0m
[1;31m                        "links": {[0m
[1;31m                            "ids": [[0m
[1;31m                                "dm-name-debian87--20170203--surf--vg-swap", [0m
[1;31m                                "dm-uuid-LVM-2N3noKztpw8Epf4XcxvNlho3IR40EMu9cjRvZmwxANLf62DBJKrTyp02jpAPH5Ys"[0m
[1;31m                            ], [0m
[1;31m                            "labels": [], [0m
[1;31m                            "masters": [], [0m
[1;31m                            "uuids": [[0m
[1;31m                                "a057b43e-bbfd-4da0-a21d-40fe0b6e5b30"[0m
[1;31m                            ][0m
[1;31m                        }, [0m
[1;31m                        "model": null, [0m
[1;31m                        "partitions": {}, [0m
[1;31m                        "removable": "0", [0m
[1;31m                        "rotational": "1", [0m
[1;31m                        "sas_address": null, [0m
[1;31m                        "sas_device_handle": null, [0m
[1;31m                        "scheduler_mode": "", [0m
[1;31m                        "sectors": "3997696", [0m
[1;31m                        "sectorsize": "512", [0m
[1;31m                        "size": "1.91 GB", [0m
[1;31m                        "support_discard": "0", [0m
[1;31m                        "vendor": null, [0m
[1;31m                        "virtual": 1[0m
[1;31m                    }, [0m
[1;31m                    "dm-1": {[0m
[1;31m                        "holders": [], [0m
[1;31m                        "host": "", [0m
[1;31m                        "links": {[0m
[1;31m                            "ids": [[0m
[1;31m                                "dm-name-debian87--20170203--surf--vg-root", [0m
[1;31m                                "dm-uuid-LVM-2N3noKztpw8Epf4XcxvNlho3IR40EMu9Rh6eeq60m44ckhZDoOBTncUwkHezDJdk"[0m
[1;31m                            ], [0m
[1;31m                            "labels": [], [0m
[1;31m                            "masters": [], [0m
[1;31m                            "uuids": [[0m
[1;31m                                "492ec039-485a-409a-b51d-a288fe1ee7b9"[0m
[1;31m                            ][0m
[1;31m                        }, [0m
[1;31m                        "model": null, [0m
[1;31m                        "partitions": {}, [0m
[1;31m                        "removable": "0", [0m
[1;31m                        "rotational": "1", [0m
[1;31m                        "sas_address": null, [0m
[1;31m                        "sas_device_handle": null, [0m
[1;31m                        "scheduler_mode": "", [0m
[1;31m                        "sectors": "37437440", [0m
[1;31m                        "sectorsize": "512", [0m
[1;31m                        "size": "17.85 GB", [0m
[1;31m                        "support_discard": "0", [0m
[1;31m                        "vendor": null, [0m
[1;31m                        "virtual": 1[0m
[1;31m                    }, [0m
[1;31m                    "fd0": {[0m
[1;31m                        "holders": [], [0m
[1;31m                        "host": "", [0m
[1;31m                        "links": {[0m
[1;31m                            "ids": [], [0m
[1;31m                            "labels": [], [0m
[1;31m                            "masters": [], [0m
[1;31m                            "uuids": [][0m
[1;31m                        }, [0m
[1;31m                        "model": null, [0m
[1;31m                        "partitions": {}, [0m
[1;31m                        "removable": "1", [0m
[1;31m                        "rotational": "1", [0m
[1;31m                        "sas_address": null, [0m
[1;31m                        "sas_device_handle": null, [0m
[1;31m                        "scheduler_mode": "cfq", [0m
[1;31m                        "sectors": "8", [0m
[1;31m                        "sectorsize": "512", [0m
[1;31m                        "size": "4.00 KB", [0m
[1;31m                        "support_discard": "0", [0m
[1;31m                        "vendor": null, [0m
[1;31m                        "virtual": 1[0m
[1;31m                    }, [0m
[1;31m                    "sda": {[0m
[1;31m                        "holders": [], [0m
[1;31m                        "host": "SCSI storage controller: LSI Logic / Symbios Logic 53c1030 PCI-X Fusion-MPT Dual Ultra320 SCSI (rev 01)", [0m
[1;31m                        "links": {[0m
[1;31m                            "ids": [], [0m
[1;31m                            "labels": [], [0m
[1;31m                            "masters": [], [0m
[1;31m                            "uuids": [][0m
[1;31m                        }, [0m
[1;31m                        "model": "Virtual disk", [0m
[1;31m                        "partitions": {[0m
[1;31m                            "sda1": {[0m
[1;31m                                "holders": [], [0m
[1;31m                                "links": {[0m
[1;31m                                    "ids": [], [0m
[1;31m                                    "labels": [], [0m
[1;31m                                    "masters": [], [0m
[1;31m                                    "uuids": [[0m
[1;31m                                        "2797c37e-7660-419d-b152-6aeec7beb7bd"[0m
[1;31m                                    ][0m
[1;31m                                }, [0m
[1;31m                                "sectors": "497664", [0m
[1;31m                                "sectorsize": 512, [0m
[1;31m                                "size": "243.00 MB", [0m
[1;31m                                "start": "2048", [0m
[1;31m                                "uuid": "2797c37e-7660-419d-b152-6aeec7beb7bd"[0m
[1;31m                            }, [0m
[1;31m                            "sda2": {[0m
[1;31m                                "holders": [], [0m
[1;31m                                "links": {[0m
[1;31m                                    "ids": [], [0m
[1;31m                                    "labels": [], [0m
[1;31m                                    "masters": [], [0m
[1;31m                                    "uuids": [][0m
[1;31m                                }, [0m
[1;31m                                "sectors": "2", [0m
[1;31m                                "sectorsize": 512, [0m
[1;31m                                "size": "1.00 KB", [0m
[1;31m                                "start": "501758", [0m
[1;31m                                "uuid": null[0m
[1;31m                            }, [0m
[1;31m                            "sda5": {[0m
[1;31m                                "holders": [[0m
[1;31m                                    "debian87--20170203--surf--vg-root", [0m
[1;31m                                    "debian87--20170203--surf--vg-swap"[0m
[1;31m                                ], [0m
[1;31m                                "links": {[0m
[1;31m                                    "ids": [[0m
[1;31m                                        "lvm-pv-uuid-X7FfdR-qmyj-nmi0-M7YU-Gk1J-0aZ9-Q5q5eT"[0m
[1;31m                                    ], [0m
[1;31m                                    "labels": [], [0m
[1;31m                                    "masters": [[0m
[1;31m                                        "dm-0", [0m
[1;31m                                        "dm-1"[0m
[1;31m                                    ], [0m
[1;31m                                    "uuids": [][0m
[1;31m                                }, [0m
[1;31m                                "sectors": "41439232", [0m
[1;31m                                "sectorsize": 512, [0m
[1;31m                                "size": "19.76 GB", [0m
[1;31m                                "start": "501760", [0m
[1;31m                                "uuid": null[0m
[1;31m                            }[0m
[1;31m                        }, [0m
[1;31m                        "removable": "0", [0m
[1;31m                        "rotational": "1", [0m
[1;31m                        "sas_address": null, [0m
[1;31m                        "sas_device_handle": null, [0m
[1;31m                        "scheduler_mode": "cfq", [0m
[1;31m                        "sectors": "41943040", [0m
[1;31m                        "sectorsize": "512", [0m
[1;31m                        "size": "20.00 GB", [0m
[1;31m                        "support_discard": "0", [0m
[1;31m                        "vendor": "VMware", [0m
[1;31m                        "virtual": 1[0m
[1;31m                    }[0m
[1;31m                }, [0m
[1;31m                "ansible_distribution": "Debian", [0m
[1;31m                "ansible_distribution_file_parsed": true, [0m
[1;31m                "ansible_distribution_file_path": "/etc/os-release", [0m
[1;31m                "ansible_distribution_file_variety": "Debian", [0m
[1;31m                "ansible_distribution_major_version": "9", [0m
[1;31m                "ansible_distribution_release": "stretch", [0m
[1;31m                "ansible_distribution_version": "9.7", [0m
[1;31m                "ansible_dns": {[0m
[1;31m                    "nameservers": [[0m
[1;31m                        "195.169.124.124", [0m
[1;31m                        "192.87.36.36", [0m
[1;31m                        "192.87.106.106"[0m
[1;31m                    ], [0m
[1;31m                    "search": [[0m
[1;31m                        "ams.scz.lab.surf.nl"[0m
[1;31m                    ][0m
[1;31m                }, [0m
[1;31m                "ansible_domain": "ams.scz.lab.surf.nl", [0m
[1;31m                "ansible_effective_group_id": 0, [0m
[1;31m                "ansible_effective_user_id": 0, [0m
[1;31m                "ansible_env": {[0m
[1;31m                    "HOME": "/root", [0m
[1;31m                    "LANG": "en_US.UTF-8", [0m
[1;31m                    "LC_ADDRESS": "nl_NL.UTF-8", [0m
[1;31m                    "LC_ALL": "en_US.UTF-8", [0m
[1;31m                    "LC_IDENTIFICATION": "nl_NL.UTF-8", [0m
[1;31m                    "LC_MEASUREMENT": "nl_NL.UTF-8", [0m
[1;31m                    "LC_MONETARY": "nl_NL.UTF-8", [0m
[1;31m                    "LC_NAME": "nl_NL.UTF-8", [0m
[1;31m                    "LC_NUMERIC": "nl_NL.UTF-8", [0m
[1;31m                    "LC_PAPER": "nl_NL.UTF-8", [0m
[1;31m                    "LC_TELEPHONE": "nl_NL.UTF-8", [0m
[1;31m                    "LC_TIME": "nl_NL.UTF-8", [0m
[1;31m                    "LC_TYPE": "en_US.UTF-8", [0m
[1;31m                    "LOGNAME": "root", [0m
[1;31m                    "MAIL": "/var/mail/root", [0m
[1;31m                    "PATH": "/usr/local/sbin:/usr/local/bin:/usr/sbin:/usr/bin:/sbin:/bin:/snap/bin", [0m
[1;31m                    "PWD": "/home/martin", [0m
[1;31m                    "SHELL": "/bin/bash", [0m
[1;31m                    "SUDO_COMMAND": "/bin/sh -c echo BECOME-SUCCESS-nhzqljrvwvfdbjvepyyaxqyjpuolmtgs; /usr/bin/python", [0m
[1;31m                    "SUDO_GID": "10002", [0m
[1;31m                    "SUDO_UID": "10001", [0m
[1;31m                    "SUDO_USER": "martin", [0m
[1;31m                    "TERM": "unknown", [0m
[1;31m                    "USER": "root", [0m
[1;31m                    "USERNAME": "root"[0m
[1;31m                }, [0m
[1;31m                "ansible_eth0": {[0m
[1;31m                    "active": true, [0m
[1;31m                    "device": "eth0", [0m
[1;31m                    "features": {[0m
[1;31m                        "busy_poll": "off [fixed]", [0m
[1;31m                        "fcoe_mtu": "off [fixed]", [0m
[1;31m                        "generic_receive_offload": "on", [0m
[1;31m                        "generic_segmentation_offload": "on", [0m
[1;31m                        "highdma": "on", [0m
[1;31m                        "hw_tc_offload": "off [fixed]", [0m
[1;31m                        "l2_fwd_offload": "off [fixed]", [0m
[1;31m                        "large_receive_offload": "on", [0m
[1;31m                        "loopback": "off [fixed]", [0m
[1;31m                        "netns_local": "off [fixed]", [0m
[1;31m                        "ntuple_filters": "off [fixed]", [0m
[1;31m                        "receive_hashing": "off [fixed]", [0m
[1;31m                        "rx_all": "off [fixed]", [0m
[1;31m                        "rx_checksumming": "on", [0m
[1;31m                        "rx_fcs": "off [fixed]", [0m
[1;31m                        "rx_vlan_filter": "on [fixed]", [0m
[1;31m                        "rx_vlan_offload": "on", [0m
[1;31m                        "rx_vlan_stag_filter": "off [fixed]", [0m
[1;31m                        "rx_vlan_stag_hw_parse": "off [fixed]", [0m
[1;31m                        "scatter_gather": "on", [0m
[1;31m                        "tcp_segmentation_offload": "on", [0m
[1;31m                        "tx_checksum_fcoe_crc": "off [fixed]", [0m
[1;31m                        "tx_checksum_ip_generic": "on", [0m
[1;31m                        "tx_checksum_ipv4": "off [fixed]", [0m
[1;31m                        "tx_checksum_ipv6": "off [fixed]", [0m
[1;31m                        "tx_checksum_sctp": "off [fixed]", [0m
[1;31m                        "tx_checksumming": "on", [0m
[1;31m                        "tx_fcoe_segmentation": "off [fixed]", [0m
[1;31m                        "tx_gre_csum_segmentation": "off [fixed]", [0m
[1;31m                        "tx_gre_segmentation": "off [fixed]", [0m
[1;31m                        "tx_gso_partial": "off [fixed]", [0m
[1;31m                        "tx_gso_robust": "off [fixed]", [0m
[1;31m                        "tx_ipxip4_segmentation": "off [fixed]", [0m
[1;31m                        "tx_ipxip6_segmentation": "off [fixed]", [0m
[1;31m                        "tx_lockless": "off [fixed]", [0m
[1;31m                        "tx_nocache_copy": "off", [0m
[1;31m                        "tx_scatter_gather": "on", [0m
[1;31m                        "tx_scatter_gather_fraglist": "off [fixed]", [0m
[1;31m                        "tx_sctp_segmentation": "off [fixed]", [0m
[1;31m                        "tx_tcp6_segmentation": "on", [0m
[1;31m                        "tx_tcp_ecn_segmentation": "off [fixed]", [0m
[1;31m                        "tx_tcp_mangleid_segmentation": "off", [0m
[1;31m                        "tx_tcp_segmentation": "on", [0m
[1;31m                        "tx_udp_tnl_csum_segmentation": "off [fixed]", [0m
[1;31m                        "tx_udp_tnl_segmentation": "off [fixed]", [0m
[1;31m                        "tx_vlan_offload": "on", [0m
[1;31m                        "tx_vlan_stag_hw_insert": "off [fixed]", [0m
[1;31m                        "udp_fragmentation_offload": "off [fixed]", [0m
[1;31m                        "vlan_challenged": "off [fixed]"[0m
[1;31m                    }, [0m
[1;31m                    "hw_timestamp_filters": [], [0m
[1;31m                    "ipv4": {[0m
[1;31m                        "address": "145.101.114.7", [0m
[1;31m                        "broadcast": "145.101.114.31", [0m
[1;31m                        "netmask": "255.255.255.224", [0m
[1;31m                        "network": "145.101.114.0"[0m
[1;31m                    }, [0m
[1;31m                    "macaddress": "00:50:56:95:6c:bd", [0m
[1;31m                    "module": "vmxnet3", [0m
[1;31m                    "mtu": 1500, [0m
[1;31m                    "pciid": "0000:03:00.0", [0m
[1;31m                    "promisc": false, [0m
[1;31m                    "speed": 10000, [0m
[1;31m                    "timestamping": [[0m
[1;31m                        "rx_software", [0m
[1;31m                        "software"[0m
[1;31m                    ], [0m
[1;31m                    "type": "ether"[0m
[1;31m                }, [0m
[1;31m                "ansible_fips": false, [0m
[1;31m                "ansible_form_factor": "Other", [0m
[1;31m                "ansible_fqdn": "client1.ams.scz.lab.surf.nl", [0m
[1;31m                "ansible_hostname": "client1", [0m
[1;31m                "ansible_interfaces": [[0m
[1;31m                    "lo", [0m
[1;31m                    "eth0"[0m
[1;31m                ], [0m
[1;31m                "ansible_is_chroot": false, [0m
[1;31m                "ansible_iscsi_iqn": "iqn.1993-08.org.debian:01:de7d50eae1a0", [0m
[1;31m                "ansible_kernel": "4.9.0-8-amd64", [0m
[1;31m                "ansible_lo": {[0m
[1;31m                    "active": true, [0m
[1;31m                    "device": "lo", [0m
[1;31m                    "features": {[0m
[1;31m                        "busy_poll": "off [fixed]", [0m
[1;31m                        "fcoe_mtu": "off [fixed]", [0m
[1;31m                        "generic_receive_offload": "on", [0m
[1;31m                        "generic_segmentation_offload": "on", [0m
[1;31m                        "highdma": "on [fixed]", [0m
[1;31m                        "hw_tc_offload": "off [fixed]", [0m
[1;31m                        "l2_fwd_offload": "off [fixed]", [0m
[1;31m                        "large_receive_offload": "off [fixed]", [0m
[1;31m                        "loopback": "on [fixed]", [0m
[1;31m                        "netns_local": "on [fixed]", [0m
[1;31m                        "ntuple_filters": "off [fixed]", [0m
[1;31m                        "receive_hashing": "off [fixed]", [0m
[1;31m                        "rx_all": "off [fixed]", [0m
[1;31m                        "rx_checksumming": "on [fixed]", [0m
[1;31m                        "rx_fcs": "off [fixed]", [0m
[1;31m                        "rx_vlan_filter": "off [fixed]", [0m
[1;31m                        "rx_vlan_offload": "off [fixed]", [0m
[1;31m                        "rx_vlan_stag_filter": "off [fixed]", [0m
[1;31m                        "rx_vlan_stag_hw_parse": "off [fixed]", [0m
[1;31m                        "scatter_gather": "on", [0m
[1;31m                        "tcp_segmentation_offload": "on", [0m
[1;31m                        "tx_checksum_fcoe_crc": "off [fixed]", [0m
[1;31m                        "tx_checksum_ip_generic": "on [fixed]", [0m
[1;31m                        "tx_checksum_ipv4": "off [fixed]", [0m
[1;31m                        "tx_checksum_ipv6": "off [fixed]", [0m
[1;31m                        "tx_checksum_sctp": "on [fixed]", [0m
[1;31m                        "tx_checksumming": "on", [0m
[1;31m                        "tx_fcoe_segmentation": "off [fixed]", [0m
[1;31m                        "tx_gre_csum_segmentation": "off [fixed]", [0m
[1;31m                        "tx_gre_segmentation": "off [fixed]", [0m
[1;31m                        "tx_gso_partial": "off [fixed]", [0m
[1;31m                        "tx_gso_robust": "off [fixed]", [0m
[1;31m                        "tx_ipxip4_segmentation": "off [fixed]", [0m
[1;31m                        "tx_ipxip6_segmentation": "off [fixed]", [0m
[1;31m                        "tx_lockless": "on [fixed]", [0m
[1;31m                        "tx_nocache_copy": "off [fixed]", [0m
[1;31m                        "tx_scatter_gather": "on [fixed]", [0m
[1;31m                        "tx_scatter_gather_fraglist": "on [fixed]", [0m
[1;31m                        "tx_sctp_segmentation": "on", [0m
[1;31m                        "tx_tcp6_segmentation": "on", [0m
[1;31m                        "tx_tcp_ecn_segmentation": "on", [0m
[1;31m                        "tx_tcp_mangleid_segmentation": "on", [0m
[1;31m                        "tx_tcp_segmentation": "on", [0m
[1;31m                        "tx_udp_tnl_csum_segmentation": "off [fixed]", [0m
[1;31m                        "tx_udp_tnl_segmentation": "off [fixed]", [0m
[1;31m                        "tx_vlan_offload": "off [fixed]", [0m
[1;31m                        "tx_vlan_stag_hw_insert": "off [fixed]", [0m
[1;31m                        "udp_fragmentation_offload": "on", [0m
[1;31m                        "vlan_challenged": "on [fixed]"[0m
[1;31m                    }, [0m
[1;31m                    "hw_timestamp_filters": [], [0m
[1;31m                    "ipv4": {[0m
[1;31m                        "address": "127.0.0.1", [0m
[1;31m                        "broadcast": "host", [0m
[1;31m                        "netmask": "255.0.0.0", [0m
[1;31m                        "network": "127.0.0.0"[0m
[1;31m                    }, [0m
[1;31m                    "mtu": 65536, [0m
[1;31m                    "promisc": false, [0m
[1;31m                    "timestamping": [[0m
[1;31m                        "rx_software", [0m
[1;31m                        "software"[0m
[1;31m                    ], [0m
[1;31m                    "type": "loopback"[0m
[1;31m                }, [0m
[1;31m                "ansible_local": {}, [0m
[1;31m                "ansible_lsb": {[0m
[1;31m                    "codename": "stretch", [0m
[1;31m                    "description": "Debian GNU/Linux 9.7 (stretch)", [0m
[1;31m                    "id": "Debian", [0m
[1;31m                    "major_release": "9", [0m
[1;31m                    "release": "9.7"[0m
[1;31m                }, [0m
[1;31m                "ansible_lvm": {[0m
[1;31m                    "lvs": {[0m
[1;31m                        "root": {[0m
[1;31m                            "size_g": "17.85", [0m
[1;31m                            "vg": "debian87-20170203-surf-vg"[0m
[1;31m                        }, [0m
[1;31m                        "swap": {[0m
[1;31m                            "size_g": "1.91", [0m
[1;31m                            "vg": "debian87-20170203-surf-vg"[0m
[1;31m                        }[0m
[1;31m                    }, [0m
[1;31m                    "pvs": {[0m
[1;31m                        "/dev/sda5": {[0m
[1;31m                            "free_g": "0", [0m
[1;31m                            "size_g": "19.76", [0m
[1;31m                            "vg": "debian87-20170203-surf-vg"[0m
[1;31m                        }[0m
[1;31m                    }, [0m
[1;31m                    "vgs": {[0m
[1;31m                        "debian87-20170203-surf-vg": {[0m
[1;31m                            "free_g": "0", [0m
[1;31m                            "num_lvs": "2", [0m
[1;31m                            "num_pvs": "1", [0m
[1;31m                            "size_g": "19.76"[0m
[1;31m                        }[0m
[1;31m                    }[0m
[1;31m                }, [0m
[1;31m                "ansible_machine": "x86_64", [0m
[1;31m                "ansible_machine_id": "3d975702f688466795f94ae6b7d55648", [0m
[1;31m                "ansible_memfree_mb": 8, [0m
[1;31m                "ansible_memory_mb": {[0m
[1;31m                    "nocache": {[0m
[1;31m                        "free": 71, [0m
[1;31m                        "used": 160[0m
[1;31m                    }, [0m
[1;31m                    "real": {[0m
[1;31m                        "free": 8, [0m
[1;31m                        "total": 231, [0m
[1;31m                        "used": 223[0m
[1;31m                    }, [0m
[1;31m                    "swap": {[0m
[1;31m                        "cached": 32, [0m
[1;31m                        "free": 1830, [0m
[1;31m                        "total": 1951, [0m
[1;31m                        "used": 121[0m
[1;31m                    }[0m
[1;31m                }, [0m
[1;31m                "ansible_memtotal_mb": 231, [0m
[1;31m                "ansible_mounts": [[0m
[1;31m                    {[0m
[1;31m                        "block_available": 3366649, [0m
[1;31m                        "block_size": 4096, [0m
[1;31m                        "block_total": 4573377, [0m
[1;31m                        "block_used": 1206728, [0m
[1;31m                        "device": "/dev/mapper/debian87--20170203--surf--vg-root", [0m
[1;31m                        "fstype": "ext4", [0m
[1;31m                        "inode_available": 1057658, [0m
[1;31m                        "inode_total": 1171456, [0m
[1;31m                        "inode_used": 113798, [0m
[1;31m                        "mount": "/", [0m
[1;31m                        "options": "rw,relatime,errors=remount-ro,data=ordered", [0m
[1;31m                        "size_available": 13789794304, [0m
[1;31m                        "size_total": 18732552192, [0m
[1;31m                        "uuid": "492ec039-485a-409a-b51d-a288fe1ee7b9"[0m
[1;31m                    }, [0m
[1;31m                    {[0m
[1;31m                        "block_available": 164782, [0m
[1;31m                        "block_size": 1024, [0m
[1;31m                        "block_total": 240972, [0m
[1;31m                        "block_used": 76190, [0m
[1;31m                        "device": "/dev/sda1", [0m
[1;31m                        "fstype": "ext2", [0m
[1;31m                        "inode_available": 61907, [0m
[1;31m                        "inode_total": 62248, [0m
[1;31m                        "inode_used": 341, [0m
[1;31m                        "mount": "/boot", [0m
[1;31m                        "options": "rw,relatime,block_validity,barrier,user_xattr,acl", [0m
[1;31m                        "size_available": 168736768, [0m
[1;31m                        "size_total": 246755328, [0m
[1;31m                        "uuid": "2797c37e-7660-419d-b152-6aeec7beb7bd"[0m
[1;31m                    }[0m
[1;31m                ], [0m
[1;31m                "ansible_nodename": "client1", [0m
[1;31m                "ansible_os_family": "Debian", [0m
[1;31m                "ansible_pkg_mgr": "apt", [0m
[1;31m                "ansible_processor": [[0m
[1;31m                    "0", [0m
[1;31m                    "GenuineIntel", [0m
[1;31m                    "Intel(R) Xeon(R) CPU E5-2680 v3 @ 2.50GHz"[0m
[1;31m                ], [0m
[1;31m                "ansible_processor_cores": 1, [0m
[1;31m                "ansible_processor_count": 1, [0m
[1;31m                "ansible_processor_threads_per_core": 1, [0m
[1;31m                "ansible_processor_vcpus": 1, [0m
[1;31m                "ansible_product_name": "VMware Virtual Platform", [0m
[1;31m                "ansible_product_serial": "VMware-42 15 0e bb 04 b7 0c 62-d1 39 57 71 c5 1c 93 01", [0m
[1;31m                "ansible_product_uuid": "42150EBB-04B7-0C62-D139-5771C51C9301", [0m
[1;31m                "ansible_product_version": "None", [0m
[1;31m                "ansible_python": {[0m
[1;31m                    "executable": "/usr/bin/python", [0m
[1;31m                    "has_sslcontext": true, [0m
[1;31m                    "type": "CPython", [0m
[1;31m                    "version": {[0m
[1;31m                        "major": 2, [0m
[1;31m                        "micro": 13, [0m
[1;31m                        "minor": 7, [0m
[1;31m                        "releaselevel": "final", [0m
[1;31m                        "serial": 0[0m
[1;31m                    }, [0m
[1;31m                    "version_info": [[0m
[1;31m                        2, [0m
[1;31m                        7, [0m
[1;31m                        13, [0m
[1;31m                        "final", [0m
[1;31m                        0[0m
[1;31m                    ][0m
[1;31m                }, [0m
[1;31m                "ansible_python_version": "2.7.13", [0m
[1;31m                "ansible_real_group_id": 0, [0m
[1;31m                "ansible_real_user_id": 0, [0m
[1;31m                "ansible_selinux": {[0m
[1;31m                    "status": "Missing selinux Python library"[0m
[1;31m                }, [0m
[1;31m                "ansible_selinux_python_present": false, [0m
[1;31m                "ansible_service_mgr": "systemd", [0m
[1;31m                "ansible_ssh_host_key_dsa_public": "AAAAB3NzaC1kc3MAAACBAN1g12Ze1T5Hfv2mUeTFukQkYtT6oNxNAVDZ3lJh3E/ywHnkUfSy15GUzOpa2BpV/lantCqlXlXEiDH+IIXxjYxMB7v+ILtILsE7qLyQYbX6cuyqV/AITpWWqMittzYE0EVv2rv366DtPpMnSqfiFNlJEFusx+CoGWAtgve/wpB7AAAAFQClNOsX7gV9vkb+CS9wrfOxSrvAWwAAAIAwkAYIxhHUxPqO6Rm2sEW3v8JZ8ey+i3pggkPWpVt7r2+CmbUUK0J2xF7VjCXUef0AAbgiiZJmLA3h8LhLGyQi3CnY9kQn3L1loiV20pzMTWo6kqp6l5CfoYg5TuSxRshkoVmcZGGt0mlqAjW8sicLz616VLtb/aYzWWbPJqSrwwAAAIBGXKZqVWHwswkHvrf9ITwq1quluvDgDxeoV8vqpxYUrxoUOrES38sHu4MMtM/EGwmed2wgppexOfDBU57EkNrXB0j28CthFJfytjztM2s0HoKBnkuvPWPwBcWjI2qiMtKaYGLZT2fO25/JMEdkmqPgQ4W2FzDNEMpUXAdVst32zw==", [0m
[1;31m                "ansible_ssh_host_key_ecdsa_public": "AAAAE2VjZHNhLXNoYTItbmlzdHAyNTYAAAAIbmlzdHAyNTYAAABBBA783Y0FUMIPypwUiZYDmJc0uue+C9+ThNkB63UTG7T5AhTzlGjPj3yp6a0JPT8iarHed+rzBhKDtmvW5sEfqY8=", [0m
[1;31m                "ansible_ssh_host_key_ed25519_public": "AAAAC3NzaC1lZDI1NTE5AAAAIIbCJT/9LkWTVRtmIZEsXoFQCFBjDCCs1gTsiIvwVbbE", [0m
[1;31m                "ansible_ssh_host_key_rsa_public": "AAAAB3NzaC1yc2EAAAADAQABAAABAQC24VgRBkTqbUT4HXzeF7irW6borBKdyiyuWknBfQKJeUOYBuI6L58bCOI2noij3hOU2cU6aiPjoTWhdiLCR3ruyDJl07dR4sXaR3GlrAD3D2E98RP7p4bnFqseqF5Ow5+X4i0ol+ffSEUrMF3GHOyKr1FPD/Mc1xmQuoDnIgtZeLWv6CF8l8FH7o7vX0Yrr2SkNsjubLrLS61XMci+EbV856RTDYy6KrAbbt69+XSyMWyHTP2cA15vIxQbpaSbd/UVtSceRfwKdiPjzb7Ov8mMkB054ugruQ3MStCUbStV96D7cGWPVG5N4iCkenUHPgoadWsZVqBZmLU1H55tCgZr", [0m
[1;31m                "ansible_swapfree_mb": 1830, [0m
[1;31m                "ansible_swaptotal_mb": 1951, [0m
[1;31m                "ansible_system": "Linux", [0m
[1;31m                "ansible_system_capabilities": [[0m
[1;31m                    "cap_chown", [0m
[1;31m                    "cap_dac_override", [0m
[1;31m                    "cap_dac_read_search", [0m
[1;31m                    "cap_fowner", [0m
[1;31m                    "cap_fsetid", [0m
[1;31m                    "cap_kill", [0m
[1;31m                    "cap_setgid", [0m
[1;31m                    "cap_setuid", [0m
[1;31m                    "cap_setpcap", [0m
[1;31m                    "cap_linux_immutable", [0m
[1;31m                    "cap_net_bind_service", [0m
[1;31m                    "cap_net_broadcast", [0m
[1;31m                    "cap_net_admin", [0m
[1;31m                    "cap_net_raw", [0m
[1;31m                    "cap_ipc_lock", [0m
[1;31m                    "cap_ipc_owner", [0m
[1;31m                    "cap_sys_module", [0m
[1;31m                    "cap_sys_rawio", [0m
[1;31m                    "cap_sys_chroot", [0m
[1;31m                    "cap_sys_ptrace", [0m
[1;31m                    "cap_sys_pacct", [0m
[1;31m                    "cap_sys_admin", [0m
[1;31m                    "cap_sys_boot", [0m
[1;31m                    "cap_sys_nice", [0m
[1;31m                    "cap_sys_resource", [0m
[1;31m                    "cap_sys_time", [0m
[1;31m                    "cap_sys_tty_config", [0m
[1;31m                    "cap_mknod", [0m
[1;31m                    "cap_lease", [0m
[1;31m                    "cap_audit_write", [0m
[1;31m                    "cap_audit_control", [0m
[1;31m                    "cap_setfcap", [0m
[1;31m                    "cap_mac_override", [0m
[1;31m                    "cap_mac_admin", [0m
[1;31m                    "cap_syslog", [0m
[1;31m                    "cap_wake_alarm", [0m
[1;31m                    "cap_block_suspend", [0m
[1;31m                    "cap_audit_read+ep"[0m
[1;31m                ], [0m
[1;31m                "ansible_system_capabilities_enforced": "True", [0m
[1;31m                "ansible_system_vendor": "VMware, Inc.", [0m
[1;31m                "ansible_uptime_seconds": 6995235, [0m
[1;31m                "ansible_user_dir": "/root", [0m
[1;31m                "ansible_user_gecos": "root", [0m
[1;31m                "ansible_user_gid": 0, [0m
[1;31m                "ansible_user_id": "root", [0m
[1;31m                "ansible_user_shell": "/bin/bash", [0m
[1;31m                "ansible_user_uid": 0, [0m
[1;31m                "ansible_userspace_architecture": "x86_64", [0m
[1;31m                "ansible_userspace_bits": "64", [0m
[1;31m                "ansible_virtualization_role": "guest", [0m
[1;31m                "ansible_virtualization_type": "VMware", [0m
[1;31m                "gather_subset": [[0m
[1;31m                    "all"[0m
[1;31m                ], [0m
[1;31m                "module_setup": true[0m
[1;31m            }, [0m
[1;31m            "changed": false, [0m
[1;31m            "failed": false, [0m
[1;31m            "invocation": {[0m
[1;31m                "module_args": {[0m
[1;31m                    "fact_path": "/etc/ansible/facts.d", [0m
[1;31m                    "filter": "*", [0m
[1;31m                    "gather_subset": [[0m
[1;31m                        "all"[0m
[1;31m                    ], [0m
[1;31m                    "gather_timeout": 10[0m
[1;31m                }[0m
[1;31m            }, [0m
[1;31m            "item": "client1.ams.scz.lab.surf.nl"[0m
[1;31m        }, [0m
[1;31m        {[0m
[1;31m            "_ansible_delegated_vars": {[0m
[1;31m                "ansible_delegated_host": "lb1.ams.scz.lab.surf.nl", [0m
[1;31m                "ansible_host": "lb1.ams.scz.lab.surf.nl"[0m
[1;31m            }, [0m
[1;31m            "_ansible_ignore_errors": null, [0m
[1;31m            "_ansible_item_label": "lb1.ams.scz.lab.surf.nl", [0m
[1;31m            "_ansible_item_result": true, [0m
[1;31m            "_ansible_no_log": false, [0m
[1;31m            "_ansible_parsed": true, [0m
[1;31m            "_ansible_verbose_override": true, [0m
[1;31m            "ansible_facts": {[0m
[1;31m                "ansible_all_ipv4_addresses": [[0m
[1;31m                    "145.101.114.2"[0m
[1;31m                ], [0m
[1;31m                "ansible_all_ipv6_addresses": [[0m
[1;31m                    "2001:610:188:133:145:101:114:2", [0m
[1;31m                    "fe80::250:56ff:fe95:4d19"[0m
[1;31m                ], [0m
[1;31m                "ansible_apparmor": {[0m
[1;31m                    "status": "disabled"[0m
[1;31m                }, [0m
[1;31m                "ansible_architecture": "x86_64", [0m
[1;31m                "ansible_bios_date": "09/21/2015", [0m
[1;31m                "ansible_bios_version": "6.00", [0m
[1;31m                "ansible_cmdline": {[0m
[1;31m                    "BOOT_IMAGE": "/vmlinuz-4.9.0-8-amd64", [0m
[1;31m                    "quiet": true, [0m
[1;31m                    "ro": true, [0m
[1;31m                    "root": "/dev/mapper/debian87--20170203--surf--vg-root"[0m
[1;31m                }, [0m
[1;31m                "ansible_date_time": {[0m
[1;31m                    "date": "2019-02-15", [0m
[1;31m                    "day": "15", [0m
[1;31m                    "epoch": "1550221425", [0m
[1;31m                    "hour": "09", [0m
[1;31m                    "iso8601": "2019-02-15T09:03:45Z", [0m
[1;31m                    "iso8601_basic": "20190215T090345288089", [0m
[1;31m                    "iso8601_basic_short": "20190215T090345", [0m
[1;31m                    "iso8601_micro": "2019-02-15T09:03:45.288167Z", [0m
[1;31m                    "minute": "03", [0m
[1;31m                    "month": "02", [0m
[1;31m                    "second": "45", [0m
[1;31m                    "time": "09:03:45", [0m
[1;31m                    "tz": "UTC", [0m
[1;31m                    "tz_offset": "+0000", [0m
[1;31m                    "weekday": "Friday", [0m
[1;31m                    "weekday_number": "5", [0m
[1;31m                    "weeknumber": "06", [0m
[1;31m                    "year": "2019"[0m
[1;31m                }, [0m
[1;31m                "ansible_default_ipv4": {[0m
[1;31m                    "address": "145.101.114.2", [0m
[1;31m                    "alias": "eth0", [0m
[1;31m                    "broadcast": "145.101.114.31", [0m
[1;31m                    "gateway": "145.101.114.1", [0m
[1;31m                    "interface": "eth0", [0m
[1;31m                    "macaddress": "00:50:56:95:4d:19", [0m
[1;31m                    "mtu": 1500, [0m
[1;31m                    "netmask": "255.255.255.224", [0m
[1;31m                    "network": "145.101.114.0", [0m
[1;31m                    "type": "ether"[0m
[1;31m                }, [0m
[1;31m                "ansible_default_ipv6": {[0m
[1;31m                    "address": "2001:610:188:133:145:101:114:2", [0m
[1;31m                    "gateway": "fe80::200:5eff:fe00:203", [0m
[1;31m                    "interface": "eth0", [0m
[1;31m                    "macaddress": "00:50:56:95:4d:19", [0m
[1;31m                    "mtu": 1500, [0m
[1;31m                    "prefix": "64", [0m
[1;31m                    "scope": "global", [0m
[1;31m                    "type": "ether"[0m
[1;31m                }, [0m
[1;31m                "ansible_device_links": {[0m
[1;31m                    "ids": {[0m
[1;31m                        "dm-0": [[0m
[1;31m                            "dm-name-debian87--20170203--surf--vg-swap", [0m
[1;31m                            "dm-uuid-LVM-2N3noKztpw8Epf4XcxvNlho3IR40EMu9cjRvZmwxANLf62DBJKrTyp02jpAPH5Ys"[0m
[1;31m                        ], [0m
[1;31m                        "dm-1": [[0m
[1;31m                            "dm-name-debian87--20170203--surf--vg-root", [0m
[1;31m                            "dm-uuid-LVM-2N3noKztpw8Epf4XcxvNlho3IR40EMu9Rh6eeq60m44ckhZDoOBTncUwkHezDJdk"[0m
[1;31m                        ], [0m
[1;31m                        "sda5": [[0m
[1;31m                            "lvm-pv-uuid-X7FfdR-qmyj-nmi0-M7YU-Gk1J-0aZ9-Q5q5eT"[0m
[1;31m                        ][0m
[1;31m                    }, [0m
[1;31m                    "labels": {}, [0m
[1;31m                    "masters": {[0m
[1;31m                        "sda5": [[0m
[1;31m                            "dm-0", [0m
[1;31m                            "dm-1"[0m
[1;31m                        ][0m
[1;31m                    }, [0m
[1;31m                    "uuids": {[0m
[1;31m                        "dm-0": [[0m
[1;31m                            "a057b43e-bbfd-4da0-a21d-40fe0b6e5b30"[0m
[1;31m                        ], [0m
[1;31m                        "dm-1": [[0m
[1;31m                            "492ec039-485a-409a-b51d-a288fe1ee7b9"[0m
[1;31m                        ], [0m
[1;31m                        "sda1": [[0m
[1;31m                            "2797c37e-7660-419d-b152-6aeec7beb7bd"[0m
[1;31m                        ][0m
[1;31m                    }[0m
[1;31m                }, [0m
[1;31m                "ansible_devices": {[0m
[1;31m                    "dm-0": {[0m
[1;31m                        "holders": [], [0m
[1;31m                        "host": "", [0m
[1;31m                        "links": {[0m
[1;31m                            "ids": [[0m
[1;31m                                "dm-name-debian87--20170203--surf--vg-swap", [0m
[1;31m                                "dm-uuid-LVM-2N3noKztpw8Epf4XcxvNlho3IR40EMu9cjRvZmwxANLf62DBJKrTyp02jpAPH5Ys"[0m
[1;31m                            ], [0m
[1;31m                            "labels": [], [0m
[1;31m                            "masters": [], [0m
[1;31m                            "uuids": [[0m
[1;31m                                "a057b43e-bbfd-4da0-a21d-40fe0b6e5b30"[0m
[1;31m                            ][0m
[1;31m                        }, [0m
[1;31m                        "model": null, [0m
[1;31m                        "partitions": {}, [0m
[1;31m                        "removable": "0", [0m
[1;31m                        "rotational": "1", [0m
[1;31m                        "sas_address": null, [0m
[1;31m                        "sas_device_handle": null, [0m
[1;31m                        "scheduler_mode": "", [0m
[1;31m                        "sectors": "3997696", [0m
[1;31m                        "sectorsize": "512", [0m
[1;31m                        "size": "1.91 GB", [0m
[1;31m                        "support_discard": "0", [0m
[1;31m                        "vendor": null, [0m
[1;31m                        "virtual": 1[0m
[1;31m                    }, [0m
[1;31m                    "dm-1": {[0m
[1;31m                        "holders": [], [0m
[1;31m                        "host": "", [0m
[1;31m                        "links": {[0m
[1;31m                            "ids": [[0m
[1;31m                                "dm-name-debian87--20170203--surf--vg-root", [0m
[1;31m                                "dm-uuid-LVM-2N3noKztpw8Epf4XcxvNlho3IR40EMu9Rh6eeq60m44ckhZDoOBTncUwkHezDJdk"[0m
[1;31m                            ], [0m
[1;31m                            "labels": [], [0m
[1;31m                            "masters": [], [0m
[1;31m                            "uuids": [[0m
[1;31m                                "492ec039-485a-409a-b51d-a288fe1ee7b9"[0m
[1;31m                            ][0m
[1;31m                        }, [0m
[1;31m                        "model": null, [0m
[1;31m                        "partitions": {}, [0m
[1;31m                        "removable": "0", [0m
[1;31m                        "rotational": "1", [0m
[1;31m                        "sas_address": null, [0m
[1;31m                        "sas_device_handle": null, [0m
[1;31m                        "scheduler_mode": "", [0m
[1;31m                        "sectors": "37437440", [0m
[1;31m                        "sectorsize": "512", [0m
[1;31m                        "size": "17.85 GB", [0m
[1;31m                        "support_discard": "0", [0m
[1;31m                        "vendor": null, [0m
[1;31m                        "virtual": 1[0m
[1;31m                    }, [0m
[1;31m                    "fd0": {[0m
[1;31m                        "holders": [], [0m
[1;31m                        "host": "", [0m
[1;31m                        "links": {[0m
[1;31m                            "ids": [], [0m
[1;31m                            "labels": [], [0m
[1;31m                            "masters": [], [0m
[1;31m                            "uuids": [][0m
[1;31m                        }, [0m
[1;31m                        "model": null, [0m
[1;31m                        "partitions": {}, [0m
[1;31m                        "removable": "1", [0m
[1;31m                        "rotational": "1", [0m
[1;31m                        "sas_address": null, [0m
[1;31m                        "sas_device_handle": null, [0m
[1;31m                        "scheduler_mode": "cfq", [0m
[1;31m                        "sectors": "8", [0m
[1;31m                        "sectorsize": "512", [0m
[1;31m                        "size": "4.00 KB", [0m
[1;31m                        "support_discard": "0", [0m
[1;31m                        "vendor": null, [0m
[1;31m                        "virtual": 1[0m
[1;31m                    }, [0m
[1;31m                    "sda": {[0m
[1;31m                        "holders": [], [0m
[1;31m                        "host": "SCSI storage controller: LSI Logic / Symbios Logic 53c1030 PCI-X Fusion-MPT Dual Ultra320 SCSI (rev 01)", [0m
[1;31m                        "links": {[0m
[1;31m                            "ids": [], [0m
[1;31m                            "labels": [], [0m
[1;31m                            "masters": [], [0m
[1;31m                            "uuids": [][0m
[1;31m                        }, [0m
[1;31m                        "model": "Virtual disk", [0m
[1;31m                        "partitions": {[0m
[1;31m                            "sda1": {[0m
[1;31m                                "holders": [], [0m
[1;31m                                "links": {[0m
[1;31m                                    "ids": [], [0m
[1;31m                                    "labels": [], [0m
[1;31m                                    "masters": [], [0m
[1;31m                                    "uuids": [[0m
[1;31m                                        "2797c37e-7660-419d-b152-6aeec7beb7bd"[0m
[1;31m                                    ][0m
[1;31m                                }, [0m
[1;31m                                "sectors": "497664", [0m
[1;31m                                "sectorsize": 512, [0m
[1;31m                                "size": "243.00 MB", [0m
[1;31m                                "start": "2048", [0m
[1;31m                                "uuid": "2797c37e-7660-419d-b152-6aeec7beb7bd"[0m
[1;31m                            }, [0m
[1;31m                            "sda2": {[0m
[1;31m                                "holders": [], [0m
[1;31m                                "links": {[0m
[1;31m                                    "ids": [], [0m
[1;31m                                    "labels": [], [0m
[1;31m                                    "masters": [], [0m
[1;31m                                    "uuids": [][0m
[1;31m                                }, [0m
[1;31m                                "sectors": "2", [0m
[1;31m                                "sectorsize": 512, [0m
[1;31m                                "size": "1.00 KB", [0m
[1;31m                                "start": "501758", [0m
[1;31m                                "uuid": null[0m
[1;31m                            }, [0m
[1;31m                            "sda5": {[0m
[1;31m                                "holders": [[0m
[1;31m                                    "debian87--20170203--surf--vg-root", [0m
[1;31m                                    "debian87--20170203--surf--vg-swap"[0m
[1;31m                                ], [0m
[1;31m                                "links": {[0m
[1;31m                                    "ids": [[0m
[1;31m                                        "lvm-pv-uuid-X7FfdR-qmyj-nmi0-M7YU-Gk1J-0aZ9-Q5q5eT"[0m
[1;31m                                    ], [0m
[1;31m                                    "labels": [], [0m
[1;31m                                    "masters": [[0m
[1;31m                                        "dm-0", [0m
[1;31m                                        "dm-1"[0m
[1;31m                                    ], [0m
[1;31m                                    "uuids": [][0m
[1;31m                                }, [0m
[1;31m                                "sectors": "41439232", [0m
[1;31m                                "sectorsize": 512, [0m
[1;31m                                "size": "19.76 GB", [0m
[1;31m                                "start": "501760", [0m
[1;31m                                "uuid": null[0m
[1;31m                            }[0m
[1;31m                        }, [0m
[1;31m                        "removable": "0", [0m
[1;31m                        "rotational": "1", [0m
[1;31m                        "sas_address": null, [0m
[1;31m                        "sas_device_handle": null, [0m
[1;31m                        "scheduler_mode": "cfq", [0m
[1;31m                        "sectors": "41943040", [0m
[1;31m                        "sectorsize": "512", [0m
[1;31m                        "size": "20.00 GB", [0m
[1;31m                        "support_discard": "0", [0m
[1;31m                        "vendor": "VMware", [0m
[1;31m                        "virtual": 1[0m
[1;31m                    }[0m
[1;31m                }, [0m
[1;31m                "ansible_distribution": "Debian", [0m
[1;31m                "ansible_distribution_file_parsed": true, [0m
[1;31m                "ansible_distribution_file_path": "/etc/os-release", [0m
[1;31m                "ansible_distribution_file_variety": "Debian", [0m
[1;31m                "ansible_distribution_major_version": "9", [0m
[1;31m                "ansible_distribution_release": "stretch", [0m
[1;31m                "ansible_distribution_version": "9.7", [0m
[1;31m                "ansible_dns": {[0m
[1;31m                    "nameservers": [[0m
[1;31m                        "195.169.124.124", [0m
[1;31m                        "192.87.36.36", [0m
[1;31m                        "192.87.106.106"[0m
[1;31m                    ], [0m
[1;31m                    "search": [[0m
[1;31m                        "ams.scz.lab.surf.nl"[0m
[1;31m                    ][0m
[1;31m                }, [0m
[1;31m                "ansible_domain": "ams.scz.lab.surf.nl", [0m
[1;31m                "ansible_effective_group_id": 0, [0m
[1;31m                "ansible_effective_user_id": 0, [0m
[1;31m                "ansible_env": {[0m
[1;31m                    "HOME": "/root", [0m
[1;31m                    "LANG": "en_US.UTF-8", [0m
[1;31m                    "LC_ADDRESS": "nl_NL.UTF-8", [0m
[1;31m                    "LC_ALL": "en_US.UTF-8", [0m
[1;31m                    "LC_IDENTIFICATION": "nl_NL.UTF-8", [0m
[1;31m                    "LC_MEASUREMENT": "nl_NL.UTF-8", [0m
[1;31m                    "LC_MONETARY": "nl_NL.UTF-8", [0m
[1;31m                    "LC_NAME": "nl_NL.UTF-8", [0m
[1;31m                    "LC_NUMERIC": "nl_NL.UTF-8", [0m
[1;31m                    "LC_PAPER": "nl_NL.UTF-8", [0m
[1;31m                    "LC_TELEPHONE": "nl_NL.UTF-8", [0m
[1;31m                    "LC_TIME": "nl_NL.UTF-8", [0m
[1;31m                    "LC_TYPE": "en_US.UTF-8", [0m
[1;31m                    "LOGNAME": "root", [0m
[1;31m                    "MAIL": "/var/mail/root", [0m
[1;31m                    "PATH": "/usr/local/sbin:/usr/local/bin:/usr/sbin:/usr/bin:/sbin:/bin:/snap/bin", [0m
[1;31m                    "PWD": "/home/martin", [0m
[1;31m                    "SHELL": "/bin/bash", [0m
[1;31m                    "SUDO_COMMAND": "/bin/sh -c echo BECOME-SUCCESS-uydlftwovvhltajqlbumhonsvzdxexke; /usr/bin/python", [0m
[1;31m                    "SUDO_GID": "10000", [0m
[1;31m                    "SUDO_UID": "10001", [0m
[1;31m                    "SUDO_USER": "martin", [0m
[1;31m                    "TERM": "unknown", [0m
[1;31m                    "USER": "root", [0m
[1;31m                    "USERNAME": "root"[0m
[1;31m                }, [0m
[1;31m                "ansible_eth0": {[0m
[1;31m                    "active": true, [0m
[1;31m                    "device": "eth0", [0m
[1;31m                    "features": {[0m
[1;31m                        "busy_poll": "off [fixed]", [0m
[1;31m                        "fcoe_mtu": "off [fixed]", [0m
[1;31m                        "generic_receive_offload": "on", [0m
[1;31m                        "generic_segmentation_offload": "on", [0m
[1;31m                        "highdma": "on", [0m
[1;31m                        "hw_tc_offload": "off [fixed]", [0m
[1;31m                        "l2_fwd_offload": "off [fixed]", [0m
[1;31m                        "large_receive_offload": "on", [0m
[1;31m                        "loopback": "off [fixed]", [0m
[1;31m                        "netns_local": "off [fixed]", [0m
[1;31m                        "ntuple_filters": "off [fixed]", [0m
[1;31m                        "receive_hashing": "off [fixed]", [0m
[1;31m                        "rx_all": "off [fixed]", [0m
[1;31m                        "rx_checksumming": "on", [0m
[1;31m                        "rx_fcs": "off [fixed]", [0m
[1;31m                        "rx_vlan_filter": "on [fixed]", [0m
[1;31m                        "rx_vlan_offload": "on", [0m
[1;31m                        "rx_vlan_stag_filter": "off [fixed]", [0m
[1;31m                        "rx_vlan_stag_hw_parse": "off [fixed]", [0m
[1;31m                        "scatter_gather": "on", [0m
[1;31m                        "tcp_segmentation_offload": "on", [0m
[1;31m                        "tx_checksum_fcoe_crc": "off [fixed]", [0m
[1;31m                        "tx_checksum_ip_generic": "on", [0m
[1;31m                        "tx_checksum_ipv4": "off [fixed]", [0m
[1;31m                        "tx_checksum_ipv6": "off [fixed]", [0m
[1;31m                        "tx_checksum_sctp": "off [fixed]", [0m
[1;31m                        "tx_checksumming": "on", [0m
[1;31m                        "tx_fcoe_segmentation": "off [fixed]", [0m
[1;31m                        "tx_gre_csum_segmentation": "off [fixed]", [0m
[1;31m                        "tx_gre_segmentation": "off [fixed]", [0m
[1;31m                        "tx_gso_partial": "off [fixed]", [0m
[1;31m                        "tx_gso_robust": "off [fixed]", [0m
[1;31m                        "tx_ipxip4_segmentation": "off [fixed]", [0m
[1;31m                        "tx_ipxip6_segmentation": "off [fixed]", [0m
[1;31m                        "tx_lockless": "off [fixed]", [0m
[1;31m                        "tx_nocache_copy": "off", [0m
[1;31m                        "tx_scatter_gather": "on", [0m
[1;31m                        "tx_scatter_gather_fraglist": "off [fixed]", [0m
[1;31m                        "tx_sctp_segmentation": "off [fixed]", [0m
[1;31m                        "tx_tcp6_segmentation": "on", [0m
[1;31m                        "tx_tcp_ecn_segmentation": "off [fixed]", [0m
[1;31m                        "tx_tcp_mangleid_segmentation": "off", [0m
[1;31m                        "tx_tcp_segmentation": "on", [0m
[1;31m                        "tx_udp_tnl_csum_segmentation": "off [fixed]", [0m
[1;31m                        "tx_udp_tnl_segmentation": "off [fixed]", [0m
[1;31m                        "tx_vlan_offload": "on", [0m
[1;31m                        "tx_vlan_stag_hw_insert": "off [fixed]", [0m
[1;31m                        "udp_fragmentation_offload": "off [fixed]", [0m
[1;31m                        "vlan_challenged": "off [fixed]"[0m
[1;31m                    }, [0m
[1;31m                    "hw_timestamp_filters": [], [0m
[1;31m                    "ipv4": {[0m
[1;31m                        "address": "145.101.114.2", [0m
[1;31m                        "broadcast": "145.101.114.31", [0m
[1;31m                        "netmask": "255.255.255.224", [0m
[1;31m                        "network": "145.101.114.0"[0m
[1;31m                    }, [0m
[1;31m                    "ipv6": [[0m
[1;31m                        {[0m
[1;31m                            "address": "2001:610:188:133:145:101:114:2", [0m
[1;31m                            "prefix": "64", [0m
[1;31m                            "scope": "global"[0m
[1;31m                        }[0m
[1;31m                    ], [0m
[1;31m                    "macaddress": "00:50:56:95:4d:19", [0m
[1;31m                    "module": "vmxnet3", [0m
[1;31m                    "mtu": 1500, [0m
[1;31m                    "pciid": "0000:03:00.0", [0m
[1;31m                    "promisc": false, [0m
[1;31m                    "speed": 10000, [0m
[1;31m                    "timestamping": [[0m
[1;31m                        "rx_software", [0m
[1;31m                        "software"[0m
[1;31m                    ], [0m
[1;31m                    "type": "ether"[0m
[1;31m                }, [0m
[1;31m                "ansible_fips": false, [0m
[1;31m                "ansible_form_factor": "Other", [0m
[1;31m                "ansible_fqdn": "lb1.ams.scz.lab.surf.nl", [0m
[1;31m                "ansible_hostname": "lb1", [0m
[1;31m                "ansible_interfaces": [[0m
[1;31m                    "lo", [0m
[1;31m                    "eth0"[0m
[1;31m                ], [0m
[1;31m                "ansible_is_chroot": false, [0m
[1;31m                "ansible_iscsi_iqn": "iqn.1993-08.org.debian:01:de7d50eae1a0", [0m
[1;31m                "ansible_kernel": "4.9.0-8-amd64", [0m
[1;31m                "ansible_lo": {[0m
[1;31m                    "active": true, [0m
[1;31m                    "device": "lo", [0m
[1;31m                    "features": {[0m
[1;31m                        "busy_poll": "off [fixed]", [0m
[1;31m                        "fcoe_mtu": "off [fixed]", [0m
[1;31m                        "generic_receive_offload": "on", [0m
[1;31m                        "generic_segmentation_offload": "on", [0m
[1;31m                        "highdma": "on [fixed]", [0m
[1;31m                        "hw_tc_offload": "off [fixed]", [0m
[1;31m                        "l2_fwd_offload": "off [fixed]", [0m
[1;31m                        "large_receive_offload": "off [fixed]", [0m
[1;31m                        "loopback": "on [fixed]", [0m
[1;31m                        "netns_local": "on [fixed]", [0m
[1;31m                        "ntuple_filters": "off [fixed]", [0m
[1;31m                        "receive_hashing": "off [fixed]", [0m
[1;31m                        "rx_all": "off [fixed]", [0m
[1;31m                        "rx_checksumming": "on [fixed]", [0m
[1;31m                        "rx_fcs": "off [fixed]", [0m
[1;31m                        "rx_vlan_filter": "off [fixed]", [0m
[1;31m                        "rx_vlan_offload": "off [fixed]", [0m
[1;31m                        "rx_vlan_stag_filter": "off [fixed]", [0m
[1;31m                        "rx_vlan_stag_hw_parse": "off [fixed]", [0m
[1;31m                        "scatter_gather": "on", [0m
[1;31m                        "tcp_segmentation_offload": "on", [0m
[1;31m                        "tx_checksum_fcoe_crc": "off [fixed]", [0m
[1;31m                        "tx_checksum_ip_generic": "on [fixed]", [0m
[1;31m                        "tx_checksum_ipv4": "off [fixed]", [0m
[1;31m                        "tx_checksum_ipv6": "off [fixed]", [0m
[1;31m                        "tx_checksum_sctp": "on [fixed]", [0m
[1;31m                        "tx_checksumming": "on", [0m
[1;31m                        "tx_fcoe_segmentation": "off [fixed]", [0m
[1;31m                        "tx_gre_csum_segmentation": "off [fixed]", [0m
[1;31m                        "tx_gre_segmentation": "off [fixed]", [0m
[1;31m                        "tx_gso_partial": "off [fixed]", [0m
[1;31m                        "tx_gso_robust": "off [fixed]", [0m
[1;31m                        "tx_ipxip4_segmentation": "off [fixed]", [0m
[1;31m                        "tx_ipxip6_segmentation": "off [fixed]", [0m
[1;31m                        "tx_lockless": "on [fixed]", [0m
[1;31m                        "tx_nocache_copy": "off [fixed]", [0m
[1;31m                        "tx_scatter_gather": "on [fixed]", [0m
[1;31m                        "tx_scatter_gather_fraglist": "on [fixed]", [0m
[1;31m                        "tx_sctp_segmentation": "on", [0m
[1;31m                        "tx_tcp6_segmentation": "on", [0m
[1;31m                        "tx_tcp_ecn_segmentation": "on", [0m
[1;31m                        "tx_tcp_mangleid_segmentation": "on", [0m
[1;31m                        "tx_tcp_segmentation": "on", [0m
[1;31m                        "tx_udp_tnl_csum_segmentation": "off [fixed]", [0m
[1;31m                        "tx_udp_tnl_segmentation": "off [fixed]", [0m
[1;31m                        "tx_vlan_offload": "off [fixed]", [0m
[1;31m                        "tx_vlan_stag_hw_insert": "off [fixed]", [0m
[1;31m                        "udp_fragmentation_offload": "on", [0m
[1;31m                        "vlan_challenged": "on [fixed]"[0m
[1;31m                    }, [0m
[1;31m                    "hw_timestamp_filters": [], [0m
[1;31m                    "ipv4": {[0m
[1;31m                        "address": "127.0.0.1", [0m
[1;31m                        "broadcast": "host", [0m
[1;31m                        "netmask": "255.0.0.0", [0m
[1;31m                        "network": "127.0.0.0"[0m
[1;31m                    }, [0m
[1;31m                    "ipv6": [[0m
[1;31m                        {[0m
[1;31m                            "address": "::1", [0m
[1;31m                            "prefix": "128", [0m
[1;31m                            "scope": "host"[0m
[1;31m                        }[0m
[1;31m                    ], [0m
[1;31m                    "mtu": 65536, [0m
[1;31m                    "promisc": false, [0m
[1;31m                    "timestamping": [[0m
[1;31m                        "rx_software", [0m
[1;31m                        "software"[0m
[1;31m                    ], [0m
[1;31m                    "type": "loopback"[0m
[1;31m                }, [0m
[1;31m                "ansible_local": {}, [0m
[1;31m                "ansible_lsb": {[0m
[1;31m                    "codename": "stretch", [0m
[1;31m                    "description": "Debian GNU/Linux 9.7 (stretch)", [0m
[1;31m                    "id": "Debian", [0m
[1;31m                    "major_release": "9", [0m
[1;31m                    "release": "9.7"[0m
[1;31m                }, [0m
[1;31m                "ansible_lvm": {[0m
[1;31m                    "lvs": {[0m
[1;31m                        "root": {[0m
[1;31m                            "size_g": "17.85", [0m
[1;31m                            "vg": "debian87-20170203-surf-vg"[0m
[1;31m                        }, [0m
[1;31m                        "swap": {[0m
[1;31m                            "size_g": "1.91", [0m
[1;31m                            "vg": "debian87-20170203-surf-vg"[0m
[1;31m                        }[0m
[1;31m                    }, [0m
[1;31m                    "pvs": {[0m
[1;31m                        "/dev/sda5": {[0m
[1;31m                            "free_g": "0", [0m
[1;31m                            "size_g": "19.76", [0m
[1;31m                            "vg": "debian87-20170203-surf-vg"[0m
[1;31m                        }[0m
[1;31m                    }, [0m
[1;31m                    "vgs": {[0m
[1;31m                        "debian87-20170203-surf-vg": {[0m
[1;31m                            "free_g": "0", [0m
[1;31m                            "num_lvs": "2", [0m
[1;31m                            "num_pvs": "1", [0m
[1;31m                            "size_g": "19.76"[0m
[1;31m                        }[0m
[1;31m                    }[0m
[1;31m                }, [0m
[1;31m                "ansible_machine": "x86_64", [0m
[1;31m                "ansible_machine_id": "3d975702f688466795f94ae6b7d55648", [0m
[1;31m                "ansible_memfree_mb": 10, [0m
[1;31m                "ansible_memory_mb": {[0m
[1;31m                    "nocache": {[0m
[1;31m                        "free": 255, [0m
[1;31m                        "used": 228[0m
[1;31m                    }, [0m
[1;31m                    "real": {[0m
[1;31m                        "free": 10, [0m
[1;31m                        "total": 483, [0m
[1;31m                        "used": 473[0m
[1;31m                    }, [0m
[1;31m                    "swap": {[0m
[1;31m                        "cached": 0, [0m
[1;31m                        "free": 1914, [0m
[1;31m                        "total": 1951, [0m
[1;31m                        "used": 37[0m
[1;31m                    }[0m
[1;31m                }, [0m
[1;31m                "ansible_memtotal_mb": 483, [0m
[1;31m                "ansible_mounts": [[0m
[1;31m                    {[0m
[1;31m                        "block_available": 3261015, [0m
[1;31m                        "block_size": 4096, [0m
[1;31m                        "block_total": 4573377, [0m
[1;31m                        "block_used": 1312362, [0m
[1;31m                        "device": "/dev/mapper/debian87--20170203--surf--vg-root", [0m
[1;31m                        "fstype": "ext4", [0m
[1;31m                        "inode_available": 1063298, [0m
[1;31m                        "inode_total": 1171456, [0m
[1;31m                        "inode_used": 108158, [0m
[1;31m                        "mount": "/", [0m
[1;31m                        "options": "rw,relatime,errors=remount-ro,data=ordered", [0m
[1;31m                        "size_available": 13357117440, [0m
[1;31m                        "size_total": 18732552192, [0m
[1;31m                        "uuid": "492ec039-485a-409a-b51d-a288fe1ee7b9"[0m
[1;31m                    }, [0m
[1;31m                    {[0m
[1;31m                        "block_available": 164781, [0m
[1;31m                        "block_size": 1024, [0m
[1;31m                        "block_total": 240972, [0m
[1;31m                        "block_used": 76191, [0m
[1;31m                        "device": "/dev/sda1", [0m
[1;31m                        "fstype": "ext2", [0m
[1;31m                        "inode_available": 61907, [0m
[1;31m                        "inode_total": 62248, [0m
[1;31m                        "inode_used": 341, [0m
[1;31m                        "mount": "/boot", [0m
[1;31m                        "options": "rw,relatime,block_validity,barrier,user_xattr,acl", [0m
[1;31m                        "size_available": 168735744, [0m
[1;31m                        "size_total": 246755328, [0m
[1;31m                        "uuid": "2797c37e-7660-419d-b152-6aeec7beb7bd"[0m
[1;31m                    }[0m
[1;31m                ], [0m
[1;31m                "ansible_nodename": "lb1", [0m
[1;31m                "ansible_os_family": "Debian", [0m
[1;31m                "ansible_pkg_mgr": "apt", [0m
[1;31m                "ansible_processor": [[0m
[1;31m                    "0", [0m
[1;31m                    "GenuineIntel", [0m
[1;31m                    "Intel(R) Xeon(R) CPU E5-2680 v3 @ 2.50GHz"[0m
[1;31m                ], [0m
[1;31m                "ansible_processor_cores": 1, [0m
[1;31m                "ansible_processor_count": 1, [0m
[1;31m                "ansible_processor_threads_per_core": 1, [0m
[1;31m                "ansible_processor_vcpus": 1, [0m
[1;31m                "ansible_product_name": "VMware Virtual Platform", [0m
[1;31m                "ansible_product_serial": "VMware-42 15 ee 8c 40 45 1c d9-76 fb f7 ef 34 af c5 ab", [0m
[1;31m                "ansible_product_uuid": "4215EE8C-4045-1CD9-76FB-F7EF34AFC5AB", [0m
[1;31m                "ansible_product_version": "None", [0m
[1;31m                "ansible_python": {[0m
[1;31m                    "executable": "/usr/bin/python", [0m
[1;31m                    "has_sslcontext": true, [0m
[1;31m                    "type": "CPython", [0m
[1;31m                    "version": {[0m
[1;31m                        "major": 2, [0m
[1;31m                        "micro": 13, [0m
[1;31m                        "minor": 7, [0m
[1;31m                        "releaselevel": "final", [0m
[1;31m                        "serial": 0[0m
[1;31m                    }, [0m
[1;31m                    "version_info": [[0m
[1;31m                        2, [0m
[1;31m                        7, [0m
[1;31m                        13, [0m
[1;31m                        "final", [0m
[1;31m                        0[0m
[1;31m                    ][0m
[1;31m                }, [0m
[1;31m                "ansible_python_version": "2.7.13", [0m
[1;31m                "ansible_real_group_id": 0, [0m
[1;31m                "ansible_real_user_id": 0, [0m
[1;31m                "ansible_selinux": {[0m
[1;31m                    "status": "Missing selinux Python library"[0m
[1;31m                }, [0m
[1;31m                "ansible_selinux_python_present": false, [0m
[1;31m                "ansible_service_mgr": "systemd", [0m
[1;31m                "ansible_ssh_host_key_dsa_public": "AAAAB3NzaC1kc3MAAACBAPSo0tyr6vLrAAdvDv3pW/RYfAKmUrGUTiAq3E/kZO56VY/S+lCD1/egt9fBpMMgTxytZ+WDgQrr8iMTW3GkI7gpn9hkANBPaVt9ADvFTgGaqvcI34fU4JA2ZxtlmguOzkWaHhWg4dvNo3Rb9h/DcSYwpcbl0sYPI790FCIeVuFnAAAAFQCQ39iO5XMsf+QHt52kAFvHDe3q0QAAAIBMeq0lsZUef5MFUsFRzTfLeU1/W9ivcGOS9SPibpqVoFI1Y0gzWumDzi5mKPpPslIJwiG7Z59BvuaGywHKqq5YgLJ4+UUeCwAxQlQA2PHS5Wsj2wS8z9yZm8/XsPx4vedGq5XxnPuKFa1q83GbSoyDTle5XzObb/LKVz8tU8NI3QAAAIEA6MQlxYPeDCQYI80kINH/zQciZcsY2Ma2luj/C94LXO+ttEgPdb1kbqJ10kKzgZexxgnzbBfZzPk49yXMVoa/JbbAUpyUEjjEVIo5zU0JybOd94DtT2rJxomAViAoegPJRZ/CAjNu0gziHipY3b1KD24r9m3BrtCkDQZ1YPCClCc=", [0m
[1;31m                "ansible_ssh_host_key_ecdsa_public": "AAAAE2VjZHNhLXNoYTItbmlzdHAyNTYAAAAIbmlzdHAyNTYAAABBBBVEWdlRBdgICx9czejzdCskUY6EsNGhW59d7druJIT6UmpalyTdmEET2Y/TcYNg6gyIvYOHJ5wtFak2eSevUp0=", [0m
[1;31m                "ansible_ssh_host_key_ed25519_public": "AAAAC3NzaC1lZDI1NTE5AAAAIHcgQAPnpnLmrYdcmZ6HCUuHKJTl4b734yDdS++QxGoa", [0m
[1;31m                "ansible_ssh_host_key_rsa_public": "AAAAB3NzaC1yc2EAAAADAQABAAABAQC8unUptZMvvs0F0cEa3AsAjqHi4UcmKmMxaF/+qK7cupGYqJ/n3zx6xbQSh6S+H0VskVut0DOI+p3hEIrqTyUbT2LQWKrP5sJ27jVVdSZLed9dKStc3+IvEEkOL0N7xhmvyIpUsJTcmpAwhXTT3xWA1XMo8U3ACiQ+6Pc+A/xk2SIE54RjdaQUFrTer/FAl9Z8F9Dv3ZnhpbDE41pkpK5NN3kGhGCIt3w5zxsAPrXJvaQ7Cjxfni8TFklW9egDX54bRTi9rdogWXOssrKBDk1NcIvhqx6EKJ5oINGtviruZixnFpx2cweo3UzCC4gQihzZxZ1cnQiIvb5WbdqMCTwR", [0m
[1;31m                "ansible_swapfree_mb": 1914, [0m
[1;31m                "ansible_swaptotal_mb": 1951, [0m
[1;31m                "ansible_system": "Linux", [0m
[1;31m                "ansible_system_capabilities": [[0m
[1;31m                    "cap_chown", [0m
[1;31m                    "cap_dac_override", [0m
[1;31m                    "cap_dac_read_search", [0m
[1;31m                    "cap_fowner", [0m
[1;31m                    "cap_fsetid", [0m
[1;31m                    "cap_kill", [0m
[1;31m                    "cap_setgid", [0m
[1;31m                    "cap_setuid", [0m
[1;31m                    "cap_setpcap", [0m
[1;31m                    "cap_linux_immutable", [0m
[1;31m                    "cap_net_bind_service", [0m
[1;31m                    "cap_net_broadcast", [0m
[1;31m                    "cap_net_admin", [0m
[1;31m                    "cap_net_raw", [0m
[1;31m                    "cap_ipc_lock", [0m
[1;31m                    "cap_ipc_owner", [0m
[1;31m                    "cap_sys_module", [0m
[1;31m                    "cap_sys_rawio", [0m
[1;31m                    "cap_sys_chroot", [0m
[1;31m                    "cap_sys_ptrace", [0m
[1;31m                    "cap_sys_pacct", [0m
[1;31m                    "cap_sys_admin", [0m
[1;31m                    "cap_sys_boot", [0m
[1;31m                    "cap_sys_nice", [0m
[1;31m                    "cap_sys_resource", [0m
[1;31m                    "cap_sys_time", [0m
[1;31m                    "cap_sys_tty_config", [0m
[1;31m                    "cap_mknod", [0m
[1;31m                    "cap_lease", [0m
[1;31m                    "cap_audit_write", [0m
[1;31m                    "cap_audit_control", [0m
[1;31m                    "cap_setfcap", [0m
[1;31m                    "cap_mac_override", [0m
[1;31m                    "cap_mac_admin", [0m
[1;31m                    "cap_syslog", [0m
[1;31m                    "cap_wake_alarm", [0m
[1;31m                    "cap_block_suspend", [0m
[1;31m                    "cap_audit_read+ep"[0m
[1;31m                ], [0m
[1;31m                "ansible_system_capabilities_enforced": "True", [0m
[1;31m                "ansible_system_vendor": "VMware, Inc.", [0m
[1;31m                "ansible_uptime_seconds": 6995210, [0m
[1;31m                "ansible_user_dir": "/root", [0m
[1;31m                "ansible_user_gecos": "root", [0m
[1;31m                "ansible_user_gid": 0, [0m
[1;31m                "ansible_user_id": "root", [0m
[1;31m                "ansible_user_shell": "/bin/bash", [0m
[1;31m                "ansible_user_uid": 0, [0m
[1;31m                "ansible_userspace_architecture": "x86_64", [0m
[1;31m                "ansible_userspace_bits": "64", [0m
[1;31m                "ansible_virtualization_role": "guest", [0m
[1;31m                "ansible_virtualization_type": "VMware", [0m
[1;31m                "gather_subset": [[0m
[1;31m                    "all"[0m
[1;31m                ], [0m
[1;31m                "module_setup": true[0m
[1;31m            }, [0m
[1;31m            "changed": false, [0m
[1;31m            "failed": false, [0m
[1;31m            "invocation": {[0m
[1;31m                "module_args": {[0m
[1;31m                    "fact_path": "/etc/ansible/facts.d", [0m
[1;31m                    "filter": "*", [0m
[1;31m                    "gather_subset": [[0m
[1;31m                        "all"[0m
[1;31m                    ], [0m
[1;31m                    "gather_timeout": 10[0m
[1;31m                }[0m
[1;31m            }, [0m
[1;31m            "item": "lb1.ams.scz.lab.surf.nl"[0m
[1;31m        }[0m
[1;31m    ][0m
[1;31m}[0m
[1;31m[0m
[1;31mMSG:[0m
[1;31m[0m
[1;31mAll items completed[0m
[1;31m[0m
	to retry, use: --limit @/home/martin/Projects/SURFnet/ScienceCollaborationZone/SCZ-deploy/provision.retry

PLAY RECAP ***********************************************************************************************************************************************************************************************************************
[0;31msandbox1.aws.scz.lab.surf.nl[0m : [0;32mok=1   [0m changed=0    [1;31munreachable=1   [0m failed=0   

Friday 15 February 2019  10:03:45 +0100 (0:00:20.996)       0:00:21.231 ******* 
=============================================================================== 
Gather facts from mgnt hosts (regardless of limit or tags) --------------------------------------------------------------------------------------------------------------------------------------------------------------- 21.00s
Read vars from secrets file ----------------------------------------------------------------------------------------------------------------------------------------------------------------------------------------------- 0.15s
=================================================================
Statistics overview:
Role                 skipped      ok changed  failed
_                          0       1       0       1
=================================================================
